E2E Tests	Set up job	﻿2026-01-20T05:14:16.0085638Z Current runner version: '2.331.0'
E2E Tests	Set up job	2026-01-20T05:14:16.0109294Z ##[group]Runner Image Provisioner
E2E Tests	Set up job	2026-01-20T05:14:16.0110090Z Hosted Compute Agent
E2E Tests	Set up job	2026-01-20T05:14:16.0110570Z Version: 20251211.462
E2E Tests	Set up job	2026-01-20T05:14:16.0111156Z Commit: 6cbad8c2bb55d58165063d031ccabf57e2d2db61
E2E Tests	Set up job	2026-01-20T05:14:16.0111777Z Build Date: 2025-12-11T16:28:49Z
E2E Tests	Set up job	2026-01-20T05:14:16.0112554Z Worker ID: {c07c13c7-9b65-4973-a8a6-dbe66fcd2b43}
E2E Tests	Set up job	2026-01-20T05:14:16.0113190Z ##[endgroup]
E2E Tests	Set up job	2026-01-20T05:14:16.0113725Z ##[group]Operating System
E2E Tests	Set up job	2026-01-20T05:14:16.0114226Z Ubuntu
E2E Tests	Set up job	2026-01-20T05:14:16.0114661Z 24.04.3
E2E Tests	Set up job	2026-01-20T05:14:16.0115128Z LTS
E2E Tests	Set up job	2026-01-20T05:14:16.0115513Z ##[endgroup]
E2E Tests	Set up job	2026-01-20T05:14:16.0115993Z ##[group]Runner Image
E2E Tests	Set up job	2026-01-20T05:14:16.0116491Z Image: ubuntu-24.04
E2E Tests	Set up job	2026-01-20T05:14:16.0116937Z Version: 20260111.209.1
E2E Tests	Set up job	2026-01-20T05:14:16.0117782Z Included Software: https://github.com/actions/runner-images/blob/ubuntu24/20260111.209/images/ubuntu/Ubuntu2404-Readme.md
E2E Tests	Set up job	2026-01-20T05:14:16.0119001Z Image Release: https://github.com/actions/runner-images/releases/tag/ubuntu24%2F20260111.209
E2E Tests	Set up job	2026-01-20T05:14:16.0120014Z ##[endgroup]
E2E Tests	Set up job	2026-01-20T05:14:16.0120904Z ##[group]GITHUB_TOKEN Permissions
E2E Tests	Set up job	2026-01-20T05:14:16.0122883Z Contents: read
E2E Tests	Set up job	2026-01-20T05:14:16.0123381Z Metadata: read
E2E Tests	Set up job	2026-01-20T05:14:16.0123844Z ##[endgroup]
E2E Tests	Set up job	2026-01-20T05:14:16.0126176Z Secret source: Actions
E2E Tests	Set up job	2026-01-20T05:14:16.0126859Z Prepare workflow directory
E2E Tests	Set up job	2026-01-20T05:14:16.0610383Z Prepare all required actions
E2E Tests	Set up job	2026-01-20T05:14:16.0648276Z Getting action download info
E2E Tests	Set up job	2026-01-20T05:14:16.5731099Z Download action repository 'actions/checkout@v6' (SHA:8e8c483db84b4bee98b60c0593521ed34d9990e8)
E2E Tests	Set up job	2026-01-20T05:14:16.6500303Z Download action repository 'pnpm/action-setup@v4' (SHA:41ff72655975bd51cab0327fa583b6e92b6d3061)
E2E Tests	Set up job	2026-01-20T05:14:17.7508740Z Download action repository 'actions/setup-node@v6' (SHA:6044e13b5dc448c55e2357c09f80417699197238)
E2E Tests	Set up job	2026-01-20T05:14:18.6280104Z Download action repository 'actions/cache@v5' (SHA:8b402f58fbc84540c8b491a91e594a4576fec3d7)
E2E Tests	Set up job	2026-01-20T05:14:19.5904502Z Download action repository 'docker/setup-buildx-action@v3' (SHA:8d2750c68a42422c14e847fe6c8ac0403b4cbd6f)
E2E Tests	Set up job	2026-01-20T05:14:20.5441861Z Download action repository 'actions/upload-artifact@v6' (SHA:b7c566a772e6b6bfb58ed0dc250532a479d7789f)
E2E Tests	Set up job	2026-01-20T05:14:20.7303822Z Complete job name: E2E Tests
E2E Tests	Checkout	﻿2026-01-20T05:14:20.7930780Z ##[group]Run actions/checkout@v6
E2E Tests	Checkout	2026-01-20T05:14:20.7931468Z with:
E2E Tests	Checkout	2026-01-20T05:14:20.7931746Z   repository: builderbuilds123/gracestowel
E2E Tests	Checkout	2026-01-20T05:14:20.7932799Z   token: ***
E2E Tests	Checkout	2026-01-20T05:14:20.7933092Z   ssh-strict: true
E2E Tests	Checkout	2026-01-20T05:14:20.7933369Z   ssh-user: git
E2E Tests	Checkout	2026-01-20T05:14:20.7933696Z   persist-credentials: true
E2E Tests	Checkout	2026-01-20T05:14:20.7933975Z   clean: true
E2E Tests	Checkout	2026-01-20T05:14:20.7934288Z   sparse-checkout-cone-mode: true
E2E Tests	Checkout	2026-01-20T05:14:20.7934612Z   fetch-depth: 1
E2E Tests	Checkout	2026-01-20T05:14:20.7934905Z   fetch-tags: false
E2E Tests	Checkout	2026-01-20T05:14:20.7935179Z   show-progress: true
E2E Tests	Checkout	2026-01-20T05:14:20.7935466Z   lfs: false
E2E Tests	Checkout	2026-01-20T05:14:20.7935729Z   submodules: false
E2E Tests	Checkout	2026-01-20T05:14:20.7935994Z   set-safe-directory: true
E2E Tests	Checkout	2026-01-20T05:14:20.7936551Z env:
E2E Tests	Checkout	2026-01-20T05:14:20.7936784Z   NODE_VERSION: 24
E2E Tests	Checkout	2026-01-20T05:14:20.7937052Z ##[endgroup]
E2E Tests	Checkout	2026-01-20T05:14:20.8949369Z Syncing repository: builderbuilds123/gracestowel
E2E Tests	Checkout	2026-01-20T05:14:20.8950888Z ##[group]Getting Git version info
E2E Tests	Checkout	2026-01-20T05:14:20.8951330Z Working directory is '/home/runner/work/gracestowel/gracestowel'
E2E Tests	Checkout	2026-01-20T05:14:20.8951834Z [command]/usr/bin/git version
E2E Tests	Checkout	2026-01-20T05:14:20.8952065Z git version 2.52.0
E2E Tests	Checkout	2026-01-20T05:14:20.8953139Z ##[endgroup]
E2E Tests	Checkout	2026-01-20T05:14:20.8956456Z Temporarily overriding HOME='/home/runner/work/_temp/b641c548-9a11-4518-a1fc-74f51245f736' before making global git config changes
E2E Tests	Checkout	2026-01-20T05:14:20.8957157Z Adding repository directory to the temporary git global config as a safe directory
E2E Tests	Checkout	2026-01-20T05:14:20.8957721Z [command]/usr/bin/git config --global --add safe.directory /home/runner/work/gracestowel/gracestowel
E2E Tests	Checkout	2026-01-20T05:14:20.8964891Z Deleting the contents of '/home/runner/work/gracestowel/gracestowel'
E2E Tests	Checkout	2026-01-20T05:14:20.8968394Z ##[group]Initializing the repository
E2E Tests	Checkout	2026-01-20T05:14:20.8973177Z [command]/usr/bin/git init /home/runner/work/gracestowel/gracestowel
E2E Tests	Checkout	2026-01-20T05:14:20.9076063Z hint: Using 'master' as the name for the initial branch. This default branch name
E2E Tests	Checkout	2026-01-20T05:14:20.9077031Z hint: will change to "main" in Git 3.0. To configure the initial branch name
E2E Tests	Checkout	2026-01-20T05:14:20.9077975Z hint: to use in all of your new repositories, which will suppress this warning,
E2E Tests	Checkout	2026-01-20T05:14:20.9078703Z hint: call:
E2E Tests	Checkout	2026-01-20T05:14:20.9079016Z hint:
E2E Tests	Checkout	2026-01-20T05:14:20.9079524Z hint: 	git config --global init.defaultBranch <name>
E2E Tests	Checkout	2026-01-20T05:14:20.9080107Z hint:
E2E Tests	Checkout	2026-01-20T05:14:20.9080637Z hint: Names commonly chosen instead of 'master' are 'main', 'trunk' and
E2E Tests	Checkout	2026-01-20T05:14:20.9081603Z hint: 'development'. The just-created branch can be renamed via this command:
E2E Tests	Checkout	2026-01-20T05:14:20.9082018Z hint:
E2E Tests	Checkout	2026-01-20T05:14:20.9082231Z hint: 	git branch -m <name>
E2E Tests	Checkout	2026-01-20T05:14:20.9082754Z hint:
E2E Tests	Checkout	2026-01-20T05:14:20.9083099Z hint: Disable this message with "git config set advice.defaultBranchName false"
E2E Tests	Checkout	2026-01-20T05:14:20.9083674Z Initialized empty Git repository in /home/runner/work/gracestowel/gracestowel/.git/
E2E Tests	Checkout	2026-01-20T05:14:20.9090759Z [command]/usr/bin/git remote add origin https://github.com/builderbuilds123/gracestowel
E2E Tests	Checkout	2026-01-20T05:14:20.9120207Z ##[endgroup]
E2E Tests	Checkout	2026-01-20T05:14:20.9120818Z ##[group]Disabling automatic garbage collection
E2E Tests	Checkout	2026-01-20T05:14:20.9123982Z [command]/usr/bin/git config --local gc.auto 0
E2E Tests	Checkout	2026-01-20T05:14:20.9146553Z ##[endgroup]
E2E Tests	Checkout	2026-01-20T05:14:20.9146903Z ##[group]Setting up auth
E2E Tests	Checkout	2026-01-20T05:14:20.9147464Z Removing SSH command configuration
E2E Tests	Checkout	2026-01-20T05:14:20.9153500Z [command]/usr/bin/git config --local --name-only --get-regexp core\.sshCommand
E2E Tests	Checkout	2026-01-20T05:14:20.9178427Z [command]/usr/bin/git submodule foreach --recursive sh -c "git config --local --name-only --get-regexp 'core\.sshCommand' && git config --local --unset-all 'core.sshCommand' || :"
E2E Tests	Checkout	2026-01-20T05:14:20.9460343Z Removing HTTP extra header
E2E Tests	Checkout	2026-01-20T05:14:20.9466204Z [command]/usr/bin/git config --local --name-only --get-regexp http\.https\:\/\/github\.com\/\.extraheader
E2E Tests	Checkout	2026-01-20T05:14:20.9492035Z [command]/usr/bin/git submodule foreach --recursive sh -c "git config --local --name-only --get-regexp 'http\.https\:\/\/github\.com\/\.extraheader' && git config --local --unset-all 'http.https://github.com/.extraheader' || :"
E2E Tests	Checkout	2026-01-20T05:14:20.9662084Z Removing includeIf entries pointing to credentials config files
E2E Tests	Checkout	2026-01-20T05:14:20.9668271Z [command]/usr/bin/git config --local --name-only --get-regexp ^includeIf\.gitdir:
E2E Tests	Checkout	2026-01-20T05:14:20.9694707Z [command]/usr/bin/git submodule foreach --recursive git config --local --show-origin --name-only --get-regexp remote.origin.url
E2E Tests	Checkout	2026-01-20T05:14:20.9889093Z [command]/usr/bin/git config --file /home/runner/work/_temp/git-credentials-42feaa2e-9814-4c94-b83e-1bc8a3e8f443.config http.https://github.com/.extraheader AUTHORIZATION: basic ***
E2E Tests	Checkout	2026-01-20T05:14:20.9921575Z [command]/usr/bin/git config --local includeIf.gitdir:/home/runner/work/gracestowel/gracestowel/.git.path /home/runner/work/_temp/git-credentials-42feaa2e-9814-4c94-b83e-1bc8a3e8f443.config
E2E Tests	Checkout	2026-01-20T05:14:20.9944970Z [command]/usr/bin/git config --local includeIf.gitdir:/home/runner/work/gracestowel/gracestowel/.git/worktrees/*.path /home/runner/work/_temp/git-credentials-42feaa2e-9814-4c94-b83e-1bc8a3e8f443.config
E2E Tests	Checkout	2026-01-20T05:14:20.9968013Z [command]/usr/bin/git config --local includeIf.gitdir:/github/workspace/.git.path /github/runner_temp/git-credentials-42feaa2e-9814-4c94-b83e-1bc8a3e8f443.config
E2E Tests	Checkout	2026-01-20T05:14:20.9990461Z [command]/usr/bin/git config --local includeIf.gitdir:/github/workspace/.git/worktrees/*.path /github/runner_temp/git-credentials-42feaa2e-9814-4c94-b83e-1bc8a3e8f443.config
E2E Tests	Checkout	2026-01-20T05:14:21.0009655Z ##[endgroup]
E2E Tests	Checkout	2026-01-20T05:14:21.0010231Z ##[group]Fetching the repository
E2E Tests	Checkout	2026-01-20T05:14:21.0018058Z [command]/usr/bin/git -c protocol.version=2 fetch --no-tags --prune --no-recurse-submodules --depth=1 origin +1dc010b57fb929863ff263d80b23804c2cb4898c:refs/remotes/pull/165/merge
E2E Tests	Checkout	2026-01-20T05:14:22.8839442Z From https://github.com/builderbuilds123/gracestowel
E2E Tests	Checkout	2026-01-20T05:14:22.8840486Z  * [new ref]         1dc010b57fb929863ff263d80b23804c2cb4898c -> pull/165/merge
E2E Tests	Checkout	2026-01-20T05:14:22.8866611Z ##[endgroup]
E2E Tests	Checkout	2026-01-20T05:14:22.8868661Z ##[group]Determining the checkout info
E2E Tests	Checkout	2026-01-20T05:14:22.8869753Z ##[endgroup]
E2E Tests	Checkout	2026-01-20T05:14:22.8874329Z [command]/usr/bin/git sparse-checkout disable
E2E Tests	Checkout	2026-01-20T05:14:22.8913429Z [command]/usr/bin/git config --local --unset-all extensions.worktreeConfig
E2E Tests	Checkout	2026-01-20T05:14:22.8937062Z ##[group]Checking out the ref
E2E Tests	Checkout	2026-01-20T05:14:22.8941248Z [command]/usr/bin/git checkout --progress --force refs/remotes/pull/165/merge
E2E Tests	Checkout	2026-01-20T05:14:23.1564706Z Note: switching to 'refs/remotes/pull/165/merge'.
E2E Tests	Checkout	2026-01-20T05:14:23.1565569Z 
E2E Tests	Checkout	2026-01-20T05:14:23.1565794Z You are in 'detached HEAD' state. You can look around, make experimental
E2E Tests	Checkout	2026-01-20T05:14:23.1566350Z changes and commit them, and you can discard any commits you make in this
E2E Tests	Checkout	2026-01-20T05:14:23.1566857Z state without impacting any branches by switching back to a branch.
E2E Tests	Checkout	2026-01-20T05:14:23.1567171Z 
E2E Tests	Checkout	2026-01-20T05:14:23.1567410Z If you want to create a new branch to retain commits you create, you may
E2E Tests	Checkout	2026-01-20T05:14:23.1567907Z do so (now or later) by using -c with the switch command. Example:
E2E Tests	Checkout	2026-01-20T05:14:23.1568178Z 
E2E Tests	Checkout	2026-01-20T05:14:23.1568293Z   git switch -c <new-branch-name>
E2E Tests	Checkout	2026-01-20T05:14:23.1568485Z 
E2E Tests	Checkout	2026-01-20T05:14:23.1568594Z Or undo this operation with:
E2E Tests	Checkout	2026-01-20T05:14:23.1568765Z 
E2E Tests	Checkout	2026-01-20T05:14:23.1568853Z   git switch -
E2E Tests	Checkout	2026-01-20T05:14:23.1569021Z 
E2E Tests	Checkout	2026-01-20T05:14:23.1569253Z Turn off this advice by setting config variable advice.detachedHead to false
E2E Tests	Checkout	2026-01-20T05:14:23.1569585Z 
E2E Tests	Checkout	2026-01-20T05:14:23.1569968Z HEAD is now at 1dc010b Merge 66ba0261b6b5df394f69732fca5428ac5d6db940 into cf6d0f890bf2ecaeb6d68cb7cf6ed0467c423ed8
E2E Tests	Checkout	2026-01-20T05:14:23.1583167Z ##[endgroup]
E2E Tests	Checkout	2026-01-20T05:14:23.1623077Z [command]/usr/bin/git log -1 --format=%H
E2E Tests	Checkout	2026-01-20T05:14:23.1643595Z 1dc010b57fb929863ff263d80b23804c2cb4898c
E2E Tests	Setup pnpm	﻿2026-01-20T05:14:23.1861773Z ##[group]Run pnpm/action-setup@v4
E2E Tests	Setup pnpm	2026-01-20T05:14:23.1862079Z with:
E2E Tests	Setup pnpm	2026-01-20T05:14:23.1862249Z   dest: ~/setup-pnpm
E2E Tests	Setup pnpm	2026-01-20T05:14:23.1862714Z   run_install: null
E2E Tests	Setup pnpm	2026-01-20T05:14:23.1862924Z   package_json_file: package.json
E2E Tests	Setup pnpm	2026-01-20T05:14:23.1863159Z   standalone: false
E2E Tests	Setup pnpm	2026-01-20T05:14:23.1863335Z env:
E2E Tests	Setup pnpm	2026-01-20T05:14:23.1863509Z   NODE_VERSION: 24
E2E Tests	Setup pnpm	2026-01-20T05:14:23.1863674Z ##[endgroup]
E2E Tests	Setup pnpm	2026-01-20T05:14:23.2360955Z ##[group]Running self-installer...
E2E Tests	Setup pnpm	2026-01-20T05:14:23.8232218Z Progress: resolved 1, reused 0, downloaded 0, added 0
E2E Tests	Setup pnpm	2026-01-20T05:14:23.8347251Z Packages: +1
E2E Tests	Setup pnpm	2026-01-20T05:14:23.8347549Z +
E2E Tests	Setup pnpm	2026-01-20T05:14:24.1971872Z Progress: resolved 1, reused 0, downloaded 1, added 1, done
E2E Tests	Setup pnpm	2026-01-20T05:14:24.2208237Z 
E2E Tests	Setup pnpm	2026-01-20T05:14:24.2208694Z dependencies:
E2E Tests	Setup pnpm	2026-01-20T05:14:24.2209033Z + pnpm 9.15.2 (10.28.1 is available)
E2E Tests	Setup pnpm	2026-01-20T05:14:24.2209340Z 
E2E Tests	Setup pnpm	2026-01-20T05:14:24.2238534Z Done in 821ms
E2E Tests	Setup pnpm	2026-01-20T05:14:24.2356622Z ##[endgroup]
E2E Tests	Setup pnpm	2026-01-20T05:14:24.2361137Z Installation Completed!
E2E Tests	Setup Node.js	﻿2026-01-20T05:14:24.2514627Z ##[group]Run actions/setup-node@v6
E2E Tests	Setup Node.js	2026-01-20T05:14:24.2514957Z with:
E2E Tests	Setup Node.js	2026-01-20T05:14:24.2515122Z   node-version: 24
E2E Tests	Setup Node.js	2026-01-20T05:14:24.2515303Z   cache: pnpm
E2E Tests	Setup Node.js	2026-01-20T05:14:24.2515468Z   check-latest: false
E2E Tests	Setup Node.js	2026-01-20T05:14:24.2515809Z   token: ***
E2E Tests	Setup Node.js	2026-01-20T05:14:24.2515985Z   package-manager-cache: true
E2E Tests	Setup Node.js	2026-01-20T05:14:24.2516202Z env:
E2E Tests	Setup Node.js	2026-01-20T05:14:24.2516350Z   NODE_VERSION: 24
E2E Tests	Setup Node.js	2026-01-20T05:14:24.2516598Z   PNPM_HOME: /home/runner/setup-pnpm/node_modules/.bin
E2E Tests	Setup Node.js	2026-01-20T05:14:24.2516870Z ##[endgroup]
E2E Tests	Setup Node.js	2026-01-20T05:14:24.3806504Z Found in cache @ /opt/hostedtoolcache/node/24.12.0/x64
E2E Tests	Setup Node.js	2026-01-20T05:14:24.3810517Z ##[group]Environment details
E2E Tests	Setup Node.js	2026-01-20T05:14:26.7059056Z node: v24.12.0
E2E Tests	Setup Node.js	2026-01-20T05:14:26.7059443Z npm: 11.6.2
E2E Tests	Setup Node.js	2026-01-20T05:14:26.7059670Z yarn: 1.22.22
E2E Tests	Setup Node.js	2026-01-20T05:14:26.7061144Z ##[endgroup]
E2E Tests	Setup Node.js	2026-01-20T05:14:26.7077978Z [command]/home/runner/setup-pnpm/node_modules/.bin/pnpm store path --silent
E2E Tests	Setup Node.js	2026-01-20T05:14:27.2177203Z /home/runner/setup-pnpm/node_modules/.bin/store/v3
E2E Tests	Setup Node.js	2026-01-20T05:14:27.4427780Z Cache hit for: node-cache-Linux-x64-pnpm-10211a8c6ef731105ea53c04159239443735931f1d473a7d93ffeecbdccb557c
E2E Tests	Setup Node.js	2026-01-20T05:14:28.6794298Z Received 50331648 of 297961141 (16.9%), 48.0 MBs/sec
E2E Tests	Setup Node.js	2026-01-20T05:14:29.6770277Z Received 213909504 of 297961141 (71.8%), 101.9 MBs/sec
E2E Tests	Setup Node.js	2026-01-20T05:14:30.2099800Z Received 297961141 of 297961141 (100.0%), 112.1 MBs/sec
E2E Tests	Setup Node.js	2026-01-20T05:14:30.2100453Z Cache Size: ~284 MB (297961141 B)
E2E Tests	Setup Node.js	2026-01-20T05:14:30.2138642Z [command]/usr/bin/tar -xf /home/runner/work/_temp/761221ec-5b00-47e2-ba3b-199e4af0454d/cache.tzst -P -C /home/runner/work/gracestowel/gracestowel --use-compress-program unzstd
E2E Tests	Setup Node.js	2026-01-20T05:14:33.1688734Z Cache restored successfully
E2E Tests	Setup Node.js	2026-01-20T05:14:33.2031557Z Cache restored from key: node-cache-Linux-x64-pnpm-10211a8c6ef731105ea53c04159239443735931f1d473a7d93ffeecbdccb557c
E2E Tests	Cache turbo	﻿2026-01-20T05:14:33.2193160Z ##[group]Run actions/cache@v5
E2E Tests	Cache turbo	2026-01-20T05:14:33.2193437Z with:
E2E Tests	Cache turbo	2026-01-20T05:14:33.2193622Z   path: .turbo
E2E Tests	Cache turbo	2026-01-20T05:14:33.2193879Z   key: Linux-turbo-1dc010b57fb929863ff263d80b23804c2cb4898c
E2E Tests	Cache turbo	2026-01-20T05:14:33.2194199Z   restore-keys: Linux-turbo-
E2E Tests	Cache turbo	
E2E Tests	Cache turbo	2026-01-20T05:14:33.2194427Z   enableCrossOsArchive: false
E2E Tests	Cache turbo	2026-01-20T05:14:33.2194644Z   fail-on-cache-miss: false
E2E Tests	Cache turbo	2026-01-20T05:14:33.2194845Z   lookup-only: false
E2E Tests	Cache turbo	2026-01-20T05:14:33.2195028Z   save-always: false
E2E Tests	Cache turbo	2026-01-20T05:14:33.2195200Z env:
E2E Tests	Cache turbo	2026-01-20T05:14:33.2195351Z   NODE_VERSION: 24
E2E Tests	Cache turbo	2026-01-20T05:14:33.2195583Z   PNPM_HOME: /home/runner/setup-pnpm/node_modules/.bin
E2E Tests	Cache turbo	2026-01-20T05:14:33.2195855Z ##[endgroup]
E2E Tests	Cache turbo	2026-01-20T05:14:33.5376553Z Cache hit for: Linux-turbo-1dc010b57fb929863ff263d80b23804c2cb4898c
E2E Tests	Cache turbo	2026-01-20T05:14:34.0785393Z Received 25257 of 25257 (100.0%), 0.1 MBs/sec
E2E Tests	Cache turbo	2026-01-20T05:14:34.0786280Z Cache Size: ~0 MB (25257 B)
E2E Tests	Cache turbo	2026-01-20T05:14:34.0815307Z [command]/usr/bin/tar -xf /home/runner/work/_temp/c811f929-68ac-4df0-8b67-39f6e59943ea/cache.tzst -P -C /home/runner/work/gracestowel/gracestowel --use-compress-program unzstd
E2E Tests	Cache turbo	2026-01-20T05:14:34.0923159Z Cache restored successfully
E2E Tests	Cache turbo	2026-01-20T05:14:34.0998784Z Cache restored from key: Linux-turbo-1dc010b57fb929863ff263d80b23804c2cb4898c
E2E Tests	Install dependencies	﻿2026-01-20T05:14:34.1078711Z ##[group]Run pnpm install --frozen-lockfile
E2E Tests	Install dependencies	2026-01-20T05:14:34.1079158Z [36;1mpnpm install --frozen-lockfile[0m
E2E Tests	Install dependencies	2026-01-20T05:14:34.1106824Z shell: /usr/bin/bash -e {0}
E2E Tests	Install dependencies	2026-01-20T05:14:34.1107098Z env:
E2E Tests	Install dependencies	2026-01-20T05:14:34.1107279Z   NODE_VERSION: 24
E2E Tests	Install dependencies	2026-01-20T05:14:34.1108069Z   PNPM_HOME: /home/runner/setup-pnpm/node_modules/.bin
E2E Tests	Install dependencies	2026-01-20T05:14:34.1108449Z ##[endgroup]
E2E Tests	Install dependencies	2026-01-20T05:14:34.5068575Z Scope: all 4 workspace projects
E2E Tests	Install dependencies	2026-01-20T05:14:34.5811940Z Lockfile is up to date, resolution step is skipped
E2E Tests	Install dependencies	2026-01-20T05:14:34.6879344Z Progress: resolved 1, reused 0, downloaded 0, added 0
E2E Tests	Install dependencies	2026-01-20T05:14:34.8532776Z Packages: +1744
E2E Tests	Install dependencies	2026-01-20T05:14:34.8533860Z ++++++++++++++++++++++++++++++++++++++++++++++++++++++++++++++++++++++++++++++++
E2E Tests	Install dependencies	2026-01-20T05:14:35.6991168Z Progress: resolved 1744, reused 1425, downloaded 0, added 0
E2E Tests	Install dependencies	2026-01-20T05:14:36.6998044Z Progress: resolved 1744, reused 1735, downloaded 0, added 638
E2E Tests	Install dependencies	2026-01-20T05:14:37.6997795Z Progress: resolved 1744, reused 1735, downloaded 0, added 1409
E2E Tests	Install dependencies	2026-01-20T05:14:38.2343027Z Progress: resolved 1744, reused 1735, downloaded 0, added 1744, done
E2E Tests	Install dependencies	2026-01-20T05:14:42.9087675Z 
E2E Tests	Install dependencies	2026-01-20T05:14:42.9088274Z dependencies:
E2E Tests	Install dependencies	2026-01-20T05:14:42.9088873Z + @react-native-async-storage/async-storage 2.2.0
E2E Tests	Install dependencies	2026-01-20T05:14:42.9089451Z + fetch-event-stream 0.1.6
E2E Tests	Install dependencies	2026-01-20T05:14:42.9089853Z + posthog-react-native 4.20.0
E2E Tests	Install dependencies	2026-01-20T05:14:42.9090085Z + preact 10.28.2
E2E Tests	Install dependencies	2026-01-20T05:14:42.9090264Z + qs 6.14.1
E2E Tests	Install dependencies	2026-01-20T05:14:42.9090493Z + react-native-device-info 15.0.1
E2E Tests	Install dependencies	2026-01-20T05:14:42.9090759Z + react-native-localize 3.6.1
E2E Tests	Install dependencies	2026-01-20T05:14:42.9090912Z 
E2E Tests	Install dependencies	2026-01-20T05:14:42.9090992Z devDependencies:
E2E Tests	Install dependencies	2026-01-20T05:14:42.9091443Z + @vitest/coverage-v8 4.0.17
E2E Tests	Install dependencies	2026-01-20T05:14:42.9091662Z + turbo 2.7.5
E2E Tests	Install dependencies	2026-01-20T05:14:42.9092006Z + vitest 4.0.17
E2E Tests	Install dependencies	2026-01-20T05:14:42.9092172Z 
E2E Tests	Install dependencies	2026-01-20T05:14:42.9334508Z apps/storefront postinstall$ node -e "(process.env.CI || process.env.CF_PAGES === '1') ? null : require('child_process').execSync('pnpm run cf-typegen', {stdio: 'inherit'})"
E2E Tests	Install dependencies	2026-01-20T05:14:42.9688289Z apps/storefront postinstall: Done
E2E Tests	Install dependencies	2026-01-20T05:14:42.9703628Z Done in 8.8s
E2E Tests	Set up Docker Buildx	﻿2026-01-20T05:14:43.0231582Z ##[group]Run docker/setup-buildx-action@v3
E2E Tests	Set up Docker Buildx	2026-01-20T05:14:43.0231862Z with:
E2E Tests	Set up Docker Buildx	2026-01-20T05:14:43.0232051Z   driver: docker-container
E2E Tests	Set up Docker Buildx	2026-01-20T05:14:43.0232258Z   use: true
E2E Tests	Set up Docker Buildx	2026-01-20T05:14:43.0233037Z   keep-state: false
E2E Tests	Set up Docker Buildx	2026-01-20T05:14:43.0233235Z   cache-binary: true
E2E Tests	Set up Docker Buildx	2026-01-20T05:14:43.0233432Z   cleanup: true
E2E Tests	Set up Docker Buildx	2026-01-20T05:14:43.0233619Z   install: false
E2E Tests	Set up Docker Buildx	2026-01-20T05:14:43.0233788Z env:
E2E Tests	Set up Docker Buildx	2026-01-20T05:14:43.0233965Z   NODE_VERSION: 24
E2E Tests	Set up Docker Buildx	2026-01-20T05:14:43.0234207Z   PNPM_HOME: /home/runner/setup-pnpm/node_modules/.bin
E2E Tests	Set up Docker Buildx	2026-01-20T05:14:43.0234510Z ##[endgroup]
E2E Tests	Set up Docker Buildx	2026-01-20T05:14:43.2630574Z ##[group]Docker info
E2E Tests	Set up Docker Buildx	2026-01-20T05:14:43.2658494Z [command]/usr/bin/docker version
E2E Tests	Set up Docker Buildx	2026-01-20T05:14:43.3541653Z Client: Docker Engine - Community
E2E Tests	Set up Docker Buildx	2026-01-20T05:14:43.3542210Z  Version:           28.0.4
E2E Tests	Set up Docker Buildx	2026-01-20T05:14:43.3542791Z  API version:       1.48
E2E Tests	Set up Docker Buildx	2026-01-20T05:14:43.3543152Z  Go version:        go1.23.7
E2E Tests	Set up Docker Buildx	2026-01-20T05:14:43.3543396Z  Git commit:        b8034c0
E2E Tests	Set up Docker Buildx	2026-01-20T05:14:43.3544615Z  Built:             Tue Mar 25 15:07:16 2025
E2E Tests	Set up Docker Buildx	2026-01-20T05:14:43.3545499Z  OS/Arch:           linux/amd64
E2E Tests	Set up Docker Buildx	2026-01-20T05:14:43.3545995Z  Context:           default
E2E Tests	Set up Docker Buildx	2026-01-20T05:14:43.3546268Z 
E2E Tests	Set up Docker Buildx	2026-01-20T05:14:43.3546609Z Server: Docker Engine - Community
E2E Tests	Set up Docker Buildx	2026-01-20T05:14:43.3547038Z  Engine:
E2E Tests	Set up Docker Buildx	2026-01-20T05:14:43.3547295Z   Version:          28.0.4
E2E Tests	Set up Docker Buildx	2026-01-20T05:14:43.3547705Z   API version:      1.48 (minimum version 1.24)
E2E Tests	Set up Docker Buildx	2026-01-20T05:14:43.3548140Z   Go version:       go1.23.7
E2E Tests	Set up Docker Buildx	2026-01-20T05:14:43.3548455Z   Git commit:       6430e49
E2E Tests	Set up Docker Buildx	2026-01-20T05:14:43.3548888Z   Built:            Tue Mar 25 15:07:16 2025
E2E Tests	Set up Docker Buildx	2026-01-20T05:14:43.3549240Z   OS/Arch:          linux/amd64
E2E Tests	Set up Docker Buildx	2026-01-20T05:14:43.3549553Z   Experimental:     false
E2E Tests	Set up Docker Buildx	2026-01-20T05:14:43.3549890Z  containerd:
E2E Tests	Set up Docker Buildx	2026-01-20T05:14:43.3550146Z   Version:          v2.2.1
E2E Tests	Set up Docker Buildx	2026-01-20T05:14:43.3550540Z   GitCommit:        dea7da592f5d1d2b7755e3a161be07f43fad8f75
E2E Tests	Set up Docker Buildx	2026-01-20T05:14:43.3550889Z  runc:
E2E Tests	Set up Docker Buildx	2026-01-20T05:14:43.3551157Z   Version:          1.3.4
E2E Tests	Set up Docker Buildx	2026-01-20T05:14:43.3551497Z   GitCommit:        v1.3.4-0-gd6d73eb8
E2E Tests	Set up Docker Buildx	2026-01-20T05:14:43.3551832Z  docker-init:
E2E Tests	Set up Docker Buildx	2026-01-20T05:14:43.3552095Z   Version:          0.19.0
E2E Tests	Set up Docker Buildx	2026-01-20T05:14:43.3553008Z   GitCommit:        de40ad0
E2E Tests	Set up Docker Buildx	2026-01-20T05:14:43.3586977Z [command]/usr/bin/docker info
E2E Tests	Set up Docker Buildx	2026-01-20T05:14:45.0246986Z Client: Docker Engine - Community
E2E Tests	Set up Docker Buildx	2026-01-20T05:14:45.0247671Z  Version:    28.0.4
E2E Tests	Set up Docker Buildx	2026-01-20T05:14:45.0248325Z  Context:    default
E2E Tests	Set up Docker Buildx	2026-01-20T05:14:45.0248806Z  Debug Mode: false
E2E Tests	Set up Docker Buildx	2026-01-20T05:14:45.0249223Z  Plugins:
E2E Tests	Set up Docker Buildx	2026-01-20T05:14:45.0249759Z   buildx: Docker Buildx (Docker Inc.)
E2E Tests	Set up Docker Buildx	2026-01-20T05:14:45.0250258Z     Version:  v0.30.1
E2E Tests	Set up Docker Buildx	2026-01-20T05:14:45.0250817Z     Path:     /usr/libexec/docker/cli-plugins/docker-buildx
E2E Tests	Set up Docker Buildx	2026-01-20T05:14:45.0251564Z   compose: Docker Compose (Docker Inc.)
E2E Tests	Set up Docker Buildx	2026-01-20T05:14:45.0252070Z     Version:  v2.38.2
E2E Tests	Set up Docker Buildx	2026-01-20T05:14:45.0252834Z     Path:     /usr/libexec/docker/cli-plugins/docker-compose
E2E Tests	Set up Docker Buildx	2026-01-20T05:14:45.0253262Z 
E2E Tests	Set up Docker Buildx	2026-01-20T05:14:45.0253462Z Server:
E2E Tests	Set up Docker Buildx	2026-01-20T05:14:45.0253811Z  Containers: 0
E2E Tests	Set up Docker Buildx	2026-01-20T05:14:45.0254329Z   Running: 0
E2E Tests	Set up Docker Buildx	2026-01-20T05:14:45.0254698Z   Paused: 0
E2E Tests	Set up Docker Buildx	2026-01-20T05:14:45.0255039Z   Stopped: 0
E2E Tests	Set up Docker Buildx	2026-01-20T05:14:45.0255428Z  Images: 1
E2E Tests	Set up Docker Buildx	2026-01-20T05:14:45.0255837Z  Server Version: 28.0.4
E2E Tests	Set up Docker Buildx	2026-01-20T05:14:45.0256305Z  Storage Driver: overlay2
E2E Tests	Set up Docker Buildx	2026-01-20T05:14:45.0256864Z   Backing Filesystem: extfs
E2E Tests	Set up Docker Buildx	2026-01-20T05:14:45.0257351Z   Supports d_type: true
E2E Tests	Set up Docker Buildx	2026-01-20T05:14:45.0257795Z   Using metacopy: false
E2E Tests	Set up Docker Buildx	2026-01-20T05:14:45.0258250Z   Native Overlay Diff: false
E2E Tests	Set up Docker Buildx	2026-01-20T05:14:45.0258971Z   userxattr: false
E2E Tests	Set up Docker Buildx	2026-01-20T05:14:45.0259491Z  Logging Driver: json-file
E2E Tests	Set up Docker Buildx	2026-01-20T05:14:45.0259959Z  Cgroup Driver: systemd
E2E Tests	Set up Docker Buildx	2026-01-20T05:14:45.0260390Z  Cgroup Version: 2
E2E Tests	Set up Docker Buildx	2026-01-20T05:14:45.0260881Z  Plugins:
E2E Tests	Set up Docker Buildx	2026-01-20T05:14:45.0261283Z   Volume: local
E2E Tests	Set up Docker Buildx	2026-01-20T05:14:45.0261818Z   Network: bridge host ipvlan macvlan null overlay
E2E Tests	Set up Docker Buildx	2026-01-20T05:14:45.0262842Z   Log: awslogs fluentd gcplogs gelf journald json-file local splunk syslog
E2E Tests	Set up Docker Buildx	2026-01-20T05:14:45.0263479Z  Swarm: inactive
E2E Tests	Set up Docker Buildx	2026-01-20T05:14:45.0264424Z  Runtimes: io.containerd.runc.v2 runc
E2E Tests	Set up Docker Buildx	2026-01-20T05:14:45.0264939Z  Default Runtime: runc
E2E Tests	Set up Docker Buildx	2026-01-20T05:14:45.0265449Z  Init Binary: docker-init
E2E Tests	Set up Docker Buildx	2026-01-20T05:14:45.0266058Z  containerd version: dea7da592f5d1d2b7755e3a161be07f43fad8f75
E2E Tests	Set up Docker Buildx	2026-01-20T05:14:45.0266710Z  runc version: v1.3.4-0-gd6d73eb8
E2E Tests	Set up Docker Buildx	2026-01-20T05:14:45.0267169Z  init version: de40ad0
E2E Tests	Set up Docker Buildx	2026-01-20T05:14:45.0267647Z  Security Options:
E2E Tests	Set up Docker Buildx	2026-01-20T05:14:45.0268079Z   apparmor
E2E Tests	Set up Docker Buildx	2026-01-20T05:14:45.0268449Z   seccomp
E2E Tests	Set up Docker Buildx	2026-01-20T05:14:45.0268928Z    Profile: builtin
E2E Tests	Set up Docker Buildx	2026-01-20T05:14:45.0269315Z   cgroupns
E2E Tests	Set up Docker Buildx	2026-01-20T05:14:45.0269803Z  Kernel Version: 6.11.0-1018-azure
E2E Tests	Set up Docker Buildx	2026-01-20T05:14:45.0270355Z  Operating System: Ubuntu 24.04.3 LTS
E2E Tests	Set up Docker Buildx	2026-01-20T05:14:45.0270804Z  OSType: linux
E2E Tests	Set up Docker Buildx	2026-01-20T05:14:45.0271205Z  Architecture: x86_64
E2E Tests	Set up Docker Buildx	2026-01-20T05:14:45.0271643Z  CPUs: 4
E2E Tests	Set up Docker Buildx	2026-01-20T05:14:45.0272097Z  Total Memory: 15.62GiB
E2E Tests	Set up Docker Buildx	2026-01-20T05:14:45.0273206Z  Name: runnervmmtnos
E2E Tests	Set up Docker Buildx	2026-01-20T05:14:45.0273574Z  ID: 5a446069-012f-4a61-9e1e-c3a17d5c9c05
E2E Tests	Set up Docker Buildx	2026-01-20T05:14:45.0273934Z  Docker Root Dir: /var/lib/docker
E2E Tests	Set up Docker Buildx	2026-01-20T05:14:45.0274307Z  Debug Mode: false
E2E Tests	Set up Docker Buildx	2026-01-20T05:14:45.0274588Z  Username: githubactions
E2E Tests	Set up Docker Buildx	2026-01-20T05:14:45.0274898Z  Experimental: false
E2E Tests	Set up Docker Buildx	2026-01-20T05:14:45.0275204Z  Insecure Registries:
E2E Tests	Set up Docker Buildx	2026-01-20T05:14:45.0275510Z   ::1/128
E2E Tests	Set up Docker Buildx	2026-01-20T05:14:45.0275746Z   127.0.0.0/8
E2E Tests	Set up Docker Buildx	2026-01-20T05:14:45.0276020Z  Live Restore Enabled: false
E2E Tests	Set up Docker Buildx	2026-01-20T05:14:45.0276224Z 
E2E Tests	Set up Docker Buildx	2026-01-20T05:14:45.0276637Z ##[endgroup]
E2E Tests	Set up Docker Buildx	2026-01-20T05:14:45.1028720Z ##[group]Buildx version
E2E Tests	Set up Docker Buildx	2026-01-20T05:14:45.1055197Z [command]/usr/bin/docker buildx version
E2E Tests	Set up Docker Buildx	2026-01-20T05:14:45.1519952Z github.com/docker/buildx v0.30.1 9e66234aa13328a5e75b75aa5574e1ca6d6d9c01
E2E Tests	Set up Docker Buildx	2026-01-20T05:14:45.1542509Z ##[endgroup]
E2E Tests	Set up Docker Buildx	2026-01-20T05:14:45.1687688Z ##[group]Inspecting default docker context
E2E Tests	Set up Docker Buildx	2026-01-20T05:14:45.1822495Z [
E2E Tests	Set up Docker Buildx	2026-01-20T05:14:45.1823058Z   {
E2E Tests	Set up Docker Buildx	2026-01-20T05:14:45.1823318Z     "Name": "default",
E2E Tests	Set up Docker Buildx	2026-01-20T05:14:45.1823657Z     "Metadata": {},
E2E Tests	Set up Docker Buildx	2026-01-20T05:14:45.1823944Z     "Endpoints": {
E2E Tests	Set up Docker Buildx	2026-01-20T05:14:45.1824268Z       "docker": {
E2E Tests	Set up Docker Buildx	2026-01-20T05:14:45.1824619Z         "Host": "unix:///var/run/docker.sock",
E2E Tests	Set up Docker Buildx	2026-01-20T05:14:45.1825003Z         "SkipTLSVerify": false
E2E Tests	Set up Docker Buildx	2026-01-20T05:14:45.1825283Z       }
E2E Tests	Set up Docker Buildx	2026-01-20T05:14:45.1825550Z     },
E2E Tests	Set up Docker Buildx	2026-01-20T05:14:45.1825819Z     "TLSMaterial": {},
E2E Tests	Set up Docker Buildx	2026-01-20T05:14:45.1826051Z     "Storage": {
E2E Tests	Set up Docker Buildx	2026-01-20T05:14:45.1826376Z       "MetadataPath": "<IN MEMORY>",
E2E Tests	Set up Docker Buildx	2026-01-20T05:14:45.1826713Z       "TLSPath": "<IN MEMORY>"
E2E Tests	Set up Docker Buildx	2026-01-20T05:14:45.1827029Z     }
E2E Tests	Set up Docker Buildx	2026-01-20T05:14:45.1827280Z   }
E2E Tests	Set up Docker Buildx	2026-01-20T05:14:45.1827536Z ]
E2E Tests	Set up Docker Buildx	2026-01-20T05:14:45.1828065Z ##[endgroup]
E2E Tests	Set up Docker Buildx	2026-01-20T05:14:45.1828493Z ##[group]Creating a new builder instance
E2E Tests	Set up Docker Buildx	2026-01-20T05:14:45.3027176Z [command]/usr/bin/docker buildx create --name builder-6d6b8a0f-d1f9-4a83-918f-7aab8c964087 --driver docker-container --buildkitd-flags --allow-insecure-entitlement security.insecure --allow-insecure-entitlement network.host --use
E2E Tests	Set up Docker Buildx	2026-01-20T05:14:45.3654204Z builder-6d6b8a0f-d1f9-4a83-918f-7aab8c964087
E2E Tests	Set up Docker Buildx	2026-01-20T05:14:45.3679900Z ##[endgroup]
E2E Tests	Set up Docker Buildx	2026-01-20T05:14:45.3680505Z ##[group]Booting builder
E2E Tests	Set up Docker Buildx	2026-01-20T05:14:45.3711832Z [command]/usr/bin/docker buildx inspect --bootstrap --builder builder-6d6b8a0f-d1f9-4a83-918f-7aab8c964087
E2E Tests	Set up Docker Buildx	2026-01-20T05:14:45.4268751Z #1 [internal] booting buildkit
E2E Tests	Set up Docker Buildx	2026-01-20T05:14:45.5776673Z #1 pulling image moby/buildkit:buildx-stable-1
E2E Tests	Set up Docker Buildx	2026-01-20T05:14:48.9985262Z #1 pulling image moby/buildkit:buildx-stable-1 3.6s done
E2E Tests	Set up Docker Buildx	2026-01-20T05:14:49.1487562Z #1 creating container buildx_buildkit_builder-6d6b8a0f-d1f9-4a83-918f-7aab8c9640870
E2E Tests	Set up Docker Buildx	2026-01-20T05:14:49.2218628Z #1 creating container buildx_buildkit_builder-6d6b8a0f-d1f9-4a83-918f-7aab8c9640870 0.2s done
E2E Tests	Set up Docker Buildx	2026-01-20T05:14:49.2239980Z #1 DONE 3.8s
E2E Tests	Set up Docker Buildx	2026-01-20T05:14:49.2498605Z Name:          builder-6d6b8a0f-d1f9-4a83-918f-7aab8c964087
E2E Tests	Set up Docker Buildx	2026-01-20T05:14:49.2500889Z Driver:        docker-container
E2E Tests	Set up Docker Buildx	2026-01-20T05:14:49.2501520Z Last Activity: 2026-01-20 05:14:45 +0000 UTC
E2E Tests	Set up Docker Buildx	2026-01-20T05:14:49.2501876Z 
E2E Tests	Set up Docker Buildx	2026-01-20T05:14:49.2502118Z Nodes:
E2E Tests	Set up Docker Buildx	2026-01-20T05:14:49.2503443Z Name:                  builder-6d6b8a0f-d1f9-4a83-918f-7aab8c9640870
E2E Tests	Set up Docker Buildx	2026-01-20T05:14:49.2504207Z Endpoint:              unix:///var/run/docker.sock
E2E Tests	Set up Docker Buildx	2026-01-20T05:14:49.2504855Z Status:                running
E2E Tests	Set up Docker Buildx	2026-01-20T05:14:49.2505993Z BuildKit daemon flags: --allow-insecure-entitlement security.insecure --allow-insecure-entitlement network.host
E2E Tests	Set up Docker Buildx	2026-01-20T05:14:49.2507048Z BuildKit version:      v0.26.3
E2E Tests	Set up Docker Buildx	2026-01-20T05:14:49.2508004Z Platforms:             linux/amd64, linux/amd64/v2, linux/amd64/v3, linux/amd64/v4, linux/386
E2E Tests	Set up Docker Buildx	2026-01-20T05:14:49.2508735Z Labels:
E2E Tests	Set up Docker Buildx	2026-01-20T05:14:49.2509213Z  org.mobyproject.buildkit.worker.executor:         oci
E2E Tests	Set up Docker Buildx	2026-01-20T05:14:49.2510036Z  org.mobyproject.buildkit.worker.hostname:         4da51d169a8b
E2E Tests	Set up Docker Buildx	2026-01-20T05:14:49.2510821Z  org.mobyproject.buildkit.worker.network:          host
E2E Tests	Set up Docker Buildx	2026-01-20T05:14:49.2511693Z  org.mobyproject.buildkit.worker.oci.process-mode: sandbox
E2E Tests	Set up Docker Buildx	2026-01-20T05:14:49.2512654Z  org.mobyproject.buildkit.worker.selinux.enabled:  false
E2E Tests	Set up Docker Buildx	2026-01-20T05:14:49.2513510Z  org.mobyproject.buildkit.worker.snapshotter:      overlayfs
E2E Tests	Set up Docker Buildx	2026-01-20T05:14:49.2514296Z GC Policy rule#0:
E2E Tests	Set up Docker Buildx	2026-01-20T05:14:49.2514705Z  All:            false
E2E Tests	Set up Docker Buildx	2026-01-20T05:14:49.2515505Z  Filters:        type==source.local,type==exec.cachemount,type==source.git.checkout
E2E Tests	Set up Docker Buildx	2026-01-20T05:14:49.2516231Z  Keep Duration:  48h0m0s
E2E Tests	Set up Docker Buildx	2026-01-20T05:14:49.2516658Z  Max Used Space: 488.3MiB
E2E Tests	Set up Docker Buildx	2026-01-20T05:14:49.2517084Z GC Policy rule#1:
E2E Tests	Set up Docker Buildx	2026-01-20T05:14:49.2517514Z  All:            false
E2E Tests	Set up Docker Buildx	2026-01-20T05:14:49.2517929Z  Keep Duration:  1440h0m0s
E2E Tests	Set up Docker Buildx	2026-01-20T05:14:49.2518413Z  Reserved Space: 7.451GiB
E2E Tests	Set up Docker Buildx	2026-01-20T05:14:49.2518862Z  Max Used Space: 54.02GiB
E2E Tests	Set up Docker Buildx	2026-01-20T05:14:49.2559297Z  Min Free Space: 13.97GiB
E2E Tests	Set up Docker Buildx	2026-01-20T05:14:49.2559893Z GC Policy rule#2:
E2E Tests	Set up Docker Buildx	2026-01-20T05:14:49.2560203Z  All:            false
E2E Tests	Set up Docker Buildx	2026-01-20T05:14:49.2560508Z  Reserved Space: 7.451GiB
E2E Tests	Set up Docker Buildx	2026-01-20T05:14:49.2560824Z  Max Used Space: 54.02GiB
E2E Tests	Set up Docker Buildx	2026-01-20T05:14:49.2561125Z  Min Free Space: 13.97GiB
E2E Tests	Set up Docker Buildx	2026-01-20T05:14:49.2561475Z GC Policy rule#3:
E2E Tests	Set up Docker Buildx	2026-01-20T05:14:49.2561763Z  All:            true
E2E Tests	Set up Docker Buildx	2026-01-20T05:14:49.2562073Z  Reserved Space: 7.451GiB
E2E Tests	Set up Docker Buildx	2026-01-20T05:14:49.2562536Z  Max Used Space: 54.02GiB
E2E Tests	Set up Docker Buildx	2026-01-20T05:14:49.2562867Z  Min Free Space: 13.97GiB
E2E Tests	Set up Docker Buildx	2026-01-20T05:14:49.2563519Z ##[endgroup]
E2E Tests	Set up Docker Buildx	2026-01-20T05:14:49.3386664Z ##[group]Inspect builder
E2E Tests	Set up Docker Buildx	2026-01-20T05:14:49.3389263Z {
E2E Tests	Set up Docker Buildx	2026-01-20T05:14:49.3389594Z   "nodes": [
E2E Tests	Set up Docker Buildx	2026-01-20T05:14:49.3389871Z     {
E2E Tests	Set up Docker Buildx	2026-01-20T05:14:49.3390330Z       "name": "builder-6d6b8a0f-d1f9-4a83-918f-7aab8c9640870",
E2E Tests	Set up Docker Buildx	2026-01-20T05:14:49.3391017Z       "endpoint": "unix:///var/run/docker.sock",
E2E Tests	Set up Docker Buildx	2026-01-20T05:14:49.3391448Z       "status": "running",
E2E Tests	Set up Docker Buildx	2026-01-20T05:14:49.3392590Z       "buildkitd-flags": "--allow-insecure-entitlement security.insecure --allow-insecure-entitlement network.host",
E2E Tests	Set up Docker Buildx	2026-01-20T05:14:49.3393383Z       "buildkit": "v0.26.3",
E2E Tests	Set up Docker Buildx	2026-01-20T05:14:49.3393987Z       "platforms": "linux/amd64,linux/amd64/v2,linux/amd64/v3,linux/amd64/v4,linux/386",
E2E Tests	Set up Docker Buildx	2026-01-20T05:14:49.3394532Z       "features": {
E2E Tests	Set up Docker Buildx	2026-01-20T05:14:49.3394989Z         "Automatically load images to the Docker Engine image store": true,
E2E Tests	Set up Docker Buildx	2026-01-20T05:14:49.3395535Z         "Cache export": true,
E2E Tests	Set up Docker Buildx	2026-01-20T05:14:49.3395983Z         "Direct push": true,
E2E Tests	Set up Docker Buildx	2026-01-20T05:14:49.3396404Z         "Docker exporter": true,
E2E Tests	Set up Docker Buildx	2026-01-20T05:14:49.3396795Z         "Multi-platform build": true,
E2E Tests	Set up Docker Buildx	2026-01-20T05:14:49.3397177Z         "OCI exporter": true
E2E Tests	Set up Docker Buildx	2026-01-20T05:14:49.3397498Z       },
E2E Tests	Set up Docker Buildx	2026-01-20T05:14:49.3397747Z       "labels": {
E2E Tests	Set up Docker Buildx	2026-01-20T05:14:49.3398478Z         "org.mobyproject.buildkit.worker.executor": "oci",
E2E Tests	Set up Docker Buildx	2026-01-20T05:14:49.3399167Z         "org.mobyproject.buildkit.worker.hostname": "4da51d169a8b",
E2E Tests	Set up Docker Buildx	2026-01-20T05:14:49.3399825Z         "org.mobyproject.buildkit.worker.network": "host",
E2E Tests	Set up Docker Buildx	2026-01-20T05:14:49.3400565Z         "org.mobyproject.buildkit.worker.oci.process-mode": "sandbox",
E2E Tests	Set up Docker Buildx	2026-01-20T05:14:49.3401358Z         "org.mobyproject.buildkit.worker.selinux.enabled": "false",
E2E Tests	Set up Docker Buildx	2026-01-20T05:14:49.3402153Z         "org.mobyproject.buildkit.worker.snapshotter": "overlayfs"
E2E Tests	Set up Docker Buildx	2026-01-20T05:14:49.3403060Z       },
E2E Tests	Set up Docker Buildx	2026-01-20T05:14:49.3403335Z       "gcPolicy": [
E2E Tests	Set up Docker Buildx	2026-01-20T05:14:49.3403628Z         {
E2E Tests	Set up Docker Buildx	2026-01-20T05:14:49.3403889Z           "all": false,
E2E Tests	Set up Docker Buildx	2026-01-20T05:14:49.3404192Z           "filter": [
E2E Tests	Set up Docker Buildx	2026-01-20T05:14:49.3404543Z             "type==source.local",
E2E Tests	Set up Docker Buildx	2026-01-20T05:14:49.3404966Z             "type==exec.cachemount",
E2E Tests	Set up Docker Buildx	2026-01-20T05:14:49.3405366Z             "type==source.git.checkout"
E2E Tests	Set up Docker Buildx	2026-01-20T05:14:49.3405758Z           ],
E2E Tests	Set up Docker Buildx	2026-01-20T05:14:49.3406064Z           "keepDuration": "48h0m0s",
E2E Tests	Set up Docker Buildx	2026-01-20T05:14:49.3406490Z           "maxUsedSpace": "488.3MiB"
E2E Tests	Set up Docker Buildx	2026-01-20T05:14:49.3406879Z         },
E2E Tests	Set up Docker Buildx	2026-01-20T05:14:49.3407140Z         {
E2E Tests	Set up Docker Buildx	2026-01-20T05:14:49.3407420Z           "all": false,
E2E Tests	Set up Docker Buildx	2026-01-20T05:14:49.3407788Z           "keepDuration": "1440h0m0s",
E2E Tests	Set up Docker Buildx	2026-01-20T05:14:49.3408261Z           "reservedSpace": "7.451GiB",
E2E Tests	Set up Docker Buildx	2026-01-20T05:14:49.3408702Z           "maxUsedSpace": "54.02GiB",
E2E Tests	Set up Docker Buildx	2026-01-20T05:14:49.3409123Z           "minFreeSpace": "13.97GiB"
E2E Tests	Set up Docker Buildx	2026-01-20T05:14:49.3409460Z         },
E2E Tests	Set up Docker Buildx	2026-01-20T05:14:49.3409701Z         {
E2E Tests	Set up Docker Buildx	2026-01-20T05:14:49.3409942Z           "all": false,
E2E Tests	Set up Docker Buildx	2026-01-20T05:14:49.3410279Z           "reservedSpace": "7.451GiB",
E2E Tests	Set up Docker Buildx	2026-01-20T05:14:49.3410688Z           "maxUsedSpace": "54.02GiB",
E2E Tests	Set up Docker Buildx	2026-01-20T05:14:49.3411082Z           "minFreeSpace": "13.97GiB"
E2E Tests	Set up Docker Buildx	2026-01-20T05:14:49.3411424Z         },
E2E Tests	Set up Docker Buildx	2026-01-20T05:14:49.3411663Z         {
E2E Tests	Set up Docker Buildx	2026-01-20T05:14:49.3411909Z           "all": true,
E2E Tests	Set up Docker Buildx	2026-01-20T05:14:49.3412308Z           "reservedSpace": "7.451GiB",
E2E Tests	Set up Docker Buildx	2026-01-20T05:14:49.3413012Z           "maxUsedSpace": "54.02GiB",
E2E Tests	Set up Docker Buildx	2026-01-20T05:14:49.3413480Z           "minFreeSpace": "13.97GiB"
E2E Tests	Set up Docker Buildx	2026-01-20T05:14:49.3413904Z         }
E2E Tests	Set up Docker Buildx	2026-01-20T05:14:49.3414183Z       ]
E2E Tests	Set up Docker Buildx	2026-01-20T05:14:49.3414430Z     }
E2E Tests	Set up Docker Buildx	2026-01-20T05:14:49.3414680Z   ],
E2E Tests	Set up Docker Buildx	2026-01-20T05:14:49.3415140Z   "name": "builder-6d6b8a0f-d1f9-4a83-918f-7aab8c964087",
E2E Tests	Set up Docker Buildx	2026-01-20T05:14:49.3415746Z   "driver": "docker-container",
E2E Tests	Set up Docker Buildx	2026-01-20T05:14:49.3416239Z   "lastActivity": "2026-01-20T05:14:45.000Z"
E2E Tests	Set up Docker Buildx	2026-01-20T05:14:49.3416682Z }
E2E Tests	Set up Docker Buildx	2026-01-20T05:14:49.3417292Z ##[endgroup]
E2E Tests	Set up Docker Buildx	2026-01-20T05:14:49.3417777Z ##[group]BuildKit version
E2E Tests	Set up Docker Buildx	2026-01-20T05:14:49.3418362Z builder-6d6b8a0f-d1f9-4a83-918f-7aab8c9640870: v0.26.3
E2E Tests	Set up Docker Buildx	2026-01-20T05:14:49.3419091Z ##[endgroup]
E2E Tests	Cache Docker layers	﻿2026-01-20T05:14:58.5303033Z ##[group]Run actions/cache@v5
E2E Tests	Cache Docker layers	2026-01-20T05:14:58.5303302Z with:
E2E Tests	Cache Docker layers	2026-01-20T05:14:58.5303492Z   path: /tmp/.buildx-cache
E2E Tests	Cache Docker layers	2026-01-20T05:14:58.5303887Z   key: Linux-buildx-67688d615485bbbb49b7dea8ef62a3e6a0ddff7233c6ffcf393e9d054e2950d6
E2E Tests	Cache Docker layers	2026-01-20T05:14:58.5304343Z   restore-keys: Linux-buildx-
E2E Tests	Cache Docker layers	
E2E Tests	Cache Docker layers	2026-01-20T05:14:58.5304591Z   enableCrossOsArchive: false
E2E Tests	Cache Docker layers	2026-01-20T05:14:58.5304823Z   fail-on-cache-miss: false
E2E Tests	Cache Docker layers	2026-01-20T05:14:58.5305030Z   lookup-only: false
E2E Tests	Cache Docker layers	2026-01-20T05:14:58.5305224Z   save-always: false
E2E Tests	Cache Docker layers	2026-01-20T05:14:58.5305406Z env:
E2E Tests	Cache Docker layers	2026-01-20T05:14:58.5305570Z   NODE_VERSION: 24
E2E Tests	Cache Docker layers	2026-01-20T05:14:58.5305805Z   PNPM_HOME: /home/runner/setup-pnpm/node_modules/.bin
E2E Tests	Cache Docker layers	2026-01-20T05:14:58.5306083Z ##[endgroup]
E2E Tests	Cache Docker layers	2026-01-20T05:14:58.8969076Z Cache not found for input keys: Linux-buildx-67688d615485bbbb49b7dea8ef62a3e6a0ddff7233c6ffcf393e9d054e2950d6, Linux-buildx-
E2E Tests	Build Docker images with cache	﻿2026-01-20T05:14:58.9039369Z ##[group]Run docker compose -f docker-compose.test.yml build \
E2E Tests	Build Docker images with cache	2026-01-20T05:14:58.9039830Z [36;1mdocker compose -f docker-compose.test.yml build \[0m
E2E Tests	Build Docker images with cache	2026-01-20T05:14:58.9040161Z [36;1m  --build-arg BUILDKIT_INLINE_CACHE=1[0m
E2E Tests	Build Docker images with cache	2026-01-20T05:14:58.9059534Z shell: /usr/bin/bash -e {0}
E2E Tests	Build Docker images with cache	2026-01-20T05:14:58.9059926Z env:
E2E Tests	Build Docker images with cache	2026-01-20T05:14:58.9060107Z   NODE_VERSION: 24
E2E Tests	Build Docker images with cache	2026-01-20T05:14:58.9060354Z   PNPM_HOME: /home/runner/setup-pnpm/node_modules/.bin
E2E Tests	Build Docker images with cache	2026-01-20T05:14:58.9060635Z ##[endgroup]
E2E Tests	Build Docker images with cache	2026-01-20T05:14:59.0185023Z time="2026-01-20T05:14:59Z" level=warning msg="The \"MEDUSA_PUBLISHABLE_KEY\" variable is not set. Defaulting to a blank string."
E2E Tests	Build Docker images with cache	2026-01-20T05:14:59.0186109Z time="2026-01-20T05:14:59Z" level=warning msg="The \"ADMIN_TOKEN\" variable is not set. Defaulting to a blank string."
E2E Tests	Build Docker images with cache	2026-01-20T05:14:59.0189789Z time="2026-01-20T05:14:59Z" level=warning msg="The \"MEDUSA_PUBLISHABLE_KEY\" variable is not set. Defaulting to a blank string."
E2E Tests	Build Docker images with cache	2026-01-20T05:14:59.1395340Z #1 [internal] load local bake definitions
E2E Tests	Build Docker images with cache	2026-01-20T05:14:59.2400505Z #1 reading from stdin 907B done
E2E Tests	Build Docker images with cache	2026-01-20T05:14:59.2403074Z #1 DONE 0.0s
E2E Tests	Build Docker images with cache	2026-01-20T05:14:59.2404075Z 
E2E Tests	Build Docker images with cache	2026-01-20T05:14:59.2404901Z #2 [storefront internal] load build definition from Dockerfile
E2E Tests	Build Docker images with cache	2026-01-20T05:14:59.2405604Z #2 transferring dockerfile: 30B
E2E Tests	Build Docker images with cache	2026-01-20T05:14:59.3971103Z #2 transferring dockerfile: 2.80kB done
E2E Tests	Build Docker images with cache	2026-01-20T05:14:59.3971559Z #2 DONE 0.0s
E2E Tests	Build Docker images with cache	2026-01-20T05:14:59.3971707Z 
E2E Tests	Build Docker images with cache	2026-01-20T05:14:59.3971959Z #3 [backend internal] load build definition from Dockerfile
E2E Tests	Build Docker images with cache	2026-01-20T05:14:59.3972557Z #3 transferring dockerfile: 2.89kB done
E2E Tests	Build Docker images with cache	2026-01-20T05:14:59.3972855Z #3 DONE 0.0s
E2E Tests	Build Docker images with cache	2026-01-20T05:14:59.3972980Z 
E2E Tests	Build Docker images with cache	2026-01-20T05:14:59.3973299Z #4 [storefront internal] load metadata for docker.io/library/node:24-slim
E2E Tests	Build Docker images with cache	2026-01-20T05:14:59.5957359Z #4 ...
E2E Tests	Build Docker images with cache	2026-01-20T05:14:59.5957590Z 
E2E Tests	Build Docker images with cache	2026-01-20T05:14:59.5957906Z #5 [auth] library/node:pull token for registry-1.docker.io
E2E Tests	Build Docker images with cache	2026-01-20T05:14:59.5958308Z #5 DONE 0.0s
E2E Tests	Build Docker images with cache	2026-01-20T05:14:59.7458989Z 
E2E Tests	Build Docker images with cache	2026-01-20T05:14:59.7459822Z #6 [backend internal] load metadata for docker.io/library/node:24-alpine
E2E Tests	Build Docker images with cache	2026-01-20T05:15:00.1986877Z #6 ...
E2E Tests	Build Docker images with cache	2026-01-20T05:15:00.1987162Z 
E2E Tests	Build Docker images with cache	2026-01-20T05:15:00.1987662Z #4 [storefront internal] load metadata for docker.io/library/node:24-slim
E2E Tests	Build Docker images with cache	2026-01-20T05:15:00.1988215Z #4 DONE 1.0s
E2E Tests	Build Docker images with cache	2026-01-20T05:15:00.3013831Z 
E2E Tests	Build Docker images with cache	2026-01-20T05:15:00.3015099Z #7 [backend internal] load .dockerignore
E2E Tests	Build Docker images with cache	2026-01-20T05:15:00.3016266Z #7 transferring context: 522B done
E2E Tests	Build Docker images with cache	2026-01-20T05:15:00.3016676Z #7 DONE 0.0s
E2E Tests	Build Docker images with cache	2026-01-20T05:15:00.3017662Z 
E2E Tests	Build Docker images with cache	2026-01-20T05:15:00.3018135Z #6 [backend internal] load metadata for docker.io/library/node:24-alpine
E2E Tests	Build Docker images with cache	2026-01-20T05:15:00.3019287Z #6 DONE 1.0s
E2E Tests	Build Docker images with cache	2026-01-20T05:15:00.3020434Z 
E2E Tests	Build Docker images with cache	2026-01-20T05:15:00.3021361Z #8 [backend base 1/4] FROM docker.io/library/node:24-alpine@sha256:931d7d57f8c1fd0e2179dbff7cc7da4c9dd100998bc2b32afc85142d8efbc213
E2E Tests	Build Docker images with cache	2026-01-20T05:15:00.3027649Z #8 resolve docker.io/library/node:24-alpine@sha256:931d7d57f8c1fd0e2179dbff7cc7da4c9dd100998bc2b32afc85142d8efbc213 done
E2E Tests	Build Docker images with cache	2026-01-20T05:15:00.3028899Z #8 DONE 0.1s
E2E Tests	Build Docker images with cache	2026-01-20T05:15:00.3029080Z 
E2E Tests	Build Docker images with cache	2026-01-20T05:15:00.3029977Z #9 [storefront base 1/4] FROM docker.io/library/node:24-slim@sha256:bf22df20270b654c4e9da59d8d4a3516cce6ba2852e159b27288d645b7a7eedc
E2E Tests	Build Docker images with cache	2026-01-20T05:15:00.3034526Z #9 resolve docker.io/library/node:24-slim@sha256:bf22df20270b654c4e9da59d8d4a3516cce6ba2852e159b27288d645b7a7eedc done
E2E Tests	Build Docker images with cache	2026-01-20T05:15:00.4079588Z #9 ...
E2E Tests	Build Docker images with cache	2026-01-20T05:15:00.4079854Z 
E2E Tests	Build Docker images with cache	2026-01-20T05:15:00.4080066Z #10 [backend internal] load build context
E2E Tests	Build Docker images with cache	2026-01-20T05:15:00.4080464Z #10 transferring context: 1.91MB 0.1s done
E2E Tests	Build Docker images with cache	2026-01-20T05:15:00.4080736Z #10 DONE 0.1s
E2E Tests	Build Docker images with cache	2026-01-20T05:15:00.4080848Z 
E2E Tests	Build Docker images with cache	2026-01-20T05:15:00.4081360Z #9 [storefront base 1/4] FROM docker.io/library/node:24-slim@sha256:bf22df20270b654c4e9da59d8d4a3516cce6ba2852e159b27288d645b7a7eedc
E2E Tests	Build Docker images with cache	2026-01-20T05:15:00.4082300Z #9 sha256:682daf7fcb91efe2cc108ba874192d9d08dd9418b7471bcb110be617ba5858a2 445B / 445B 0.1s done
E2E Tests	Build Docker images with cache	2026-01-20T05:15:00.5288945Z #9 ...
E2E Tests	Build Docker images with cache	2026-01-20T05:15:00.5289233Z 
E2E Tests	Build Docker images with cache	2026-01-20T05:15:00.5289955Z #11 [storefront internal] load build context
E2E Tests	Build Docker images with cache	2026-01-20T05:15:00.5290500Z #11 transferring context: 13.56MB 0.2s done
E2E Tests	Build Docker images with cache	2026-01-20T05:15:00.5290758Z #11 DONE 0.2s
E2E Tests	Build Docker images with cache	2026-01-20T05:15:00.5290872Z 
E2E Tests	Build Docker images with cache	2026-01-20T05:15:00.5291610Z #9 [storefront base 1/4] FROM docker.io/library/node:24-slim@sha256:bf22df20270b654c4e9da59d8d4a3516cce6ba2852e159b27288d645b7a7eedc
E2E Tests	Build Docker images with cache	2026-01-20T05:15:00.5292807Z #9 sha256:dbac16f196876d50b42772444d1d33cb1ae2329abee3c1563caee78acc54559f 1.71MB / 1.71MB 0.2s done
E2E Tests	Build Docker images with cache	2026-01-20T05:15:00.5293486Z #9 sha256:a7f203f7f228841c6cd669f052325b6faef2ec1af2d483087c8efb88776e1946 0B / 49.11MB 0.2s
E2E Tests	Build Docker images with cache	2026-01-20T05:15:00.5294162Z #9 sha256:c06224db79377a9070235765c986fde15b2056fe616c2808c0cea189aa52876b 3.31kB / 3.31kB 0.2s done
E2E Tests	Build Docker images with cache	2026-01-20T05:15:00.5294828Z #9 sha256:c02d17997ce3d2c82e082235ea0b5152d06ee659c4e2fabcf1e0079312f1bcde 0B / 28.23MB 0.2s
E2E Tests	Build Docker images with cache	2026-01-20T05:15:00.6333423Z #9 sha256:a7f203f7f228841c6cd669f052325b6faef2ec1af2d483087c8efb88776e1946 5.24MB / 49.11MB 0.3s
E2E Tests	Build Docker images with cache	2026-01-20T05:15:00.7352279Z #9 sha256:a7f203f7f228841c6cd669f052325b6faef2ec1af2d483087c8efb88776e1946 38.80MB / 49.11MB 0.5s
E2E Tests	Build Docker images with cache	2026-01-20T05:15:00.7353767Z #9 sha256:c02d17997ce3d2c82e082235ea0b5152d06ee659c4e2fabcf1e0079312f1bcde 17.83MB / 28.23MB 0.3s
E2E Tests	Build Docker images with cache	2026-01-20T05:15:00.8587749Z #9 sha256:a7f203f7f228841c6cd669f052325b6faef2ec1af2d483087c8efb88776e1946 49.11MB / 49.11MB 0.5s done
E2E Tests	Build Docker images with cache	2026-01-20T05:15:00.8591192Z #9 sha256:c02d17997ce3d2c82e082235ea0b5152d06ee659c4e2fabcf1e0079312f1bcde 28.23MB / 28.23MB 0.4s done
E2E Tests	Build Docker images with cache	2026-01-20T05:15:00.8592182Z #9 extracting sha256:c02d17997ce3d2c82e082235ea0b5152d06ee659c4e2fabcf1e0079312f1bcde
E2E Tests	Build Docker images with cache	2026-01-20T05:15:01.4508305Z #9 extracting sha256:c02d17997ce3d2c82e082235ea0b5152d06ee659c4e2fabcf1e0079312f1bcde 0.7s done
E2E Tests	Build Docker images with cache	2026-01-20T05:15:01.4510940Z #9 DONE 1.2s
E2E Tests	Build Docker images with cache	2026-01-20T05:15:01.4511149Z 
E2E Tests	Build Docker images with cache	2026-01-20T05:15:01.4512127Z #8 [backend base 1/4] FROM docker.io/library/node:24-alpine@sha256:931d7d57f8c1fd0e2179dbff7cc7da4c9dd100998bc2b32afc85142d8efbc213
E2E Tests	Build Docker images with cache	2026-01-20T05:15:01.4514350Z #8 sha256:2376a6a774696529fd8c2bd55909fd081b5bec400b7f353ebf035c47fc32f195 1.26MB / 1.26MB 0.2s done
E2E Tests	Build Docker images with cache	2026-01-20T05:15:01.4515660Z #8 sha256:37199d3b7bb1ac601fd713f67f7665417652fda0fd1bae677be5b6b8726489d5 50.97MB / 50.97MB 0.4s done
E2E Tests	Build Docker images with cache	2026-01-20T05:15:01.4516789Z #8 sha256:1074353eec0db2c1d81d5af2671e56e00cf5738486f5762609ea33d606f88612 3.86MB / 3.86MB 0.1s done
E2E Tests	Build Docker images with cache	2026-01-20T05:15:01.4517895Z #8 extracting sha256:1074353eec0db2c1d81d5af2671e56e00cf5738486f5762609ea33d606f88612 0.1s done
E2E Tests	Build Docker images with cache	2026-01-20T05:15:01.4519151Z #8 sha256:185f31dc0b020b0ec03ea407f12404329981e6427d74bd739b2bd1b7dc6a37de 446B / 446B 0.1s done
E2E Tests	Build Docker images with cache	2026-01-20T05:15:01.4520163Z #8 extracting sha256:37199d3b7bb1ac601fd713f67f7665417652fda0fd1bae677be5b6b8726489d5
E2E Tests	Build Docker images with cache	2026-01-20T05:15:01.9668564Z #8 extracting sha256:37199d3b7bb1ac601fd713f67f7665417652fda0fd1bae677be5b6b8726489d5 1.1s done
E2E Tests	Build Docker images with cache	2026-01-20T05:15:01.9669559Z #8 DONE 1.7s
E2E Tests	Build Docker images with cache	2026-01-20T05:15:01.9669746Z 
E2E Tests	Build Docker images with cache	2026-01-20T05:15:01.9671867Z #9 [storefront base 1/4] FROM docker.io/library/node:24-slim@sha256:bf22df20270b654c4e9da59d8d4a3516cce6ba2852e159b27288d645b7a7eedc
E2E Tests	Build Docker images with cache	2026-01-20T05:15:01.9673381Z #9 extracting sha256:c06224db79377a9070235765c986fde15b2056fe616c2808c0cea189aa52876b done
E2E Tests	Build Docker images with cache	2026-01-20T05:15:01.9674490Z #9 extracting sha256:a7f203f7f228841c6cd669f052325b6faef2ec1af2d483087c8efb88776e1946
E2E Tests	Build Docker images with cache	2026-01-20T05:15:02.1524939Z #9 ...
E2E Tests	Build Docker images with cache	2026-01-20T05:15:02.1527000Z 
E2E Tests	Build Docker images with cache	2026-01-20T05:15:02.1528211Z #8 [backend base 1/4] FROM docker.io/library/node:24-alpine@sha256:931d7d57f8c1fd0e2179dbff7cc7da4c9dd100998bc2b32afc85142d8efbc213
E2E Tests	Build Docker images with cache	2026-01-20T05:15:02.1529954Z #8 extracting sha256:2376a6a774696529fd8c2bd55909fd081b5bec400b7f353ebf035c47fc32f195 0.0s done
E2E Tests	Build Docker images with cache	2026-01-20T05:15:02.1532249Z #8 extracting sha256:185f31dc0b020b0ec03ea407f12404329981e6427d74bd739b2bd1b7dc6a37de done
E2E Tests	Build Docker images with cache	2026-01-20T05:15:02.1533161Z #8 DONE 1.8s
E2E Tests	Build Docker images with cache	2026-01-20T05:15:02.3026540Z 
E2E Tests	Build Docker images with cache	2026-01-20T05:15:02.3027733Z #12 [backend base 2/4] RUN apk add --no-cache libc6-compat python3 make g++ curl
E2E Tests	Build Docker images with cache	2026-01-20T05:15:02.3616213Z #12 ...
E2E Tests	Build Docker images with cache	2026-01-20T05:15:02.3616472Z 
E2E Tests	Build Docker images with cache	2026-01-20T05:15:02.3617447Z #9 [storefront base 1/4] FROM docker.io/library/node:24-slim@sha256:bf22df20270b654c4e9da59d8d4a3516cce6ba2852e159b27288d645b7a7eedc
E2E Tests	Build Docker images with cache	2026-01-20T05:15:02.3618741Z #9 extracting sha256:a7f203f7f228841c6cd669f052325b6faef2ec1af2d483087c8efb88776e1946 0.9s done
E2E Tests	Build Docker images with cache	2026-01-20T05:15:02.3619221Z #9 DONE 2.1s
E2E Tests	Build Docker images with cache	2026-01-20T05:15:02.4626697Z 
E2E Tests	Build Docker images with cache	2026-01-20T05:15:02.4628285Z #9 [storefront base 1/4] FROM docker.io/library/node:24-slim@sha256:bf22df20270b654c4e9da59d8d4a3516cce6ba2852e159b27288d645b7a7eedc
E2E Tests	Build Docker images with cache	2026-01-20T05:15:02.4629280Z #9 extracting sha256:dbac16f196876d50b42772444d1d33cb1ae2329abee3c1563caee78acc54559f 0.0s done
E2E Tests	Build Docker images with cache	2026-01-20T05:15:02.4630024Z #9 extracting sha256:682daf7fcb91efe2cc108ba874192d9d08dd9418b7471bcb110be617ba5858a2 done
E2E Tests	Build Docker images with cache	2026-01-20T05:15:02.4630450Z #9 DONE 2.2s
E2E Tests	Build Docker images with cache	2026-01-20T05:15:02.4630577Z 
E2E Tests	Build Docker images with cache	2026-01-20T05:15:02.4630907Z #12 [backend base 2/4] RUN apk add --no-cache libc6-compat python3 make g++ curl
E2E Tests	Build Docker images with cache	2026-01-20T05:15:02.4631399Z #12 0.461 ( 1/41) Installing brotli-libs (1.2.0-r0)
E2E Tests	Build Docker images with cache	2026-01-20T05:15:02.5643128Z #12 0.477 ( 2/41) Installing c-ares (1.34.6-r0)
E2E Tests	Build Docker images with cache	2026-01-20T05:15:02.5644233Z #12 0.488 ( 3/41) Installing libunistring (1.4.1-r0)
E2E Tests	Build Docker images with cache	2026-01-20T05:15:02.5645153Z #12 0.507 ( 4/41) Installing libidn2 (2.3.8-r0)
E2E Tests	Build Docker images with cache	2026-01-20T05:15:02.5646393Z #12 0.518 ( 5/41) Installing nghttp2-libs (1.68.0-r0)
E2E Tests	Build Docker images with cache	2026-01-20T05:15:02.5647092Z #12 0.529 ( 6/41) Installing nghttp3 (1.13.1-r0)
E2E Tests	Build Docker images with cache	2026-01-20T05:15:02.5647634Z #12 0.540 ( 7/41) Installing libpsl (0.21.5-r3)
E2E Tests	Build Docker images with cache	2026-01-20T05:15:02.5648194Z #12 0.550 ( 8/41) Installing zstd-libs (1.5.7-r2)
E2E Tests	Build Docker images with cache	2026-01-20T05:15:02.6669093Z #12 0.566 ( 9/41) Installing libcurl (8.17.0-r1)
E2E Tests	Build Docker images with cache	2026-01-20T05:15:02.6669957Z #12 0.581 (10/41) Installing curl (8.17.0-r1)
E2E Tests	Build Docker images with cache	2026-01-20T05:15:02.6670756Z #12 0.594 (11/41) Installing libstdc++-dev (15.2.0-r2)
E2E Tests	Build Docker images with cache	2026-01-20T05:15:02.7976613Z #12 0.721 (12/41) Installing jansson (2.14.1-r0)
E2E Tests	Build Docker images with cache	2026-01-20T05:15:02.7977623Z #12 0.731 (13/41) Installing binutils (2.45.1-r0)
E2E Tests	Build Docker images with cache	2026-01-20T05:15:02.7978288Z #12 0.796 (14/41) Installing libgomp (15.2.0-r2)
E2E Tests	Build Docker images with cache	2026-01-20T05:15:03.0318070Z #12 0.808 (15/41) Installing libatomic (15.2.0-r2)
E2E Tests	Build Docker images with cache	2026-01-20T05:15:03.0318840Z #12 0.817 (16/41) Installing gmp (6.3.0-r4)
E2E Tests	Build Docker images with cache	2026-01-20T05:15:03.0319426Z #12 0.831 (17/41) Installing isl26 (0.26-r1)
E2E Tests	Build Docker images with cache	2026-01-20T05:15:03.0320010Z #12 0.854 (18/41) Installing mpfr4 (4.2.2-r0)
E2E Tests	Build Docker images with cache	2026-01-20T05:15:03.0320587Z #12 0.869 (19/41) Installing mpc1 (1.3.1-r1)
E2E Tests	Build Docker images with cache	2026-01-20T05:15:03.0321185Z #12 0.879 (20/41) Installing gcc (15.2.0-r2)
E2E Tests	Build Docker images with cache	2026-01-20T05:15:03.7465327Z #12 1.744 (21/41) Installing musl-dev (1.2.5-r21)
E2E Tests	Build Docker images with cache	2026-01-20T05:15:03.9078483Z #12 1.798 (22/41) Installing g++ (15.2.0-r2)
E2E Tests	Build Docker images with cache	2026-01-20T05:15:04.0591570Z #12 2.057 (23/41) Installing musl-obstack (1.2.3-r2)
E2E Tests	Build Docker images with cache	2026-01-20T05:15:04.1656656Z #12 2.067 (24/41) Installing libucontext (1.3.3-r0)
E2E Tests	Build Docker images with cache	2026-01-20T05:15:04.1657351Z #12 2.077 (25/41) Installing gcompat (1.1.0-r4)
E2E Tests	Build Docker images with cache	2026-01-20T05:15:04.1657903Z #12 2.088 (26/41) Installing make (4.4.1-r3)
E2E Tests	Build Docker images with cache	2026-01-20T05:15:04.1658480Z #12 2.100 (27/41) Installing libbz2 (1.0.8-r6)
E2E Tests	Build Docker images with cache	2026-01-20T05:15:04.1659061Z #12 2.110 (28/41) Installing libexpat (2.7.3-r0)
E2E Tests	Build Docker images with cache	2026-01-20T05:15:04.1659642Z #12 2.120 (29/41) Installing libffi (3.5.2-r0)
E2E Tests	Build Docker images with cache	2026-01-20T05:15:04.1660187Z #12 2.131 (30/41) Installing gdbm (1.26-r0)
E2E Tests	Build Docker images with cache	2026-01-20T05:15:04.1660725Z #12 2.142 (31/41) Installing xz-libs (5.8.2-r0)
E2E Tests	Build Docker images with cache	2026-01-20T05:15:04.1661297Z #12 2.153 (32/41) Installing mpdecimal (4.0.1-r0)
E2E Tests	Build Docker images with cache	2026-01-20T05:15:04.1662004Z #12 2.164 (33/41) Installing ncurses-terminfo-base (6.5_p20251123-r0)
E2E Tests	Build Docker images with cache	2026-01-20T05:15:04.3644271Z #12 2.176 (34/41) Installing libncursesw (6.5_p20251123-r0)
E2E Tests	Build Docker images with cache	2026-01-20T05:15:04.3648167Z #12 2.188 (35/41) Installing libpanelw (6.5_p20251123-r0)
E2E Tests	Build Docker images with cache	2026-01-20T05:15:04.3649126Z #12 2.197 (36/41) Installing readline (8.3.1-r0)
E2E Tests	Build Docker images with cache	2026-01-20T05:15:04.3650831Z #12 2.208 (37/41) Installing sqlite-libs (3.51.2-r0)
E2E Tests	Build Docker images with cache	2026-01-20T05:15:04.3651491Z #12 2.233 (38/41) Installing python3 (3.12.12-r0)
E2E Tests	Build Docker images with cache	2026-01-20T05:15:04.4688688Z #12 2.377 (39/41) Installing python3-pycache-pyc0 (3.12.12-r0)
E2E Tests	Build Docker images with cache	2026-01-20T05:15:04.4689397Z #12 2.466 (40/41) Installing pyc (3.12.12-r0)
E2E Tests	Build Docker images with cache	2026-01-20T05:15:04.4689974Z #12 2.466 (41/41) Installing python3-pyc (3.12.12-r0)
E2E Tests	Build Docker images with cache	2026-01-20T05:15:04.5892242Z #12 2.467 Executing busybox-1.37.0-r30.trigger
E2E Tests	Build Docker images with cache	2026-01-20T05:15:04.5893540Z #12 2.473 OK: 305.8 MiB in 59 packages
E2E Tests	Build Docker images with cache	2026-01-20T05:15:06.3413819Z #12 DONE 4.2s
E2E Tests	Build Docker images with cache	2026-01-20T05:15:06.3414129Z 
E2E Tests	Build Docker images with cache	2026-01-20T05:15:06.3415897Z #13 [backend base 3/4] RUN corepack enable
E2E Tests	Build Docker images with cache	2026-01-20T05:15:06.3416372Z #13 DONE 0.1s
E2E Tests	Build Docker images with cache	2026-01-20T05:15:06.3416568Z 
E2E Tests	Build Docker images with cache	2026-01-20T05:15:06.3417411Z #14 [storefront base 2/4] RUN apt-get update && apt-get install -y --no-install-recommends curl && rm -rf /var/lib/apt/lists/*
E2E Tests	Build Docker images with cache	2026-01-20T05:15:06.3418623Z #14 0.084 Get:1 http://deb.debian.org/debian bookworm InRelease [151 kB]
E2E Tests	Build Docker images with cache	2026-01-20T05:15:06.3419565Z #14 0.110 Get:2 http://deb.debian.org/debian bookworm-updates InRelease [55.4 kB]
E2E Tests	Build Docker images with cache	2026-01-20T05:15:06.3420630Z #14 0.121 Get:3 http://deb.debian.org/debian-security bookworm-security InRelease [48.0 kB]
E2E Tests	Build Docker images with cache	2026-01-20T05:15:06.3421697Z #14 0.162 Get:4 http://deb.debian.org/debian bookworm/main amd64 Packages [8792 kB]
E2E Tests	Build Docker images with cache	2026-01-20T05:15:06.3422951Z #14 0.235 Get:5 http://deb.debian.org/debian bookworm-updates/main amd64 Packages [6924 B]
E2E Tests	Build Docker images with cache	2026-01-20T05:15:06.3424142Z #14 0.264 Get:6 http://deb.debian.org/debian-security bookworm-security/main amd64 Packages [291 kB]
E2E Tests	Build Docker images with cache	2026-01-20T05:15:06.3425010Z #14 1.065 Fetched 9344 kB in 1s (9256 kB/s)
E2E Tests	Build Docker images with cache	2026-01-20T05:15:06.3426032Z #14 1.065 Reading package lists...
E2E Tests	Build Docker images with cache	2026-01-20T05:15:06.3426594Z #14 1.522 Reading package lists...
E2E Tests	Build Docker images with cache	2026-01-20T05:15:06.3427084Z #14 1.973 Building dependency tree...
E2E Tests	Build Docker images with cache	2026-01-20T05:15:06.3427595Z #14 2.076 Reading state information...
E2E Tests	Build Docker images with cache	2026-01-20T05:15:06.3428245Z #14 2.187 The following additional packages will be installed:
E2E Tests	Build Docker images with cache	2026-01-20T05:15:06.3429158Z #14 2.187   libbrotli1 libcurl4 libgssapi-krb5-2 libk5crypto3 libkeyutils1 libkrb5-3
E2E Tests	Build Docker images with cache	2026-01-20T05:15:06.3430192Z #14 2.187   libkrb5support0 libldap-2.5-0 libnghttp2-14 libpsl5 librtmp1 libsasl2-2
E2E Tests	Build Docker images with cache	2026-01-20T05:15:06.3430988Z #14 2.188   libsasl2-modules-db libssh2-1 libssl3
E2E Tests	Build Docker images with cache	2026-01-20T05:15:06.3431497Z #14 2.188 Suggested packages:
E2E Tests	Build Docker images with cache	2026-01-20T05:15:06.3431964Z #14 2.188   krb5-doc krb5-user
E2E Tests	Build Docker images with cache	2026-01-20T05:15:06.3432855Z #14 2.188 Recommended packages:
E2E Tests	Build Docker images with cache	2026-01-20T05:15:06.3433644Z #14 2.188   ca-certificates krb5-locales libldap-common publicsuffix libsasl2-modules
E2E Tests	Build Docker images with cache	2026-01-20T05:15:06.3434486Z #14 2.680 The following NEW packages will be installed:
E2E Tests	Build Docker images with cache	2026-01-20T05:15:06.3435321Z #14 2.680   curl libbrotli1 libcurl4 libgssapi-krb5-2 libk5crypto3 libkeyutils1
E2E Tests	Build Docker images with cache	2026-01-20T05:15:06.3436304Z #14 2.681   libkrb5-3 libkrb5support0 libldap-2.5-0 libnghttp2-14 libpsl5 librtmp1
E2E Tests	Build Docker images with cache	2026-01-20T05:15:06.3437152Z #14 2.681   libsasl2-2 libsasl2-modules-db libssh2-1 libssl3
E2E Tests	Build Docker images with cache	2026-01-20T05:15:06.3437942Z #14 2.810 0 upgraded, 16 newly installed, 0 to remove and 0 not upgraded.
E2E Tests	Build Docker images with cache	2026-01-20T05:15:06.3438611Z #14 2.810 Need to get 4237 kB of archives.
E2E Tests	Build Docker images with cache	2026-01-20T05:15:06.3439365Z #14 2.810 After this operation, 12.0 MB of additional disk space will be used.
E2E Tests	Build Docker images with cache	2026-01-20T05:15:06.3440522Z #14 2.810 Get:1 http://deb.debian.org/debian bookworm/main amd64 libbrotli1 amd64 1.0.9-2+b6 [275 kB]
E2E Tests	Build Docker images with cache	2026-01-20T05:15:06.3441843Z #14 2.843 Get:2 http://deb.debian.org/debian bookworm/main amd64 libkrb5support0 amd64 1.20.1-2+deb12u4 [33.2 kB]
E2E Tests	Build Docker images with cache	2026-01-20T05:15:06.3443275Z #14 2.875 Get:3 http://deb.debian.org/debian bookworm/main amd64 libk5crypto3 amd64 1.20.1-2+deb12u4 [79.8 kB]
E2E Tests	Build Docker images with cache	2026-01-20T05:15:06.3444530Z #14 2.876 Get:4 http://deb.debian.org/debian bookworm/main amd64 libkeyutils1 amd64 1.6.3-2 [8808 B]
E2E Tests	Build Docker images with cache	2026-01-20T05:15:06.3445831Z #14 2.877 Get:5 http://deb.debian.org/debian bookworm/main amd64 libssl3 amd64 3.0.18-1~deb12u1 [2029 kB]
E2E Tests	Build Docker images with cache	2026-01-20T05:15:06.3447084Z #14 2.894 Get:6 http://deb.debian.org/debian bookworm/main amd64 libkrb5-3 amd64 1.20.1-2+deb12u4 [334 kB]
E2E Tests	Build Docker images with cache	2026-01-20T05:15:06.3448408Z #14 2.941 Get:7 http://deb.debian.org/debian bookworm/main amd64 libgssapi-krb5-2 amd64 1.20.1-2+deb12u4 [135 kB]
E2E Tests	Build Docker images with cache	2026-01-20T05:15:06.3449779Z #14 2.943 Get:8 http://deb.debian.org/debian bookworm/main amd64 libsasl2-modules-db amd64 2.1.28+dfsg-10 [20.3 kB]
E2E Tests	Build Docker images with cache	2026-01-20T05:15:06.3451563Z #14 2.943 Get:9 http://deb.debian.org/debian bookworm/main amd64 libsasl2-2 amd64 2.1.28+dfsg-10 [59.7 kB]
E2E Tests	Build Docker images with cache	2026-01-20T05:15:06.3452942Z #14 2.947 Get:10 http://deb.debian.org/debian bookworm/main amd64 libldap-2.5-0 amd64 2.5.13+dfsg-5 [183 kB]
E2E Tests	Build Docker images with cache	2026-01-20T05:15:06.3454267Z #14 2.947 Get:11 http://deb.debian.org/debian bookworm/main amd64 libnghttp2-14 amd64 1.52.0-1+deb12u2 [73.0 kB]
E2E Tests	Build Docker images with cache	2026-01-20T05:15:06.3455631Z #14 2.947 Get:12 http://deb.debian.org/debian bookworm/main amd64 libpsl5 amd64 0.21.2-1 [58.7 kB]
E2E Tests	Build Docker images with cache	2026-01-20T05:15:06.3456949Z #14 2.947 Get:13 http://deb.debian.org/debian bookworm/main amd64 librtmp1 amd64 2.4+20151223.gitfa8646d.1-2+b2 [60.8 kB]
E2E Tests	Build Docker images with cache	2026-01-20T05:15:06.3458274Z #14 2.947 Get:14 http://deb.debian.org/debian bookworm/main amd64 libssh2-1 amd64 1.10.0-3+b1 [179 kB]
E2E Tests	Build Docker images with cache	2026-01-20T05:15:06.3459516Z #14 2.989 Get:15 http://deb.debian.org/debian bookworm/main amd64 libcurl4 amd64 7.88.1-10+deb12u14 [392 kB]
E2E Tests	Build Docker images with cache	2026-01-20T05:15:06.3460760Z #14 2.989 Get:16 http://deb.debian.org/debian bookworm/main amd64 curl amd64 7.88.1-10+deb12u14 [316 kB]
E2E Tests	Build Docker images with cache	2026-01-20T05:15:06.3461874Z #14 3.652 debconf: delaying package configuration, since apt-utils is not installed
E2E Tests	Build Docker images with cache	2026-01-20T05:15:06.3462808Z #14 3.696 Fetched 4237 kB in 0s (20.7 MB/s)
E2E Tests	Build Docker images with cache	2026-01-20T05:15:06.3463541Z #14 3.743 Selecting previously unselected package libbrotli1:amd64.
E2E Tests	Build Docker images with cache	2026-01-20T05:15:06.3464201Z #14 3.743 (Reading database ... 
E2E Tests	Build Docker images with cache	2026-01-20T05:15:06.3464649Z (Reading database ... 5%
E2E Tests	Build Docker images with cache	2026-01-20T05:15:06.3465060Z (Reading database ... 10%
E2E Tests	Build Docker images with cache	2026-01-20T05:15:06.3465464Z (Reading database ... 15%
E2E Tests	Build Docker images with cache	2026-01-20T05:15:06.3465856Z (Reading database ... 20%
E2E Tests	Build Docker images with cache	2026-01-20T05:15:06.3466245Z (Reading database ... 25%
E2E Tests	Build Docker images with cache	2026-01-20T05:15:06.3466629Z (Reading database ... 30%
E2E Tests	Build Docker images with cache	2026-01-20T05:15:06.3467010Z (Reading database ... 35%
E2E Tests	Build Docker images with cache	2026-01-20T05:15:06.3467392Z (Reading database ... 40%
E2E Tests	Build Docker images with cache	2026-01-20T05:15:06.3467781Z (Reading database ... 45%
E2E Tests	Build Docker images with cache	2026-01-20T05:15:06.3468168Z (Reading database ... 50%
E2E Tests	Build Docker images with cache	2026-01-20T05:15:06.3468553Z (Reading database ... 55%
E2E Tests	Build Docker images with cache	2026-01-20T05:15:06.3468940Z (Reading database ... 60%
E2E Tests	Build Docker images with cache	2026-01-20T05:15:06.3469322Z (Reading database ... 65%
E2E Tests	Build Docker images with cache	2026-01-20T05:15:06.3469699Z (Reading database ... 70%
E2E Tests	Build Docker images with cache	2026-01-20T05:15:06.3470088Z (Reading database ... 75%
E2E Tests	Build Docker images with cache	2026-01-20T05:15:06.3470610Z (Reading database ... 80%
E2E Tests	Build Docker images with cache	2026-01-20T05:15:06.3471028Z (Reading database ... 85%
E2E Tests	Build Docker images with cache	2026-01-20T05:15:06.3471424Z (Reading database ... 90%
E2E Tests	Build Docker images with cache	2026-01-20T05:15:06.3471808Z (Reading database ... 95%
E2E Tests	Build Docker images with cache	2026-01-20T05:15:06.3472199Z (Reading database ... 100%
E2E Tests	Build Docker images with cache	2026-01-20T05:15:06.3472958Z (Reading database ... 6096 files and directories currently installed.)
E2E Tests	Build Docker images with cache	2026-01-20T05:15:06.3473845Z #14 3.748 Preparing to unpack .../00-libbrotli1_1.0.9-2+b6_amd64.deb ...
E2E Tests	Build Docker images with cache	2026-01-20T05:15:06.3474589Z #14 3.789 Unpacking libbrotli1:amd64 (1.0.9-2+b6) ...
E2E Tests	Build Docker images with cache	2026-01-20T05:15:06.3475377Z #14 3.823 Selecting previously unselected package libkrb5support0:amd64.
E2E Tests	Build Docker images with cache	2026-01-20T05:15:06.3476334Z #14 3.825 Preparing to unpack .../01-libkrb5support0_1.20.1-2+deb12u4_amd64.deb ...
E2E Tests	Build Docker images with cache	2026-01-20T05:15:06.3477214Z #14 3.826 Unpacking libkrb5support0:amd64 (1.20.1-2+deb12u4) ...
E2E Tests	Build Docker images with cache	2026-01-20T05:15:06.3478053Z #14 3.841 Selecting previously unselected package libk5crypto3:amd64.
E2E Tests	Build Docker images with cache	2026-01-20T05:15:06.3479056Z #14 3.842 Preparing to unpack .../02-libk5crypto3_1.20.1-2+deb12u4_amd64.deb ...
E2E Tests	Build Docker images with cache	2026-01-20T05:15:06.3479883Z #14 3.843 Unpacking libk5crypto3:amd64 (1.20.1-2+deb12u4) ...
E2E Tests	Build Docker images with cache	2026-01-20T05:15:06.3480692Z #14 3.861 Selecting previously unselected package libkeyutils1:amd64.
E2E Tests	Build Docker images with cache	2026-01-20T05:15:06.3481573Z #14 3.862 Preparing to unpack .../03-libkeyutils1_1.6.3-2_amd64.deb ...
E2E Tests	Build Docker images with cache	2026-01-20T05:15:06.3482311Z #14 3.863 Unpacking libkeyutils1:amd64 (1.6.3-2) ...
E2E Tests	Build Docker images with cache	2026-01-20T05:15:06.3483116Z #14 3.879 Selecting previously unselected package libssl3:amd64.
E2E Tests	Build Docker images with cache	2026-01-20T05:15:06.3483942Z #14 3.881 Preparing to unpack .../04-libssl3_3.0.18-1~deb12u1_amd64.deb ...
E2E Tests	Build Docker images with cache	2026-01-20T05:15:06.3484711Z #14 3.882 Unpacking libssl3:amd64 (3.0.18-1~deb12u1) ...
E2E Tests	Build Docker images with cache	2026-01-20T05:15:06.4621396Z #14 ...
E2E Tests	Build Docker images with cache	2026-01-20T05:15:06.4622753Z 
E2E Tests	Build Docker images with cache	2026-01-20T05:15:06.4623466Z #15 [backend base 4/4] WORKDIR /repo
E2E Tests	Build Docker images with cache	2026-01-20T05:15:06.4624276Z #15 DONE 0.0s
E2E Tests	Build Docker images with cache	2026-01-20T05:15:06.4624464Z 
E2E Tests	Build Docker images with cache	2026-01-20T05:15:06.4625042Z #16 [backend deps 1/3] COPY package.json pnpm-lock.yaml pnpm-workspace.yaml .npmrc ./
E2E Tests	Build Docker images with cache	2026-01-20T05:15:06.4625729Z #16 DONE 0.0s
E2E Tests	Build Docker images with cache	2026-01-20T05:15:06.4625896Z 
E2E Tests	Build Docker images with cache	2026-01-20T05:15:06.4626611Z #17 [backend deps 2/3] COPY apps/backend/package.json ./apps/backend/package.json
E2E Tests	Build Docker images with cache	2026-01-20T05:15:06.4627248Z #17 DONE 0.0s
E2E Tests	Build Docker images with cache	2026-01-20T05:15:06.4627421Z 
E2E Tests	Build Docker images with cache	2026-01-20T05:15:06.4628153Z #14 [storefront base 2/4] RUN apt-get update && apt-get install -y --no-install-recommends curl && rm -rf /var/lib/apt/lists/*
E2E Tests	Build Docker images with cache	2026-01-20T05:15:06.4629575Z #14 4.021 Selecting previously unselected package libkrb5-3:amd64.
E2E Tests	Build Docker images with cache	2026-01-20T05:15:06.4630582Z #14 4.022 Preparing to unpack .../05-libkrb5-3_1.20.1-2+deb12u4_amd64.deb ...
E2E Tests	Build Docker images with cache	2026-01-20T05:15:06.4631370Z #14 4.023 Unpacking libkrb5-3:amd64 (1.20.1-2+deb12u4) ...
E2E Tests	Build Docker images with cache	2026-01-20T05:15:06.4632211Z #14 4.060 Selecting previously unselected package libgssapi-krb5-2:amd64.
E2E Tests	Build Docker images with cache	2026-01-20T05:15:06.5648280Z #14 4.061 Preparing to unpack .../06-libgssapi-krb5-2_1.20.1-2+deb12u4_amd64.deb ...
E2E Tests	Build Docker images with cache	2026-01-20T05:15:06.5649358Z #14 4.062 Unpacking libgssapi-krb5-2:amd64 (1.20.1-2+deb12u4) ...
E2E Tests	Build Docker images with cache	2026-01-20T05:15:06.5650247Z #14 4.083 Selecting previously unselected package libsasl2-modules-db:amd64.
E2E Tests	Build Docker images with cache	2026-01-20T05:15:06.5651247Z #14 4.084 Preparing to unpack .../07-libsasl2-modules-db_2.1.28+dfsg-10_amd64.deb ...
E2E Tests	Build Docker images with cache	2026-01-20T05:15:06.5652137Z #14 4.085 Unpacking libsasl2-modules-db:amd64 (2.1.28+dfsg-10) ...
E2E Tests	Build Docker images with cache	2026-01-20T05:15:06.5653951Z #14 4.099 Selecting previously unselected package libsasl2-2:amd64.
E2E Tests	Build Docker images with cache	2026-01-20T05:15:06.5654810Z #14 4.100 Preparing to unpack .../08-libsasl2-2_2.1.28+dfsg-10_amd64.deb ...
E2E Tests	Build Docker images with cache	2026-01-20T05:15:06.5655563Z #14 4.101 Unpacking libsasl2-2:amd64 (2.1.28+dfsg-10) ...
E2E Tests	Build Docker images with cache	2026-01-20T05:15:06.5656271Z #14 4.117 Selecting previously unselected package libldap-2.5-0:amd64.
E2E Tests	Build Docker images with cache	2026-01-20T05:15:06.5657048Z #14 4.118 Preparing to unpack .../09-libldap-2.5-0_2.5.13+dfsg-5_amd64.deb ...
E2E Tests	Build Docker images with cache	2026-01-20T05:15:06.5657805Z #14 4.119 Unpacking libldap-2.5-0:amd64 (2.5.13+dfsg-5) ...
E2E Tests	Build Docker images with cache	2026-01-20T05:15:06.5658710Z #14 4.144 Selecting previously unselected package libnghttp2-14:amd64.
E2E Tests	Build Docker images with cache	2026-01-20T05:15:06.5659302Z #14 4.145 Preparing to unpack .../10-libnghttp2-14_1.52.0-1+deb12u2_amd64.deb ...
E2E Tests	Build Docker images with cache	2026-01-20T05:15:06.5659903Z #14 4.146 Unpacking libnghttp2-14:amd64 (1.52.0-1+deb12u2) ...
E2E Tests	Build Docker images with cache	2026-01-20T05:15:06.5660324Z #14 4.163 Selecting previously unselected package libpsl5:amd64.
E2E Tests	Build Docker images with cache	2026-01-20T05:15:06.6981572Z #14 4.164 Preparing to unpack .../11-libpsl5_0.21.2-1_amd64.deb ...
E2E Tests	Build Docker images with cache	2026-01-20T05:15:06.6982822Z #14 4.165 Unpacking libpsl5:amd64 (0.21.2-1) ...
E2E Tests	Build Docker images with cache	2026-01-20T05:15:06.6986455Z #14 4.179 Selecting previously unselected package librtmp1:amd64.
E2E Tests	Build Docker images with cache	2026-01-20T05:15:06.6987433Z #14 4.180 Preparing to unpack .../12-librtmp1_2.4+20151223.gitfa8646d.1-2+b2_amd64.deb ...
E2E Tests	Build Docker images with cache	2026-01-20T05:15:06.6988386Z #14 4.181 Unpacking librtmp1:amd64 (2.4+20151223.gitfa8646d.1-2+b2) ...
E2E Tests	Build Docker images with cache	2026-01-20T05:15:06.6989165Z #14 4.198 Selecting previously unselected package libssh2-1:amd64.
E2E Tests	Build Docker images with cache	2026-01-20T05:15:06.6989995Z #14 4.199 Preparing to unpack .../13-libssh2-1_1.10.0-3+b1_amd64.deb ...
E2E Tests	Build Docker images with cache	2026-01-20T05:15:06.6990753Z #14 4.199 Unpacking libssh2-1:amd64 (1.10.0-3+b1) ...
E2E Tests	Build Docker images with cache	2026-01-20T05:15:06.6991475Z #14 4.224 Selecting previously unselected package libcurl4:amd64.
E2E Tests	Build Docker images with cache	2026-01-20T05:15:06.6992533Z #14 4.225 Preparing to unpack .../14-libcurl4_7.88.1-10+deb12u14_amd64.deb ...
E2E Tests	Build Docker images with cache	2026-01-20T05:15:06.6993358Z #14 4.226 Unpacking libcurl4:amd64 (7.88.1-10+deb12u14) ...
E2E Tests	Build Docker images with cache	2026-01-20T05:15:06.6994079Z #14 4.258 Selecting previously unselected package curl.
E2E Tests	Build Docker images with cache	2026-01-20T05:15:06.6994878Z #14 4.259 Preparing to unpack .../15-curl_7.88.1-10+deb12u14_amd64.deb ...
E2E Tests	Build Docker images with cache	2026-01-20T05:15:06.6995626Z #14 4.260 Unpacking curl (7.88.1-10+deb12u14) ...
E2E Tests	Build Docker images with cache	2026-01-20T05:15:06.6996305Z #14 4.296 Setting up libkeyutils1:amd64 (1.6.3-2) ...
E2E Tests	Build Docker images with cache	2026-01-20T05:15:06.9083615Z #14 4.299 Setting up libpsl5:amd64 (0.21.2-1) ...
E2E Tests	Build Docker images with cache	2026-01-20T05:15:06.9084344Z #14 4.302 Setting up libbrotli1:amd64 (1.0.9-2+b6) ...
E2E Tests	Build Docker images with cache	2026-01-20T05:15:06.9085522Z #14 4.305 Setting up libssl3:amd64 (3.0.18-1~deb12u1) ...
E2E Tests	Build Docker images with cache	2026-01-20T05:15:06.9086290Z #14 4.308 Setting up libnghttp2-14:amd64 (1.52.0-1+deb12u2) ...
E2E Tests	Build Docker images with cache	2026-01-20T05:15:06.9087006Z #14 4.311 Setting up libkrb5support0:amd64 (1.20.1-2+deb12u4) ...
E2E Tests	Build Docker images with cache	2026-01-20T05:15:06.9087973Z #14 4.314 Setting up libsasl2-modules-db:amd64 (2.1.28+dfsg-10) ...
E2E Tests	Build Docker images with cache	2026-01-20T05:15:06.9089298Z #14 4.318 Setting up librtmp1:amd64 (2.4+20151223.gitfa8646d.1-2+b2) ...
E2E Tests	Build Docker images with cache	2026-01-20T05:15:06.9090499Z #14 4.320 Setting up libk5crypto3:amd64 (1.20.1-2+deb12u4) ...
E2E Tests	Build Docker images with cache	2026-01-20T05:15:06.9091172Z #14 4.324 Setting up libsasl2-2:amd64 (2.1.28+dfsg-10) ...
E2E Tests	Build Docker images with cache	2026-01-20T05:15:06.9091764Z #14 4.326 Setting up libssh2-1:amd64 (1.10.0-3+b1) ...
E2E Tests	Build Docker images with cache	2026-01-20T05:15:06.9092989Z #14 4.330 Setting up libkrb5-3:amd64 (1.20.1-2+deb12u4) ...
E2E Tests	Build Docker images with cache	2026-01-20T05:15:06.9093665Z #14 4.333 Setting up libldap-2.5-0:amd64 (2.5.13+dfsg-5) ...
E2E Tests	Build Docker images with cache	2026-01-20T05:15:06.9094919Z #14 4.337 Setting up libgssapi-krb5-2:amd64 (1.20.1-2+deb12u4) ...
E2E Tests	Build Docker images with cache	2026-01-20T05:15:06.9095371Z #14 4.343 Setting up libcurl4:amd64 (7.88.1-10+deb12u14) ...
E2E Tests	Build Docker images with cache	2026-01-20T05:15:06.9095744Z #14 4.346 Setting up curl (7.88.1-10+deb12u14) ...
E2E Tests	Build Docker images with cache	2026-01-20T05:15:06.9096371Z #14 4.348 Processing triggers for libc-bin (2.36-9+deb12u13) ...
E2E Tests	Build Docker images with cache	2026-01-20T05:15:06.9096812Z #14 DONE 4.4s
E2E Tests	Build Docker images with cache	2026-01-20T05:15:06.9096963Z 
E2E Tests	Build Docker images with cache	2026-01-20T05:15:06.9097153Z #18 [storefront base 3/4] RUN corepack enable
E2E Tests	Build Docker images with cache	2026-01-20T05:15:06.9097547Z #18 DONE 0.1s
E2E Tests	Build Docker images with cache	2026-01-20T05:15:06.9097650Z 
E2E Tests	Build Docker images with cache	2026-01-20T05:15:06.9098313Z #19 [backend deps 3/3] RUN pnpm install --frozen-lockfile --filter @gracestowel/backend... --filter '!gracestowel-monorepo'
E2E Tests	Build Docker images with cache	2026-01-20T05:15:06.9099300Z #19 0.107 ! Corepack is about to download https://registry.npmjs.org/pnpm/-/pnpm-9.15.2.tgz
E2E Tests	Build Docker images with cache	2026-01-20T05:15:07.0743049Z #19 ...
E2E Tests	Build Docker images with cache	2026-01-20T05:15:07.0744608Z 
E2E Tests	Build Docker images with cache	2026-01-20T05:15:07.0744900Z #20 [storefront base 4/4] WORKDIR /repo
E2E Tests	Build Docker images with cache	2026-01-20T05:15:07.0745372Z #20 DONE 0.0s
E2E Tests	Build Docker images with cache	2026-01-20T05:15:07.0745572Z 
E2E Tests	Build Docker images with cache	2026-01-20T05:15:07.0745800Z #21 [storefront test 1/9] WORKDIR /app
E2E Tests	Build Docker images with cache	2026-01-20T05:15:07.0746256Z #21 DONE 0.0s
E2E Tests	Build Docker images with cache	2026-01-20T05:15:07.0746446Z 
E2E Tests	Build Docker images with cache	2026-01-20T05:15:07.0747035Z #22 [storefront deps 1/4] COPY package.json pnpm-lock.yaml pnpm-workspace.yaml .npmrc ./
E2E Tests	Build Docker images with cache	2026-01-20T05:15:07.0747869Z #22 DONE 0.0s
E2E Tests	Build Docker images with cache	2026-01-20T05:15:07.0748023Z 
E2E Tests	Build Docker images with cache	2026-01-20T05:15:07.0748993Z #23 [storefront deps 2/4] COPY apps/storefront/package.json ./apps/storefront/package.json
E2E Tests	Build Docker images with cache	2026-01-20T05:15:07.0749691Z #23 DONE 0.0s
E2E Tests	Build Docker images with cache	2026-01-20T05:15:07.0749857Z 
E2E Tests	Build Docker images with cache	2026-01-20T05:15:07.0750412Z #24 [storefront deps 3/4] COPY apps/storefront/wrangler.jsonc ./apps/storefront/wrangler.jsonc
E2E Tests	Build Docker images with cache	2026-01-20T05:15:07.0751090Z #24 DONE 0.0s
E2E Tests	Build Docker images with cache	2026-01-20T05:15:07.2246011Z 
E2E Tests	Build Docker images with cache	2026-01-20T05:15:07.2247856Z #25 [storefront deps 4/4] RUN pnpm install --frozen-lockfile --filter apps-storefront... --filter '!gracestowel-monorepo'
E2E Tests	Build Docker images with cache	2026-01-20T05:15:07.2250102Z #25 0.106 ! Corepack is about to download https://registry.npmjs.org/pnpm/-/pnpm-9.15.2.tgz
E2E Tests	Build Docker images with cache	2026-01-20T05:15:08.3305031Z #25 1.362 (node:7) [DEP0169] DeprecationWarning: `url.parse()` behavior is not standardized and prone to errors that have security implications. Use the WHATWG URL API instead. CVEs are not issued for `url.parse()` vulnerabilities.
E2E Tests	Build Docker images with cache	2026-01-20T05:15:08.3307091Z #25 1.362 (Use `node --trace-deprecation ...` to show where the warning was created)
E2E Tests	Build Docker images with cache	2026-01-20T05:15:08.5057992Z #25 1.436 Lockfile is up to date, resolution step is skipped
E2E Tests	Build Docker images with cache	2026-01-20T05:15:08.5059584Z #25 1.538 Progress: resolved 1, reused 0, downloaded 0, added 0
E2E Tests	Build Docker images with cache	2026-01-20T05:15:08.7480820Z #25 1.629 .                                        | +646 ++++++++++++++++++++++++++++++++
E2E Tests	Build Docker images with cache	2026-01-20T05:15:09.5094272Z #25 2.541 Progress: resolved 646, reused 0, downloaded 36, added 26
E2E Tests	Build Docker images with cache	2026-01-20T05:15:10.5184643Z #25 3.551 Progress: resolved 646, reused 0, downloaded 47, added 35
E2E Tests	Build Docker images with cache	2026-01-20T05:15:11.5200296Z #25 4.552 Progress: resolved 646, reused 0, downloaded 90, added 78
E2E Tests	Build Docker images with cache	2026-01-20T05:15:12.5206965Z #25 5.552 Progress: resolved 646, reused 0, downloaded 144, added 131
E2E Tests	Build Docker images with cache	2026-01-20T05:15:13.5268971Z #25 6.556 Progress: resolved 646, reused 0, downloaded 267, added 266
E2E Tests	Build Docker images with cache	2026-01-20T05:15:14.5266989Z #25 7.557 Progress: resolved 646, reused 0, downloaded 403, added 392
E2E Tests	Build Docker images with cache	2026-01-20T05:15:15.5251122Z #25 8.557 Progress: resolved 646, reused 0, downloaded 497, added 489
E2E Tests	Build Docker images with cache	2026-01-20T05:15:16.4865688Z #25 ...
E2E Tests	Build Docker images with cache	2026-01-20T05:15:16.4866340Z 
E2E Tests	Build Docker images with cache	2026-01-20T05:15:16.4867303Z #19 [backend deps 3/3] RUN pnpm install --frozen-lockfile --filter @gracestowel/backend... --filter '!gracestowel-monorepo'
E2E Tests	Build Docker images with cache	2026-01-20T05:15:16.4870508Z #19 1.577 (node:1) [DEP0169] DeprecationWarning: `url.parse()` behavior is not standardized and prone to errors that have security implications. Use the WHATWG URL API instead. CVEs are not issued for `url.parse()` vulnerabilities.
E2E Tests	Build Docker images with cache	2026-01-20T05:15:16.4873222Z #19 1.577 (Use `node --trace-deprecation ...` to show where the warning was created)
E2E Tests	Build Docker images with cache	2026-01-20T05:15:16.4874022Z #19 1.667 Lockfile is up to date, resolution step is skipped
E2E Tests	Build Docker images with cache	2026-01-20T05:15:16.4874752Z #19 1.771 Progress: resolved 1, reused 0, downloaded 0, added 0
E2E Tests	Build Docker images with cache	2026-01-20T05:15:16.4875521Z #19 2.018 .                                        |    +1621 ++++++++++++++++++++++++++++
E2E Tests	Build Docker images with cache	2026-01-20T05:15:16.4875993Z #19 2.386 
E2E Tests	Build Docker images with cache	2026-01-20T05:15:16.4876880Z #19 2.386    ╭───────────────────────────────────────────────────────────────────╮
E2E Tests	Build Docker images with cache	2026-01-20T05:15:16.4877822Z #19 2.386    │                                                                   │
E2E Tests	Build Docker images with cache	2026-01-20T05:15:16.4878676Z #19 2.386    │                Update available! 9.15.2 → 10.28.1.                │
E2E Tests	Build Docker images with cache	2026-01-20T05:15:16.4879606Z #19 2.386    │   Changelog: https://github.com/pnpm/pnpm/releases/tag/v10.28.1   │
E2E Tests	Build Docker images with cache	2026-01-20T05:15:16.4880637Z #19 2.386    │         Run "corepack install -g pnpm@10.28.1" to update.         │
E2E Tests	Build Docker images with cache	2026-01-20T05:15:16.4881553Z #19 2.386    │                                                                   │
E2E Tests	Build Docker images with cache	2026-01-20T05:15:16.4883926Z #19 2.386    ╰───────────────────────────────────────────────────────────────────╯
E2E Tests	Build Docker images with cache	2026-01-20T05:15:16.4884524Z #19 2.386 
E2E Tests	Build Docker images with cache	2026-01-20T05:15:16.4885141Z #19 2.774 Progress: resolved 1621, reused 0, downloaded 16, added 11
E2E Tests	Build Docker images with cache	2026-01-20T05:15:16.4886070Z #19 3.778 Progress: resolved 1621, reused 0, downloaded 107, added 102
E2E Tests	Build Docker images with cache	2026-01-20T05:15:16.4886977Z #19 4.779 Progress: resolved 1621, reused 0, downloaded 187, added 178
E2E Tests	Build Docker images with cache	2026-01-20T05:15:16.4887897Z #19 5.780 Progress: resolved 1621, reused 0, downloaded 314, added 308
E2E Tests	Build Docker images with cache	2026-01-20T05:15:16.4888722Z #19 6.781 Progress: resolved 1621, reused 0, downloaded 528, added 527
E2E Tests	Build Docker images with cache	2026-01-20T05:15:16.4889533Z #19 7.782 Progress: resolved 1621, reused 0, downloaded 589, added 586
E2E Tests	Build Docker images with cache	2026-01-20T05:15:16.4890332Z #19 8.800 Progress: resolved 1621, reused 0, downloaded 601, added 594
E2E Tests	Build Docker images with cache	2026-01-20T05:15:16.4891246Z #19 9.800 Progress: resolved 1621, reused 0, downloaded 683, added 684
E2E Tests	Build Docker images with cache	2026-01-20T05:15:16.5268482Z #19 ...
E2E Tests	Build Docker images with cache	2026-01-20T05:15:16.5268758Z 
E2E Tests	Build Docker images with cache	2026-01-20T05:15:16.5269660Z #25 [storefront deps 4/4] RUN pnpm install --frozen-lockfile --filter apps-storefront... --filter '!gracestowel-monorepo'
E2E Tests	Build Docker images with cache	2026-01-20T05:15:16.5270796Z #25 9.558 Progress: resolved 646, reused 0, downloaded 613, added 605
E2E Tests	Build Docker images with cache	2026-01-20T05:15:17.4874774Z #25 10.52 Progress: resolved 646, reused 0, downloaded 646, added 646, done
E2E Tests	Build Docker images with cache	2026-01-20T05:15:18.0340054Z #25 11.07 .../node_modules/msw postinstall$ node -e "import('./config/scripts/postinstall.js').catch(() => void 0)"
E2E Tests	Build Docker images with cache	2026-01-20T05:15:18.0341342Z #25 11.07 .../esbuild@0.27.2/node_modules/esbuild postinstall$ node install.js
E2E Tests	Build Docker images with cache	2026-01-20T05:15:18.0346789Z #25 11.07 .../sharp@0.34.5/node_modules/sharp install$ node install/check.js || npm run build
E2E Tests	Build Docker images with cache	2026-01-20T05:15:18.1875531Z #25 11.10 .../node_modules/workerd postinstall$ node install.js
E2E Tests	Build Docker images with cache	2026-01-20T05:15:18.1876799Z #25 11.14 .../esbuild@0.27.0/node_modules/esbuild postinstall$ node install.js
E2E Tests	Build Docker images with cache	2026-01-20T05:15:18.3298769Z #25 11.35 .../node_modules/msw postinstall: Done
E2E Tests	Build Docker images with cache	2026-01-20T05:15:18.5489480Z #25 11.42 .../esbuild@0.27.2/node_modules/esbuild postinstall: Done
E2E Tests	Build Docker images with cache	2026-01-20T05:15:18.5499508Z #25 11.44 .../esbuild@0.27.0/node_modules/esbuild postinstall: Done
E2E Tests	Build Docker images with cache	2026-01-20T05:15:18.5500721Z #25 11.45 .../sharp@0.34.5/node_modules/sharp install: Done
E2E Tests	Build Docker images with cache	2026-01-20T05:15:18.5501646Z #25 11.58 .../node_modules/protobufjs postinstall$ node scripts/postinstall
E2E Tests	Build Docker images with cache	2026-01-20T05:15:18.6563146Z #25 11.64 .../node_modules/protobufjs postinstall: Done
E2E Tests	Build Docker images with cache	2026-01-20T05:15:18.6564690Z #25 11.64 .../core-js@3.47.0/node_modules/core-js postinstall$ node -e "try{require('./postinstall')}catch(e){}"
E2E Tests	Build Docker images with cache	2026-01-20T05:15:18.6565690Z #25 11.69 .../core-js@3.47.0/node_modules/core-js postinstall: Done
E2E Tests	Build Docker images with cache	2026-01-20T05:15:18.8791851Z #25 11.76 .../node_modules/workerd postinstall: Done
E2E Tests	Build Docker images with cache	2026-01-20T05:15:19.8321837Z #25 12.86 apps/storefront postinstall$ node -e "(process.env.CI || process.env.CF_PAGES === '1') ? null : require('child_process').execSync('pnpm run cf-typegen', {stdio: 'inherit'})"
E2E Tests	Build Docker images with cache	2026-01-20T05:15:20.0324416Z #25 12.91 apps/storefront postinstall: Done
E2E Tests	Build Docker images with cache	2026-01-20T05:15:20.0325019Z #25 12.91 Done in 12s
E2E Tests	Build Docker images with cache	2026-01-20T05:15:22.8482459Z #25 DONE 15.9s
E2E Tests	Build Docker images with cache	2026-01-20T05:15:22.8487414Z 
E2E Tests	Build Docker images with cache	2026-01-20T05:15:22.8488413Z #19 [backend deps 3/3] RUN pnpm install --frozen-lockfile --filter @gracestowel/backend... --filter '!gracestowel-monorepo'
E2E Tests	Build Docker images with cache	2026-01-20T05:15:22.8489612Z #19 10.80 Progress: resolved 1621, reused 0, downloaded 812, added 816
E2E Tests	Build Docker images with cache	2026-01-20T05:15:22.8490376Z #19 11.80 Progress: resolved 1621, reused 0, downloaded 880, added 875
E2E Tests	Build Docker images with cache	2026-01-20T05:15:22.8491157Z #19 12.80 Progress: resolved 1621, reused 0, downloaded 915, added 906
E2E Tests	Build Docker images with cache	2026-01-20T05:15:22.8491619Z #19 13.81 Progress: resolved 1621, reused 0, downloaded 1036, added 1029
E2E Tests	Build Docker images with cache	2026-01-20T05:15:22.8492311Z #19 14.80 Progress: resolved 1621, reused 0, downloaded 1137, added 1136
E2E Tests	Build Docker images with cache	2026-01-20T05:15:22.8493250Z #19 15.81 Progress: resolved 1621, reused 0, downloaded 1246, added 1250
E2E Tests	Build Docker images with cache	2026-01-20T05:15:23.2011724Z #19 16.81 Progress: resolved 1621, reused 0, downloaded 1330, added 1332
E2E Tests	Build Docker images with cache	2026-01-20T05:15:24.2008292Z #19 17.81 Progress: resolved 1621, reused 0, downloaded 1523, added 1526
E2E Tests	Build Docker images with cache	2026-01-20T05:15:24.7313961Z #19 18.35 Progress: resolved 1621, reused 0, downloaded 1612, added 1621, done
E2E Tests	Build Docker images with cache	2026-01-20T05:15:25.3036243Z #19 18.92 .../node_modules/protobufjs postinstall$ node scripts/postinstall
E2E Tests	Build Docker images with cache	2026-01-20T05:15:25.4559612Z #19 18.93 .../node_modules/msw postinstall$ node -e "import('./config/scripts/postinstall.js').catch(() => void 0)"
E2E Tests	Build Docker images with cache	2026-01-20T05:15:25.4562187Z #19 18.93 .../node_modules/@medusajs/telemetry postinstall$ node dist/postinstall.js || true
E2E Tests	Build Docker images with cache	2026-01-20T05:15:25.4566655Z #19 18.94 .../esbuild@0.27.2/node_modules/esbuild postinstall$ node install.js
E2E Tests	Build Docker images with cache	2026-01-20T05:15:25.4567566Z #19 18.97 .../esbuild@0.21.5/node_modules/esbuild postinstall$ node install.js
E2E Tests	Build Docker images with cache	2026-01-20T05:15:25.4568269Z #19 18.98 .../node_modules/protobufjs postinstall: Done
E2E Tests	Build Docker images with cache	2026-01-20T05:15:25.4568860Z #19 19.00 .../node_modules/msw postinstall: Done
E2E Tests	Build Docker images with cache	2026-01-20T05:15:25.4569500Z #19 19.07 .../esbuild@0.27.2/node_modules/esbuild postinstall: Done
E2E Tests	Build Docker images with cache	2026-01-20T05:15:25.5760433Z #19 19.09 .../esbuild@0.21.5/node_modules/esbuild postinstall: Done
E2E Tests	Build Docker images with cache	2026-01-20T05:15:25.5762558Z #19 19.12 .../node_modules/msgpackr-extract install$ node-gyp-build-optional-packages
E2E Tests	Build Docker images with cache	2026-01-20T05:15:25.5764311Z #19 19.14 .../node_modules/@medusajs/telemetry postinstall: Done
E2E Tests	Build Docker images with cache	2026-01-20T05:15:25.5765376Z #19 19.16 .../node_modules/@swc/core postinstall$ node postinstall.js
E2E Tests	Build Docker images with cache	2026-01-20T05:15:25.5766580Z #19 19.19 .../node_modules/unrs-resolver postinstall$ napi-postinstall unrs-resolver 1.11.1 check
E2E Tests	Build Docker images with cache	2026-01-20T05:15:25.6776979Z #19 19.23 .../node_modules/@swc/core postinstall: Done
E2E Tests	Build Docker images with cache	2026-01-20T05:15:25.6783582Z #19 19.25 .../node_modules/msgpackr-extract install: Done
E2E Tests	Build Docker images with cache	2026-01-20T05:15:25.6785545Z #19 19.29 .../node_modules/unrs-resolver postinstall: Done
E2E Tests	Build Docker images with cache	2026-01-20T05:15:25.9022926Z #19 19.52 Done in 18.5s
E2E Tests	Build Docker images with cache	2026-01-20T05:15:26.6941280Z #19 DONE 20.3s
E2E Tests	Build Docker images with cache	2026-01-20T05:15:27.1320144Z 
E2E Tests	Build Docker images with cache	2026-01-20T05:15:27.1320980Z #26 [storefront builder 1/5] COPY --from=deps /repo/node_modules /repo/node_modules
E2E Tests	Build Docker images with cache	2026-01-20T05:15:32.7415543Z #26 ...
E2E Tests	Build Docker images with cache	2026-01-20T05:15:32.7420191Z 
E2E Tests	Build Docker images with cache	2026-01-20T05:15:32.7423444Z #27 [backend builder 1/6] COPY --from=deps /repo/node_modules /repo/node_modules
E2E Tests	Build Docker images with cache	2026-01-20T05:15:33.0505764Z #27 ...
E2E Tests	Build Docker images with cache	2026-01-20T05:15:33.0506031Z 
E2E Tests	Build Docker images with cache	2026-01-20T05:15:33.0506616Z #26 [storefront builder 1/5] COPY --from=deps /repo/node_modules /repo/node_modules
E2E Tests	Build Docker images with cache	2026-01-20T05:15:33.0507313Z #26 DONE 5.9s
E2E Tests	Build Docker images with cache	2026-01-20T05:15:33.2010896Z 
E2E Tests	Build Docker images with cache	2026-01-20T05:15:33.2012870Z #28 [storefront builder 2/5] COPY --from=deps /repo/apps/storefront/node_modules /repo/apps/storefront/node_modules
E2E Tests	Build Docker images with cache	2026-01-20T05:15:33.4493495Z #28 DONE 0.4s
E2E Tests	Build Docker images with cache	2026-01-20T05:15:33.4494656Z 
E2E Tests	Build Docker images with cache	2026-01-20T05:15:33.4497301Z #27 [backend builder 1/6] COPY --from=deps /repo/node_modules /repo/node_modules
E2E Tests	Build Docker images with cache	2026-01-20T05:15:33.6724018Z #27 ...
E2E Tests	Build Docker images with cache	2026-01-20T05:15:33.6725039Z 
E2E Tests	Build Docker images with cache	2026-01-20T05:15:33.6725555Z #29 [storefront builder 3/5] COPY apps/storefront ./apps/storefront
E2E Tests	Build Docker images with cache	2026-01-20T05:15:33.6726161Z #29 DONE 0.1s
E2E Tests	Build Docker images with cache	2026-01-20T05:15:33.6726349Z 
E2E Tests	Build Docker images with cache	2026-01-20T05:15:33.6726711Z #30 [storefront builder 4/5] WORKDIR /repo/apps/storefront
E2E Tests	Build Docker images with cache	2026-01-20T05:15:33.6727227Z #30 DONE 0.0s
E2E Tests	Build Docker images with cache	2026-01-20T05:15:33.8177008Z 
E2E Tests	Build Docker images with cache	2026-01-20T05:15:33.8177862Z #31 [storefront builder 5/5] RUN pnpm run build
E2E Tests	Build Docker images with cache	2026-01-20T05:15:33.8182208Z #31 0.296 ! Corepack is about to download https://registry.npmjs.org/pnpm/-/pnpm-10.28.1.tgz
E2E Tests	Build Docker images with cache	2026-01-20T05:15:34.9131269Z #31 1.391 
E2E Tests	Build Docker images with cache	2026-01-20T05:15:34.9132095Z #31 1.391 > apps-storefront@ build /repo/apps/storefront
E2E Tests	Build Docker images with cache	2026-01-20T05:15:34.9133221Z #31 1.391 > react-router build
E2E Tests	Build Docker images with cache	2026-01-20T05:15:34.9133846Z #31 1.391 
E2E Tests	Build Docker images with cache	2026-01-20T05:15:36.6316213Z #31 3.110 vite v7.3.1 building client environment for production...
E2E Tests	Build Docker images with cache	2026-01-20T05:15:36.8293245Z #31 3.156 transforming...
E2E Tests	Build Docker images with cache	2026-01-20T05:15:44.3091396Z #31 ...
E2E Tests	Build Docker images with cache	2026-01-20T05:15:44.3091693Z 
E2E Tests	Build Docker images with cache	2026-01-20T05:15:44.3092667Z #27 [backend builder 1/6] COPY --from=deps /repo/node_modules /repo/node_modules
E2E Tests	Build Docker images with cache	2026-01-20T05:15:44.3093331Z #27 DONE 11.6s
E2E Tests	Build Docker images with cache	2026-01-20T05:15:44.4597946Z 
E2E Tests	Build Docker images with cache	2026-01-20T05:15:44.4599028Z #32 [backend builder 2/6] COPY --from=deps /repo/apps/backend/node_modules /repo/apps/backend/node_modules
E2E Tests	Build Docker images with cache	2026-01-20T05:15:45.2226576Z #32 DONE 0.9s
E2E Tests	Build Docker images with cache	2026-01-20T05:15:45.2228127Z 
E2E Tests	Build Docker images with cache	2026-01-20T05:15:45.2228492Z #31 [storefront builder 5/5] RUN pnpm run build
E2E Tests	Build Docker images with cache	2026-01-20T05:15:45.4518556Z #31 ...
E2E Tests	Build Docker images with cache	2026-01-20T05:15:45.4518820Z 
E2E Tests	Build Docker images with cache	2026-01-20T05:15:45.4519387Z #33 [backend builder 3/6] COPY apps/backend ./apps/backend
E2E Tests	Build Docker images with cache	2026-01-20T05:15:45.4519927Z #33 DONE 0.1s
E2E Tests	Build Docker images with cache	2026-01-20T05:15:45.4520144Z 
E2E Tests	Build Docker images with cache	2026-01-20T05:15:45.4520447Z #34 [backend builder 4/6] WORKDIR /repo/apps/backend
E2E Tests	Build Docker images with cache	2026-01-20T05:15:45.4520915Z #34 DONE 0.0s
E2E Tests	Build Docker images with cache	2026-01-20T05:15:45.4521102Z 
E2E Tests	Build Docker images with cache	2026-01-20T05:15:45.4521352Z #35 [backend builder 5/6] RUN pnpm run build
E2E Tests	Build Docker images with cache	2026-01-20T05:15:45.8574664Z #35 0.556 ! Corepack is about to download https://registry.npmjs.org/pnpm/-/pnpm-10.28.1.tgz
E2E Tests	Build Docker images with cache	2026-01-20T05:15:47.2962333Z #35 1.994 
E2E Tests	Build Docker images with cache	2026-01-20T05:15:47.2963762Z #35 1.994 > @gracestowel/backend@0.0.1 build /repo/apps/backend
E2E Tests	Build Docker images with cache	2026-01-20T05:15:47.2964399Z #35 1.994 > medusa build
E2E Tests	Build Docker images with cache	2026-01-20T05:15:47.2964754Z #35 1.994 
E2E Tests	Build Docker images with cache	2026-01-20T05:15:47.7142962Z #35 2.412 ╔════════════════════════════════════════════════════════════════════════╗
E2E Tests	Build Docker images with cache	2026-01-20T05:15:47.7144677Z #35 2.412 ║                                                                        ║
E2E Tests	Build Docker images with cache	2026-01-20T05:15:47.7145718Z #35 2.412 ║   Medusa collects anonymous usage analytics                            ║
E2E Tests	Build Docker images with cache	2026-01-20T05:15:47.7146825Z #35 2.412 ║   to help improve Medusa for all users.                                ║
E2E Tests	Build Docker images with cache	2026-01-20T05:15:47.7147841Z #35 2.412 ║                                                                        ║
E2E Tests	Build Docker images with cache	2026-01-20T05:15:47.7148822Z #35 2.412 ║   If you'd like to opt-out, you can use `medusa telemetry --disable`   ║
E2E Tests	Build Docker images with cache	2026-01-20T05:15:47.7149812Z #35 2.412 ║                                                                        ║
E2E Tests	Build Docker images with cache	2026-01-20T05:15:47.7150720Z #35 2.412 ║                                                                        ║
E2E Tests	Build Docker images with cache	2026-01-20T05:15:47.7151796Z #35 2.412 ╚════════════════════════════════════════════════════════════════════════╝
E2E Tests	Build Docker images with cache	2026-01-20T05:15:49.3488322Z #35 4.046 [32minfo[39m:    redisUrl not found. A fake redis instance will be used.
E2E Tests	Build Docker images with cache	2026-01-20T05:15:49.5164892Z #35 4.047 [33mwarn[39m:    http.jwtSecret not found.Using default 'supersecret'.
E2E Tests	Build Docker images with cache	2026-01-20T05:15:49.5167564Z #35 4.047 [33mwarn[39m:    http.cookieSecret not found. Using default 'supersecret'.
E2E Tests	Build Docker images with cache	2026-01-20T05:15:49.5168518Z #35 4.060 [32minfo[39m:    Generating types...
E2E Tests	Build Docker images with cache	2026-01-20T05:15:49.5171594Z #35 4.065 [32minfo[39m:    No link to load from /repo/node_modules/.pnpm/@medusajs+draft-order@2.12.5_@medusajs+admin-sdk@2.12.5_@medusajs+cli@2.12.5_@types+node@25.0_4ynalb74y4qylfj3viabw5uise/node_modules/@medusajs/draft-order/.medusa/server/src/links. skipped.
E2E Tests	Build Docker images with cache	2026-01-20T05:15:50.8046041Z #35 5.503 [CRITICAL] PAYMENT_CAPTURE_DELAY_MS environment variable is missing. Using default of 59:30.
E2E Tests	Build Docker images with cache	2026-01-20T05:15:51.6788744Z #35 6.372 [32minfo[39m:    Types generated successfully
E2E Tests	Build Docker images with cache	2026-01-20T05:15:51.6789580Z #35 6.372 [32minfo[39m:    Starting build...
E2E Tests	Build Docker images with cache	2026-01-20T05:15:52.3490731Z #35 7.047 [32minfo[39m:    Compiling backend source...
E2E Tests	Build Docker images with cache	2026-01-20T05:15:52.5021973Z #35 7.050 [32minfo[39m:    Removing existing ".medusa/server" folder
E2E Tests	Build Docker images with cache	2026-01-20T05:15:54.1523205Z #35 ...
E2E Tests	Build Docker images with cache	2026-01-20T05:15:54.1523505Z 
E2E Tests	Build Docker images with cache	2026-01-20T05:15:54.1523781Z #31 [storefront builder 5/5] RUN pnpm run build
E2E Tests	Build Docker images with cache	2026-01-20T05:15:54.1524618Z #31 14.02 ✓ 6556 modules transformed.
E2E Tests	Build Docker images with cache	2026-01-20T05:15:54.1525202Z #31 14.05 Generated an empty chunk: "api.shipping-rates".
E2E Tests	Build Docker images with cache	2026-01-20T05:15:54.1526018Z #31 14.24 Generated an empty chunk: "api.checkout-session".
E2E Tests	Build Docker images with cache	2026-01-20T05:15:54.1526638Z #31 14.24 Generated an empty chunk: "api.carts".
E2E Tests	Build Docker images with cache	2026-01-20T05:15:54.1527212Z #31 14.24 Generated an empty chunk: "api.carts._id".
E2E Tests	Build Docker images with cache	2026-01-20T05:15:54.1527905Z #31 14.24 Generated an empty chunk: "api.carts._id.shipping-options".
E2E Tests	Build Docker images with cache	2026-01-20T05:15:54.1528697Z #31 14.24 Generated an empty chunk: "api.carts._id.shipping-methods".
E2E Tests	Build Docker images with cache	2026-01-20T05:15:54.1529651Z #31 14.24 Generated an empty chunk: "api.carts._id.complete".
E2E Tests	Build Docker images with cache	2026-01-20T05:15:54.1530361Z #31 14.24 Generated an empty chunk: "api.payment-collections".
E2E Tests	Build Docker images with cache	2026-01-20T05:15:54.1531255Z #31 14.24 Generated an empty chunk: "api.payment-collections._id.sessions".
E2E Tests	Build Docker images with cache	2026-01-20T05:15:54.1532100Z #31 14.24 Generated an empty chunk: "api.health".
E2E Tests	Build Docker images with cache	2026-01-20T05:15:54.1532944Z #31 14.24 Generated an empty chunk: "sitemap_._xml".
E2E Tests	Build Docker images with cache	2026-01-20T05:15:54.1533594Z #31 14.24 Generated an empty chunk: "robots_._txt".
E2E Tests	Build Docker images with cache	2026-01-20T05:15:54.1534166Z #31 14.71 rendering chunks...
E2E Tests	Build Docker images with cache	2026-01-20T05:15:54.1534608Z #31 14.85 computing gzip size...
E2E Tests	Build Docker images with cache	2026-01-20T05:15:54.1535685Z #31 14.88 dist/client/.vite/manifest.json                                       20.54 kB │ gzip:  2.48 kB
E2E Tests	Build Docker images with cache	2026-01-20T05:15:54.1537151Z #31 14.88 dist/client/assets/Map-CIGW-MKW.css                                   15.61 kB │ gzip:  6.46 kB
E2E Tests	Build Docker images with cache	2026-01-20T05:15:54.1538485Z #31 14.88 dist/client/assets/root-CYFAWCw3.css                                  74.72 kB │ gzip: 12.93 kB
E2E Tests	Build Docker images with cache	2026-01-20T05:15:54.1540071Z #31 14.88 dist/client/assets/api.shipping-rates-l0sNRNKZ.js                      0.00 kB │ gzip:  0.02 kB
E2E Tests	Build Docker images with cache	2026-01-20T05:15:54.1541645Z #31 14.88 dist/client/assets/api.checkout-session-l0sNRNKZ.js                    0.00 kB │ gzip:  0.02 kB
E2E Tests	Build Docker images with cache	2026-01-20T05:15:54.1543178Z #31 14.88 dist/client/assets/api.carts-l0sNRNKZ.js                               0.00 kB │ gzip:  0.02 kB
E2E Tests	Build Docker images with cache	2026-01-20T05:15:54.1544505Z #31 14.88 dist/client/assets/api.carts._id-l0sNRNKZ.js                           0.00 kB │ gzip:  0.02 kB
E2E Tests	Build Docker images with cache	2026-01-20T05:15:54.1545879Z #31 14.88 dist/client/assets/api.carts._id.shipping-options-l0sNRNKZ.js          0.00 kB │ gzip:  0.02 kB
E2E Tests	Build Docker images with cache	2026-01-20T05:15:54.1547640Z #31 14.88 dist/client/assets/api.carts._id.shipping-methods-l0sNRNKZ.js          0.00 kB │ gzip:  0.02 kB
E2E Tests	Build Docker images with cache	2026-01-20T05:15:54.1549306Z #31 14.88 dist/client/assets/api.carts._id.complete-l0sNRNKZ.js                  0.00 kB │ gzip:  0.02 kB
E2E Tests	Build Docker images with cache	2026-01-20T05:15:54.1550865Z #31 14.88 dist/client/assets/api.payment-collections-l0sNRNKZ.js                 0.00 kB │ gzip:  0.02 kB
E2E Tests	Build Docker images with cache	2026-01-20T05:15:54.1552575Z #31 14.88 dist/client/assets/api.payment-collections._id.sessions-l0sNRNKZ.js    0.00 kB │ gzip:  0.02 kB
E2E Tests	Build Docker images with cache	2026-01-20T05:15:54.1554673Z #31 14.88 dist/client/assets/api.health-l0sNRNKZ.js                              0.00 kB │ gzip:  0.02 kB
E2E Tests	Build Docker images with cache	2026-01-20T05:15:54.1556033Z #31 14.88 dist/client/assets/sitemap_._xml-l0sNRNKZ.js                           0.00 kB │ gzip:  0.02 kB
E2E Tests	Build Docker images with cache	2026-01-20T05:15:54.1557509Z #31 14.88 dist/client/assets/robots_._txt-l0sNRNKZ.js                            0.00 kB │ gzip:  0.02 kB
E2E Tests	Build Docker images with cache	2026-01-20T05:15:54.1559305Z #31 14.88 dist/client/assets/chevron-down-BlgA_Nfb.js                            0.14 kB │ gzip:  0.15 kB
E2E Tests	Build Docker images with cache	2026-01-20T05:15:54.1560676Z #31 14.88 dist/client/assets/x-D5DkNQzG.js                                       0.17 kB │ gzip:  0.16 kB
E2E Tests	Build Docker images with cache	2026-01-20T05:15:54.1562066Z #31 14.88 dist/client/assets/arrow-left-0UlTGTRM.js                              0.18 kB │ gzip:  0.17 kB
E2E Tests	Build Docker images with cache	2026-01-20T05:15:54.1563579Z #31 14.88 dist/client/assets/search-BL0uI8HL.js                                  0.18 kB │ gzip:  0.17 kB
E2E Tests	Build Docker images with cache	2026-01-20T05:15:54.1564972Z #31 14.88 dist/client/assets/user-DL8w4NYD.js                                    0.20 kB │ gzip:  0.19 kB
E2E Tests	Build Docker images with cache	2026-01-20T05:15:54.1566228Z #31 14.88 dist/client/assets/plus-AOFSa3QW.js                                    0.23 kB │ gzip:  0.18 kB
E2E Tests	Build Docker images with cache	2026-01-20T05:15:54.1567696Z #31 14.88 dist/client/assets/map-pin-Dq8iGBO6.js                                 0.27 kB │ gzip:  0.23 kB
E2E Tests	Build Docker images with cache	2026-01-20T05:15:54.1569108Z #31 14.88 dist/client/assets/shield-check-DTa1oRRw.js                            0.33 kB │ gzip:  0.26 kB
E2E Tests	Build Docker images with cache	2026-01-20T05:15:54.1570666Z #31 14.88 dist/client/assets/shopping-bag-CS-On-71.js                            0.35 kB │ gzip:  0.25 kB
E2E Tests	Build Docker images with cache	2026-01-20T05:15:54.1572266Z #31 14.88 dist/client/assets/package-DzztquZu.js                                 0.38 kB │ gzip:  0.27 kB
E2E Tests	Build Docker images with cache	2026-01-20T05:15:54.1573811Z #31 14.88 dist/client/assets/truck-CYQWnPKU.js                                   0.41 kB │ gzip:  0.28 kB
E2E Tests	Build Docker images with cache	2026-01-20T05:15:54.1575177Z #31 14.88 dist/client/assets/star-CQpPYR06.js                                    0.48 kB │ gzip:  0.30 kB
E2E Tests	Build Docker images with cache	2026-01-20T05:15:54.1576564Z #31 14.88 dist/client/assets/sparkles-Dtv7-xDM.js                                0.51 kB │ gzip:  0.29 kB
E2E Tests	Build Docker images with cache	2026-01-20T05:15:54.1577970Z #31 14.88 dist/client/assets/medusa-fetch-tBXnWTTc.js                            0.73 kB │ gzip:  0.40 kB
E2E Tests	Build Docker images with cache	2026-01-20T05:15:54.1579364Z #31 14.88 dist/client/assets/mail-COrUcL-W.js                                    0.97 kB │ gzip:  0.51 kB
E2E Tests	Build Docker images with cache	2026-01-20T05:15:54.1580743Z #31 14.88 dist/client/assets/createLucideIcon-Dsl5exHS.js                        1.18 kB │ gzip:  0.70 kB
E2E Tests	Build Docker images with cache	2026-01-20T05:15:54.1582151Z #31 14.88 dist/client/assets/heart-BGLenRBv.js                                   1.26 kB │ gzip:  0.75 kB
E2E Tests	Build Docker images with cache	2026-01-20T05:15:54.1583668Z #31 14.88 dist/client/assets/blog-B97XbWrS.js                                    1.68 kB │ gzip:  0.75 kB
E2E Tests	Build Docker images with cache	2026-01-20T05:15:54.1585233Z #31 14.88 dist/client/assets/blog._id-Dxt01yWH.js                                1.85 kB │ gzip:  0.80 kB
E2E Tests	Build Docker images with cache	2026-01-20T05:15:54.1586758Z #31 14.88 dist/client/assets/collections._handle-BpKMUfrc.js                     2.01 kB │ gzip:  0.96 kB
E2E Tests	Build Docker images with cache	2026-01-20T05:15:54.1588292Z #31 14.88 dist/client/assets/search-Dp7rUeYa.js                                  2.42 kB │ gzip:  1.07 kB
E2E Tests	Build Docker images with cache	2026-01-20T05:15:54.1589835Z #31 14.88 dist/client/assets/CancelOrderDialog-B5CMNloM.js                       2.43 kB │ gzip:  1.12 kB
E2E Tests	Build Docker images with cache	2026-01-20T05:15:54.1591456Z #31 14.88 dist/client/assets/ProductCard-BhW_aRp8.js                             2.60 kB │ gzip:  1.14 kB
E2E Tests	Build Docker images with cache	2026-01-20T05:15:54.1593189Z #31 14.88 dist/client/assets/posthog-DP9In2kh.js                                 2.73 kB │ gzip:  1.36 kB
E2E Tests	Build Docker images with cache	2026-01-20T05:15:54.1594646Z #31 14.88 dist/client/assets/Towel.es-C-n-U_Fa.js                                2.73 kB │ gzip:  1.09 kB
E2E Tests	Build Docker images with cache	2026-01-20T05:15:54.1596072Z #31 14.88 dist/client/assets/useAutomaticPromotions-D4OfTHBr.js                  2.97 kB │ gzip:  1.52 kB
E2E Tests	Build Docker images with cache	2026-01-20T05:15:54.1597347Z #31 14.88 dist/client/assets/stripe-BBEMJ_ON.js                                  2.99 kB │ gzip:  1.45 kB
E2E Tests	Build Docker images with cache	2026-01-20T05:15:54.1598692Z #31 14.88 dist/client/assets/about-DOoj6lE-.js                                   3.34 kB │ gzip:  1.25 kB
E2E Tests	Build Docker images with cache	2026-01-20T05:15:54.1600413Z #31 14.88 dist/client/assets/CartContext-DBJy6XtF.js                             3.35 kB │ gzip:  1.59 kB
E2E Tests	Build Docker images with cache	2026-01-20T05:15:54.1601744Z #31 14.88 dist/client/assets/account.login-C7wFJZ_f.js                           3.41 kB │ gzip:  1.33 kB
E2E Tests	Build Docker images with cache	2026-01-20T05:15:54.1603359Z #31 14.88 dist/client/assets/index-Dhw5RrQc.js                                   3.68 kB │ gzip:  1.40 kB
E2E Tests	Build Docker images with cache	2026-01-20T05:15:54.1604870Z #31 14.88 dist/client/assets/wishlist-BjucBXm4.js                                4.16 kB │ gzip:  1.46 kB
E2E Tests	Build Docker images with cache	2026-01-20T05:15:54.1606223Z #31 14.88 dist/client/assets/monitored-fetch-DaB5yZHE.js                         4.65 kB │ gzip:  2.09 kB
E2E Tests	Build Docker images with cache	2026-01-20T05:15:54.1607638Z #31 14.88 dist/client/assets/CustomerContext-BA7fd0hU.js                         4.81 kB │ gzip:  1.55 kB
E2E Tests	Build Docker images with cache	2026-01-20T05:15:54.1609053Z #31 14.88 dist/client/assets/account.register-kjJFk0IM.js                        5.23 kB │ gzip:  1.60 kB
E2E Tests	Build Docker images with cache	2026-01-20T05:15:54.1610447Z #31 14.88 dist/client/assets/blogPosts-BqBe8vhs.js                               5.33 kB │ gzip:  2.33 kB
E2E Tests	Build Docker images with cache	2026-01-20T05:15:54.1611918Z #31 14.88 dist/client/assets/web-vitals-D8cA-W4R.js                              5.85 kB │ gzip:  2.38 kB
E2E Tests	Build Docker images with cache	2026-01-20T05:15:54.1613657Z #31 14.88 dist/client/assets/account-pE2OWkl5.js                                 7.11 kB │ gzip:  2.36 kB
E2E Tests	Build Docker images with cache	2026-01-20T05:15:54.1615155Z #31 14.88 dist/client/assets/towels-Doob_wIN.js                                  7.13 kB │ gzip:  2.31 kB
E2E Tests	Build Docker images with cache	2026-01-20T05:15:54.1616571Z #31 14.88 dist/client/assets/react-stripe.esm-AimtKrd7.js                       10.70 kB │ gzip:  4.20 kB
E2E Tests	Build Docker images with cache	2026-01-20T05:15:54.1617931Z #31 14.88 dist/client/assets/home-cMRTiC64.js                                   18.04 kB │ gzip:  4.99 kB
E2E Tests	Build Docker images with cache	2026-01-20T05:15:54.1619228Z #31 14.88 dist/client/assets/checkout.success-6p850CoB.js                       19.61 kB │ gzip:  5.88 kB
E2E Tests	Build Docker images with cache	2026-01-20T05:15:54.1620597Z #31 14.88 dist/client/assets/purify.es-5DRkIKGa.js                              23.34 kB │ gzip:  9.10 kB
E2E Tests	Build Docker images with cache	2026-01-20T05:15:54.1622181Z #31 14.88 dist/client/assets/products._handle-BK1ZYUza.js                       26.39 kB │ gzip:  7.55 kB
E2E Tests	Build Docker images with cache	2026-01-20T05:15:54.1623762Z #31 14.88 dist/client/assets/order_.status._id-Dv6Ls_hq.js                      29.86 kB │ gzip:  7.10 kB
E2E Tests	Build Docker images with cache	2026-01-20T05:15:54.1625375Z #31 14.88 dist/client/assets/root-CQnNuORR.js                                   36.40 kB │ gzip: 10.86 kB
E2E Tests	Build Docker images with cache	2026-01-20T05:15:54.1626788Z #31 14.88 dist/client/assets/checkout-LWx3Xfdd.js                               47.49 kB │ gzip: 14.38 kB
E2E Tests	Build Docker images with cache	2026-01-20T05:15:54.1628583Z #31 14.88 dist/client/assets/chunk-EPOLDU6W-Dm6QNGtE.js                        127.93 kB │ gzip: 43.10 kB
E2E Tests	Build Docker images with cache	2026-01-20T05:15:54.1630211Z #31 14.88 dist/client/assets/MedusaCartContext-ubYRGHlh.js                     134.50 kB │ gzip: 25.58 kB
E2E Tests	Build Docker images with cache	2026-01-20T05:15:54.1631763Z #31 14.88 dist/client/assets/Map.client-2kA0GqWZ.js                            157.42 kB │ gzip: 47.97 kB
E2E Tests	Build Docker images with cache	2026-01-20T05:15:54.1633582Z #31 14.88 dist/client/assets/module-CKonTFQ2.js                                171.75 kB │ gzip: 56.60 kB
E2E Tests	Build Docker images with cache	2026-01-20T05:15:54.1635314Z #31 14.88 dist/client/assets/entry.client-Ct4Gxvfw.js                          186.77 kB │ gzip: 59.06 kB
E2E Tests	Build Docker images with cache	2026-01-20T05:15:54.1636301Z #31 14.88 ✓ built in 11.74s
E2E Tests	Build Docker images with cache	2026-01-20T05:15:54.1637149Z #31 14.94 vite v7.3.1 building ssr environment for production...
E2E Tests	Build Docker images with cache	2026-01-20T05:15:54.1637850Z #31 14.95 transforming...
E2E Tests	Build Docker images with cache	2026-01-20T05:15:59.2085331Z #31 25.69 ✓ 6583 modules transformed.
E2E Tests	Build Docker images with cache	2026-01-20T05:15:59.4905031Z #31 25.96 rendering chunks...
E2E Tests	Build Docker images with cache	2026-01-20T05:15:59.8048301Z #31 26.28 [plugin vite:reporter] 
E2E Tests	Build Docker images with cache	2026-01-20T05:15:59.8057488Z #31 26.28 (!) /repo/node_modules/.pnpm/posthog-js@1.330.0/node_modules/posthog-js/dist/module.js is dynamically imported by /repo/apps/storefront/app/utils/monitored-fetch.ts but also statically imported by /repo/apps/storefront/app/hooks/useEngagementTracking.ts, /repo/apps/storefront/app/hooks/useFormTracking.ts, /repo/apps/storefront/app/hooks/useNavigationTracking.ts, /repo/apps/storefront/app/hooks/usePostHogSurveys.ts, /repo/apps/storefront/app/hooks/useScrollTracking.ts, /repo/apps/storefront/app/root.tsx, /repo/apps/storefront/app/routes/checkout.success.tsx, /repo/apps/storefront/app/utils/posthog.ts, dynamic import will not move module into another chunk.
E2E Tests	Build Docker images with cache	2026-01-20T05:15:59.8062508Z #31 26.28 
E2E Tests	Build Docker images with cache	2026-01-20T05:15:59.8063019Z #31 26.28 [plugin vite:reporter] 
E2E Tests	Build Docker images with cache	2026-01-20T05:15:59.8094726Z #31 26.28 (!) /repo/apps/storefront/app/utils/posthog.ts is dynamically imported by /repo/apps/storefront/app/components/checkout/CheckoutContent.tsx, /repo/apps/storefront/app/context/CustomerContext.tsx, /repo/apps/storefront/app/context/CustomerContext.tsx, /repo/apps/storefront/app/routes/products.$handle.tsx, /repo/apps/storefront/app/routes/products.$handle.tsx but also statically imported by /repo/apps/storefront/app/hooks/usePostHogSurveys.ts, /repo/apps/storefront/app/root.tsx, dynamic import will not move module into another chunk.
E2E Tests	Build Docker images with cache	2026-01-20T05:15:59.8101621Z #31 26.28 
E2E Tests	Build Docker images with cache	2026-01-20T05:15:59.9887157Z #31 26.31 dist/server/.vite/manifest.json                   1.36 kB
E2E Tests	Build Docker images with cache	2026-01-20T05:15:59.9890394Z #31 26.31 dist/server/wrangler.json                         1.54 kB
E2E Tests	Build Docker images with cache	2026-01-20T05:15:59.9892753Z #31 26.31 dist/server/assets/server-build-CYFAWCw3.css     74.72 kB
E2E Tests	Build Docker images with cache	2026-01-20T05:15:59.9894929Z #31 26.31 dist/server/assets/Map.client-9CyKfGv2.js         0.07 kB
E2E Tests	Build Docker images with cache	2026-01-20T05:15:59.9896941Z #31 26.31 dist/server/index.js                              0.13 kB
E2E Tests	Build Docker images with cache	2026-01-20T05:15:59.9899217Z #31 26.31 dist/server/assets/web-vitals-Cmi6Myf8.js         8.29 kB
E2E Tests	Build Docker images with cache	2026-01-20T05:15:59.9901100Z #31 26.31 dist/server/assets/worker-entry-iGkRXW92.js     298.59 kB
E2E Tests	Build Docker images with cache	2026-01-20T05:15:59.9906231Z #31 26.31 dist/server/assets/server-build-lzuuCmm3.js   2,144.72 kB
E2E Tests	Build Docker images with cache	2026-01-20T05:15:59.9906762Z #31 26.32 
E2E Tests	Build Docker images with cache	2026-01-20T05:15:59.9907548Z #31 26.32 ✓ 1 asset cleaned from React Router server build.
E2E Tests	Build Docker images with cache	2026-01-20T05:15:59.9908293Z #31 26.32 dist/server/assets/server-build-CYFAWCw3.css
E2E Tests	Build Docker images with cache	2026-01-20T05:15:59.9908813Z #31 26.32 
E2E Tests	Build Docker images with cache	2026-01-20T05:15:59.9909257Z #31 26.32 ✓ built in 11.37s
E2E Tests	Build Docker images with cache	2026-01-20T05:16:00.0571471Z #31 DONE 26.5s
E2E Tests	Build Docker images with cache	2026-01-20T05:16:00.0571779Z 
E2E Tests	Build Docker images with cache	2026-01-20T05:16:00.0572952Z #35 [backend builder 5/6] RUN pnpm run build
E2E Tests	Build Docker images with cache	2026-01-20T05:16:00.1683388Z #35 ...
E2E Tests	Build Docker images with cache	2026-01-20T05:16:00.1683648Z 
E2E Tests	Build Docker images with cache	2026-01-20T05:16:00.1684356Z #36 [storefront test 2/9] COPY --from=builder /repo/apps/storefront/node_modules ./node_modules
E2E Tests	Build Docker images with cache	2026-01-20T05:16:00.1685099Z #36 DONE 0.0s
E2E Tests	Build Docker images with cache	2026-01-20T05:16:00.1685285Z 
E2E Tests	Build Docker images with cache	2026-01-20T05:16:00.1685749Z #37 [storefront test 3/9] COPY --from=builder /repo/apps/storefront/dist ./dist
E2E Tests	Build Docker images with cache	2026-01-20T05:16:00.1686338Z #37 DONE 0.0s
E2E Tests	Build Docker images with cache	2026-01-20T05:16:00.1686480Z 
E2E Tests	Build Docker images with cache	2026-01-20T05:16:00.1686988Z #38 [storefront test 4/9] COPY --from=builder /repo/apps/storefront/package.json ./package.json
E2E Tests	Build Docker images with cache	2026-01-20T05:16:00.1687606Z #38 DONE 0.0s
E2E Tests	Build Docker images with cache	2026-01-20T05:16:00.1687774Z 
E2E Tests	Build Docker images with cache	2026-01-20T05:16:00.1688212Z #39 [storefront test 5/9] COPY --from=builder /repo/apps/storefront/public ./public
E2E Tests	Build Docker images with cache	2026-01-20T05:16:00.1688793Z #39 DONE 0.0s
E2E Tests	Build Docker images with cache	2026-01-20T05:16:00.3208850Z 
E2E Tests	Build Docker images with cache	2026-01-20T05:16:00.3211987Z #40 [storefront test 6/9] RUN pnpm add wrangler@4
E2E Tests	Build Docker images with cache	2026-01-20T05:16:00.4757270Z #40 0.306 ! Corepack is about to download https://registry.npmjs.org/pnpm/-/pnpm-10.28.1.tgz
E2E Tests	Build Docker images with cache	2026-01-20T05:16:01.9670420Z #40 1.638 @cloudflare/vite-plugin is linked to /app/node_modules from /node_modules/.pnpm/@cloudflare+vite-plugin@1.21.0_vite@7.3.1_@types+node@25.0.9_jiti@2.6.1_lightningcss@1.30.2_t_p6j674r7j6yrenzkj2sbhkspve/node_modules/@cloudflare/vite-plugin
E2E Tests	Build Docker images with cache	2026-01-20T05:16:01.9673225Z #40 1.639 @faker-js/faker is linked to /app/node_modules from /node_modules/.pnpm/@faker-js+faker@10.2.0/node_modules/@faker-js/faker
E2E Tests	Build Docker images with cache	2026-01-20T05:16:01.9675571Z #40 1.639 @react-router/dev is linked to /app/node_modules from /node_modules/.pnpm/@react-router+dev@7.12.0_@types+node@25.0.9_jiti@2.6.1_lightningcss@1.30.2_react-router@7.12._d2xiy4ywksk45oetu5d6otkgoe/node_modules/@react-router/dev
E2E Tests	Build Docker images with cache	2026-01-20T05:16:01.9678637Z #40 1.639 @tailwindcss/vite is linked to /app/node_modules from /node_modules/.pnpm/@tailwindcss+vite@4.1.18_vite@7.3.1_@types+node@25.0.9_jiti@2.6.1_lightningcss@1.30.2_terser@5.46.0_yaml@2.8.2_/node_modules/@tailwindcss/vite
E2E Tests	Build Docker images with cache	2026-01-20T05:16:01.9681460Z #40 1.640 @testing-library/dom is linked to /app/node_modules from /node_modules/.pnpm/@testing-library+dom@10.4.1/node_modules/@testing-library/dom
E2E Tests	Build Docker images with cache	2026-01-20T05:16:01.9683837Z #40 1.640 @testing-library/jest-dom is linked to /app/node_modules from /node_modules/.pnpm/@testing-library+jest-dom@6.9.1/node_modules/@testing-library/jest-dom
E2E Tests	Build Docker images with cache	2026-01-20T05:16:01.9686646Z #40 1.640 @testing-library/react is linked to /app/node_modules from /node_modules/.pnpm/@testing-library+react@16.3.2_@testing-library+dom@10.4.1_@types+react-dom@19.2.3_@types+reac_4evzqrof4xv445vtgbc2htxyrm/node_modules/@testing-library/react
E2E Tests	Build Docker images with cache	2026-01-20T05:16:01.9689593Z #40 1.641 @testing-library/user-event is linked to /app/node_modules from /node_modules/.pnpm/@testing-library+user-event@14.6.1_@testing-library+dom@10.4.1/node_modules/@testing-library/user-event
E2E Tests	Build Docker images with cache	2026-01-20T05:16:01.9691850Z #40 1.641 @types/dompurify is linked to /app/node_modules from /node_modules/.pnpm/@types+dompurify@3.2.0/node_modules/@types/dompurify
E2E Tests	Build Docker images with cache	2026-01-20T05:16:01.9715790Z #40 1.641 @types/node is linked to /app/node_modules from /node_modules/.pnpm/@types+node@25.0.9/node_modules/@types/node
E2E Tests	Build Docker images with cache	2026-01-20T05:16:01.9717365Z #40 1.641 @types/pg is linked to /app/node_modules from /node_modules/.pnpm/@types+pg@8.16.0/node_modules/@types/pg
E2E Tests	Build Docker images with cache	2026-01-20T05:16:01.9718938Z #40 1.642 @types/react is linked to /app/node_modules from /node_modules/.pnpm/@types+react@19.2.8/node_modules/@types/react
E2E Tests	Build Docker images with cache	2026-01-20T05:16:01.9720700Z #40 1.642 @types/react-dom is linked to /app/node_modules from /node_modules/.pnpm/@types+react-dom@19.2.3_@types+react@19.2.8/node_modules/@types/react-dom
E2E Tests	Build Docker images with cache	2026-01-20T05:16:01.9723439Z #40 1.642 @vitest/coverage-v8 is linked to /app/node_modules from /node_modules/.pnpm/@vitest+coverage-v8@4.0.17_vitest@4.0.17_@opentelemetry+api@1.9.0_@types+node@25.0.9_happy-do_y3ycgmlnsbhnke2scf3i6gvijm/node_modules/@vitest/coverage-v8
E2E Tests	Build Docker images with cache	2026-01-20T05:16:01.9725607Z #40 1.642 happy-dom is linked to /app/node_modules from /node_modules/.pnpm/happy-dom@20.3.3/node_modules/happy-dom
E2E Tests	Build Docker images with cache	2026-01-20T05:16:01.9727032Z #40 1.642 jsdom is linked to /app/node_modules from /node_modules/.pnpm/jsdom@27.4.0/node_modules/jsdom
E2E Tests	Build Docker images with cache	2026-01-20T05:16:01.9728636Z #40 1.642 msw is linked to /app/node_modules from /node_modules/.pnpm/msw@2.12.7_@types+node@25.0.9_typescript@5.9.3/node_modules/msw
E2E Tests	Build Docker images with cache	2026-01-20T05:16:01.9730071Z #40 1.643 pg is linked to /app/node_modules from /node_modules/.pnpm/pg@8.17.1/node_modules/pg
E2E Tests	Build Docker images with cache	2026-01-20T05:16:01.9731536Z #40 1.643 tailwindcss is linked to /app/node_modules from /node_modules/.pnpm/tailwindcss@4.1.18/node_modules/tailwindcss
E2E Tests	Build Docker images with cache	2026-01-20T05:16:01.9741519Z #40 1.644 typescript is linked to /app/node_modules from /node_modules/.pnpm/typescript@5.9.3/node_modules/typescript
E2E Tests	Build Docker images with cache	2026-01-20T05:16:01.9743656Z #40 1.644 vite is linked to /app/node_modules from /node_modules/.pnpm/vite@7.3.1_@types+node@25.0.9_jiti@2.6.1_lightningcss@1.30.2_terser@5.46.0_yaml@2.8.2/node_modules/vite
E2E Tests	Build Docker images with cache	2026-01-20T05:16:01.9746299Z #40 1.644 vite-plugin-mkcert is linked to /app/node_modules from /node_modules/.pnpm/vite-plugin-mkcert@1.17.9_vite@7.3.1_@types+node@25.0.9_jiti@2.6.1_lightningcss@1.30.2_terser@5.46.0_yaml@2.8.2_/node_modules/vite-plugin-mkcert
E2E Tests	Build Docker images with cache	2026-01-20T05:16:01.9749381Z #40 1.644 vite-tsconfig-paths is linked to /app/node_modules from /node_modules/.pnpm/vite-tsconfig-paths@6.0.4_typescript@5.9.3_vite@7.3.1_@types+node@25.0.9_jiti@2.6.1_lightning_w4aydlrs2odgvuzwhdtamoptde/node_modules/vite-tsconfig-paths
E2E Tests	Build Docker images with cache	2026-01-20T05:16:01.9752278Z #40 1.644 vitest is linked to /app/node_modules from /node_modules/.pnpm/vitest@4.0.17_@opentelemetry+api@1.9.0_@types+node@25.0.9_happy-dom@20.3.3_jiti@2.6.1_jsdom@2_urq2gz275gm5baalnvacv7hw2e/node_modules/vitest
E2E Tests	Build Docker images with cache	2026-01-20T05:16:01.9755244Z #40 1.644 vitest-axe is linked to /app/node_modules from /node_modules/.pnpm/vitest-axe@1.0.0-pre.5_vitest@4.0.17_@opentelemetry+api@1.9.0_@types+node@25.0.9_happy-dom@20_75sqnveztkf6wcjzb2bv6gulwu/node_modules/vitest-axe
E2E Tests	Build Docker images with cache	2026-01-20T05:16:01.9757697Z #40 1.645 wrangler is linked to /app/node_modules from /node_modules/.pnpm/wrangler@4.59.2/node_modules/wrangler
E2E Tests	Build Docker images with cache	2026-01-20T05:16:01.9759223Z #40 1.645 @medusajs/js-sdk is linked to /app/node_modules from /node_modules/.pnpm/@medusajs+js-sdk@2.12.5/node_modules/@medusajs/js-sdk
E2E Tests	Build Docker images with cache	2026-01-20T05:16:01.9761463Z #40 1.645 @phosphor-icons/react is linked to /app/node_modules from /node_modules/.pnpm/@phosphor-icons+react@2.1.10_react-dom@19.2.0_react@19.2.0__react@19.2.0/node_modules/@phosphor-icons/react
E2E Tests	Build Docker images with cache	2026-01-20T05:16:01.9764203Z #40 1.645 @stripe/react-stripe-js is linked to /app/node_modules from /node_modules/.pnpm/@stripe+react-stripe-js@5.4.1_@stripe+stripe-js@8.6.3_react-dom@19.2.0_react@19.2.0__react@19.2.0/node_modules/@stripe/react-stripe-js
E2E Tests	Build Docker images with cache	2026-01-20T05:16:01.9766482Z #40 1.645 @stripe/stripe-js is linked to /app/node_modules from /node_modules/.pnpm/@stripe+stripe-js@8.6.3/node_modules/@stripe/stripe-js
E2E Tests	Build Docker images with cache	2026-01-20T05:16:01.9768223Z #40 1.645 @types/leaflet is linked to /app/node_modules from /node_modules/.pnpm/@types+leaflet@1.9.21/node_modules/@types/leaflet
E2E Tests	Build Docker images with cache	2026-01-20T05:16:01.9769740Z #40 1.645 dompurify is linked to /app/node_modules from /node_modules/.pnpm/dompurify@3.3.1/node_modules/dompurify
E2E Tests	Build Docker images with cache	2026-01-20T05:16:01.9771066Z #40 1.646 isbot is linked to /app/node_modules from /node_modules/.pnpm/isbot@5.1.33/node_modules/isbot
E2E Tests	Build Docker images with cache	2026-01-20T05:16:01.9786895Z #40 1.646 leaflet is linked to /app/node_modules from /node_modules/.pnpm/leaflet@1.9.4/node_modules/leaflet
E2E Tests	Build Docker images with cache	2026-01-20T05:16:01.9788790Z #40 1.646 lucide-react is linked to /app/node_modules from /node_modules/.pnpm/lucide-react@0.562.0_react@19.2.0/node_modules/lucide-react
E2E Tests	Build Docker images with cache	2026-01-20T05:16:01.9790459Z #40 1.646 posthog-js is linked to /app/node_modules from /node_modules/.pnpm/posthog-js@1.330.0/node_modules/posthog-js
E2E Tests	Build Docker images with cache	2026-01-20T05:16:01.9791857Z #40 1.647 react is linked to /app/node_modules from /node_modules/.pnpm/react@19.2.0/node_modules/react
E2E Tests	Build Docker images with cache	2026-01-20T05:16:01.9793482Z #40 1.647 react-dom is linked to /app/node_modules from /node_modules/.pnpm/react-dom@19.2.0_react@19.2.0/node_modules/react-dom
E2E Tests	Build Docker images with cache	2026-01-20T05:16:01.9795587Z #40 1.647 react-leaflet is linked to /app/node_modules from /node_modules/.pnpm/react-leaflet@5.0.0_leaflet@1.9.4_react-dom@19.2.0_react@19.2.0__react@19.2.0/node_modules/react-leaflet
E2E Tests	Build Docker images with cache	2026-01-20T05:16:01.9813222Z #40 1.647 react-router is linked to /app/node_modules from /node_modules/.pnpm/react-router@7.12.0_react-dom@19.2.0_react@19.2.0__react@19.2.0/node_modules/react-router
E2E Tests	Build Docker images with cache	2026-01-20T05:16:01.9815725Z #40 1.647 react-router-dom is linked to /app/node_modules from /node_modules/.pnpm/react-router-dom@7.12.0_react-dom@19.2.0_react@19.2.0__react@19.2.0/node_modules/react-router-dom
E2E Tests	Build Docker images with cache	2026-01-20T05:16:01.9817881Z #40 1.647 stripe is linked to /app/node_modules from /node_modules/.pnpm/stripe@20.2.0_@types+node@25.0.9/node_modules/stripe
E2E Tests	Build Docker images with cache	2026-01-20T05:16:01.9819579Z #40 1.647 web-vitals is linked to /app/node_modules from /node_modules/.pnpm/web-vitals@5.1.0/node_modules/web-vitals
E2E Tests	Build Docker images with cache	2026-01-20T05:16:01.9821059Z #40 1.647 zod is linked to /app/node_modules from /node_modules/.pnpm/zod@4.3.5/node_modules/zod
E2E Tests	Build Docker images with cache	2026-01-20T05:16:02.4831442Z #40 2.163 Progress: resolved 1, reused 0, downloaded 0, added 0
E2E Tests	Build Docker images with cache	2026-01-20T05:16:03.3337177Z #40 3.163 Progress: resolved 62, reused 0, downloaded 16, added 0
E2E Tests	Build Docker images with cache	2026-01-20T05:16:03.7822901Z #40 3.613 Packages: +38
E2E Tests	Build Docker images with cache	2026-01-20T05:16:03.7823456Z #40 3.613 ++++++++++++++++++++++++++++++++++++++
E2E Tests	Build Docker images with cache	2026-01-20T05:16:04.0942063Z #40 3.924 Progress: resolved 90, reused 0, downloaded 40, added 38, done
E2E Tests	Build Docker images with cache	2026-01-20T05:16:04.3154875Z #40 3.984 
E2E Tests	Build Docker images with cache	2026-01-20T05:16:04.3155337Z #40 3.984 devDependencies:
E2E Tests	Build Docker images with cache	2026-01-20T05:16:04.3156174Z #40 3.984 + wrangler 4.59.2 already in devDependencies, was not moved to dependencies.
E2E Tests	Build Docker images with cache	2026-01-20T05:16:04.3156880Z #40 3.984 
E2E Tests	Build Docker images with cache	2026-01-20T05:16:04.3157903Z #40 3.988 ╭ Warning ─────────────────────────────────────────────────────────────────────╮
E2E Tests	Build Docker images with cache	2026-01-20T05:16:04.3159372Z #40 3.988 │                                                                              │
E2E Tests	Build Docker images with cache	2026-01-20T05:16:04.3160401Z #40 3.988 │   Ignored build scripts: esbuild@0.27.0, sharp@0.34.5,                       │
E2E Tests	Build Docker images with cache	2026-01-20T05:16:04.3161546Z #40 3.988 │   workerd@1.20260114.0.                                                      │
E2E Tests	Build Docker images with cache	2026-01-20T05:16:04.3163147Z #40 3.988 │   Run "pnpm approve-builds" to pick which dependencies should be allowed     │
E2E Tests	Build Docker images with cache	2026-01-20T05:16:04.3164134Z #40 3.988 │   to run scripts.                                                            │
E2E Tests	Build Docker images with cache	2026-01-20T05:16:04.3165101Z #40 3.988 │                                                                              │
E2E Tests	Build Docker images with cache	2026-01-20T05:16:04.3166205Z #40 3.988 ╰──────────────────────────────────────────────────────────────────────────────╯
E2E Tests	Build Docker images with cache	2026-01-20T05:16:04.3166913Z #40 3.996 Done in 2.8s using pnpm v10.28.1
E2E Tests	Build Docker images with cache	2026-01-20T05:16:04.7292276Z #40 DONE 4.6s
E2E Tests	Build Docker images with cache	2026-01-20T05:16:04.7292780Z 
E2E Tests	Build Docker images with cache	2026-01-20T05:16:04.7293033Z #35 [backend builder 5/6] RUN pnpm run build
E2E Tests	Build Docker images with cache	2026-01-20T05:16:04.7294007Z #35 16.50 [32minfo[39m:    Compiling frontend source...
E2E Tests	Build Docker images with cache	2026-01-20T05:16:04.7294914Z #35 17.00 [32minfo[39m:    Backend build completed successfully (9.95s)
E2E Tests	Build Docker images with cache	2026-01-20T05:16:04.8375551Z #35 ...
E2E Tests	Build Docker images with cache	2026-01-20T05:16:04.8376026Z 
E2E Tests	Build Docker images with cache	2026-01-20T05:16:04.8376646Z #41 [storefront test 7/9] RUN ln -s /app/node_modules /app/dist/server/node_modules
E2E Tests	Build Docker images with cache	2026-01-20T05:16:04.8377282Z #41 DONE 0.1s
E2E Tests	Build Docker images with cache	2026-01-20T05:16:04.8377438Z 
E2E Tests	Build Docker images with cache	2026-01-20T05:16:04.8378143Z #42 [storefront test 8/9] COPY apps/storefront/scripts/generate-dev-vars.sh /app/generate-dev-vars.sh
E2E Tests	Build Docker images with cache	2026-01-20T05:16:04.8378972Z #42 DONE 0.0s
E2E Tests	Build Docker images with cache	2026-01-20T05:16:05.0464714Z 
E2E Tests	Build Docker images with cache	2026-01-20T05:16:05.0465559Z #43 [storefront test 9/9] RUN chmod +x /app/generate-dev-vars.sh
E2E Tests	Build Docker images with cache	2026-01-20T05:16:05.0466266Z #43 DONE 0.1s
E2E Tests	Build Docker images with cache	2026-01-20T05:16:05.0466453Z 
E2E Tests	Build Docker images with cache	2026-01-20T05:16:05.0466797Z #44 [storefront] exporting to docker image format
E2E Tests	Build Docker images with cache	2026-01-20T05:16:05.0467317Z #44 exporting layers
E2E Tests	Build Docker images with cache	2026-01-20T05:16:13.1202453Z #44 exporting layers 8.2s done
E2E Tests	Build Docker images with cache	2026-01-20T05:16:13.1203547Z #44 preparing layers for inline cache
E2E Tests	Build Docker images with cache	2026-01-20T05:16:13.2992109Z #44 preparing layers for inline cache 0.0s done
E2E Tests	Build Docker images with cache	2026-01-20T05:16:13.2993830Z #44 exporting manifest sha256:de6bcf2d391303c60107e89674ce33990bf516e88a898c33e2ff8d243a2452a7 done
E2E Tests	Build Docker images with cache	2026-01-20T05:16:13.2996522Z #44 exporting config sha256:e874f4cef63e80a571cd65d63d2b90b55c1138265bab53e54d038578e0e1dcbd done
E2E Tests	Build Docker images with cache	2026-01-20T05:16:13.2997288Z #44 sending tarball
E2E Tests	Build Docker images with cache	2026-01-20T05:16:14.5977239Z #44 ...
E2E Tests	Build Docker images with cache	2026-01-20T05:16:14.5977489Z 
E2E Tests	Build Docker images with cache	2026-01-20T05:16:14.5977612Z #45 importing to docker
E2E Tests	Build Docker images with cache	2026-01-20T05:16:14.7482682Z #45 loading layer e0e600257047 294.91kB / 28.23MB
E2E Tests	Build Docker images with cache	2026-01-20T05:16:15.4833904Z #45 loading layer dc0e9e3740b6 3.31kB / 3.31kB
E2E Tests	Build Docker images with cache	2026-01-20T05:16:15.8938107Z #45 loading layer 60b1fa0a4cfc 491.52kB / 49.11MB
E2E Tests	Build Docker images with cache	2026-01-20T05:16:17.1474792Z #45 loading layer 2ca01dc74c8e 32.77kB / 1.71MB
E2E Tests	Build Docker images with cache	2026-01-20T05:16:17.3193753Z #45 loading layer 7dd87d4e2004 445B / 445B
E2E Tests	Build Docker images with cache	2026-01-20T05:16:17.3194451Z #45 loading layer 13bc8a8f7ddd 65.54kB / 4.63MB
E2E Tests	Build Docker images with cache	2026-01-20T05:16:17.3195326Z #45 loading layer 9f59aff4cb57 32.77kB / 57.36kB
E2E Tests	Build Docker images with cache	2026-01-20T05:16:17.4557508Z #45 loading layer fbf32aa62a00 94B / 94B
E2E Tests	Build Docker images with cache	2026-01-20T05:16:17.4558156Z #45 loading layer 30dc0b467ac7 93B / 93B
E2E Tests	Build Docker images with cache	2026-01-20T05:16:17.4558713Z #45 loading layer b60c50f7bb91 3.37kB / 3.37kB
E2E Tests	Build Docker images with cache	2026-01-20T05:16:17.4559604Z #45 loading layer 98c609233b36 131.07kB / 11.55MB
E2E Tests	Build Docker images with cache	2026-01-20T05:16:17.4560167Z #45 loading layer fa9ab2b7db76 1.04kB / 1.04kB
E2E Tests	Build Docker images with cache	2026-01-20T05:16:17.6990096Z #45 loading layer 0312ca663581 131.07kB / 10.75MB
E2E Tests	Build Docker images with cache	2026-01-20T05:16:17.6990802Z #45 loading layer 356304fc98aa 557.06kB / 76.47MB
E2E Tests	Build Docker images with cache	2026-01-20T05:16:19.7446834Z #45 loading layer 356304fc98aa 66.29MB / 76.47MB 2.2s
E2E Tests	Build Docker images with cache	2026-01-20T05:16:20.1565043Z #45 ...
E2E Tests	Build Docker images with cache	2026-01-20T05:16:20.1566540Z 
E2E Tests	Build Docker images with cache	2026-01-20T05:16:20.1567546Z #35 [backend builder 5/6] RUN pnpm run build
E2E Tests	Build Docker images with cache	2026-01-20T05:16:20.1568569Z #35 34.85 [32minfo[39m:    Frontend build completed successfully (27.78s)
E2E Tests	Build Docker images with cache	2026-01-20T05:16:20.5847818Z #35 DONE 35.3s
E2E Tests	Build Docker images with cache	2026-01-20T05:16:20.5848100Z 
E2E Tests	Build Docker images with cache	2026-01-20T05:16:20.5848532Z #44 [storefront] exporting to docker image format
E2E Tests	Build Docker images with cache	2026-01-20T05:16:20.8337889Z #44 sending tarball 7.5s done
E2E Tests	Build Docker images with cache	2026-01-20T05:16:20.8338588Z #44 DONE 15.7s
E2E Tests	Build Docker images with cache	2026-01-20T05:16:20.8338832Z 
E2E Tests	Build Docker images with cache	2026-01-20T05:16:20.8339033Z #45 importing to docker
E2E Tests	Build Docker images with cache	2026-01-20T05:16:20.8339714Z #45 loading layer e0e600257047 28.23MB / 28.23MB 6.0s done
E2E Tests	Build Docker images with cache	2026-01-20T05:16:20.8340369Z #45 loading layer dc0e9e3740b6 3.31kB / 3.31kB 5.2s done
E2E Tests	Build Docker images with cache	2026-01-20T05:16:20.8340833Z #45 loading layer 60b1fa0a4cfc 49.11MB / 49.11MB 4.7s done
E2E Tests	Build Docker images with cache	2026-01-20T05:16:20.8341284Z #45 loading layer 2ca01dc74c8e 1.71MB / 1.71MB 3.5s done
E2E Tests	Build Docker images with cache	2026-01-20T05:16:20.8341711Z #45 loading layer 7dd87d4e2004 445B / 445B 3.4s done
E2E Tests	Build Docker images with cache	2026-01-20T05:16:20.8342133Z #45 loading layer 13bc8a8f7ddd 4.63MB / 4.63MB 3.4s done
E2E Tests	Build Docker images with cache	2026-01-20T05:16:20.8342771Z #45 loading layer 9f59aff4cb57 57.36kB / 57.36kB 3.3s done
E2E Tests	Build Docker images with cache	2026-01-20T05:16:20.8343200Z #45 loading layer fbf32aa62a00 94B / 94B 3.3s done
E2E Tests	Build Docker images with cache	2026-01-20T05:16:20.8343599Z #45 loading layer 30dc0b467ac7 93B / 93B 3.3s done
E2E Tests	Build Docker images with cache	2026-01-20T05:16:20.8344026Z #45 loading layer b60c50f7bb91 3.37kB / 3.37kB 3.3s done
E2E Tests	Build Docker images with cache	2026-01-20T05:16:20.8344458Z #45 loading layer 98c609233b36 11.55MB / 11.55MB 3.3s done
E2E Tests	Build Docker images with cache	2026-01-20T05:16:20.8344887Z #45 loading layer fa9ab2b7db76 1.04kB / 1.04kB 3.2s done
E2E Tests	Build Docker images with cache	2026-01-20T05:16:20.8345322Z #45 loading layer 0312ca663581 10.75MB / 10.75MB 3.2s done
E2E Tests	Build Docker images with cache	2026-01-20T05:16:20.8345765Z #45 loading layer 356304fc98aa 76.47MB / 76.47MB 3.1s done
E2E Tests	Build Docker images with cache	2026-01-20T05:16:20.8346181Z #45 loading layer b15e0eaa58f4 174B / 174B 0.1s done
E2E Tests	Build Docker images with cache	2026-01-20T05:16:20.8346586Z #45 loading layer fba566e3b28d 450B / 450B 0.0s done
E2E Tests	Build Docker images with cache	2026-01-20T05:16:20.8346987Z #45 loading layer 3c6273a5ea95 448B / 448B 0.0s done
E2E Tests	Build Docker images with cache	2026-01-20T05:16:20.8347282Z #45 DONE 6.0s
E2E Tests	Build Docker images with cache	2026-01-20T05:16:20.8347415Z 
E2E Tests	Build Docker images with cache	2026-01-20T05:16:20.8347630Z #46 [storefront] resolving provenance for metadata file
E2E Tests	Build Docker images with cache	2026-01-20T05:16:20.8347969Z #46 DONE 0.0s
E2E Tests	Build Docker images with cache	2026-01-20T05:16:20.8348096Z 
E2E Tests	Build Docker images with cache	2026-01-20T05:16:20.8348494Z #47 [backend builder 6/6] RUN pnpm --filter @gracestowel/backend deploy --prod --legacy /deploy
E2E Tests	Build Docker images with cache	2026-01-20T05:16:21.1323446Z #47 0.546  WARN  Shared workspace lockfile detected but configuration forces legacy deploy implementation.
E2E Tests	Build Docker images with cache	2026-01-20T05:16:21.3083605Z #47 0.572 Packages are copied from the content-addressable store to the virtual store.
E2E Tests	Build Docker images with cache	2026-01-20T05:16:21.3084491Z #47 0.572   Content-addressable store is at: /pnpm/store/v10
E2E Tests	Build Docker images with cache	2026-01-20T05:16:21.3085084Z #47 0.572   Virtual store is at:             ../../../deploy/node_modules/.pnpm
E2E Tests	Build Docker images with cache	2026-01-20T05:16:21.5603507Z #47 0.975 Progress: resolved 1, reused 0, downloaded 0, added 0
E2E Tests	Build Docker images with cache	2026-01-20T05:16:22.5630024Z #47 1.977 Progress: resolved 21, reused 0, downloaded 14, added 0
E2E Tests	Build Docker images with cache	2026-01-20T05:16:23.5881951Z #47 3.002 Progress: resolved 45, reused 0, downloaded 41, added 0
E2E Tests	Build Docker images with cache	2026-01-20T05:16:24.5875814Z #47 4.002 Progress: resolved 78, reused 0, downloaded 70, added 0
E2E Tests	Build Docker images with cache	2026-01-20T05:16:25.6308544Z #47 5.045 Progress: resolved 126, reused 0, downloaded 120, added 0
E2E Tests	Build Docker images with cache	2026-01-20T05:16:26.7111862Z #47 6.125 Progress: resolved 145, reused 0, downloaded 137, added 0
E2E Tests	Build Docker images with cache	2026-01-20T05:16:27.7121552Z #47 7.126 Progress: resolved 156, reused 0, downloaded 149, added 0
E2E Tests	Build Docker images with cache	2026-01-20T05:16:28.7224200Z #47 8.132 Progress: resolved 170, reused 0, downloaded 159, added 0
E2E Tests	Build Docker images with cache	2026-01-20T05:16:29.7179820Z #47 9.132 Progress: resolved 207, reused 0, downloaded 195, added 0
E2E Tests	Build Docker images with cache	2026-01-20T05:16:30.7284037Z #47 10.14 Progress: resolved 271, reused 0, downloaded 241, added 0
E2E Tests	Build Docker images with cache	2026-01-20T05:16:31.7293779Z #47 11.14 Progress: resolved 398, reused 0, downloaded 351, added 0
E2E Tests	Build Docker images with cache	2026-01-20T05:16:32.7424628Z #47 12.16 Progress: resolved 466, reused 0, downloaded 426, added 0
E2E Tests	Build Docker images with cache	2026-01-20T05:16:33.7454033Z #47 13.16 Progress: resolved 552, reused 0, downloaded 506, added 0
E2E Tests	Build Docker images with cache	2026-01-20T05:16:34.7454077Z #47 14.16 Progress: resolved 643, reused 0, downloaded 589, added 0
E2E Tests	Build Docker images with cache	2026-01-20T05:16:35.7459430Z #47 15.16 Progress: resolved 787, reused 0, downloaded 676, added 0
E2E Tests	Build Docker images with cache	2026-01-20T05:16:36.7482772Z #47 16.16 Progress: resolved 927, reused 0, downloaded 810, added 0
E2E Tests	Build Docker images with cache	2026-01-20T05:16:37.7519524Z #47 17.17 Progress: resolved 974, reused 0, downloaded 857, added 0
E2E Tests	Build Docker images with cache	2026-01-20T05:16:38.7517690Z #47 18.17 Progress: resolved 1005, reused 0, downloaded 883, added 0
E2E Tests	Build Docker images with cache	2026-01-20T05:16:39.7515853Z #47 19.17 Progress: resolved 1036, reused 0, downloaded 910, added 0
E2E Tests	Build Docker images with cache	2026-01-20T05:16:40.7533085Z #47 20.17 Progress: resolved 1128, reused 0, downloaded 992, added 0
E2E Tests	Build Docker images with cache	2026-01-20T05:16:41.7597422Z #47 21.17 Progress: resolved 1249, reused 0, downloaded 1113, added 0
E2E Tests	Build Docker images with cache	2026-01-20T05:16:42.7739105Z #47 22.19 Progress: resolved 1311, reused 0, downloaded 1150, added 0
E2E Tests	Build Docker images with cache	2026-01-20T05:16:43.7733595Z #47 23.19 Progress: resolved 1465, reused 0, downloaded 1267, added 0
E2E Tests	Build Docker images with cache	2026-01-20T05:16:44.5874713Z #47 24.00  WARN  13 deprecated subdependencies found: @oclif/command@1.8.36, @oclif/config@1.18.16, @oclif/config@1.18.17, @oclif/config@1.18.2, @oclif/errors@1.3.5, @oclif/errors@1.3.6, @oclif/help@1.0.15, @oclif/parser@3.8.17, @oclif/screen@1.0.4, cli-ux@5.6.7, glob@7.2.3, inflight@1.0.6, lodash.isequal@4.5.0
E2E Tests	Build Docker images with cache	2026-01-20T05:16:44.7741008Z #47 24.07 .                                        |    +1403 ++++++++++++++++++++++++++++
E2E Tests	Build Docker images with cache	2026-01-20T05:16:44.7744965Z #47 24.19 Progress: resolved 1547, reused 0, downloaded 1394, added 0
E2E Tests	Build Docker images with cache	2026-01-20T05:16:45.7748128Z #47 25.19 Progress: resolved 1547, reused 0, downloaded 1446, added 681
E2E Tests	Build Docker images with cache	2026-01-20T05:16:46.4891340Z #47 25.90 Progress: resolved 1547, reused 0, downloaded 1446, added 1403, done
E2E Tests	Build Docker images with cache	2026-01-20T05:16:46.6974676Z #47 26.11  WARN  Failed to create bin at /deploy/node_modules/.pnpm/cva@1.0.0-beta.1_typescript@5.9.3/node_modules/cva/node_modules/.bin/tsc. ENOENT: no such file or directory, open '/deploy/node_modules/.pnpm/typescript@5.9.3/node_modules/typescript/bin/tsc'
E2E Tests	Build Docker images with cache	2026-01-20T05:16:46.8475534Z #47 26.11  WARN  Failed to create bin at /deploy/node_modules/.pnpm/cva@1.0.0-beta.1_typescript@5.9.3/node_modules/cva/node_modules/.bin/tsserver. ENOENT: no such file or directory, open '/deploy/node_modules/.pnpm/typescript@5.9.3/node_modules/typescript/bin/tsserver'
E2E Tests	Build Docker images with cache	2026-01-20T05:16:46.8891599Z #47 26.30  WARN  Issues with peer dependencies found
E2E Tests	Build Docker images with cache	2026-01-20T05:16:46.8892319Z #47 26.30 .
E2E Tests	Build Docker images with cache	2026-01-20T05:16:46.8892903Z #47 26.30 ├─┬ @medusajs/framework 2.12.5
E2E Tests	Build Docker images with cache	2026-01-20T05:16:46.8893419Z #47 26.30 │ └─┬ @medusajs/types 2.12.5
E2E Tests	Build Docker images with cache	2026-01-20T05:16:46.8894019Z #47 26.30 │   └── ✕ unmet peer vite@^5.4.21: found 7.3.1
E2E Tests	Build Docker images with cache	2026-01-20T05:16:46.8894592Z #47 26.30 ├─┬ @medusajs/medusa 2.12.5
E2E Tests	Build Docker images with cache	2026-01-20T05:16:46.8895166Z #47 26.30 │ ├── ✕ unmet peer react-dom@^18.3.1: found 19.2.3
E2E Tests	Build Docker images with cache	2026-01-20T05:16:46.8895778Z #47 26.30 │ ├─┬ @medusajs/draft-order 2.12.5
E2E Tests	Build Docker images with cache	2026-01-20T05:16:46.8896441Z #47 26.30 │ │ ├── ✕ unmet peer react@^18.3.1: found 19.2.3
E2E Tests	Build Docker images with cache	2026-01-20T05:16:46.8897138Z #47 26.30 │ │ ├── ✕ unmet peer react-dom@^18.3.1: found 19.2.3
E2E Tests	Build Docker images with cache	2026-01-20T05:16:46.8897768Z #47 26.30 │ │ └─┬ react-hook-form 7.49.1
E2E Tests	Build Docker images with cache	2026-01-20T05:16:46.8898598Z #47 26.30 │ │   └── ✕ unmet peer react@"^16.8.0 || ^17 || ^18": found 19.2.3
E2E Tests	Build Docker images with cache	2026-01-20T05:16:46.8899276Z #47 26.30 │ └─┬ @medusajs/admin-bundler 2.12.5
E2E Tests	Build Docker images with cache	2026-01-20T05:16:46.8899901Z #47 26.30 │   ├─┬ @medusajs/dashboard 2.12.5
E2E Tests	Build Docker images with cache	2026-01-20T05:16:46.8900855Z #47 26.30 │   │ └─┬ cmdk 0.2.1
E2E Tests	Build Docker images with cache	2026-01-20T05:16:46.8901352Z #47 26.30 │   │   └─┬ @radix-ui/react-dialog 1.0.0
E2E Tests	Build Docker images with cache	2026-01-20T05:16:46.8901907Z #47 26.30 │   │     └─┬ react-remove-scroll 2.5.4
E2E Tests	Build Docker images with cache	2026-01-20T05:16:46.8902645Z #47 26.30 │   │       └── ✕ unmet peer @types/react@"^16.8.0 || ^17.0.0 || ^18.0.0": found 19.2.8
E2E Tests	Build Docker images with cache	2026-01-20T05:16:46.8903415Z #47 26.30 │   └─┬ @medusajs/admin-vite-plugin 2.12.5
E2E Tests	Build Docker images with cache	2026-01-20T05:16:46.8903753Z #47 26.30 │     └─┬ fdir 6.1.1
E2E Tests	Build Docker images with cache	2026-01-20T05:16:46.8904217Z #47 26.30 │       └── ✕ unmet peer picomatch@3.x: found 4.0.3
E2E Tests	Build Docker images with cache	2026-01-20T05:16:46.8904573Z #47 26.30 └─┬ @medusajs/ui 4.0.33
E2E Tests	Build Docker images with cache	2026-01-20T05:16:46.8905073Z #47 26.30   ├── ✕ unmet peer react@^18.3.1: found 19.2.3
E2E Tests	Build Docker images with cache	2026-01-20T05:16:46.8905493Z #47 26.30   ├── ✕ unmet peer react-dom@^18.3.1: found 19.2.3
E2E Tests	Build Docker images with cache	2026-01-20T05:16:46.8905982Z #47 26.30   └─┬ @medusajs/icons 2.12.5
E2E Tests	Build Docker images with cache	2026-01-20T05:16:46.8906418Z #47 26.30     └── ✕ unmet peer react@^18.3.1: found 19.2.3
E2E Tests	Build Docker images with cache	2026-01-20T05:16:52.4356514Z #47 DONE 31.8s
E2E Tests	Build Docker images with cache	2026-01-20T05:16:52.5877319Z 
E2E Tests	Build Docker images with cache	2026-01-20T05:16:52.5878024Z #48 [backend test 1/1] WORKDIR /repo/apps/backend
E2E Tests	Build Docker images with cache	2026-01-20T05:16:53.1307134Z #48 DONE 0.7s
E2E Tests	Build Docker images with cache	2026-01-20T05:16:53.2824080Z 
E2E Tests	Build Docker images with cache	2026-01-20T05:16:53.2824963Z #49 [backend] exporting to docker image format
E2E Tests	Build Docker images with cache	2026-01-20T05:16:53.2825544Z #49 exporting layers
E2E Tests	Build Docker images with cache	2026-01-20T05:17:25.5903177Z #49 exporting layers 32.5s done
E2E Tests	Build Docker images with cache	2026-01-20T05:17:25.5903765Z #49 preparing layers for inline cache
E2E Tests	Build Docker images with cache	2026-01-20T05:17:25.7601439Z #49 preparing layers for inline cache 0.0s done
E2E Tests	Build Docker images with cache	2026-01-20T05:17:25.7602591Z #49 exporting manifest sha256:e412529a7a78050c964a257209272fb5873dcfdd84d12b3e5a768c07b48024ae done
E2E Tests	Build Docker images with cache	2026-01-20T05:17:25.7603871Z #49 exporting config sha256:5889e13251d4d57404dcecae91eb672861fcaa619318f39d3365a574039256a1 done
E2E Tests	Build Docker images with cache	2026-01-20T05:17:25.7604612Z #49 sending tarball
E2E Tests	Build Docker images with cache	2026-01-20T05:17:29.2863283Z #49 ...
E2E Tests	Build Docker images with cache	2026-01-20T05:17:29.2863553Z 
E2E Tests	Build Docker images with cache	2026-01-20T05:17:29.2863721Z #50 importing to docker
E2E Tests	Build Docker images with cache	2026-01-20T05:17:29.5285860Z #50 loading layer 7bb20cf5ef67 65.54kB / 3.86MB
E2E Tests	Build Docker images with cache	2026-01-20T05:17:29.5286908Z #50 loading layer af1f80cf015e 524.29kB / 50.97MB
E2E Tests	Build Docker images with cache	2026-01-20T05:17:32.2316742Z #50 loading layer 10282ed394da 32.77kB / 1.26MB
E2E Tests	Build Docker images with cache	2026-01-20T05:17:32.4501631Z #50 loading layer 17e6896eb15b 446B / 446B
E2E Tests	Build Docker images with cache	2026-01-20T05:17:32.4502316Z #50 loading layer 515328bb9d16 557.06kB / 113.37MB
E2E Tests	Build Docker images with cache	2026-01-20T05:17:34.5925222Z #50 loading layer 4d1deb20b076 32.77kB / 57.38kB
E2E Tests	Build Docker images with cache	2026-01-20T05:17:34.7999195Z #50 loading layer fbf32aa62a00 94B / 94B
E2E Tests	Build Docker images with cache	2026-01-20T05:17:34.7999902Z #50 loading layer fa27fc328bef 557.06kB / 174.27MB
E2E Tests	Build Docker images with cache	2026-01-20T05:17:36.6574573Z #50 loading layer fa27fc328bef 16.15MB / 174.27MB 2.0s
E2E Tests	Build Docker images with cache	2026-01-20T05:17:40.7576516Z #50 loading layer fa27fc328bef 26.74MB / 174.27MB 6.1s
E2E Tests	Build Docker images with cache	2026-01-20T05:17:44.9718740Z #50 loading layer fa27fc328bef 62.39MB / 174.27MB 10.3s
E2E Tests	Build Docker images with cache	2026-01-20T05:17:46.9915937Z #50 loading layer fa27fc328bef 77.99MB / 174.27MB 12.3s
E2E Tests	Build Docker images with cache	2026-01-20T05:17:49.1103545Z #50 loading layer fa27fc328bef 109.74MB / 174.27MB 14.5s
E2E Tests	Build Docker images with cache	2026-01-20T05:17:51.1563941Z #50 loading layer fa27fc328bef 130.91MB / 174.27MB 16.5s
E2E Tests	Build Docker images with cache	2026-01-20T05:17:53.2387228Z #50 loading layer fa27fc328bef 144.28MB / 174.27MB 18.6s
E2E Tests	Build Docker images with cache	2026-01-20T05:17:57.6320873Z #50 loading layer 931519010c1a 4.35kB / 4.35kB
E2E Tests	Build Docker images with cache	2026-01-20T05:17:57.7344443Z #50 loading layer 2fd622328464 32.77kB / 236.07kB
E2E Tests	Build Docker images with cache	2026-01-20T05:17:57.7345098Z #50 loading layer 5f70bf18a086 32B / 32B
E2E Tests	Build Docker images with cache	2026-01-20T05:17:57.7345661Z #50 loading layer e1fb0fb1d253 98.30kB / 8.15MB
E2E Tests	Build Docker images with cache	2026-01-20T05:17:58.2076552Z #50 loading layer 3a42d8233e6e 557.06kB / 339.33MB
E2E Tests	Build Docker images with cache	2026-01-20T05:18:02.3233804Z #50 loading layer 3a42d8233e6e 22.28MB / 339.33MB 4.1s
E2E Tests	Build Docker images with cache	2026-01-20T05:18:09.4563204Z #50 loading layer 3a42d8233e6e 32.87MB / 339.33MB 11.2s
E2E Tests	Build Docker images with cache	2026-01-20T05:18:11.5762614Z #50 loading layer 3a42d8233e6e 64.06MB / 339.33MB 13.4s
E2E Tests	Build Docker images with cache	2026-01-20T05:18:15.6414337Z #50 loading layer 3a42d8233e6e 88.57MB / 339.33MB 17.4s
E2E Tests	Build Docker images with cache	2026-01-20T05:18:22.3528618Z #50 loading layer 3a42d8233e6e 105.84MB / 339.33MB 24.1s
E2E Tests	Build Docker images with cache	2026-01-20T05:18:28.8560988Z #50 loading layer 3a42d8233e6e 117.54MB / 339.33MB 30.6s
E2E Tests	Build Docker images with cache	2026-01-20T05:18:33.2954949Z #50 loading layer 3a42d8233e6e 195.53MB / 339.33MB 35.1s
E2E Tests	Build Docker images with cache	2026-01-20T05:18:38.3898993Z #50 loading layer 5f70bf18a086 32B / 32B 40.7s
E2E Tests	Build Docker images with cache	2026-01-20T05:18:38.4996752Z #50 loading layer 7bb20cf5ef67 3.86MB / 3.86MB 69.2s done
E2E Tests	Build Docker images with cache	2026-01-20T05:18:38.4997487Z #50 loading layer af1f80cf015e 50.97MB / 50.97MB 69.1s done
E2E Tests	Build Docker images with cache	2026-01-20T05:18:38.4998533Z #50 loading layer 10282ed394da 1.26MB / 1.26MB 66.2s done
E2E Tests	Build Docker images with cache	2026-01-20T05:18:38.4999278Z #50 loading layer 17e6896eb15b 446B / 446B 66.2s done
E2E Tests	Build Docker images with cache	2026-01-20T05:18:38.5000070Z #50 loading layer 515328bb9d16 113.37MB / 113.37MB 66.2s done
E2E Tests	Build Docker images with cache	2026-01-20T05:18:38.5000862Z #50 loading layer 4d1deb20b076 57.38kB / 57.38kB 63.9s done
E2E Tests	Build Docker images with cache	2026-01-20T05:18:38.5001607Z #50 loading layer fbf32aa62a00 94B / 94B 63.9s done
E2E Tests	Build Docker images with cache	2026-01-20T05:18:38.5002573Z #50 loading layer fa27fc328bef 174.27MB / 174.27MB 63.8s done
E2E Tests	Build Docker images with cache	2026-01-20T05:18:38.5003373Z #50 loading layer 931519010c1a 4.35kB / 4.35kB 40.8s done
E2E Tests	Build Docker images with cache	2026-01-20T05:18:38.5004168Z #50 loading layer 2fd622328464 236.07kB / 236.07kB 40.8s done
E2E Tests	Build Docker images with cache	2026-01-20T05:18:38.5004934Z #50 loading layer 5f70bf18a086 32B / 32B 40.7s done
E2E Tests	Build Docker images with cache	2026-01-20T05:18:38.5005686Z #50 loading layer e1fb0fb1d253 8.15MB / 8.15MB 40.7s done
E2E Tests	Build Docker images with cache	2026-01-20T05:18:38.5006527Z #50 loading layer 3a42d8233e6e 339.33MB / 339.33MB 40.3s done
E2E Tests	Build Docker images with cache	2026-01-20T05:18:38.5007106Z #50 DONE 69.2s
E2E Tests	Build Docker images with cache	2026-01-20T05:18:38.5007318Z 
E2E Tests	Build Docker images with cache	2026-01-20T05:18:38.5007634Z #49 [backend] exporting to docker image format
E2E Tests	Build Docker images with cache	2026-01-20T05:18:38.5008243Z #49 sending tarball 72.9s done
E2E Tests	Build Docker images with cache	2026-01-20T05:18:38.5008645Z #49 DONE 105.3s
E2E Tests	Build Docker images with cache	2026-01-20T05:18:38.5008834Z 
E2E Tests	Build Docker images with cache	2026-01-20T05:18:38.5009150Z #51 [backend] resolving provenance for metadata file
E2E Tests	Build Docker images with cache	2026-01-20T05:18:38.5009513Z #51 DONE 0.0s
E2E Tests	Build Docker images with cache	2026-01-20T05:18:38.5139146Z  storefront  Built
E2E Tests	Build Docker images with cache	2026-01-20T05:18:38.5139563Z  backend  Built
E2E Tests	Start backend and database	﻿2026-01-20T05:18:38.5193566Z ##[group]Run docker compose -f docker-compose.test.yml up -d postgres redis backend
E2E Tests	Start backend and database	2026-01-20T05:18:38.5194159Z [36;1mdocker compose -f docker-compose.test.yml up -d postgres redis backend[0m
E2E Tests	Start backend and database	2026-01-20T05:18:38.5513604Z shell: /usr/bin/bash -e {0}
E2E Tests	Start backend and database	2026-01-20T05:18:38.5513882Z env:
E2E Tests	Start backend and database	2026-01-20T05:18:38.5514070Z   NODE_VERSION: 24
E2E Tests	Start backend and database	2026-01-20T05:18:38.5514325Z   PNPM_HOME: /home/runner/setup-pnpm/node_modules/.bin
E2E Tests	Start backend and database	2026-01-20T05:18:38.5514623Z ##[endgroup]
E2E Tests	Start backend and database	2026-01-20T05:18:38.6156269Z time="2026-01-20T05:18:38Z" level=warning msg="The \"MEDUSA_PUBLISHABLE_KEY\" variable is not set. Defaulting to a blank string."
E2E Tests	Start backend and database	2026-01-20T05:18:38.6158234Z time="2026-01-20T05:18:38Z" level=warning msg="The \"MEDUSA_PUBLISHABLE_KEY\" variable is not set. Defaulting to a blank string."
E2E Tests	Start backend and database	2026-01-20T05:18:38.6159954Z time="2026-01-20T05:18:38Z" level=warning msg="The \"ADMIN_TOKEN\" variable is not set. Defaulting to a blank string."
E2E Tests	Start backend and database	2026-01-20T05:18:38.6366087Z  redis Pulling 
E2E Tests	Start backend and database	2026-01-20T05:18:38.6366415Z  postgres Pulling 
E2E Tests	Start backend and database	2026-01-20T05:18:39.7248542Z  f637881d1138 Pulling fs layer 
E2E Tests	Start backend and database	2026-01-20T05:18:39.7249263Z  60c57c0072ef Pulling fs layer 
E2E Tests	Start backend and database	2026-01-20T05:18:39.7249651Z  fc4343b4accd Pulling fs layer 
E2E Tests	Start backend and database	2026-01-20T05:18:39.7250055Z  380e8aa8b1fd Pulling fs layer 
E2E Tests	Start backend and database	2026-01-20T05:18:39.7250481Z  c70aae7b5e0d Pulling fs layer 
E2E Tests	Start backend and database	2026-01-20T05:18:39.7250898Z  232f7549c9b0 Pulling fs layer 
E2E Tests	Start backend and database	2026-01-20T05:18:39.7251280Z  4f4fb700ef54 Pulling fs layer 
E2E Tests	Start backend and database	2026-01-20T05:18:39.7251676Z  d75b3becd998 Pulling fs layer 
E2E Tests	Start backend and database	2026-01-20T05:18:39.7252055Z  c70aae7b5e0d Waiting 
E2E Tests	Start backend and database	2026-01-20T05:18:39.7252551Z  232f7549c9b0 Waiting 
E2E Tests	Start backend and database	2026-01-20T05:18:39.7253063Z  4f4fb700ef54 Waiting 
E2E Tests	Start backend and database	2026-01-20T05:18:39.7253490Z  d75b3becd998 Waiting 
E2E Tests	Start backend and database	2026-01-20T05:18:39.7253819Z  380e8aa8b1fd Waiting 
E2E Tests	Start backend and database	2026-01-20T05:18:39.7260862Z  1074353eec0d Pulling fs layer 
E2E Tests	Start backend and database	2026-01-20T05:18:39.7261279Z  d2e5feb410e8 Pulling fs layer 
E2E Tests	Start backend and database	2026-01-20T05:18:39.7261540Z  3048a283a433 Pulling fs layer 
E2E Tests	Start backend and database	2026-01-20T05:18:39.7261797Z  6fe79fe4410f Pulling fs layer 
E2E Tests	Start backend and database	2026-01-20T05:18:39.7262110Z  137ed19c6b80 Pulling fs layer 
E2E Tests	Start backend and database	2026-01-20T05:18:39.7262627Z  97b8e529965a Pulling fs layer 
E2E Tests	Start backend and database	2026-01-20T05:18:39.7263367Z  d2e5feb410e8 Waiting 
E2E Tests	Start backend and database	2026-01-20T05:18:39.7263947Z  6bfb940eb824 Pulling fs layer 
E2E Tests	Start backend and database	2026-01-20T05:18:39.7264750Z  e76f2995a422 Pulling fs layer 
E2E Tests	Start backend and database	2026-01-20T05:18:39.7265184Z  9582264a43c0 Pulling fs layer 
E2E Tests	Start backend and database	2026-01-20T05:18:39.7265547Z  3048a283a433 Waiting 
E2E Tests	Start backend and database	2026-01-20T05:18:39.7265895Z  d3a0dfeb7e38 Pulling fs layer 
E2E Tests	Start backend and database	2026-01-20T05:18:39.7266232Z  6fe79fe4410f Waiting 
E2E Tests	Start backend and database	2026-01-20T05:18:39.7266499Z  137ed19c6b80 Waiting 
E2E Tests	Start backend and database	2026-01-20T05:18:39.7267073Z  feb143896d95 Pulling fs layer 
E2E Tests	Start backend and database	2026-01-20T05:18:39.7267383Z  1074353eec0d Waiting 
E2E Tests	Start backend and database	2026-01-20T05:18:39.7267662Z  6bfb940eb824 Waiting 
E2E Tests	Start backend and database	2026-01-20T05:18:39.7267916Z  97b8e529965a Waiting 
E2E Tests	Start backend and database	2026-01-20T05:18:39.7268189Z  e76f2995a422 Waiting 
E2E Tests	Start backend and database	2026-01-20T05:18:39.7268465Z  d3a0dfeb7e38 Waiting 
E2E Tests	Start backend and database	2026-01-20T05:18:39.7268739Z  9582264a43c0 Waiting 
E2E Tests	Start backend and database	2026-01-20T05:18:39.7268997Z  feb143896d95 Waiting 
E2E Tests	Start backend and database	2026-01-20T05:18:39.9764437Z  60c57c0072ef Downloading [=================================================> ]     935B/947B
E2E Tests	Start backend and database	2026-01-20T05:18:39.9765752Z  60c57c0072ef Downloading [==================================================>]     947B/947B
E2E Tests	Start backend and database	2026-01-20T05:18:39.9766360Z  60c57c0072ef Verifying Checksum 
E2E Tests	Start backend and database	2026-01-20T05:18:39.9766678Z  60c57c0072ef Download complete 
E2E Tests	Start backend and database	2026-01-20T05:18:39.9920284Z  f637881d1138 Downloading [>                                                  ]  37.04kB/3.643MB
E2E Tests	Start backend and database	2026-01-20T05:18:39.9973096Z  fc4343b4accd Downloading [>                                                  ]  2.302kB/173.2kB
E2E Tests	Start backend and database	2026-01-20T05:18:40.0304161Z  fc4343b4accd Downloading [==================================================>]  173.2kB/173.2kB
E2E Tests	Start backend and database	2026-01-20T05:18:40.0304964Z  fc4343b4accd Verifying Checksum 
E2E Tests	Start backend and database	2026-01-20T05:18:40.0305503Z  fc4343b4accd Download complete 
E2E Tests	Start backend and database	2026-01-20T05:18:40.0820884Z  f637881d1138 Verifying Checksum 
E2E Tests	Start backend and database	2026-01-20T05:18:40.0821442Z  f637881d1138 Download complete 
E2E Tests	Start backend and database	2026-01-20T05:18:40.0827348Z  f637881d1138 Extracting [>                                                  ]  65.54kB/3.643MB
E2E Tests	Start backend and database	2026-01-20T05:18:40.1512888Z  f637881d1138 Extracting [==================================================>]  3.643MB/3.643MB
E2E Tests	Start backend and database	2026-01-20T05:18:40.1518138Z  f637881d1138 Extracting [==================================================>]  3.643MB/3.643MB
E2E Tests	Start backend and database	2026-01-20T05:18:40.1667074Z  f637881d1138 Pull complete 
E2E Tests	Start backend and database	2026-01-20T05:18:40.1683469Z  60c57c0072ef Extracting [==================================================>]     947B/947B
E2E Tests	Start backend and database	2026-01-20T05:18:40.1686903Z  60c57c0072ef Extracting [==================================================>]     947B/947B
E2E Tests	Start backend and database	2026-01-20T05:18:40.1838757Z  60c57c0072ef Pull complete 
E2E Tests	Start backend and database	2026-01-20T05:18:40.1850015Z  fc4343b4accd Extracting [=========>                                         ]  32.77kB/173.2kB
E2E Tests	Start backend and database	2026-01-20T05:18:40.1863314Z  fc4343b4accd Extracting [==================================================>]  173.2kB/173.2kB
E2E Tests	Start backend and database	2026-01-20T05:18:40.2037963Z  fc4343b4accd Extracting [==================================================>]  173.2kB/173.2kB
E2E Tests	Start backend and database	2026-01-20T05:18:40.2285332Z  380e8aa8b1fd Downloading [>                                                  ]  10.51kB/1.003MB
E2E Tests	Start backend and database	2026-01-20T05:18:40.2841260Z  fc4343b4accd Pull complete 
E2E Tests	Start backend and database	2026-01-20T05:18:40.2845166Z  380e8aa8b1fd Downloading [==================================================>]  1.003MB/1.003MB
E2E Tests	Start backend and database	2026-01-20T05:18:40.2845730Z  380e8aa8b1fd Verifying Checksum 
E2E Tests	Start backend and database	2026-01-20T05:18:40.2846134Z  380e8aa8b1fd Download complete 
E2E Tests	Start backend and database	2026-01-20T05:18:40.2853178Z  380e8aa8b1fd Extracting [=>                                                 ]  32.77kB/1.003MB
E2E Tests	Start backend and database	2026-01-20T05:18:40.2998138Z  c70aae7b5e0d Downloading [>                                                  ]  126.6kB/12.41MB
E2E Tests	Start backend and database	2026-01-20T05:18:40.3017350Z  380e8aa8b1fd Extracting [==================================================>]  1.003MB/1.003MB
E2E Tests	Start backend and database	2026-01-20T05:18:40.3020139Z  380e8aa8b1fd Extracting [==================================================>]  1.003MB/1.003MB
E2E Tests	Start backend and database	2026-01-20T05:18:40.3079237Z  380e8aa8b1fd Pull complete 
E2E Tests	Start backend and database	2026-01-20T05:18:40.3528293Z  232f7549c9b0 Downloading [==================================================>]     100B/100B
E2E Tests	Start backend and database	2026-01-20T05:18:40.3529046Z  232f7549c9b0 Verifying Checksum 
E2E Tests	Start backend and database	2026-01-20T05:18:40.3529423Z  232f7549c9b0 Download complete 
E2E Tests	Start backend and database	2026-01-20T05:18:40.4002989Z  c70aae7b5e0d Downloading [=======================================>           ]  9.815MB/12.41MB
E2E Tests	Start backend and database	2026-01-20T05:18:40.4099601Z  c70aae7b5e0d Verifying Checksum 
E2E Tests	Start backend and database	2026-01-20T05:18:40.4100115Z  c70aae7b5e0d Download complete 
E2E Tests	Start backend and database	2026-01-20T05:18:40.4111493Z  c70aae7b5e0d Extracting [>                                                  ]  131.1kB/12.41MB
E2E Tests	Start backend and database	2026-01-20T05:18:40.5114615Z  c70aae7b5e0d Extracting [==============================>                    ]  7.602MB/12.41MB
E2E Tests	Start backend and database	2026-01-20T05:18:40.5410210Z  4f4fb700ef54 Downloading [==================================================>]      32B/32B
E2E Tests	Start backend and database	2026-01-20T05:18:40.5411012Z  4f4fb700ef54 Verifying Checksum 
E2E Tests	Start backend and database	2026-01-20T05:18:40.5411478Z  4f4fb700ef54 Download complete 
E2E Tests	Start backend and database	2026-01-20T05:18:40.5666316Z  c70aae7b5e0d Extracting [==================================================>]  12.41MB/12.41MB
E2E Tests	Start backend and database	2026-01-20T05:18:40.5825835Z  c70aae7b5e0d Pull complete 
E2E Tests	Start backend and database	2026-01-20T05:18:40.5837562Z  232f7549c9b0 Extracting [==================================================>]     100B/100B
E2E Tests	Start backend and database	2026-01-20T05:18:40.5840971Z  232f7549c9b0 Extracting [==================================================>]     100B/100B
E2E Tests	Start backend and database	2026-01-20T05:18:40.5896057Z  232f7549c9b0 Pull complete 
E2E Tests	Start backend and database	2026-01-20T05:18:40.5906872Z  4f4fb700ef54 Extracting [==================================================>]      32B/32B
E2E Tests	Start backend and database	2026-01-20T05:18:40.5909405Z  4f4fb700ef54 Extracting [==================================================>]      32B/32B
E2E Tests	Start backend and database	2026-01-20T05:18:40.5970289Z  4f4fb700ef54 Pull complete 
E2E Tests	Start backend and database	2026-01-20T05:18:40.6120012Z  d75b3becd998 Downloading [==================================================>]     577B/577B
E2E Tests	Start backend and database	2026-01-20T05:18:40.6121208Z  d75b3becd998 Verifying Checksum 
E2E Tests	Start backend and database	2026-01-20T05:18:40.6121825Z  d75b3becd998 Download complete 
E2E Tests	Start backend and database	2026-01-20T05:18:40.6122797Z  d75b3becd998 Extracting [==================================================>]     577B/577B
E2E Tests	Start backend and database	2026-01-20T05:18:40.6127765Z  d75b3becd998 Extracting [==================================================>]     577B/577B
E2E Tests	Start backend and database	2026-01-20T05:18:40.6201503Z  d75b3becd998 Pull complete 
E2E Tests	Start backend and database	2026-01-20T05:18:40.6260562Z  redis Pulled 
E2E Tests	Start backend and database	2026-01-20T05:18:40.6723141Z  1074353eec0d Downloading [>                                                  ]  38.84kB/3.86MB
E2E Tests	Start backend and database	2026-01-20T05:18:40.7657540Z  1074353eec0d Verifying Checksum 
E2E Tests	Start backend and database	2026-01-20T05:18:40.7658042Z  1074353eec0d Download complete 
E2E Tests	Start backend and database	2026-01-20T05:18:40.7663963Z  1074353eec0d Extracting [>                                                  ]  65.54kB/3.86MB
E2E Tests	Start backend and database	2026-01-20T05:18:40.8088475Z  d2e5feb410e8 Downloading [================================================>  ]     935B/971B
E2E Tests	Start backend and database	2026-01-20T05:18:40.8090143Z  d2e5feb410e8 Downloading [==================================================>]     971B/971B
E2E Tests	Start backend and database	2026-01-20T05:18:40.8090786Z  d2e5feb410e8 Verifying Checksum 
E2E Tests	Start backend and database	2026-01-20T05:18:40.8091254Z  d2e5feb410e8 Download complete 
E2E Tests	Start backend and database	2026-01-20T05:18:40.8367621Z  1074353eec0d Extracting [==================================================>]   3.86MB/3.86MB
E2E Tests	Start backend and database	2026-01-20T05:18:40.8371760Z  1074353eec0d Extracting [==================================================>]   3.86MB/3.86MB
E2E Tests	Start backend and database	2026-01-20T05:18:40.8582738Z  1074353eec0d Pull complete 
E2E Tests	Start backend and database	2026-01-20T05:18:40.8595062Z  d2e5feb410e8 Extracting [==================================================>]     971B/971B
E2E Tests	Start backend and database	2026-01-20T05:18:40.8598392Z  d2e5feb410e8 Extracting [==================================================>]     971B/971B
E2E Tests	Start backend and database	2026-01-20T05:18:40.8690167Z  d2e5feb410e8 Pull complete 
E2E Tests	Start backend and database	2026-01-20T05:18:40.8705916Z  3048a283a433 Downloading [>                                                  ]  9.662kB/922.9kB
E2E Tests	Start backend and database	2026-01-20T05:18:40.9254820Z  3048a283a433 Downloading [==================================================>]  922.9kB/922.9kB
E2E Tests	Start backend and database	2026-01-20T05:18:40.9255545Z  3048a283a433 Verifying Checksum 
E2E Tests	Start backend and database	2026-01-20T05:18:40.9256003Z  3048a283a433 Download complete 
E2E Tests	Start backend and database	2026-01-20T05:18:40.9256686Z  3048a283a433 Extracting [=>                                                 ]  32.77kB/922.9kB
E2E Tests	Start backend and database	2026-01-20T05:18:40.9438791Z  3048a283a433 Extracting [==================================================>]  922.9kB/922.9kB
E2E Tests	Start backend and database	2026-01-20T05:18:40.9515460Z  3048a283a433 Pull complete 
E2E Tests	Start backend and database	2026-01-20T05:18:41.0457342Z  6fe79fe4410f Downloading [==================================================>]     172B/172B
E2E Tests	Start backend and database	2026-01-20T05:18:41.0459196Z  6fe79fe4410f Verifying Checksum 
E2E Tests	Start backend and database	2026-01-20T05:18:41.0459771Z  6fe79fe4410f Download complete 
E2E Tests	Start backend and database	2026-01-20T05:18:41.0460892Z  6fe79fe4410f Extracting [==================================================>]     172B/172B
E2E Tests	Start backend and database	2026-01-20T05:18:41.0468158Z  6fe79fe4410f Extracting [==================================================>]     172B/172B
E2E Tests	Start backend and database	2026-01-20T05:18:41.0545940Z  6fe79fe4410f Pull complete 
E2E Tests	Start backend and database	2026-01-20T05:18:41.0743819Z  137ed19c6b80 Downloading [==================================================>]     116B/116B
E2E Tests	Start backend and database	2026-01-20T05:18:41.0744847Z  137ed19c6b80 Verifying Checksum 
E2E Tests	Start backend and database	2026-01-20T05:18:41.0746327Z  137ed19c6b80 Extracting [==================================================>]     116B/116B
E2E Tests	Start backend and database	2026-01-20T05:18:41.0751222Z  137ed19c6b80 Extracting [==================================================>]     116B/116B
E2E Tests	Start backend and database	2026-01-20T05:18:41.0810177Z  137ed19c6b80 Pull complete 
E2E Tests	Start backend and database	2026-01-20T05:18:41.2404718Z  97b8e529965a Downloading [>                                                  ]  532.5kB/105.2MB
E2E Tests	Start backend and database	2026-01-20T05:18:41.3072265Z  6bfb940eb824 Downloading [====>                                              ]     934B/9.56kB
E2E Tests	Start backend and database	2026-01-20T05:18:41.3074143Z  6bfb940eb824 Downloading [==================================================>]   9.56kB/9.56kB
E2E Tests	Start backend and database	2026-01-20T05:18:41.3074913Z  6bfb940eb824 Verifying Checksum 
E2E Tests	Start backend and database	2026-01-20T05:18:41.3075370Z  6bfb940eb824 Download complete 
E2E Tests	Start backend and database	2026-01-20T05:18:41.3359805Z  e76f2995a422 Downloading [==================================================>]     128B/128B
E2E Tests	Start backend and database	2026-01-20T05:18:41.3360395Z  e76f2995a422 Download complete 
E2E Tests	Start backend and database	2026-01-20T05:18:41.3436695Z  97b8e529965a Downloading [========>                                          ]  18.15MB/105.2MB
E2E Tests	Start backend and database	2026-01-20T05:18:41.4456818Z  97b8e529965a Downloading [=====================>                             ]  45.37MB/105.2MB
E2E Tests	Start backend and database	2026-01-20T05:18:41.5464450Z  97b8e529965a Downloading [================================>                  ]  68.37MB/105.2MB
E2E Tests	Start backend and database	2026-01-20T05:18:41.5553295Z  9582264a43c0 Downloading [==================================================>]     170B/170B
E2E Tests	Start backend and database	2026-01-20T05:18:41.5554111Z  9582264a43c0 Download complete 
E2E Tests	Start backend and database	2026-01-20T05:18:41.5926348Z  d3a0dfeb7e38 Downloading [=======>                                           ]     933B/5.838kB
E2E Tests	Start backend and database	2026-01-20T05:18:41.5926935Z  d3a0dfeb7e38 Download complete 
E2E Tests	Start backend and database	2026-01-20T05:18:41.6473973Z  97b8e529965a Downloading [==========================================>        ]   90.2MB/105.2MB
E2E Tests	Start backend and database	2026-01-20T05:18:41.7069594Z  97b8e529965a Verifying Checksum 
E2E Tests	Start backend and database	2026-01-20T05:18:41.7070062Z  97b8e529965a Download complete 
E2E Tests	Start backend and database	2026-01-20T05:18:41.7147910Z  97b8e529965a Extracting [>                                                  ]  557.1kB/105.2MB
E2E Tests	Start backend and database	2026-01-20T05:18:41.8168665Z  97b8e529965a Extracting [===>                                               ]  6.685MB/105.2MB
E2E Tests	Start backend and database	2026-01-20T05:18:41.8416014Z  feb143896d95 Download complete 
E2E Tests	Start backend and database	2026-01-20T05:18:41.9185660Z  97b8e529965a Extracting [=======>                                           ]  16.15MB/105.2MB
E2E Tests	Start backend and database	2026-01-20T05:18:42.0191793Z  97b8e529965a Extracting [============>                                      ]  25.62MB/105.2MB
E2E Tests	Start backend and database	2026-01-20T05:18:42.1227141Z  97b8e529965a Extracting [================>                                  ]  35.09MB/105.2MB
E2E Tests	Start backend and database	2026-01-20T05:18:42.2248429Z  97b8e529965a Extracting [=====================>                             ]  44.56MB/105.2MB
E2E Tests	Start backend and database	2026-01-20T05:18:42.3301284Z  97b8e529965a Extracting [========================>                          ]  51.81MB/105.2MB
E2E Tests	Start backend and database	2026-01-20T05:18:42.4314990Z  97b8e529965a Extracting [============================>                      ]   59.6MB/105.2MB
E2E Tests	Start backend and database	2026-01-20T05:18:42.5346412Z  97b8e529965a Extracting [================================>                  ]  68.52MB/105.2MB
E2E Tests	Start backend and database	2026-01-20T05:18:42.6658020Z  97b8e529965a Extracting [===================================>               ]   75.2MB/105.2MB
E2E Tests	Start backend and database	2026-01-20T05:18:42.7679348Z  97b8e529965a Extracting [====================================>              ]  76.32MB/105.2MB
E2E Tests	Start backend and database	2026-01-20T05:18:42.8767326Z  97b8e529965a Extracting [======================================>            ]  80.77MB/105.2MB
E2E Tests	Start backend and database	2026-01-20T05:18:42.9809460Z  97b8e529965a Extracting [=========================================>         ]  86.34MB/105.2MB
E2E Tests	Start backend and database	2026-01-20T05:18:43.1162040Z  97b8e529965a Extracting [===========================================>       ]  92.47MB/105.2MB
E2E Tests	Start backend and database	2026-01-20T05:18:43.2202737Z  97b8e529965a Extracting [=================================================> ]  103.6MB/105.2MB
E2E Tests	Start backend and database	2026-01-20T05:18:43.2510156Z  97b8e529965a Extracting [==================================================>]  105.2MB/105.2MB
E2E Tests	Start backend and database	2026-01-20T05:18:43.7311356Z  97b8e529965a Pull complete 
E2E Tests	Start backend and database	2026-01-20T05:18:43.7320626Z  6bfb940eb824 Extracting [==================================================>]   9.56kB/9.56kB
E2E Tests	Start backend and database	2026-01-20T05:18:43.7324529Z  6bfb940eb824 Extracting [==================================================>]   9.56kB/9.56kB
E2E Tests	Start backend and database	2026-01-20T05:18:43.7414469Z  6bfb940eb824 Pull complete 
E2E Tests	Start backend and database	2026-01-20T05:18:43.7425144Z  e76f2995a422 Extracting [==================================================>]     128B/128B
E2E Tests	Start backend and database	2026-01-20T05:18:43.7427886Z  e76f2995a422 Extracting [==================================================>]     128B/128B
E2E Tests	Start backend and database	2026-01-20T05:18:43.7500402Z  e76f2995a422 Pull complete 
E2E Tests	Start backend and database	2026-01-20T05:18:43.7512581Z  9582264a43c0 Extracting [==================================================>]     170B/170B
E2E Tests	Start backend and database	2026-01-20T05:18:43.7514681Z  9582264a43c0 Extracting [==================================================>]     170B/170B
E2E Tests	Start backend and database	2026-01-20T05:18:43.7601664Z  9582264a43c0 Pull complete 
E2E Tests	Start backend and database	2026-01-20T05:18:43.7614267Z  d3a0dfeb7e38 Extracting [==================================================>]  5.838kB/5.838kB
E2E Tests	Start backend and database	2026-01-20T05:18:43.7617820Z  d3a0dfeb7e38 Extracting [==================================================>]  5.838kB/5.838kB
E2E Tests	Start backend and database	2026-01-20T05:18:43.7714551Z  d3a0dfeb7e38 Pull complete 
E2E Tests	Start backend and database	2026-01-20T05:18:43.7725069Z  feb143896d95 Extracting [==================================================>]     182B/182B
E2E Tests	Start backend and database	2026-01-20T05:18:43.7728063Z  feb143896d95 Extracting [==================================================>]     182B/182B
E2E Tests	Start backend and database	2026-01-20T05:18:43.7805119Z  feb143896d95 Pull complete 
E2E Tests	Start backend and database	2026-01-20T05:18:43.7860973Z  postgres Pulled 
E2E Tests	Start backend and database	2026-01-20T05:18:43.7884207Z  Network gracestowel-test-network  Creating
E2E Tests	Start backend and database	2026-01-20T05:18:43.8178223Z  Network gracestowel-test-network  Created
E2E Tests	Start backend and database	2026-01-20T05:18:43.8182809Z  Container gracestowel-postgres-test  Creating
E2E Tests	Start backend and database	2026-01-20T05:18:43.8183464Z  Container gracestowel-redis-test  Creating
E2E Tests	Start backend and database	2026-01-20T05:18:43.8364942Z  Container gracestowel-postgres-test  Created
E2E Tests	Start backend and database	2026-01-20T05:18:43.8375285Z  Container gracestowel-redis-test  Created
E2E Tests	Start backend and database	2026-01-20T05:18:43.8375929Z  Container gracestowel-backend-test  Creating
E2E Tests	Start backend and database	2026-01-20T05:18:43.8480817Z  Container gracestowel-backend-test  Created
E2E Tests	Start backend and database	2026-01-20T05:18:43.8490606Z  Container gracestowel-redis-test  Starting
E2E Tests	Start backend and database	2026-01-20T05:18:43.8491290Z  Container gracestowel-postgres-test  Starting
E2E Tests	Start backend and database	2026-01-20T05:18:43.9740994Z  Container gracestowel-postgres-test  Started
E2E Tests	Start backend and database	2026-01-20T05:18:43.9804909Z  Container gracestowel-redis-test  Started
E2E Tests	Start backend and database	2026-01-20T05:18:43.9805507Z  Container gracestowel-redis-test  Waiting
E2E Tests	Start backend and database	2026-01-20T05:18:43.9806088Z  Container gracestowel-postgres-test  Waiting
E2E Tests	Start backend and database	2026-01-20T05:18:49.4822661Z  Container gracestowel-postgres-test  Healthy
E2E Tests	Start backend and database	2026-01-20T05:18:49.4823448Z  Container gracestowel-redis-test  Healthy
E2E Tests	Start backend and database	2026-01-20T05:18:49.4823867Z  Container gracestowel-backend-test  Starting
E2E Tests	Start backend and database	2026-01-20T05:18:49.5935048Z  Container gracestowel-backend-test  Started
E2E Tests	Wait for backend to be ready	﻿2026-01-20T05:18:49.5986068Z ##[group]Run echo "Waiting for postgres..."
E2E Tests	Wait for backend to be ready	2026-01-20T05:18:49.5986437Z [36;1mecho "Waiting for postgres..."[0m
E2E Tests	Wait for backend to be ready	2026-01-20T05:18:49.5986998Z [36;1mtimeout 60 bash -c 'until docker compose -f docker-compose.test.yml exec -T postgres pg_isready -U medusa_test; do sleep 2; done'[0m
E2E Tests	Wait for backend to be ready	2026-01-20T05:18:49.5987535Z [36;1mecho "Postgres is ready"[0m
E2E Tests	Wait for backend to be ready	2026-01-20T05:18:49.5987767Z [36;1m[0m
E2E Tests	Wait for backend to be ready	2026-01-20T05:18:49.5987975Z [36;1mecho "Waiting for backend health check..."[0m
E2E Tests	Wait for backend to be ready	2026-01-20T05:18:49.5988572Z [36;1mtimeout 180 bash -c 'until docker compose -f docker-compose.test.yml exec -T backend curl -sf http://localhost:8080/health; do sleep 5; done'[0m
E2E Tests	Wait for backend to be ready	2026-01-20T05:18:49.5989288Z [36;1mecho "Backend health check passed"[0m
E2E Tests	Wait for backend to be ready	2026-01-20T05:18:49.5989535Z [36;1m[0m
E2E Tests	Wait for backend to be ready	2026-01-20T05:18:49.5989815Z [36;1mecho "Waiting for seed to complete (checking for publishable API key)..."[0m
E2E Tests	Wait for backend to be ready	2026-01-20T05:18:49.5990871Z [36;1mtimeout 120 bash -c 'until docker compose -f docker-compose.test.yml exec -T postgres psql -U medusa_test -d medusa_test -t -c "SELECT token FROM api_key WHERE type = '\''publishable'\'' LIMIT 1;" | grep -q "[a-zA-Z0-9]"; do echo "API key not found yet, waiting..."; sleep 5; done'[0m
E2E Tests	Wait for backend to be ready	2026-01-20T05:18:49.5991869Z [36;1mecho "Seed completed - API key found"[0m
E2E Tests	Wait for backend to be ready	2026-01-20T05:18:49.6012198Z shell: /usr/bin/bash -e {0}
E2E Tests	Wait for backend to be ready	2026-01-20T05:18:49.6012588Z env:
E2E Tests	Wait for backend to be ready	2026-01-20T05:18:49.6012762Z   NODE_VERSION: 24
E2E Tests	Wait for backend to be ready	2026-01-20T05:18:49.6013095Z   PNPM_HOME: /home/runner/setup-pnpm/node_modules/.bin
E2E Tests	Wait for backend to be ready	2026-01-20T05:18:49.6013385Z ##[endgroup]
E2E Tests	Wait for backend to be ready	2026-01-20T05:18:49.6051655Z Waiting for postgres...
E2E Tests	Wait for backend to be ready	2026-01-20T05:18:49.6846280Z time="2026-01-20T05:18:49Z" level=warning msg="The \"MEDUSA_PUBLISHABLE_KEY\" variable is not set. Defaulting to a blank string."
E2E Tests	Wait for backend to be ready	2026-01-20T05:18:49.6848103Z time="2026-01-20T05:18:49Z" level=warning msg="The \"MEDUSA_PUBLISHABLE_KEY\" variable is not set. Defaulting to a blank string."
E2E Tests	Wait for backend to be ready	2026-01-20T05:18:49.6849325Z time="2026-01-20T05:18:49Z" level=warning msg="The \"ADMIN_TOKEN\" variable is not set. Defaulting to a blank string."
E2E Tests	Wait for backend to be ready	2026-01-20T05:18:49.7441237Z /var/run/postgresql:5432 - accepting connections
E2E Tests	Wait for backend to be ready	2026-01-20T05:18:49.7489565Z Postgres is ready
E2E Tests	Wait for backend to be ready	2026-01-20T05:18:49.7490644Z Waiting for backend health check...
E2E Tests	Wait for backend to be ready	2026-01-20T05:18:49.8133305Z time="2026-01-20T05:18:49Z" level=warning msg="The \"MEDUSA_PUBLISHABLE_KEY\" variable is not set. Defaulting to a blank string."
E2E Tests	Wait for backend to be ready	2026-01-20T05:18:49.8136018Z time="2026-01-20T05:18:49Z" level=warning msg="The \"MEDUSA_PUBLISHABLE_KEY\" variable is not set. Defaulting to a blank string."
E2E Tests	Wait for backend to be ready	2026-01-20T05:18:49.8137732Z time="2026-01-20T05:18:49Z" level=warning msg="The \"ADMIN_TOKEN\" variable is not set. Defaulting to a blank string."
E2E Tests	Wait for backend to be ready	2026-01-20T05:18:55.0016286Z time="2026-01-20T05:18:55Z" level=warning msg="The \"MEDUSA_PUBLISHABLE_KEY\" variable is not set. Defaulting to a blank string."
E2E Tests	Wait for backend to be ready	2026-01-20T05:18:55.0017902Z time="2026-01-20T05:18:55Z" level=warning msg="The \"MEDUSA_PUBLISHABLE_KEY\" variable is not set. Defaulting to a blank string."
E2E Tests	Wait for backend to be ready	2026-01-20T05:18:55.0019310Z time="2026-01-20T05:18:55Z" level=warning msg="The \"ADMIN_TOKEN\" variable is not set. Defaulting to a blank string."
E2E Tests	Wait for backend to be ready	2026-01-20T05:19:00.1324267Z time="2026-01-20T05:19:00Z" level=warning msg="The \"MEDUSA_PUBLISHABLE_KEY\" variable is not set. Defaulting to a blank string."
E2E Tests	Wait for backend to be ready	2026-01-20T05:19:00.1326204Z time="2026-01-20T05:19:00Z" level=warning msg="The \"MEDUSA_PUBLISHABLE_KEY\" variable is not set. Defaulting to a blank string."
E2E Tests	Wait for backend to be ready	2026-01-20T05:19:00.1327375Z time="2026-01-20T05:19:00Z" level=warning msg="The \"ADMIN_TOKEN\" variable is not set. Defaulting to a blank string."
E2E Tests	Wait for backend to be ready	2026-01-20T05:19:05.2917240Z time="2026-01-20T05:19:05Z" level=warning msg="The \"MEDUSA_PUBLISHABLE_KEY\" variable is not set. Defaulting to a blank string."
E2E Tests	Wait for backend to be ready	2026-01-20T05:19:05.2920410Z time="2026-01-20T05:19:05Z" level=warning msg="The \"MEDUSA_PUBLISHABLE_KEY\" variable is not set. Defaulting to a blank string."
E2E Tests	Wait for backend to be ready	2026-01-20T05:19:05.2922076Z time="2026-01-20T05:19:05Z" level=warning msg="The \"ADMIN_TOKEN\" variable is not set. Defaulting to a blank string."
E2E Tests	Wait for backend to be ready	2026-01-20T05:19:10.4125124Z time="2026-01-20T05:19:10Z" level=warning msg="The \"MEDUSA_PUBLISHABLE_KEY\" variable is not set. Defaulting to a blank string."
E2E Tests	Wait for backend to be ready	2026-01-20T05:19:10.4127504Z time="2026-01-20T05:19:10Z" level=warning msg="The \"MEDUSA_PUBLISHABLE_KEY\" variable is not set. Defaulting to a blank string."
E2E Tests	Wait for backend to be ready	2026-01-20T05:19:10.4129783Z time="2026-01-20T05:19:10Z" level=warning msg="The \"ADMIN_TOKEN\" variable is not set. Defaulting to a blank string."
E2E Tests	Wait for backend to be ready	2026-01-20T05:19:15.5277992Z time="2026-01-20T05:19:15Z" level=warning msg="The \"MEDUSA_PUBLISHABLE_KEY\" variable is not set. Defaulting to a blank string."
E2E Tests	Wait for backend to be ready	2026-01-20T05:19:15.5279683Z time="2026-01-20T05:19:15Z" level=warning msg="The \"MEDUSA_PUBLISHABLE_KEY\" variable is not set. Defaulting to a blank string."
E2E Tests	Wait for backend to be ready	2026-01-20T05:19:15.5280591Z time="2026-01-20T05:19:15Z" level=warning msg="The \"ADMIN_TOKEN\" variable is not set. Defaulting to a blank string."
E2E Tests	Wait for backend to be ready	2026-01-20T05:19:15.5850243Z {"status":"healthy","service":"medusa-backend","timestamp":"2026-01-20T05:19:15.579Z","response_time_ms":3,"checks":{"database":{"status":"ok","latency_ms":2},"redis":{"status":"ok","latency_ms":3}}}Backend health check passed
E2E Tests	Wait for backend to be ready	2026-01-20T05:19:15.5851283Z Waiting for seed to complete (checking for publishable API key)...
E2E Tests	Wait for backend to be ready	2026-01-20T05:19:15.6399597Z time="2026-01-20T05:19:15Z" level=warning msg="The \"MEDUSA_PUBLISHABLE_KEY\" variable is not set. Defaulting to a blank string."
E2E Tests	Wait for backend to be ready	2026-01-20T05:19:15.6401074Z time="2026-01-20T05:19:15Z" level=warning msg="The \"MEDUSA_PUBLISHABLE_KEY\" variable is not set. Defaulting to a blank string."
E2E Tests	Wait for backend to be ready	2026-01-20T05:19:15.6401872Z time="2026-01-20T05:19:15Z" level=warning msg="The \"ADMIN_TOKEN\" variable is not set. Defaulting to a blank string."
E2E Tests	Wait for backend to be ready	2026-01-20T05:19:15.7049239Z Seed completed - API key found
E2E Tests	Get publishable API key from seeded database	﻿2026-01-20T05:19:15.7078992Z ##[group]Run API_KEY=$(docker compose -f docker-compose.test.yml exec -T postgres psql -U medusa_test -d medusa_test -t -c "SELECT token FROM api_key WHERE type = 'publishable' LIMIT 1;" | tr -d '[:space:]')
E2E Tests	Get publishable API key from seeded database	2026-01-20T05:19:15.7081019Z [36;1mAPI_KEY=$(docker compose -f docker-compose.test.yml exec -T postgres psql -U medusa_test -d medusa_test -t -c "SELECT token FROM api_key WHERE type = 'publishable' LIMIT 1;" | tr -d '[:space:]')[0m
E2E Tests	Get publishable API key from seeded database	2026-01-20T05:19:15.7081826Z [36;1mif [ -z "$API_KEY" ]; then[0m
E2E Tests	Get publishable API key from seeded database	2026-01-20T05:19:15.7082138Z [36;1m  echo "ERROR: No publishable API key found in database!"[0m
E2E Tests	Get publishable API key from seeded database	2026-01-20T05:19:15.7083204Z [36;1m  echo "Checking api_key table contents..."[0m
E2E Tests	Get publishable API key from seeded database	2026-01-20T05:19:15.7084192Z [36;1m  docker compose -f docker-compose.test.yml exec -T postgres psql -U medusa_test -d medusa_test -c "SELECT id, type, title, created_at FROM api_key;"[0m
E2E Tests	Get publishable API key from seeded database	2026-01-20T05:19:15.7085147Z [36;1m  exit 1[0m
E2E Tests	Get publishable API key from seeded database	2026-01-20T05:19:15.7085327Z [36;1mfi[0m
E2E Tests	Get publishable API key from seeded database	2026-01-20T05:19:15.7085583Z [36;1mecho "MEDUSA_PUBLISHABLE_KEY=${API_KEY}" >> $GITHUB_OUTPUT[0m
E2E Tests	Get publishable API key from seeded database	2026-01-20T05:19:15.7086011Z [36;1mecho "Retrieved API key: ${API_KEY:0:15}..."[0m
E2E Tests	Get publishable API key from seeded database	2026-01-20T05:19:15.7105109Z shell: /usr/bin/bash -e {0}
E2E Tests	Get publishable API key from seeded database	2026-01-20T05:19:15.7105375Z env:
E2E Tests	Get publishable API key from seeded database	2026-01-20T05:19:15.7105557Z   NODE_VERSION: 24
E2E Tests	Get publishable API key from seeded database	2026-01-20T05:19:15.7105808Z   PNPM_HOME: /home/runner/setup-pnpm/node_modules/.bin
E2E Tests	Get publishable API key from seeded database	2026-01-20T05:19:15.7106092Z ##[endgroup]
E2E Tests	Get publishable API key from seeded database	2026-01-20T05:19:15.7683073Z time="2026-01-20T05:19:15Z" level=warning msg="The \"MEDUSA_PUBLISHABLE_KEY\" variable is not set. Defaulting to a blank string."
E2E Tests	Get publishable API key from seeded database	2026-01-20T05:19:15.7684036Z time="2026-01-20T05:19:15Z" level=warning msg="The \"MEDUSA_PUBLISHABLE_KEY\" variable is not set. Defaulting to a blank string."
E2E Tests	Get publishable API key from seeded database	2026-01-20T05:19:15.7684836Z time="2026-01-20T05:19:15Z" level=warning msg="The \"ADMIN_TOKEN\" variable is not set. Defaulting to a blank string."
E2E Tests	Get publishable API key from seeded database	2026-01-20T05:19:15.8628194Z Retrieved API key: pk_d2a8b000e343...
E2E Tests	Start storefront with API key	﻿2026-01-20T05:19:15.8695385Z ##[group]Run docker compose -f docker-compose.test.yml up -d storefront
E2E Tests	Start storefront with API key	2026-01-20T05:19:15.8696178Z [36;1mdocker compose -f docker-compose.test.yml up -d storefront[0m
E2E Tests	Start storefront with API key	2026-01-20T05:19:15.8725264Z shell: /usr/bin/bash -e {0}
E2E Tests	Start storefront with API key	2026-01-20T05:19:15.8725701Z env:
E2E Tests	Start storefront with API key	2026-01-20T05:19:15.8726013Z   NODE_VERSION: 24
E2E Tests	Start storefront with API key	2026-01-20T05:19:15.8726427Z   PNPM_HOME: /home/runner/setup-pnpm/node_modules/.bin
E2E Tests	Start storefront with API key	2026-01-20T05:19:15.8727244Z   MEDUSA_PUBLISHABLE_KEY: pk_d2a8b000e3439b66136b2d4039823ba4e5fc72aac242afc7dc3ffc503caea547
E2E Tests	Start storefront with API key	2026-01-20T05:19:15.8728269Z   JWT_SECRET: test-secret-must-be-at-least-32-characters-long-for-security
E2E Tests	Start storefront with API key	2026-01-20T05:19:15.8728881Z ##[endgroup]
E2E Tests	Start storefront with API key	2026-01-20T05:19:15.9356301Z time="2026-01-20T05:19:15Z" level=warning msg="The \"ADMIN_TOKEN\" variable is not set. Defaulting to a blank string."
E2E Tests	Start storefront with API key	2026-01-20T05:19:15.9518035Z  Container gracestowel-redis-test  Running
E2E Tests	Start storefront with API key	2026-01-20T05:19:15.9518759Z  Container gracestowel-postgres-test  Running
E2E Tests	Start storefront with API key	2026-01-20T05:19:15.9519624Z  Container gracestowel-backend-test  Running
E2E Tests	Start storefront with API key	2026-01-20T05:19:15.9520238Z  Container gracestowel-storefront-test  Creating
E2E Tests	Start storefront with API key	2026-01-20T05:19:15.9693617Z  Container gracestowel-storefront-test  Created
E2E Tests	Start storefront with API key	2026-01-20T05:19:15.9726736Z  Container gracestowel-postgres-test  Waiting
E2E Tests	Start storefront with API key	2026-01-20T05:19:15.9727226Z  Container gracestowel-redis-test  Waiting
E2E Tests	Start storefront with API key	2026-01-20T05:19:16.4744872Z  Container gracestowel-redis-test  Healthy
E2E Tests	Start storefront with API key	2026-01-20T05:19:16.4745564Z  Container gracestowel-postgres-test  Healthy
E2E Tests	Start storefront with API key	2026-01-20T05:19:16.4746038Z  Container gracestowel-backend-test  Waiting
E2E Tests	Start storefront with API key	2026-01-20T05:19:16.9758421Z  Container gracestowel-backend-test  Healthy
E2E Tests	Start storefront with API key	2026-01-20T05:19:16.9759306Z  Container gracestowel-storefront-test  Starting
E2E Tests	Start storefront with API key	2026-01-20T05:19:17.0802781Z  Container gracestowel-storefront-test  Started
E2E Tests	Wait for storefront to be ready	﻿2026-01-20T05:19:17.0871677Z ##[group]Run echo "Waiting for storefront..."
E2E Tests	Wait for storefront to be ready	2026-01-20T05:19:17.0872016Z [36;1mecho "Waiting for storefront..."[0m
E2E Tests	Wait for storefront to be ready	2026-01-20T05:19:17.0873274Z [36;1mtimeout 120 bash -c 'until docker compose -f docker-compose.test.yml exec -T storefront curl -sf http://localhost:5173/ -o /dev/null; do sleep 5; done'[0m
E2E Tests	Wait for storefront to be ready	2026-01-20T05:19:17.0873928Z [36;1mecho "Storefront is ready"[0m
E2E Tests	Wait for storefront to be ready	2026-01-20T05:19:17.0895889Z shell: /usr/bin/bash -e {0}
E2E Tests	Wait for storefront to be ready	2026-01-20T05:19:17.0896142Z env:
E2E Tests	Wait for storefront to be ready	2026-01-20T05:19:17.0896319Z   NODE_VERSION: 24
E2E Tests	Wait for storefront to be ready	2026-01-20T05:19:17.0896574Z   PNPM_HOME: /home/runner/setup-pnpm/node_modules/.bin
E2E Tests	Wait for storefront to be ready	2026-01-20T05:19:17.0896863Z ##[endgroup]
E2E Tests	Wait for storefront to be ready	2026-01-20T05:19:17.0933375Z Waiting for storefront...
E2E Tests	Wait for storefront to be ready	2026-01-20T05:19:17.1504460Z time="2026-01-20T05:19:17Z" level=warning msg="The \"MEDUSA_PUBLISHABLE_KEY\" variable is not set. Defaulting to a blank string."
E2E Tests	Wait for storefront to be ready	2026-01-20T05:19:17.1505363Z time="2026-01-20T05:19:17Z" level=warning msg="The \"ADMIN_TOKEN\" variable is not set. Defaulting to a blank string."
E2E Tests	Wait for storefront to be ready	2026-01-20T05:19:17.1506818Z time="2026-01-20T05:19:17Z" level=warning msg="The \"MEDUSA_PUBLISHABLE_KEY\" variable is not set. Defaulting to a blank string."
E2E Tests	Wait for storefront to be ready	2026-01-20T05:19:22.3140785Z time="2026-01-20T05:19:22Z" level=warning msg="The \"MEDUSA_PUBLISHABLE_KEY\" variable is not set. Defaulting to a blank string."
E2E Tests	Wait for storefront to be ready	2026-01-20T05:19:22.3142320Z time="2026-01-20T05:19:22Z" level=warning msg="The \"MEDUSA_PUBLISHABLE_KEY\" variable is not set. Defaulting to a blank string."
E2E Tests	Wait for storefront to be ready	2026-01-20T05:19:22.3145762Z time="2026-01-20T05:19:22Z" level=warning msg="The \"ADMIN_TOKEN\" variable is not set. Defaulting to a blank string."
E2E Tests	Wait for storefront to be ready	2026-01-20T05:19:22.4120078Z Storefront is ready
E2E Tests	Debug - Check container status	﻿2026-01-20T05:19:22.4164492Z ##[group]Run docker compose -f docker-compose.test.yml ps -a
E2E Tests	Debug - Check container status	2026-01-20T05:19:22.4176263Z [36;1mdocker compose -f docker-compose.test.yml ps -a[0m
E2E Tests	Debug - Check container status	2026-01-20T05:19:22.4176745Z [36;1mecho "--- Testing storefront from inside container ---"[0m
E2E Tests	Debug - Check container status	2026-01-20T05:19:22.4177567Z [36;1mdocker compose -f docker-compose.test.yml exec -T storefront curl -sf http://localhost:5173/ -o /dev/null && echo "Storefront responding" || echo "Storefront not responding"[0m
E2E Tests	Debug - Check container status	2026-01-20T05:19:22.4197089Z shell: /usr/bin/bash -e {0}
E2E Tests	Debug - Check container status	2026-01-20T05:19:22.4197360Z env:
E2E Tests	Debug - Check container status	2026-01-20T05:19:22.4197563Z   NODE_VERSION: 24
E2E Tests	Debug - Check container status	2026-01-20T05:19:22.4197814Z   PNPM_HOME: /home/runner/setup-pnpm/node_modules/.bin
E2E Tests	Debug - Check container status	2026-01-20T05:19:22.4198108Z ##[endgroup]
E2E Tests	Debug - Check container status	2026-01-20T05:19:22.4853730Z time="2026-01-20T05:19:22Z" level=warning msg="The \"ADMIN_TOKEN\" variable is not set. Defaulting to a blank string."
E2E Tests	Debug - Check container status	2026-01-20T05:19:22.4854666Z time="2026-01-20T05:19:22Z" level=warning msg="The \"MEDUSA_PUBLISHABLE_KEY\" variable is not set. Defaulting to a blank string."
E2E Tests	Debug - Check container status	2026-01-20T05:19:22.4861143Z time="2026-01-20T05:19:22Z" level=warning msg="The \"MEDUSA_PUBLISHABLE_KEY\" variable is not set. Defaulting to a blank string."
E2E Tests	Debug - Check container status	2026-01-20T05:19:22.5023906Z NAME                          IMAGE                    COMMAND                  SERVICE      CREATED          STATUS                    PORTS
E2E Tests	Debug - Check container status	2026-01-20T05:19:22.5026628Z gracestowel-backend-test      gracestowel-backend      "docker-entrypoint.s…"   backend      39 seconds ago   Up 33 seconds (healthy)   0.0.0.0:9001->8080/tcp, [::]:9001->8080/tcp
E2E Tests	Debug - Check container status	2026-01-20T05:19:22.5029826Z gracestowel-postgres-test     postgres:16-alpine       "docker-entrypoint.s…"   postgres     39 seconds ago   Up 38 seconds (healthy)   0.0.0.0:5433->5432/tcp, [::]:5433->5432/tcp
E2E Tests	Debug - Check container status	2026-01-20T05:19:22.5032560Z gracestowel-redis-test        redis:7-alpine           "docker-entrypoint.s…"   redis        39 seconds ago   Up 38 seconds (healthy)   0.0.0.0:6380->6379/tcp, [::]:6380->6379/tcp
E2E Tests	Debug - Check container status	2026-01-20T05:19:22.5035109Z gracestowel-storefront-test   gracestowel-storefront   "/app/generate-dev-v…"   storefront   7 seconds ago    Up 5 seconds (healthy)    0.0.0.0:5174->5173/tcp, [::]:5174->5173/tcp
E2E Tests	Debug - Check container status	2026-01-20T05:19:22.5052152Z --- Testing storefront from inside container ---
E2E Tests	Debug - Check container status	2026-01-20T05:19:22.5586852Z time="2026-01-20T05:19:22Z" level=warning msg="The \"MEDUSA_PUBLISHABLE_KEY\" variable is not set. Defaulting to a blank string."
E2E Tests	Debug - Check container status	2026-01-20T05:19:22.5588609Z time="2026-01-20T05:19:22Z" level=warning msg="The \"MEDUSA_PUBLISHABLE_KEY\" variable is not set. Defaulting to a blank string."
E2E Tests	Debug - Check container status	2026-01-20T05:19:22.5590233Z time="2026-01-20T05:19:22Z" level=warning msg="The \"ADMIN_TOKEN\" variable is not set. Defaulting to a blank string."
E2E Tests	Debug - Check container status	2026-01-20T05:19:22.6509569Z Storefront responding
E2E Tests	Show backend container logs	﻿2026-01-20T05:19:22.6547260Z ##[group]Run docker compose -f docker-compose.test.yml logs backend
E2E Tests	Show backend container logs	2026-01-20T05:19:22.6548048Z [36;1mdocker compose -f docker-compose.test.yml logs backend[0m
E2E Tests	Show backend container logs	2026-01-20T05:19:22.6571154Z shell: /usr/bin/bash -e {0}
E2E Tests	Show backend container logs	2026-01-20T05:19:22.6571402Z env:
E2E Tests	Show backend container logs	2026-01-20T05:19:22.6571574Z   NODE_VERSION: 24
E2E Tests	Show backend container logs	2026-01-20T05:19:22.6571828Z   PNPM_HOME: /home/runner/setup-pnpm/node_modules/.bin
E2E Tests	Show backend container logs	2026-01-20T05:19:22.6572115Z ##[endgroup]
E2E Tests	Show backend container logs	2026-01-20T05:19:22.7148665Z time="2026-01-20T05:19:22Z" level=warning msg="The \"ADMIN_TOKEN\" variable is not set. Defaulting to a blank string."
E2E Tests	Show backend container logs	2026-01-20T05:19:22.7150262Z time="2026-01-20T05:19:22Z" level=warning msg="The \"MEDUSA_PUBLISHABLE_KEY\" variable is not set. Defaulting to a blank string."
E2E Tests	Show backend container logs	2026-01-20T05:19:22.7165892Z time="2026-01-20T05:19:22Z" level=warning msg="The \"MEDUSA_PUBLISHABLE_KEY\" variable is not set. Defaulting to a blank string."
E2E Tests	Show backend container logs	2026-01-20T05:19:22.7302807Z gracestowel-backend-test  | Running database migrations...
E2E Tests	Show backend container logs	2026-01-20T05:19:22.7305133Z gracestowel-backend-test  | 
E2E Tests	Show backend container logs	2026-01-20T05:19:22.7306299Z gracestowel-backend-test  | > @gracestowel/backend@0.0.1 migrate /repo/apps/backend
E2E Tests	Show backend container logs	2026-01-20T05:19:22.7310048Z gracestowel-backend-test  | > medusa db:migrate
E2E Tests	Show backend container logs	2026-01-20T05:19:22.7310647Z gracestowel-backend-test  | 
E2E Tests	Show backend container logs	2026-01-20T05:19:22.7313242Z gracestowel-backend-test  | {"level":"info","message":"No link to load from /repo/node_modules/.pnpm/@medusajs+draft-order@2.12.5_@medusajs+admin-sdk@2.12.5_@medusajs+cli@2.12.5_@types+node@25.0_4ynalb74y4qylfj3viabw5uise/node_modules/@medusajs/draft-order/.medusa/server/src/links. skipped.","timestamp":"2026-01-20 05:18:51"}
E2E Tests	Show backend container logs	2026-01-20T05:19:22.7315736Z gracestowel-backend-test  | {"level":"info","message":"Running migrations...","timestamp":"2026-01-20 05:18:51"}
E2E Tests	Show backend container logs	2026-01-20T05:19:22.7317324Z gracestowel-backend-test  | {"level":"info","message":"Creating migrations table 'mikro_orm_migrations'...","timestamp":"2026-01-20 05:18:51"}
E2E Tests	Show backend container logs	2026-01-20T05:19:22.7319005Z gracestowel-backend-test  | {"level":"info","message":"Migrations table created successfully","timestamp":"2026-01-20 05:18:51"}
E2E Tests	Show backend container logs	2026-01-20T05:19:22.7320505Z gracestowel-backend-test  | [CRITICAL] PAYMENT_CAPTURE_DELAY_MS environment variable is missing. Using default of 59:30.
E2E Tests	Show backend container logs	2026-01-20T05:19:22.7321845Z gracestowel-backend-test  | {"level":"info","message":"","timestamp":"2026-01-20 05:18:52"}
E2E Tests	Show backend container logs	2026-01-20T05:19:22.7322913Z gracestowel-backend-test  | {"level":"info","message":"","timestamp":"2026-01-20 05:18:52"}
E2E Tests	Show backend container logs	2026-01-20T05:19:22.7323938Z gracestowel-backend-test  | {"level":"info","message":"MODULE: stock_location","timestamp":"2026-01-20 05:18:52"}
E2E Tests	Show backend container logs	2026-01-20T05:19:22.7325757Z gracestowel-backend-test  | {"level":"info","message":"  ● Migrating Migration20240307161216","timestamp":"2026-01-20 05:18:53"}
E2E Tests	Show backend container logs	2026-01-20T05:19:22.7327819Z gracestowel-backend-test  | {"level":"info","message":"  ✔ Migrated Migration20240307161216","timestamp":"2026-01-20 05:18:53"}
E2E Tests	Show backend container logs	2026-01-20T05:19:22.7329498Z gracestowel-backend-test  | {"level":"info","message":"  ● Migrating Migration20241210073813","timestamp":"2026-01-20 05:18:53"}
E2E Tests	Show backend container logs	2026-01-20T05:19:22.7331202Z gracestowel-backend-test  | {"level":"info","message":"  ✔ Migrated Migration20241210073813","timestamp":"2026-01-20 05:18:53"}
E2E Tests	Show backend container logs	2026-01-20T05:19:22.7333377Z gracestowel-backend-test  | {"level":"info","message":"  ● Migrating Migration20250106142624","timestamp":"2026-01-20 05:18:53"}
E2E Tests	Show backend container logs	2026-01-20T05:19:22.7335070Z gracestowel-backend-test  | {"level":"info","message":"  ✔ Migrated Migration20250106142624","timestamp":"2026-01-20 05:18:53"}
E2E Tests	Show backend container logs	2026-01-20T05:19:22.7335994Z gracestowel-backend-test  | {"level":"info","message":"  ● Migrating Migration20250120110820","timestamp":"2026-01-20 05:18:53"}
E2E Tests	Show backend container logs	2026-01-20T05:19:22.7336918Z gracestowel-backend-test  | {"level":"info","message":"  ✔ Migrated Migration20250120110820","timestamp":"2026-01-20 05:18:53"}
E2E Tests	Show backend container logs	2026-01-20T05:19:22.7337716Z gracestowel-backend-test  | {"level":"info","message":"Completed successfully","timestamp":"2026-01-20 05:18:53"}
E2E Tests	Show backend container logs	2026-01-20T05:19:22.7338393Z gracestowel-backend-test  | {"level":"info","message":"","timestamp":"2026-01-20 05:18:53"}
E2E Tests	Show backend container logs	2026-01-20T05:19:22.7339176Z gracestowel-backend-test  | {"level":"info","message":"","timestamp":"2026-01-20 05:18:53"}
E2E Tests	Show backend container logs	2026-01-20T05:19:22.7339845Z gracestowel-backend-test  | {"level":"info","message":"MODULE: inventory","timestamp":"2026-01-20 05:18:53"}
E2E Tests	Show backend container logs	2026-01-20T05:19:22.7340724Z gracestowel-backend-test  | {"level":"info","message":"  ● Migrating Migration20240307132720","timestamp":"2026-01-20 05:18:53"}
E2E Tests	Show backend container logs	2026-01-20T05:19:22.7341710Z gracestowel-backend-test  | {"level":"info","message":"  ✔ Migrated Migration20240307132720","timestamp":"2026-01-20 05:18:53"}
E2E Tests	Show backend container logs	2026-01-20T05:19:22.7343419Z gracestowel-backend-test  | {"level":"info","message":"  ● Migrating Migration20240719123015","timestamp":"2026-01-20 05:18:53"}
E2E Tests	Show backend container logs	2026-01-20T05:19:22.7344695Z gracestowel-backend-test  | {"level":"info","message":"  ✔ Migrated Migration20240719123015","timestamp":"2026-01-20 05:18:53"}
E2E Tests	Show backend container logs	2026-01-20T05:19:22.7345631Z gracestowel-backend-test  | {"level":"info","message":"  ● Migrating Migration20241213063611","timestamp":"2026-01-20 05:18:53"}
E2E Tests	Show backend container logs	2026-01-20T05:19:22.7346558Z gracestowel-backend-test  | {"level":"info","message":"  ✔ Migrated Migration20241213063611","timestamp":"2026-01-20 05:18:53"}
E2E Tests	Show backend container logs	2026-01-20T05:19:22.7347487Z gracestowel-backend-test  | {"level":"info","message":"  ● Migrating Migration20251010131115","timestamp":"2026-01-20 05:18:53"}
E2E Tests	Show backend container logs	2026-01-20T05:19:22.7348398Z gracestowel-backend-test  | {"level":"info","message":"  ✔ Migrated Migration20251010131115","timestamp":"2026-01-20 05:18:53"}
E2E Tests	Show backend container logs	2026-01-20T05:19:22.7349180Z gracestowel-backend-test  | {"level":"info","message":"Completed successfully","timestamp":"2026-01-20 05:18:53"}
E2E Tests	Show backend container logs	2026-01-20T05:19:22.7349857Z gracestowel-backend-test  | {"level":"info","message":"","timestamp":"2026-01-20 05:18:53"}
E2E Tests	Show backend container logs	2026-01-20T05:19:22.7350454Z gracestowel-backend-test  | {"level":"info","message":"","timestamp":"2026-01-20 05:18:53"}
E2E Tests	Show backend container logs	2026-01-20T05:19:22.7351107Z gracestowel-backend-test  | {"level":"info","message":"MODULE: product","timestamp":"2026-01-20 05:18:53"}
E2E Tests	Show backend container logs	2026-01-20T05:19:22.7352004Z gracestowel-backend-test  | {"level":"info","message":"  ● Migrating InitialSetup20240401153642","timestamp":"2026-01-20 05:18:53"}
E2E Tests	Show backend container logs	2026-01-20T05:19:22.7353544Z gracestowel-backend-test  | {"level":"info","message":"  ✔ Migrated InitialSetup20240401153642","timestamp":"2026-01-20 05:18:53"}
E2E Tests	Show backend container logs	2026-01-20T05:19:22.7355186Z gracestowel-backend-test  | {"level":"info","message":"  ● Migrating Migration20240601111544","timestamp":"2026-01-20 05:18:53"}
E2E Tests	Show backend container logs	2026-01-20T05:19:22.7356566Z gracestowel-backend-test  | {"level":"info","message":"  ✔ Migrated Migration20240601111544","timestamp":"2026-01-20 05:18:53"}
E2E Tests	Show backend container logs	2026-01-20T05:19:22.7357663Z gracestowel-backend-test  | {"level":"info","message":"  ● Migrating Migration202408271511","timestamp":"2026-01-20 05:18:53"}
E2E Tests	Show backend container logs	2026-01-20T05:19:22.7358713Z gracestowel-backend-test  | {"level":"info","message":"  ✔ Migrated Migration202408271511","timestamp":"2026-01-20 05:18:53"}
E2E Tests	Show backend container logs	2026-01-20T05:19:22.7359673Z gracestowel-backend-test  | {"level":"info","message":"  ● Migrating Migration20241122120331","timestamp":"2026-01-20 05:18:53"}
E2E Tests	Show backend container logs	2026-01-20T05:19:22.7360587Z gracestowel-backend-test  | {"level":"info","message":"  ✔ Migrated Migration20241122120331","timestamp":"2026-01-20 05:18:53"}
E2E Tests	Show backend container logs	2026-01-20T05:19:22.7361503Z gracestowel-backend-test  | {"level":"info","message":"  ● Migrating Migration20241125090957","timestamp":"2026-01-20 05:18:53"}
E2E Tests	Show backend container logs	2026-01-20T05:19:22.7362580Z gracestowel-backend-test  | {"level":"info","message":"  ✔ Migrated Migration20241125090957","timestamp":"2026-01-20 05:18:53"}
E2E Tests	Show backend container logs	2026-01-20T05:19:22.7363515Z gracestowel-backend-test  | {"level":"info","message":"  ● Migrating Migration20250411073236","timestamp":"2026-01-20 05:18:53"}
E2E Tests	Show backend container logs	2026-01-20T05:19:22.7364454Z gracestowel-backend-test  | {"level":"info","message":"  ✔ Migrated Migration20250411073236","timestamp":"2026-01-20 05:18:53"}
E2E Tests	Show backend container logs	2026-01-20T05:19:22.7365370Z gracestowel-backend-test  | {"level":"info","message":"  ● Migrating Migration20250516081326","timestamp":"2026-01-20 05:18:53"}
E2E Tests	Show backend container logs	2026-01-20T05:19:22.7366403Z gracestowel-backend-test  | {"level":"info","message":"  ✔ Migrated Migration20250516081326","timestamp":"2026-01-20 05:18:53"}
E2E Tests	Show backend container logs	2026-01-20T05:19:22.7367318Z gracestowel-backend-test  | {"level":"info","message":"  ● Migrating Migration20250910154539","timestamp":"2026-01-20 05:18:53"}
E2E Tests	Show backend container logs	2026-01-20T05:19:22.7368231Z gracestowel-backend-test  | {"level":"info","message":"  ✔ Migrated Migration20250910154539","timestamp":"2026-01-20 05:18:53"}
E2E Tests	Show backend container logs	2026-01-20T05:19:22.7369144Z gracestowel-backend-test  | {"level":"info","message":"  ● Migrating Migration20250911092221","timestamp":"2026-01-20 05:18:53"}
E2E Tests	Show backend container logs	2026-01-20T05:19:22.7370064Z gracestowel-backend-test  | {"level":"info","message":"  ✔ Migrated Migration20250911092221","timestamp":"2026-01-20 05:18:53"}
E2E Tests	Show backend container logs	2026-01-20T05:19:22.7370980Z gracestowel-backend-test  | {"level":"info","message":"  ● Migrating Migration20250929204438","timestamp":"2026-01-20 05:18:53"}
E2E Tests	Show backend container logs	2026-01-20T05:19:22.7371896Z gracestowel-backend-test  | {"level":"info","message":"  ✔ Migrated Migration20250929204438","timestamp":"2026-01-20 05:18:53"}
E2E Tests	Show backend container logs	2026-01-20T05:19:22.7372928Z gracestowel-backend-test  | {"level":"info","message":"  ● Migrating Migration20251008132218","timestamp":"2026-01-20 05:18:53"}
E2E Tests	Show backend container logs	2026-01-20T05:19:22.7373844Z gracestowel-backend-test  | {"level":"info","message":"  ✔ Migrated Migration20251008132218","timestamp":"2026-01-20 05:18:53"}
E2E Tests	Show backend container logs	2026-01-20T05:19:22.7374762Z gracestowel-backend-test  | {"level":"info","message":"  ● Migrating Migration20251011090511","timestamp":"2026-01-20 05:18:53"}
E2E Tests	Show backend container logs	2026-01-20T05:19:22.7375672Z gracestowel-backend-test  | {"level":"info","message":"  ✔ Migrated Migration20251011090511","timestamp":"2026-01-20 05:18:53"}
E2E Tests	Show backend container logs	2026-01-20T05:19:22.7376455Z gracestowel-backend-test  | {"level":"info","message":"Completed successfully","timestamp":"2026-01-20 05:18:53"}
E2E Tests	Show backend container logs	2026-01-20T05:19:22.7377113Z gracestowel-backend-test  | {"level":"info","message":"","timestamp":"2026-01-20 05:18:53"}
E2E Tests	Show backend container logs	2026-01-20T05:19:22.7377722Z gracestowel-backend-test  | {"level":"info","message":"","timestamp":"2026-01-20 05:18:53"}
E2E Tests	Show backend container logs	2026-01-20T05:19:22.7378381Z gracestowel-backend-test  | {"level":"info","message":"MODULE: pricing","timestamp":"2026-01-20 05:18:53"}
E2E Tests	Show backend container logs	2026-01-20T05:19:22.7379243Z gracestowel-backend-test  | {"level":"info","message":"  ● Migrating Migration20230929122253","timestamp":"2026-01-20 05:18:53"}
E2E Tests	Show backend container logs	2026-01-20T05:19:22.7380157Z gracestowel-backend-test  | {"level":"info","message":"  ✔ Migrated Migration20230929122253","timestamp":"2026-01-20 05:18:53"}
E2E Tests	Show backend container logs	2026-01-20T05:19:22.7381069Z gracestowel-backend-test  | {"level":"info","message":"  ● Migrating Migration20240322094407","timestamp":"2026-01-20 05:18:53"}
E2E Tests	Show backend container logs	2026-01-20T05:19:22.7382064Z gracestowel-backend-test  | {"level":"info","message":"  ✔ Migrated Migration20240322094407","timestamp":"2026-01-20 05:18:53"}
E2E Tests	Show backend container logs	2026-01-20T05:19:22.7383084Z gracestowel-backend-test  | {"level":"info","message":"  ● Migrating Migration20240322113359","timestamp":"2026-01-20 05:18:53"}
E2E Tests	Show backend container logs	2026-01-20T05:19:22.7384014Z gracestowel-backend-test  | {"level":"info","message":"  ✔ Migrated Migration20240322113359","timestamp":"2026-01-20 05:18:53"}
E2E Tests	Show backend container logs	2026-01-20T05:19:22.7384932Z gracestowel-backend-test  | {"level":"info","message":"  ● Migrating Migration20240322120125","timestamp":"2026-01-20 05:18:53"}
E2E Tests	Show backend container logs	2026-01-20T05:19:22.7385852Z gracestowel-backend-test  | {"level":"info","message":"  ✔ Migrated Migration20240322120125","timestamp":"2026-01-20 05:18:53"}
E2E Tests	Show backend container logs	2026-01-20T05:19:22.7386768Z gracestowel-backend-test  | {"level":"info","message":"  ● Migrating Migration20240626133555","timestamp":"2026-01-20 05:18:53"}
E2E Tests	Show backend container logs	2026-01-20T05:19:22.7387685Z gracestowel-backend-test  | {"level":"info","message":"  ✔ Migrated Migration20240626133555","timestamp":"2026-01-20 05:18:53"}
E2E Tests	Show backend container logs	2026-01-20T05:19:22.7388607Z gracestowel-backend-test  | {"level":"info","message":"  ● Migrating Migration20240704094505","timestamp":"2026-01-20 05:18:53"}
E2E Tests	Show backend container logs	2026-01-20T05:19:22.7389524Z gracestowel-backend-test  | {"level":"info","message":"  ✔ Migrated Migration20240704094505","timestamp":"2026-01-20 05:18:53"}
E2E Tests	Show backend container logs	2026-01-20T05:19:22.7390517Z gracestowel-backend-test  | {"level":"info","message":"  ● Migrating Migration20241127114534","timestamp":"2026-01-20 05:18:53"}
E2E Tests	Show backend container logs	2026-01-20T05:19:22.7391428Z gracestowel-backend-test  | {"level":"info","message":"  ✔ Migrated Migration20241127114534","timestamp":"2026-01-20 05:18:53"}
E2E Tests	Show backend container logs	2026-01-20T05:19:22.7392507Z gracestowel-backend-test  | {"level":"info","message":"  ● Migrating Migration20241127223829","timestamp":"2026-01-20 05:18:53"}
E2E Tests	Show backend container logs	2026-01-20T05:19:22.7393695Z gracestowel-backend-test  | {"level":"info","message":"  ✔ Migrated Migration20241127223829","timestamp":"2026-01-20 05:18:53"}
E2E Tests	Show backend container logs	2026-01-20T05:19:22.7394628Z gracestowel-backend-test  | {"level":"info","message":"  ● Migrating Migration20241128055359","timestamp":"2026-01-20 05:18:53"}
E2E Tests	Show backend container logs	2026-01-20T05:19:22.7395556Z gracestowel-backend-test  | {"level":"info","message":"  ✔ Migrated Migration20241128055359","timestamp":"2026-01-20 05:18:53"}
E2E Tests	Show backend container logs	2026-01-20T05:19:22.7396491Z gracestowel-backend-test  | {"level":"info","message":"  ● Migrating Migration20241212190401","timestamp":"2026-01-20 05:18:53"}
E2E Tests	Show backend container logs	2026-01-20T05:19:22.7397429Z gracestowel-backend-test  | {"level":"info","message":"  ✔ Migrated Migration20241212190401","timestamp":"2026-01-20 05:18:53"}
E2E Tests	Show backend container logs	2026-01-20T05:19:22.7398355Z gracestowel-backend-test  | {"level":"info","message":"  ● Migrating Migration20250408145122","timestamp":"2026-01-20 05:18:53"}
E2E Tests	Show backend container logs	2026-01-20T05:19:22.7399275Z gracestowel-backend-test  | {"level":"info","message":"  ✔ Migrated Migration20250408145122","timestamp":"2026-01-20 05:18:53"}
E2E Tests	Show backend container logs	2026-01-20T05:19:22.7400189Z gracestowel-backend-test  | {"level":"info","message":"  ● Migrating Migration20250409122219","timestamp":"2026-01-20 05:18:53"}
E2E Tests	Show backend container logs	2026-01-20T05:19:22.7401108Z gracestowel-backend-test  | {"level":"info","message":"  ✔ Migrated Migration20250409122219","timestamp":"2026-01-20 05:18:53"}
E2E Tests	Show backend container logs	2026-01-20T05:19:22.7402019Z gracestowel-backend-test  | {"level":"info","message":"  ● Migrating Migration20251009110625","timestamp":"2026-01-20 05:18:53"}
E2E Tests	Show backend container logs	2026-01-20T05:19:22.7403189Z gracestowel-backend-test  | {"level":"info","message":"  ✔ Migrated Migration20251009110625","timestamp":"2026-01-20 05:18:53"}
E2E Tests	Show backend container logs	2026-01-20T05:19:22.7404108Z gracestowel-backend-test  | {"level":"info","message":"  ● Migrating Migration20251112192723","timestamp":"2026-01-20 05:18:53"}
E2E Tests	Show backend container logs	2026-01-20T05:19:22.7405028Z gracestowel-backend-test  | {"level":"info","message":"  ✔ Migrated Migration20251112192723","timestamp":"2026-01-20 05:18:53"}
E2E Tests	Show backend container logs	2026-01-20T05:19:22.7405810Z gracestowel-backend-test  | {"level":"info","message":"Completed successfully","timestamp":"2026-01-20 05:18:53"}
E2E Tests	Show backend container logs	2026-01-20T05:19:22.7406581Z gracestowel-backend-test  | {"level":"info","message":"","timestamp":"2026-01-20 05:18:53"}
E2E Tests	Show backend container logs	2026-01-20T05:19:22.7407171Z gracestowel-backend-test  | {"level":"info","message":"","timestamp":"2026-01-20 05:18:53"}
E2E Tests	Show backend container logs	2026-01-20T05:19:22.7407839Z gracestowel-backend-test  | {"level":"info","message":"MODULE: promotion","timestamp":"2026-01-20 05:18:53"}
E2E Tests	Show backend container logs	2026-01-20T05:19:22.7408711Z gracestowel-backend-test  | {"level":"info","message":"  ● Migrating Migration20240227120221","timestamp":"2026-01-20 05:18:53"}
E2E Tests	Show backend container logs	2026-01-20T05:19:22.7409628Z gracestowel-backend-test  | {"level":"info","message":"  ✔ Migrated Migration20240227120221","timestamp":"2026-01-20 05:18:53"}
E2E Tests	Show backend container logs	2026-01-20T05:19:22.7410541Z gracestowel-backend-test  | {"level":"info","message":"  ● Migrating Migration20240617102917","timestamp":"2026-01-20 05:18:53"}
E2E Tests	Show backend container logs	2026-01-20T05:19:22.7411451Z gracestowel-backend-test  | {"level":"info","message":"  ✔ Migrated Migration20240617102917","timestamp":"2026-01-20 05:18:53"}
E2E Tests	Show backend container logs	2026-01-20T05:19:22.7412475Z gracestowel-backend-test  | {"level":"info","message":"  ● Migrating Migration20240624153824","timestamp":"2026-01-20 05:18:53"}
E2E Tests	Show backend container logs	2026-01-20T05:19:22.7413400Z gracestowel-backend-test  | {"level":"info","message":"  ✔ Migrated Migration20240624153824","timestamp":"2026-01-20 05:18:53"}
E2E Tests	Show backend container logs	2026-01-20T05:19:22.7414398Z gracestowel-backend-test  | {"level":"info","message":"  ● Migrating Migration20241211061114","timestamp":"2026-01-20 05:18:53"}
E2E Tests	Show backend container logs	2026-01-20T05:19:22.7415323Z gracestowel-backend-test  | {"level":"info","message":"  ✔ Migrated Migration20241211061114","timestamp":"2026-01-20 05:18:53"}
E2E Tests	Show backend container logs	2026-01-20T05:19:22.7416241Z gracestowel-backend-test  | {"level":"info","message":"  ● Migrating Migration20250113094144","timestamp":"2026-01-20 05:18:53"}
E2E Tests	Show backend container logs	2026-01-20T05:19:22.7417148Z gracestowel-backend-test  | {"level":"info","message":"  ✔ Migrated Migration20250113094144","timestamp":"2026-01-20 05:18:53"}
E2E Tests	Show backend container logs	2026-01-20T05:19:22.7418054Z gracestowel-backend-test  | {"level":"info","message":"  ● Migrating Migration20250120110700","timestamp":"2026-01-20 05:18:53"}
E2E Tests	Show backend container logs	2026-01-20T05:19:22.7418978Z gracestowel-backend-test  | {"level":"info","message":"  ✔ Migrated Migration20250120110700","timestamp":"2026-01-20 05:18:53"}
E2E Tests	Show backend container logs	2026-01-20T05:19:22.7419897Z gracestowel-backend-test  | {"level":"info","message":"  ● Migrating Migration20250226130616","timestamp":"2026-01-20 05:18:53"}
E2E Tests	Show backend container logs	2026-01-20T05:19:22.7420819Z gracestowel-backend-test  | {"level":"info","message":"  ✔ Migrated Migration20250226130616","timestamp":"2026-01-20 05:18:53"}
E2E Tests	Show backend container logs	2026-01-20T05:19:22.7421738Z gracestowel-backend-test  | {"level":"info","message":"  ● Migrating Migration20250508081510","timestamp":"2026-01-20 05:18:53"}
E2E Tests	Show backend container logs	2026-01-20T05:19:22.7422860Z gracestowel-backend-test  | {"level":"info","message":"  ✔ Migrated Migration20250508081510","timestamp":"2026-01-20 05:18:53"}
E2E Tests	Show backend container logs	2026-01-20T05:19:22.7423801Z gracestowel-backend-test  | {"level":"info","message":"  ● Migrating Migration20250828075407","timestamp":"2026-01-20 05:18:53"}
E2E Tests	Show backend container logs	2026-01-20T05:19:22.7424737Z gracestowel-backend-test  | {"level":"info","message":"  ✔ Migrated Migration20250828075407","timestamp":"2026-01-20 05:18:53"}
E2E Tests	Show backend container logs	2026-01-20T05:19:22.7425676Z gracestowel-backend-test  | {"level":"info","message":"  ● Migrating Migration20250909083125","timestamp":"2026-01-20 05:18:53"}
E2E Tests	Show backend container logs	2026-01-20T05:19:22.7426605Z gracestowel-backend-test  | {"level":"info","message":"  ✔ Migrated Migration20250909083125","timestamp":"2026-01-20 05:18:53"}
E2E Tests	Show backend container logs	2026-01-20T05:19:22.7427521Z gracestowel-backend-test  | {"level":"info","message":"  ● Migrating Migration20250916120552","timestamp":"2026-01-20 05:18:53"}
E2E Tests	Show backend container logs	2026-01-20T05:19:22.7428437Z gracestowel-backend-test  | {"level":"info","message":"  ✔ Migrated Migration20250916120552","timestamp":"2026-01-20 05:18:53"}
E2E Tests	Show backend container logs	2026-01-20T05:19:22.7429356Z gracestowel-backend-test  | {"level":"info","message":"  ● Migrating Migration20250917143818","timestamp":"2026-01-20 05:18:53"}
E2E Tests	Show backend container logs	2026-01-20T05:19:22.7430270Z gracestowel-backend-test  | {"level":"info","message":"  ✔ Migrated Migration20250917143818","timestamp":"2026-01-20 05:18:53"}
E2E Tests	Show backend container logs	2026-01-20T05:19:22.7431277Z gracestowel-backend-test  | {"level":"info","message":"  ● Migrating Migration20250919122137","timestamp":"2026-01-20 05:18:53"}
E2E Tests	Show backend container logs	2026-01-20T05:19:22.7432192Z gracestowel-backend-test  | {"level":"info","message":"  ✔ Migrated Migration20250919122137","timestamp":"2026-01-20 05:18:53"}
E2E Tests	Show backend container logs	2026-01-20T05:19:22.7433234Z gracestowel-backend-test  | {"level":"info","message":"  ● Migrating Migration20251006000000","timestamp":"2026-01-20 05:18:53"}
E2E Tests	Show backend container logs	2026-01-20T05:19:22.7434160Z gracestowel-backend-test  | {"level":"info","message":"  ✔ Migrated Migration20251006000000","timestamp":"2026-01-20 05:18:53"}
E2E Tests	Show backend container logs	2026-01-20T05:19:22.7435075Z gracestowel-backend-test  | {"level":"info","message":"  ● Migrating Migration20251015113934","timestamp":"2026-01-20 05:18:53"}
E2E Tests	Show backend container logs	2026-01-20T05:19:22.7435990Z gracestowel-backend-test  | {"level":"info","message":"  ✔ Migrated Migration20251015113934","timestamp":"2026-01-20 05:18:53"}
E2E Tests	Show backend container logs	2026-01-20T05:19:22.7436907Z gracestowel-backend-test  | {"level":"info","message":"  ● Migrating Migration20251107050148","timestamp":"2026-01-20 05:18:53"}
E2E Tests	Show backend container logs	2026-01-20T05:19:22.7437817Z gracestowel-backend-test  | {"level":"info","message":"  ✔ Migrated Migration20251107050148","timestamp":"2026-01-20 05:18:53"}
E2E Tests	Show backend container logs	2026-01-20T05:19:22.7438668Z gracestowel-backend-test  | {"level":"info","message":"Completed successfully","timestamp":"2026-01-20 05:18:53"}
E2E Tests	Show backend container logs	2026-01-20T05:19:22.7439329Z gracestowel-backend-test  | {"level":"info","message":"","timestamp":"2026-01-20 05:18:53"}
E2E Tests	Show backend container logs	2026-01-20T05:19:22.7439916Z gracestowel-backend-test  | {"level":"info","message":"","timestamp":"2026-01-20 05:18:53"}
E2E Tests	Show backend container logs	2026-01-20T05:19:22.7440562Z gracestowel-backend-test  | {"level":"info","message":"MODULE: customer","timestamp":"2026-01-20 05:18:53"}
E2E Tests	Show backend container logs	2026-01-20T05:19:22.7441422Z gracestowel-backend-test  | {"level":"info","message":"  ● Migrating Migration20240124154000","timestamp":"2026-01-20 05:18:53"}
E2E Tests	Show backend container logs	2026-01-20T05:19:22.7442329Z gracestowel-backend-test  | {"level":"info","message":"  ✔ Migrated Migration20240124154000","timestamp":"2026-01-20 05:18:53"}
E2E Tests	Show backend container logs	2026-01-20T05:19:22.7443358Z gracestowel-backend-test  | {"level":"info","message":"  ● Migrating Migration20240524123112","timestamp":"2026-01-20 05:18:53"}
E2E Tests	Show backend container logs	2026-01-20T05:19:22.7444281Z gracestowel-backend-test  | {"level":"info","message":"  ✔ Migrated Migration20240524123112","timestamp":"2026-01-20 05:18:53"}
E2E Tests	Show backend container logs	2026-01-20T05:19:22.7445198Z gracestowel-backend-test  | {"level":"info","message":"  ● Migrating Migration20240602110946","timestamp":"2026-01-20 05:18:53"}
E2E Tests	Show backend container logs	2026-01-20T05:19:22.7446107Z gracestowel-backend-test  | {"level":"info","message":"  ✔ Migrated Migration20240602110946","timestamp":"2026-01-20 05:18:53"}
E2E Tests	Show backend container logs	2026-01-20T05:19:22.7447025Z gracestowel-backend-test  | {"level":"info","message":"  ● Migrating Migration20241211074630","timestamp":"2026-01-20 05:18:53"}
E2E Tests	Show backend container logs	2026-01-20T05:19:22.7447942Z gracestowel-backend-test  | {"level":"info","message":"  ✔ Migrated Migration20241211074630","timestamp":"2026-01-20 05:18:53"}
E2E Tests	Show backend container logs	2026-01-20T05:19:22.7448866Z gracestowel-backend-test  | {"level":"info","message":"  ● Migrating Migration20251010130829","timestamp":"2026-01-20 05:18:53"}
E2E Tests	Show backend container logs	2026-01-20T05:19:22.7449771Z gracestowel-backend-test  | {"level":"info","message":"  ✔ Migrated Migration20251010130829","timestamp":"2026-01-20 05:18:53"}
E2E Tests	Show backend container logs	2026-01-20T05:19:22.7450559Z gracestowel-backend-test  | {"level":"info","message":"Completed successfully","timestamp":"2026-01-20 05:18:53"}
E2E Tests	Show backend container logs	2026-01-20T05:19:22.7451213Z gracestowel-backend-test  | {"level":"info","message":"","timestamp":"2026-01-20 05:18:53"}
E2E Tests	Show backend container logs	2026-01-20T05:19:22.7451804Z gracestowel-backend-test  | {"level":"info","message":"","timestamp":"2026-01-20 05:18:53"}
E2E Tests	Show backend container logs	2026-01-20T05:19:22.7452570Z gracestowel-backend-test  | {"level":"info","message":"MODULE: sales_channel","timestamp":"2026-01-20 05:18:53"}
E2E Tests	Show backend container logs	2026-01-20T05:19:22.7453452Z gracestowel-backend-test  | {"level":"info","message":"  ● Migrating Migration20240115152146","timestamp":"2026-01-20 05:18:53"}
E2E Tests	Show backend container logs	2026-01-20T05:19:22.7454446Z gracestowel-backend-test  | {"level":"info","message":"  ✔ Migrated Migration20240115152146","timestamp":"2026-01-20 05:18:53"}
E2E Tests	Show backend container logs	2026-01-20T05:19:22.7455226Z gracestowel-backend-test  | {"level":"info","message":"Completed successfully","timestamp":"2026-01-20 05:18:53"}
E2E Tests	Show backend container logs	2026-01-20T05:19:22.7455895Z gracestowel-backend-test  | {"level":"info","message":"","timestamp":"2026-01-20 05:18:53"}
E2E Tests	Show backend container logs	2026-01-20T05:19:22.7456487Z gracestowel-backend-test  | {"level":"info","message":"","timestamp":"2026-01-20 05:18:53"}
E2E Tests	Show backend container logs	2026-01-20T05:19:22.7457135Z gracestowel-backend-test  | {"level":"info","message":"MODULE: cart","timestamp":"2026-01-20 05:18:53"}
E2E Tests	Show backend container logs	2026-01-20T05:19:22.7457976Z gracestowel-backend-test  | {"level":"info","message":"  ● Migrating Migration20240222170223","timestamp":"2026-01-20 05:18:53"}
E2E Tests	Show backend container logs	2026-01-20T05:19:22.7458912Z gracestowel-backend-test  | {"level":"info","message":"  ✔ Migrated Migration20240222170223","timestamp":"2026-01-20 05:18:53"}
E2E Tests	Show backend container logs	2026-01-20T05:19:22.7459839Z gracestowel-backend-test  | {"level":"info","message":"  ● Migrating Migration20240831125857","timestamp":"2026-01-20 05:18:53"}
E2E Tests	Show backend container logs	2026-01-20T05:19:22.7460756Z gracestowel-backend-test  | {"level":"info","message":"  ✔ Migrated Migration20240831125857","timestamp":"2026-01-20 05:18:53"}
E2E Tests	Show backend container logs	2026-01-20T05:19:22.7461748Z gracestowel-backend-test  | {"level":"info","message":"  ● Migrating Migration20241106085918","timestamp":"2026-01-20 05:18:53"}
E2E Tests	Show backend container logs	2026-01-20T05:19:22.7462768Z gracestowel-backend-test  | {"level":"info","message":"  ✔ Migrated Migration20241106085918","timestamp":"2026-01-20 05:18:53"}
E2E Tests	Show backend container logs	2026-01-20T05:19:22.7463695Z gracestowel-backend-test  | {"level":"info","message":"  ● Migrating Migration20241205095237","timestamp":"2026-01-20 05:18:53"}
E2E Tests	Show backend container logs	2026-01-20T05:19:22.7464607Z gracestowel-backend-test  | {"level":"info","message":"  ✔ Migrated Migration20241205095237","timestamp":"2026-01-20 05:18:53"}
E2E Tests	Show backend container logs	2026-01-20T05:19:22.7465521Z gracestowel-backend-test  | {"level":"info","message":"  ● Migrating Migration20241216183049","timestamp":"2026-01-20 05:18:53"}
E2E Tests	Show backend container logs	2026-01-20T05:19:22.7466437Z gracestowel-backend-test  | {"level":"info","message":"  ✔ Migrated Migration20241216183049","timestamp":"2026-01-20 05:18:53"}
E2E Tests	Show backend container logs	2026-01-20T05:19:22.7467357Z gracestowel-backend-test  | {"level":"info","message":"  ● Migrating Migration20241218091938","timestamp":"2026-01-20 05:18:53"}
E2E Tests	Show backend container logs	2026-01-20T05:19:22.7468283Z gracestowel-backend-test  | {"level":"info","message":"  ✔ Migrated Migration20241218091938","timestamp":"2026-01-20 05:18:53"}
E2E Tests	Show backend container logs	2026-01-20T05:19:22.7469194Z gracestowel-backend-test  | {"level":"info","message":"  ● Migrating Migration20250120115059","timestamp":"2026-01-20 05:18:53"}
E2E Tests	Show backend container logs	2026-01-20T05:19:22.7470102Z gracestowel-backend-test  | {"level":"info","message":"  ✔ Migrated Migration20250120115059","timestamp":"2026-01-20 05:18:53"}
E2E Tests	Show backend container logs	2026-01-20T05:19:22.7471013Z gracestowel-backend-test  | {"level":"info","message":"  ● Migrating Migration20250212131240","timestamp":"2026-01-20 05:18:53"}
E2E Tests	Show backend container logs	2026-01-20T05:19:22.7471925Z gracestowel-backend-test  | {"level":"info","message":"  ✔ Migrated Migration20250212131240","timestamp":"2026-01-20 05:18:53"}
E2E Tests	Show backend container logs	2026-01-20T05:19:22.7472953Z gracestowel-backend-test  | {"level":"info","message":"  ● Migrating Migration20250326151602","timestamp":"2026-01-20 05:18:53"}
E2E Tests	Show backend container logs	2026-01-20T05:19:22.7473873Z gracestowel-backend-test  | {"level":"info","message":"  ✔ Migrated Migration20250326151602","timestamp":"2026-01-20 05:18:53"}
E2E Tests	Show backend container logs	2026-01-20T05:19:22.7474784Z gracestowel-backend-test  | {"level":"info","message":"  ● Migrating Migration20250508081553","timestamp":"2026-01-20 05:18:53"}
E2E Tests	Show backend container logs	2026-01-20T05:19:22.7475699Z gracestowel-backend-test  | {"level":"info","message":"  ✔ Migrated Migration20250508081553","timestamp":"2026-01-20 05:18:53"}
E2E Tests	Show backend container logs	2026-01-20T05:19:22.7476622Z gracestowel-backend-test  | {"level":"info","message":"  ● Migrating Migration20251017153909","timestamp":"2026-01-20 05:18:53"}
E2E Tests	Show backend container logs	2026-01-20T05:19:22.7477538Z gracestowel-backend-test  | {"level":"info","message":"  ✔ Migrated Migration20251017153909","timestamp":"2026-01-20 05:18:53"}
E2E Tests	Show backend container logs	2026-01-20T05:19:22.7478607Z gracestowel-backend-test  | {"level":"info","message":"  ● Migrating Migration20251208130704","timestamp":"2026-01-20 05:18:53"}
E2E Tests	Show backend container logs	2026-01-20T05:19:22.7479528Z gracestowel-backend-test  | {"level":"info","message":"  ✔ Migrated Migration20251208130704","timestamp":"2026-01-20 05:18:53"}
E2E Tests	Show backend container logs	2026-01-20T05:19:22.7480314Z gracestowel-backend-test  | {"level":"info","message":"Completed successfully","timestamp":"2026-01-20 05:18:53"}
E2E Tests	Show backend container logs	2026-01-20T05:19:22.7480975Z gracestowel-backend-test  | {"level":"info","message":"","timestamp":"2026-01-20 05:18:53"}
E2E Tests	Show backend container logs	2026-01-20T05:19:22.7481554Z gracestowel-backend-test  | {"level":"info","message":"","timestamp":"2026-01-20 05:18:53"}
E2E Tests	Show backend container logs	2026-01-20T05:19:22.7482193Z gracestowel-backend-test  | {"level":"info","message":"MODULE: region","timestamp":"2026-01-20 05:18:53"}
E2E Tests	Show backend container logs	2026-01-20T05:19:22.7483150Z gracestowel-backend-test  | {"level":"info","message":"  ● Migrating Migration20240205173216","timestamp":"2026-01-20 05:18:53"}
E2E Tests	Show backend container logs	2026-01-20T05:19:22.7484075Z gracestowel-backend-test  | {"level":"info","message":"  ✔ Migrated Migration20240205173216","timestamp":"2026-01-20 05:18:53"}
E2E Tests	Show backend container logs	2026-01-20T05:19:22.7484990Z gracestowel-backend-test  | {"level":"info","message":"  ● Migrating Migration20240624200006","timestamp":"2026-01-20 05:18:53"}
E2E Tests	Show backend container logs	2026-01-20T05:19:22.7485986Z gracestowel-backend-test  | {"level":"info","message":"  ✔ Migrated Migration20240624200006","timestamp":"2026-01-20 05:18:53"}
E2E Tests	Show backend container logs	2026-01-20T05:19:22.7486907Z gracestowel-backend-test  | {"level":"info","message":"  ● Migrating Migration20250120110744","timestamp":"2026-01-20 05:18:53"}
E2E Tests	Show backend container logs	2026-01-20T05:19:22.7487815Z gracestowel-backend-test  | {"level":"info","message":"  ✔ Migrated Migration20250120110744","timestamp":"2026-01-20 05:18:53"}
E2E Tests	Show backend container logs	2026-01-20T05:19:22.7488599Z gracestowel-backend-test  | {"level":"info","message":"Completed successfully","timestamp":"2026-01-20 05:18:53"}
E2E Tests	Show backend container logs	2026-01-20T05:19:22.7489254Z gracestowel-backend-test  | {"level":"info","message":"","timestamp":"2026-01-20 05:18:53"}
E2E Tests	Show backend container logs	2026-01-20T05:19:22.7489860Z gracestowel-backend-test  | {"level":"info","message":"","timestamp":"2026-01-20 05:18:53"}
E2E Tests	Show backend container logs	2026-01-20T05:19:22.7490512Z gracestowel-backend-test  | {"level":"info","message":"MODULE: api_key","timestamp":"2026-01-20 05:18:53"}
E2E Tests	Show backend container logs	2026-01-20T05:19:22.7491408Z gracestowel-backend-test  | {"level":"info","message":"  ● Migrating InitialSetup20240221144943","timestamp":"2026-01-20 05:18:53"}
E2E Tests	Show backend container logs	2026-01-20T05:19:22.7492475Z gracestowel-backend-test  | {"level":"info","message":"  ✔ Migrated InitialSetup20240221144943","timestamp":"2026-01-20 05:18:53"}
E2E Tests	Show backend container logs	2026-01-20T05:19:22.7493414Z gracestowel-backend-test  | {"level":"info","message":"  ● Migrating Migration20240604080145","timestamp":"2026-01-20 05:18:53"}
E2E Tests	Show backend container logs	2026-01-20T05:19:22.7494330Z gracestowel-backend-test  | {"level":"info","message":"  ✔ Migrated Migration20240604080145","timestamp":"2026-01-20 05:18:53"}
E2E Tests	Show backend container logs	2026-01-20T05:19:22.7495246Z gracestowel-backend-test  | {"level":"info","message":"  ● Migrating Migration20241205122700","timestamp":"2026-01-20 05:18:53"}
E2E Tests	Show backend container logs	2026-01-20T05:19:22.7496171Z gracestowel-backend-test  | {"level":"info","message":"  ✔ Migrated Migration20241205122700","timestamp":"2026-01-20 05:18:53"}
E2E Tests	Show backend container logs	2026-01-20T05:19:22.7497084Z gracestowel-backend-test  | {"level":"info","message":"  ● Migrating Migration20251015123842","timestamp":"2026-01-20 05:18:53"}
E2E Tests	Show backend container logs	2026-01-20T05:19:22.7498010Z gracestowel-backend-test  | {"level":"info","message":"  ✔ Migrated Migration20251015123842","timestamp":"2026-01-20 05:18:53"}
E2E Tests	Show backend container logs	2026-01-20T05:19:22.7498795Z gracestowel-backend-test  | {"level":"info","message":"Completed successfully","timestamp":"2026-01-20 05:18:53"}
E2E Tests	Show backend container logs	2026-01-20T05:19:22.7499458Z gracestowel-backend-test  | {"level":"info","message":"","timestamp":"2026-01-20 05:18:53"}
E2E Tests	Show backend container logs	2026-01-20T05:19:22.7500046Z gracestowel-backend-test  | {"level":"info","message":"","timestamp":"2026-01-20 05:18:53"}
E2E Tests	Show backend container logs	2026-01-20T05:19:22.7500679Z gracestowel-backend-test  | {"level":"info","message":"MODULE: store","timestamp":"2026-01-20 05:18:53"}
E2E Tests	Show backend container logs	2026-01-20T05:19:22.7501635Z gracestowel-backend-test  | {"level":"info","message":"  ● Migrating InitialSetup20240227075933","timestamp":"2026-01-20 05:18:53"}
E2E Tests	Show backend container logs	2026-01-20T05:19:22.7502692Z gracestowel-backend-test  | {"level":"info","message":"  ✔ Migrated InitialSetup20240227075933","timestamp":"2026-01-20 05:18:53"}
E2E Tests	Show backend container logs	2026-01-20T05:19:22.7503639Z gracestowel-backend-test  | {"level":"info","message":"  ● Migrating Migration20240621145944","timestamp":"2026-01-20 05:18:53"}
E2E Tests	Show backend container logs	2026-01-20T05:19:22.7504565Z gracestowel-backend-test  | {"level":"info","message":"  ✔ Migrated Migration20240621145944","timestamp":"2026-01-20 05:18:53"}
E2E Tests	Show backend container logs	2026-01-20T05:19:22.7505484Z gracestowel-backend-test  | {"level":"info","message":"  ● Migrating Migration20241206083313","timestamp":"2026-01-20 05:18:53"}
E2E Tests	Show backend container logs	2026-01-20T05:19:22.7506399Z gracestowel-backend-test  | {"level":"info","message":"  ✔ Migrated Migration20241206083313","timestamp":"2026-01-20 05:18:53"}
E2E Tests	Show backend container logs	2026-01-20T05:19:22.7507327Z gracestowel-backend-test  | {"level":"info","message":"  ● Migrating Migration20251202184737","timestamp":"2026-01-20 05:18:53"}
E2E Tests	Show backend container logs	2026-01-20T05:19:22.7508250Z gracestowel-backend-test  | {"level":"info","message":"  ✔ Migrated Migration20251202184737","timestamp":"2026-01-20 05:18:53"}
E2E Tests	Show backend container logs	2026-01-20T05:19:22.7509247Z gracestowel-backend-test  | {"level":"info","message":"  ● Migrating Migration20251212161429","timestamp":"2026-01-20 05:18:53"}
E2E Tests	Show backend container logs	2026-01-20T05:19:22.7510153Z gracestowel-backend-test  | {"level":"info","message":"  ✔ Migrated Migration20251212161429","timestamp":"2026-01-20 05:18:53"}
E2E Tests	Show backend container logs	2026-01-20T05:19:22.7510925Z gracestowel-backend-test  | {"level":"info","message":"Completed successfully","timestamp":"2026-01-20 05:18:53"}
E2E Tests	Show backend container logs	2026-01-20T05:19:22.7511579Z gracestowel-backend-test  | {"level":"info","message":"","timestamp":"2026-01-20 05:18:53"}
E2E Tests	Show backend container logs	2026-01-20T05:19:22.7512171Z gracestowel-backend-test  | {"level":"info","message":"","timestamp":"2026-01-20 05:18:53"}
E2E Tests	Show backend container logs	2026-01-20T05:19:22.7512944Z gracestowel-backend-test  | {"level":"info","message":"MODULE: tax","timestamp":"2026-01-20 05:18:53"}
E2E Tests	Show backend container logs	2026-01-20T05:19:22.7513799Z gracestowel-backend-test  | {"level":"info","message":"  ● Migrating Migration20240227090331","timestamp":"2026-01-20 05:18:54"}
E2E Tests	Show backend container logs	2026-01-20T05:19:22.7514715Z gracestowel-backend-test  | {"level":"info","message":"  ✔ Migrated Migration20240227090331","timestamp":"2026-01-20 05:18:54"}
E2E Tests	Show backend container logs	2026-01-20T05:19:22.7515639Z gracestowel-backend-test  | {"level":"info","message":"  ● Migrating Migration20240710135844","timestamp":"2026-01-20 05:18:54"}
E2E Tests	Show backend container logs	2026-01-20T05:19:22.7516560Z gracestowel-backend-test  | {"level":"info","message":"  ✔ Migrated Migration20240710135844","timestamp":"2026-01-20 05:18:54"}
E2E Tests	Show backend container logs	2026-01-20T05:19:22.7517473Z gracestowel-backend-test  | {"level":"info","message":"  ● Migrating Migration20240924114005","timestamp":"2026-01-20 05:18:54"}
E2E Tests	Show backend container logs	2026-01-20T05:19:22.7518384Z gracestowel-backend-test  | {"level":"info","message":"  ✔ Migrated Migration20240924114005","timestamp":"2026-01-20 05:18:54"}
E2E Tests	Show backend container logs	2026-01-20T05:19:22.7519306Z gracestowel-backend-test  | {"level":"info","message":"  ● Migrating Migration20241212052837","timestamp":"2026-01-20 05:18:54"}
E2E Tests	Show backend container logs	2026-01-20T05:19:22.7520223Z gracestowel-backend-test  | {"level":"info","message":"  ✔ Migrated Migration20241212052837","timestamp":"2026-01-20 05:18:54"}
E2E Tests	Show backend container logs	2026-01-20T05:19:22.7521014Z gracestowel-backend-test  | {"level":"info","message":"Completed successfully","timestamp":"2026-01-20 05:18:54"}
E2E Tests	Show backend container logs	2026-01-20T05:19:22.7521676Z gracestowel-backend-test  | {"level":"info","message":"","timestamp":"2026-01-20 05:18:54"}
E2E Tests	Show backend container logs	2026-01-20T05:19:22.7522258Z gracestowel-backend-test  | {"level":"info","message":"","timestamp":"2026-01-20 05:18:54"}
E2E Tests	Show backend container logs	2026-01-20T05:19:22.7523075Z gracestowel-backend-test  | {"level":"info","message":"MODULE: currency","timestamp":"2026-01-20 05:18:54"}
E2E Tests	Show backend container logs	2026-01-20T05:19:22.7523965Z gracestowel-backend-test  | {"level":"info","message":"  ● Migrating InitialSetup20240228133303","timestamp":"2026-01-20 05:18:54"}
E2E Tests	Show backend container logs	2026-01-20T05:19:22.7525030Z gracestowel-backend-test  | {"level":"info","message":"  ✔ Migrated InitialSetup20240228133303","timestamp":"2026-01-20 05:18:54"}
E2E Tests	Show backend container logs	2026-01-20T05:19:22.7525962Z gracestowel-backend-test  | {"level":"info","message":"  ● Migrating Migration20240624082354","timestamp":"2026-01-20 05:18:54"}
E2E Tests	Show backend container logs	2026-01-20T05:19:22.7526885Z gracestowel-backend-test  | {"level":"info","message":"  ✔ Migrated Migration20240624082354","timestamp":"2026-01-20 05:18:54"}
E2E Tests	Show backend container logs	2026-01-20T05:19:22.7527668Z gracestowel-backend-test  | {"level":"info","message":"Completed successfully","timestamp":"2026-01-20 05:18:54"}
E2E Tests	Show backend container logs	2026-01-20T05:19:22.7528327Z gracestowel-backend-test  | {"level":"info","message":"","timestamp":"2026-01-20 05:18:54"}
E2E Tests	Show backend container logs	2026-01-20T05:19:22.7528927Z gracestowel-backend-test  | {"level":"info","message":"","timestamp":"2026-01-20 05:18:54"}
E2E Tests	Show backend container logs	2026-01-20T05:19:22.7529593Z gracestowel-backend-test  | {"level":"info","message":"MODULE: payment","timestamp":"2026-01-20 05:18:54"}
E2E Tests	Show backend container logs	2026-01-20T05:19:22.7530460Z gracestowel-backend-test  | {"level":"info","message":"  ● Migrating Migration20240225134525","timestamp":"2026-01-20 05:18:54"}
E2E Tests	Show backend container logs	2026-01-20T05:19:22.7531391Z gracestowel-backend-test  | {"level":"info","message":"  ✔ Migrated Migration20240225134525","timestamp":"2026-01-20 05:18:54"}
E2E Tests	Show backend container logs	2026-01-20T05:19:22.7532480Z gracestowel-backend-test  | {"level":"info","message":"  ● Migrating Migration20240806072619","timestamp":"2026-01-20 05:18:54"}
E2E Tests	Show backend container logs	2026-01-20T05:19:22.7533410Z gracestowel-backend-test  | {"level":"info","message":"  ✔ Migrated Migration20240806072619","timestamp":"2026-01-20 05:18:54"}
E2E Tests	Show backend container logs	2026-01-20T05:19:22.7534332Z gracestowel-backend-test  | {"level":"info","message":"  ● Migrating Migration20241211151053","timestamp":"2026-01-20 05:18:54"}
E2E Tests	Show backend container logs	2026-01-20T05:19:22.7535252Z gracestowel-backend-test  | {"level":"info","message":"  ✔ Migrated Migration20241211151053","timestamp":"2026-01-20 05:18:54"}
E2E Tests	Show backend container logs	2026-01-20T05:19:22.7536180Z gracestowel-backend-test  | {"level":"info","message":"  ● Migrating Migration20250115160517","timestamp":"2026-01-20 05:18:54"}
E2E Tests	Show backend container logs	2026-01-20T05:19:22.7537118Z gracestowel-backend-test  | {"level":"info","message":"  ✔ Migrated Migration20250115160517","timestamp":"2026-01-20 05:18:54"}
E2E Tests	Show backend container logs	2026-01-20T05:19:22.7538048Z gracestowel-backend-test  | {"level":"info","message":"  ● Migrating Migration20250120110552","timestamp":"2026-01-20 05:18:54"}
E2E Tests	Show backend container logs	2026-01-20T05:19:22.7538977Z gracestowel-backend-test  | {"level":"info","message":"  ✔ Migrated Migration20250120110552","timestamp":"2026-01-20 05:18:54"}
E2E Tests	Show backend container logs	2026-01-20T05:19:22.7539893Z gracestowel-backend-test  | {"level":"info","message":"  ● Migrating Migration20250123122334","timestamp":"2026-01-20 05:18:54"}
E2E Tests	Show backend container logs	2026-01-20T05:19:22.7540816Z gracestowel-backend-test  | {"level":"info","message":"  ✔ Migrated Migration20250123122334","timestamp":"2026-01-20 05:18:54"}
E2E Tests	Show backend container logs	2026-01-20T05:19:22.7541732Z gracestowel-backend-test  | {"level":"info","message":"  ● Migrating Migration20250206105639","timestamp":"2026-01-20 05:18:54"}
E2E Tests	Show backend container logs	2026-01-20T05:19:22.7542712Z gracestowel-backend-test  | {"level":"info","message":"  ✔ Migrated Migration20250206105639","timestamp":"2026-01-20 05:18:54"}
E2E Tests	Show backend container logs	2026-01-20T05:19:22.7543628Z gracestowel-backend-test  | {"level":"info","message":"  ● Migrating Migration20250207132723","timestamp":"2026-01-20 05:18:54"}
E2E Tests	Show backend container logs	2026-01-20T05:19:22.7544543Z gracestowel-backend-test  | {"level":"info","message":"  ✔ Migrated Migration20250207132723","timestamp":"2026-01-20 05:18:54"}
E2E Tests	Show backend container logs	2026-01-20T05:19:22.7545455Z gracestowel-backend-test  | {"level":"info","message":"  ● Migrating Migration20250625084134","timestamp":"2026-01-20 05:18:54"}
E2E Tests	Show backend container logs	2026-01-20T05:19:22.7546361Z gracestowel-backend-test  | {"level":"info","message":"  ✔ Migrated Migration20250625084134","timestamp":"2026-01-20 05:18:54"}
E2E Tests	Show backend container logs	2026-01-20T05:19:22.7547271Z gracestowel-backend-test  | {"level":"info","message":"  ● Migrating Migration20250924135437","timestamp":"2026-01-20 05:18:54"}
E2E Tests	Show backend container logs	2026-01-20T05:19:22.7548182Z gracestowel-backend-test  | {"level":"info","message":"  ✔ Migrated Migration20250924135437","timestamp":"2026-01-20 05:18:54"}
E2E Tests	Show backend container logs	2026-01-20T05:19:22.7549201Z gracestowel-backend-test  | {"level":"info","message":"  ● Migrating Migration20250929124701","timestamp":"2026-01-20 05:18:54"}
E2E Tests	Show backend container logs	2026-01-20T05:19:22.7550115Z gracestowel-backend-test  | {"level":"info","message":"  ✔ Migrated Migration20250929124701","timestamp":"2026-01-20 05:18:54"}
E2E Tests	Show backend container logs	2026-01-20T05:19:22.7550901Z gracestowel-backend-test  | {"level":"info","message":"Completed successfully","timestamp":"2026-01-20 05:18:54"}
E2E Tests	Show backend container logs	2026-01-20T05:19:22.7551557Z gracestowel-backend-test  | {"level":"info","message":"","timestamp":"2026-01-20 05:18:54"}
E2E Tests	Show backend container logs	2026-01-20T05:19:22.7552144Z gracestowel-backend-test  | {"level":"info","message":"","timestamp":"2026-01-20 05:18:54"}
E2E Tests	Show backend container logs	2026-01-20T05:19:22.7552849Z gracestowel-backend-test  | {"level":"info","message":"MODULE: payment","timestamp":"2026-01-20 05:18:54"}
E2E Tests	Show backend container logs	2026-01-20T05:19:22.7553650Z gracestowel-backend-test  | {"level":"info","message":"Skipped. Database is up-to-date for module.","timestamp":"2026-01-20 05:18:54"}
E2E Tests	Show backend container logs	2026-01-20T05:19:22.7554380Z gracestowel-backend-test  | {"level":"info","message":"","timestamp":"2026-01-20 05:18:54"}
E2E Tests	Show backend container logs	2026-01-20T05:19:22.7554974Z gracestowel-backend-test  | {"level":"info","message":"","timestamp":"2026-01-20 05:18:54"}
E2E Tests	Show backend container logs	2026-01-20T05:19:22.7555620Z gracestowel-backend-test  | {"level":"info","message":"MODULE: payment","timestamp":"2026-01-20 05:18:54"}
E2E Tests	Show backend container logs	2026-01-20T05:19:22.7556501Z gracestowel-backend-test  | {"level":"info","message":"Skipped. Database is up-to-date for module.","timestamp":"2026-01-20 05:18:54"}
E2E Tests	Show backend container logs	2026-01-20T05:19:22.7557225Z gracestowel-backend-test  | {"level":"info","message":"","timestamp":"2026-01-20 05:18:54"}
E2E Tests	Show backend container logs	2026-01-20T05:19:22.7557814Z gracestowel-backend-test  | {"level":"info","message":"","timestamp":"2026-01-20 05:18:54"}
E2E Tests	Show backend container logs	2026-01-20T05:19:22.7558455Z gracestowel-backend-test  | {"level":"info","message":"MODULE: order","timestamp":"2026-01-20 05:18:54"}
E2E Tests	Show backend container logs	2026-01-20T05:19:22.7559337Z gracestowel-backend-test  | {"level":"info","message":"  ● Migrating Migration20240219102530","timestamp":"2026-01-20 05:18:54"}
E2E Tests	Show backend container logs	2026-01-20T05:19:22.7560258Z gracestowel-backend-test  | {"level":"info","message":"  ✔ Migrated Migration20240219102530","timestamp":"2026-01-20 05:18:54"}
E2E Tests	Show backend container logs	2026-01-20T05:19:22.7561163Z gracestowel-backend-test  | {"level":"info","message":"  ● Migrating Migration20240604100512","timestamp":"2026-01-20 05:18:54"}
E2E Tests	Show backend container logs	2026-01-20T05:19:22.7562085Z gracestowel-backend-test  | {"level":"info","message":"  ✔ Migrated Migration20240604100512","timestamp":"2026-01-20 05:18:54"}
E2E Tests	Show backend container logs	2026-01-20T05:19:22.7563062Z gracestowel-backend-test  | {"level":"info","message":"  ● Migrating Migration20240715102100","timestamp":"2026-01-20 05:18:54"}
E2E Tests	Show backend container logs	2026-01-20T05:19:22.7563983Z gracestowel-backend-test  | {"level":"info","message":"  ✔ Migrated Migration20240715102100","timestamp":"2026-01-20 05:18:54"}
E2E Tests	Show backend container logs	2026-01-20T05:19:22.7564894Z gracestowel-backend-test  | {"level":"info","message":"  ● Migrating Migration20240715174100","timestamp":"2026-01-20 05:18:54"}
E2E Tests	Show backend container logs	2026-01-20T05:19:22.7565817Z gracestowel-backend-test  | {"level":"info","message":"  ✔ Migrated Migration20240715174100","timestamp":"2026-01-20 05:18:54"}
E2E Tests	Show backend container logs	2026-01-20T05:19:22.7566736Z gracestowel-backend-test  | {"level":"info","message":"  ● Migrating Migration20240716081800","timestamp":"2026-01-20 05:18:54"}
E2E Tests	Show backend container logs	2026-01-20T05:19:22.7567662Z gracestowel-backend-test  | {"level":"info","message":"  ✔ Migrated Migration20240716081800","timestamp":"2026-01-20 05:18:54"}
E2E Tests	Show backend container logs	2026-01-20T05:19:22.7568579Z gracestowel-backend-test  | {"level":"info","message":"  ● Migrating Migration20240801085921","timestamp":"2026-01-20 05:18:54"}
E2E Tests	Show backend container logs	2026-01-20T05:19:22.7569487Z gracestowel-backend-test  | {"level":"info","message":"  ✔ Migrated Migration20240801085921","timestamp":"2026-01-20 05:18:54"}
E2E Tests	Show backend container logs	2026-01-20T05:19:22.7570405Z gracestowel-backend-test  | {"level":"info","message":"  ● Migrating Migration20240821164505","timestamp":"2026-01-20 05:18:54"}
E2E Tests	Show backend container logs	2026-01-20T05:19:22.7571318Z gracestowel-backend-test  | {"level":"info","message":"  ✔ Migrated Migration20240821164505","timestamp":"2026-01-20 05:18:54"}
E2E Tests	Show backend container logs	2026-01-20T05:19:22.7572406Z gracestowel-backend-test  | {"level":"info","message":"  ● Migrating Migration20240821170920","timestamp":"2026-01-20 05:18:54"}
E2E Tests	Show backend container logs	2026-01-20T05:19:22.7573318Z gracestowel-backend-test  | {"level":"info","message":"  ✔ Migrated Migration20240821170920","timestamp":"2026-01-20 05:18:54"}
E2E Tests	Show backend container logs	2026-01-20T05:19:22.7574236Z gracestowel-backend-test  | {"level":"info","message":"  ● Migrating Migration20240827133639","timestamp":"2026-01-20 05:18:54"}
E2E Tests	Show backend container logs	2026-01-20T05:19:22.7575152Z gracestowel-backend-test  | {"level":"info","message":"  ✔ Migrated Migration20240827133639","timestamp":"2026-01-20 05:18:54"}
E2E Tests	Show backend container logs	2026-01-20T05:19:22.7576074Z gracestowel-backend-test  | {"level":"info","message":"  ● Migrating Migration20240902195921","timestamp":"2026-01-20 05:18:54"}
E2E Tests	Show backend container logs	2026-01-20T05:19:22.7576987Z gracestowel-backend-test  | {"level":"info","message":"  ✔ Migrated Migration20240902195921","timestamp":"2026-01-20 05:18:54"}
E2E Tests	Show backend container logs	2026-01-20T05:19:22.7577907Z gracestowel-backend-test  | {"level":"info","message":"  ● Migrating Migration20240913092514","timestamp":"2026-01-20 05:18:54"}
E2E Tests	Show backend container logs	2026-01-20T05:19:22.7578820Z gracestowel-backend-test  | {"level":"info","message":"  ✔ Migrated Migration20240913092514","timestamp":"2026-01-20 05:18:54"}
E2E Tests	Show backend container logs	2026-01-20T05:19:22.7579806Z gracestowel-backend-test  | {"level":"info","message":"  ● Migrating Migration20240930122627","timestamp":"2026-01-20 05:18:54"}
E2E Tests	Show backend container logs	2026-01-20T05:19:22.7580709Z gracestowel-backend-test  | {"level":"info","message":"  ✔ Migrated Migration20240930122627","timestamp":"2026-01-20 05:18:54"}
E2E Tests	Show backend container logs	2026-01-20T05:19:22.7581622Z gracestowel-backend-test  | {"level":"info","message":"  ● Migrating Migration20241014142943","timestamp":"2026-01-20 05:18:54"}
E2E Tests	Show backend container logs	2026-01-20T05:19:22.7582589Z gracestowel-backend-test  | {"level":"info","message":"  ✔ Migrated Migration20241014142943","timestamp":"2026-01-20 05:18:54"}
E2E Tests	Show backend container logs	2026-01-20T05:19:22.7583509Z gracestowel-backend-test  | {"level":"info","message":"  ● Migrating Migration20241106085223","timestamp":"2026-01-20 05:18:54"}
E2E Tests	Show backend container logs	2026-01-20T05:19:22.7584429Z gracestowel-backend-test  | {"level":"info","message":"  ✔ Migrated Migration20241106085223","timestamp":"2026-01-20 05:18:54"}
E2E Tests	Show backend container logs	2026-01-20T05:19:22.7585335Z gracestowel-backend-test  | {"level":"info","message":"  ● Migrating Migration20241129124827","timestamp":"2026-01-20 05:18:54"}
E2E Tests	Show backend container logs	2026-01-20T05:19:22.7586249Z gracestowel-backend-test  | {"level":"info","message":"  ✔ Migrated Migration20241129124827","timestamp":"2026-01-20 05:18:54"}
E2E Tests	Show backend container logs	2026-01-20T05:19:22.7587153Z gracestowel-backend-test  | {"level":"info","message":"  ● Migrating Migration20241217162224","timestamp":"2026-01-20 05:18:54"}
E2E Tests	Show backend container logs	2026-01-20T05:19:22.7588070Z gracestowel-backend-test  | {"level":"info","message":"  ✔ Migrated Migration20241217162224","timestamp":"2026-01-20 05:18:54"}
E2E Tests	Show backend container logs	2026-01-20T05:19:22.7588977Z gracestowel-backend-test  | {"level":"info","message":"  ● Migrating Migration20250326151554","timestamp":"2026-01-20 05:18:54"}
E2E Tests	Show backend container logs	2026-01-20T05:19:22.7589896Z gracestowel-backend-test  | {"level":"info","message":"  ✔ Migrated Migration20250326151554","timestamp":"2026-01-20 05:18:54"}
E2E Tests	Show backend container logs	2026-01-20T05:19:22.7590805Z gracestowel-backend-test  | {"level":"info","message":"  ● Migrating Migration20250522181137","timestamp":"2026-01-20 05:18:54"}
E2E Tests	Show backend container logs	2026-01-20T05:19:22.7591718Z gracestowel-backend-test  | {"level":"info","message":"  ✔ Migrated Migration20250522181137","timestamp":"2026-01-20 05:18:54"}
E2E Tests	Show backend container logs	2026-01-20T05:19:22.7592692Z gracestowel-backend-test  | {"level":"info","message":"  ● Migrating Migration20250702095353","timestamp":"2026-01-20 05:18:54"}
E2E Tests	Show backend container logs	2026-01-20T05:19:22.7593611Z gracestowel-backend-test  | {"level":"info","message":"  ✔ Migrated Migration20250702095353","timestamp":"2026-01-20 05:18:54"}
E2E Tests	Show backend container logs	2026-01-20T05:19:22.7594526Z gracestowel-backend-test  | {"level":"info","message":"  ● Migrating Migration20250704120229","timestamp":"2026-01-20 05:18:54"}
E2E Tests	Show backend container logs	2026-01-20T05:19:22.7595442Z gracestowel-backend-test  | {"level":"info","message":"  ✔ Migrated Migration20250704120229","timestamp":"2026-01-20 05:18:54"}
E2E Tests	Show backend container logs	2026-01-20T05:19:22.7596458Z gracestowel-backend-test  | {"level":"info","message":"  ● Migrating Migration20250910130000","timestamp":"2026-01-20 05:18:54"}
E2E Tests	Show backend container logs	2026-01-20T05:19:22.7597375Z gracestowel-backend-test  | {"level":"info","message":"  ✔ Migrated Migration20250910130000","timestamp":"2026-01-20 05:18:54"}
E2E Tests	Show backend container logs	2026-01-20T05:19:22.7598299Z gracestowel-backend-test  | {"level":"info","message":"  ● Migrating Migration20251016160403","timestamp":"2026-01-20 05:18:54"}
E2E Tests	Show backend container logs	2026-01-20T05:19:22.7599208Z gracestowel-backend-test  | {"level":"info","message":"  ✔ Migrated Migration20251016160403","timestamp":"2026-01-20 05:18:54"}
E2E Tests	Show backend container logs	2026-01-20T05:19:22.7600122Z gracestowel-backend-test  | {"level":"info","message":"  ● Migrating Migration20251016182939","timestamp":"2026-01-20 05:18:54"}
E2E Tests	Show backend container logs	2026-01-20T05:19:22.7601036Z gracestowel-backend-test  | {"level":"info","message":"  ✔ Migrated Migration20251016182939","timestamp":"2026-01-20 05:18:54"}
E2E Tests	Show backend container logs	2026-01-20T05:19:22.7601956Z gracestowel-backend-test  | {"level":"info","message":"  ● Migrating Migration20251017155709","timestamp":"2026-01-20 05:18:54"}
E2E Tests	Show backend container logs	2026-01-20T05:19:22.7602990Z gracestowel-backend-test  | {"level":"info","message":"  ✔ Migrated Migration20251017155709","timestamp":"2026-01-20 05:18:54"}
E2E Tests	Show backend container logs	2026-01-20T05:19:22.7603992Z gracestowel-backend-test  | {"level":"info","message":"  ● Migrating Migration20251114100559","timestamp":"2026-01-20 05:18:54"}
E2E Tests	Show backend container logs	2026-01-20T05:19:22.7604906Z gracestowel-backend-test  | {"level":"info","message":"  ✔ Migrated Migration20251114100559","timestamp":"2026-01-20 05:18:54"}
E2E Tests	Show backend container logs	2026-01-20T05:19:22.7605825Z gracestowel-backend-test  | {"level":"info","message":"  ● Migrating Migration20251125164002","timestamp":"2026-01-20 05:18:54"}
E2E Tests	Show backend container logs	2026-01-20T05:19:22.7606733Z gracestowel-backend-test  | {"level":"info","message":"  ✔ Migrated Migration20251125164002","timestamp":"2026-01-20 05:18:54"}
E2E Tests	Show backend container logs	2026-01-20T05:19:22.7607655Z gracestowel-backend-test  | {"level":"info","message":"  ● Migrating Migration20251210112909","timestamp":"2026-01-20 05:18:54"}
E2E Tests	Show backend container logs	2026-01-20T05:19:22.7608578Z gracestowel-backend-test  | {"level":"info","message":"  ✔ Migrated Migration20251210112909","timestamp":"2026-01-20 05:18:54"}
E2E Tests	Show backend container logs	2026-01-20T05:19:22.7609489Z gracestowel-backend-test  | {"level":"info","message":"  ● Migrating Migration20251210112924","timestamp":"2026-01-20 05:18:54"}
E2E Tests	Show backend container logs	2026-01-20T05:19:22.7610409Z gracestowel-backend-test  | {"level":"info","message":"  ✔ Migrated Migration20251210112924","timestamp":"2026-01-20 05:18:54"}
E2E Tests	Show backend container logs	2026-01-20T05:19:22.7611324Z gracestowel-backend-test  | {"level":"info","message":"  ● Migrating Migration20251225120947","timestamp":"2026-01-20 05:18:54"}
E2E Tests	Show backend container logs	2026-01-20T05:19:22.7612232Z gracestowel-backend-test  | {"level":"info","message":"  ✔ Migrated Migration20251225120947","timestamp":"2026-01-20 05:18:54"}
E2E Tests	Show backend container logs	2026-01-20T05:19:22.7613083Z gracestowel-backend-test  | {"level":"info","message":"Completed successfully","timestamp":"2026-01-20 05:18:54"}
E2E Tests	Show backend container logs	2026-01-20T05:19:22.7613751Z gracestowel-backend-test  | {"level":"info","message":"","timestamp":"2026-01-20 05:18:54"}
E2E Tests	Show backend container logs	2026-01-20T05:19:22.7614349Z gracestowel-backend-test  | {"level":"info","message":"","timestamp":"2026-01-20 05:18:54"}
E2E Tests	Show backend container logs	2026-01-20T05:19:22.7615003Z gracestowel-backend-test  | {"level":"info","message":"MODULE: settings","timestamp":"2026-01-20 05:18:54"}
E2E Tests	Show backend container logs	2026-01-20T05:19:22.7615870Z gracestowel-backend-test  | {"level":"info","message":"  ● Migrating Migration20250717162007","timestamp":"2026-01-20 05:18:54"}
E2E Tests	Show backend container logs	2026-01-20T05:19:22.7616780Z gracestowel-backend-test  | {"level":"info","message":"  ✔ Migrated Migration20250717162007","timestamp":"2026-01-20 05:18:54"}
E2E Tests	Show backend container logs	2026-01-20T05:19:22.7617553Z gracestowel-backend-test  | {"level":"info","message":"Completed successfully","timestamp":"2026-01-20 05:18:54"}
E2E Tests	Show backend container logs	2026-01-20T05:19:22.7618208Z gracestowel-backend-test  | {"level":"info","message":"","timestamp":"2026-01-20 05:18:54"}
E2E Tests	Show backend container logs	2026-01-20T05:19:22.7618801Z gracestowel-backend-test  | {"level":"info","message":"","timestamp":"2026-01-20 05:18:54"}
E2E Tests	Show backend container logs	2026-01-20T05:19:22.7619516Z gracestowel-backend-test  | {"level":"info","message":"MODULE: auth","timestamp":"2026-01-20 05:18:54"}
E2E Tests	Show backend container logs	2026-01-20T05:19:22.7620373Z gracestowel-backend-test  | {"level":"info","message":"  ● Migrating Migration20240205025928","timestamp":"2026-01-20 05:18:54"}
E2E Tests	Show backend container logs	2026-01-20T05:19:22.7621290Z gracestowel-backend-test  | {"level":"info","message":"  ✔ Migrated Migration20240205025928","timestamp":"2026-01-20 05:18:54"}
E2E Tests	Show backend container logs	2026-01-20T05:19:22.7622208Z gracestowel-backend-test  | {"level":"info","message":"  ● Migrating Migration20240529080336","timestamp":"2026-01-20 05:18:54"}
E2E Tests	Show backend container logs	2026-01-20T05:19:22.7623179Z gracestowel-backend-test  | {"level":"info","message":"  ✔ Migrated Migration20240529080336","timestamp":"2026-01-20 05:18:54"}
E2E Tests	Show backend container logs	2026-01-20T05:19:22.7624094Z gracestowel-backend-test  | {"level":"info","message":"  ● Migrating Migration20241202100304","timestamp":"2026-01-20 05:18:54"}
E2E Tests	Show backend container logs	2026-01-20T05:19:22.7625000Z gracestowel-backend-test  | {"level":"info","message":"  ✔ Migrated Migration20241202100304","timestamp":"2026-01-20 05:18:54"}
E2E Tests	Show backend container logs	2026-01-20T05:19:22.7625784Z gracestowel-backend-test  | {"level":"info","message":"Completed successfully","timestamp":"2026-01-20 05:18:54"}
E2E Tests	Show backend container logs	2026-01-20T05:19:22.7626444Z gracestowel-backend-test  | {"level":"info","message":"","timestamp":"2026-01-20 05:18:54"}
E2E Tests	Show backend container logs	2026-01-20T05:19:22.7627105Z gracestowel-backend-test  | {"level":"info","message":"","timestamp":"2026-01-20 05:18:54"}
E2E Tests	Show backend container logs	2026-01-20T05:19:22.7627745Z gracestowel-backend-test  | {"level":"info","message":"MODULE: auth","timestamp":"2026-01-20 05:18:54"}
E2E Tests	Show backend container logs	2026-01-20T05:19:22.7628524Z gracestowel-backend-test  | {"level":"info","message":"Skipped. Database is up-to-date for module.","timestamp":"2026-01-20 05:18:54"}
E2E Tests	Show backend container logs	2026-01-20T05:19:22.7629233Z gracestowel-backend-test  | {"level":"info","message":"","timestamp":"2026-01-20 05:18:54"}
E2E Tests	Show backend container logs	2026-01-20T05:19:22.7629824Z gracestowel-backend-test  | {"level":"info","message":"","timestamp":"2026-01-20 05:18:54"}
E2E Tests	Show backend container logs	2026-01-20T05:19:22.7630465Z gracestowel-backend-test  | {"level":"info","message":"MODULE: auth","timestamp":"2026-01-20 05:18:54"}
E2E Tests	Show backend container logs	2026-01-20T05:19:22.7631243Z gracestowel-backend-test  | {"level":"info","message":"Skipped. Database is up-to-date for module.","timestamp":"2026-01-20 05:18:54"}
E2E Tests	Show backend container logs	2026-01-20T05:19:22.7631962Z gracestowel-backend-test  | {"level":"info","message":"","timestamp":"2026-01-20 05:18:54"}
E2E Tests	Show backend container logs	2026-01-20T05:19:22.7632618Z gracestowel-backend-test  | {"level":"info","message":"","timestamp":"2026-01-20 05:18:54"}
E2E Tests	Show backend container logs	2026-01-20T05:19:22.7633261Z gracestowel-backend-test  | {"level":"info","message":"MODULE: user","timestamp":"2026-01-20 05:18:54"}
E2E Tests	Show backend container logs	2026-01-20T05:19:22.7634120Z gracestowel-backend-test  | {"level":"info","message":"  ● Migrating Migration20240214033943","timestamp":"2026-01-20 05:18:54"}
E2E Tests	Show backend container logs	2026-01-20T05:19:22.7635040Z gracestowel-backend-test  | {"level":"info","message":"  ✔ Migrated Migration20240214033943","timestamp":"2026-01-20 05:18:54"}
E2E Tests	Show backend container logs	2026-01-20T05:19:22.7635958Z gracestowel-backend-test  | {"level":"info","message":"  ● Migrating Migration20240703095850","timestamp":"2026-01-20 05:18:54"}
E2E Tests	Show backend container logs	2026-01-20T05:19:22.7636951Z gracestowel-backend-test  | Note: If the index "IDX_user_email" fails to create, then delete any existing users with duplicate emails before retrying the migration.
E2E Tests	Show backend container logs	2026-01-20T05:19:22.7637995Z gracestowel-backend-test  | {"level":"info","message":"  ✔ Migrated Migration20240703095850","timestamp":"2026-01-20 05:18:54"}
E2E Tests	Show backend container logs	2026-01-20T05:19:22.7638908Z gracestowel-backend-test  | {"level":"info","message":"  ● Migrating Migration20241202103352","timestamp":"2026-01-20 05:18:54"}
E2E Tests	Show backend container logs	2026-01-20T05:19:22.7639819Z gracestowel-backend-test  | {"level":"info","message":"  ✔ Migrated Migration20241202103352","timestamp":"2026-01-20 05:18:54"}
E2E Tests	Show backend container logs	2026-01-20T05:19:22.7640599Z gracestowel-backend-test  | {"level":"info","message":"Completed successfully","timestamp":"2026-01-20 05:18:54"}
E2E Tests	Show backend container logs	2026-01-20T05:19:22.7641259Z gracestowel-backend-test  | {"level":"info","message":"","timestamp":"2026-01-20 05:18:54"}
E2E Tests	Show backend container logs	2026-01-20T05:19:22.7641943Z gracestowel-backend-test  | {"level":"info","message":"","timestamp":"2026-01-20 05:18:54"}
E2E Tests	Show backend container logs	2026-01-20T05:19:22.7642678Z gracestowel-backend-test  | {"level":"info","message":"MODULE: fulfillment","timestamp":"2026-01-20 05:18:54"}
E2E Tests	Show backend container logs	2026-01-20T05:19:22.7643682Z gracestowel-backend-test  | {"level":"info","message":"  ● Migrating Migration20240311145700_InitialSetupMigration","timestamp":"2026-01-20 05:18:54"}
E2E Tests	Show backend container logs	2026-01-20T05:19:22.7644793Z gracestowel-backend-test  | {"level":"info","message":"  ✔ Migrated Migration20240311145700_InitialSetupMigration","timestamp":"2026-01-20 05:18:54"}
E2E Tests	Show backend container logs	2026-01-20T05:19:22.7645791Z gracestowel-backend-test  | {"level":"info","message":"  ● Migrating Migration20240821170957","timestamp":"2026-01-20 05:18:54"}
E2E Tests	Show backend container logs	2026-01-20T05:19:22.7646742Z gracestowel-backend-test  | {"level":"info","message":"  ✔ Migrated Migration20240821170957","timestamp":"2026-01-20 05:18:54"}
E2E Tests	Show backend container logs	2026-01-20T05:19:22.7647661Z gracestowel-backend-test  | {"level":"info","message":"  ● Migrating Migration20240917161003","timestamp":"2026-01-20 05:18:54"}
E2E Tests	Show backend container logs	2026-01-20T05:19:22.7648580Z gracestowel-backend-test  | {"level":"info","message":"  ✔ Migrated Migration20240917161003","timestamp":"2026-01-20 05:18:54"}
E2E Tests	Show backend container logs	2026-01-20T05:19:22.7649484Z gracestowel-backend-test  | {"level":"info","message":"  ● Migrating Migration20241217110416","timestamp":"2026-01-20 05:18:54"}
E2E Tests	Show backend container logs	2026-01-20T05:19:22.7650472Z gracestowel-backend-test  | {"level":"info","message":"  ✔ Migrated Migration20241217110416","timestamp":"2026-01-20 05:18:54"}
E2E Tests	Show backend container logs	2026-01-20T05:19:22.7651386Z gracestowel-backend-test  | {"level":"info","message":"  ● Migrating Migration20250113122235","timestamp":"2026-01-20 05:18:54"}
E2E Tests	Show backend container logs	2026-01-20T05:19:22.7652296Z gracestowel-backend-test  | {"level":"info","message":"  ✔ Migrated Migration20250113122235","timestamp":"2026-01-20 05:18:54"}
E2E Tests	Show backend container logs	2026-01-20T05:19:22.7653283Z gracestowel-backend-test  | {"level":"info","message":"  ● Migrating Migration20250120115002","timestamp":"2026-01-20 05:18:54"}
E2E Tests	Show backend container logs	2026-01-20T05:19:22.7654208Z gracestowel-backend-test  | {"level":"info","message":"  ✔ Migrated Migration20250120115002","timestamp":"2026-01-20 05:18:54"}
E2E Tests	Show backend container logs	2026-01-20T05:19:22.7655129Z gracestowel-backend-test  | {"level":"info","message":"  ● Migrating Migration20250822130931","timestamp":"2026-01-20 05:18:54"}
E2E Tests	Show backend container logs	2026-01-20T05:19:22.7656057Z gracestowel-backend-test  | {"level":"info","message":"  ✔ Migrated Migration20250822130931","timestamp":"2026-01-20 05:18:54"}
E2E Tests	Show backend container logs	2026-01-20T05:19:22.7656969Z gracestowel-backend-test  | {"level":"info","message":"  ● Migrating Migration20250825132614","timestamp":"2026-01-20 05:18:54"}
E2E Tests	Show backend container logs	2026-01-20T05:19:22.7657878Z gracestowel-backend-test  | {"level":"info","message":"  ✔ Migrated Migration20250825132614","timestamp":"2026-01-20 05:18:54"}
E2E Tests	Show backend container logs	2026-01-20T05:19:22.7658805Z gracestowel-backend-test  | {"level":"info","message":"  ● Migrating Migration20251114133146","timestamp":"2026-01-20 05:18:54"}
E2E Tests	Show backend container logs	2026-01-20T05:19:22.7659717Z gracestowel-backend-test  | {"level":"info","message":"  ✔ Migrated Migration20251114133146","timestamp":"2026-01-20 05:18:54"}
E2E Tests	Show backend container logs	2026-01-20T05:19:22.7660493Z gracestowel-backend-test  | {"level":"info","message":"Completed successfully","timestamp":"2026-01-20 05:18:54"}
E2E Tests	Show backend container logs	2026-01-20T05:19:22.7661144Z gracestowel-backend-test  | {"level":"info","message":"","timestamp":"2026-01-20 05:18:54"}
E2E Tests	Show backend container logs	2026-01-20T05:19:22.7661738Z gracestowel-backend-test  | {"level":"info","message":"","timestamp":"2026-01-20 05:18:54"}
E2E Tests	Show backend container logs	2026-01-20T05:19:22.7662449Z gracestowel-backend-test  | {"level":"info","message":"MODULE: fulfillment","timestamp":"2026-01-20 05:18:54"}
E2E Tests	Show backend container logs	2026-01-20T05:19:22.7663253Z gracestowel-backend-test  | {"level":"info","message":"Skipped. Database is up-to-date for module.","timestamp":"2026-01-20 05:18:54"}
E2E Tests	Show backend container logs	2026-01-20T05:19:22.7663964Z gracestowel-backend-test  | {"level":"info","message":"","timestamp":"2026-01-20 05:18:54"}
E2E Tests	Show backend container logs	2026-01-20T05:19:22.7664550Z gracestowel-backend-test  | {"level":"info","message":"","timestamp":"2026-01-20 05:18:54"}
E2E Tests	Show backend container logs	2026-01-20T05:19:22.7665341Z gracestowel-backend-test  | {"level":"info","message":"MODULE: fulfillment","timestamp":"2026-01-20 05:18:54"}
E2E Tests	Show backend container logs	2026-01-20T05:19:22.7666149Z gracestowel-backend-test  | {"level":"info","message":"Skipped. Database is up-to-date for module.","timestamp":"2026-01-20 05:18:54"}
E2E Tests	Show backend container logs	2026-01-20T05:19:22.7666871Z gracestowel-backend-test  | {"level":"info","message":"","timestamp":"2026-01-20 05:18:54"}
E2E Tests	Show backend container logs	2026-01-20T05:19:22.7667465Z gracestowel-backend-test  | {"level":"info","message":"","timestamp":"2026-01-20 05:18:54"}
E2E Tests	Show backend container logs	2026-01-20T05:19:22.7668125Z gracestowel-backend-test  | {"level":"info","message":"MODULE: notification","timestamp":"2026-01-20 05:18:54"}
E2E Tests	Show backend container logs	2026-01-20T05:19:22.7669115Z gracestowel-backend-test  | {"level":"info","message":"  ● Migrating Migration20240509083918_InitialSetupMigration","timestamp":"2026-01-20 05:18:54"}
E2E Tests	Show backend container logs	2026-01-20T05:19:22.7670214Z gracestowel-backend-test  | {"level":"info","message":"  ✔ Migrated Migration20240509083918_InitialSetupMigration","timestamp":"2026-01-20 05:18:54"}
E2E Tests	Show backend container logs	2026-01-20T05:19:22.7671226Z gracestowel-backend-test  | {"level":"info","message":"  ● Migrating Migration20240628075401","timestamp":"2026-01-20 05:18:54"}
E2E Tests	Show backend container logs	2026-01-20T05:19:22.7672150Z gracestowel-backend-test  | {"level":"info","message":"  ✔ Migrated Migration20240628075401","timestamp":"2026-01-20 05:18:54"}
E2E Tests	Show backend container logs	2026-01-20T05:19:22.7673202Z gracestowel-backend-test  | {"level":"info","message":"  ● Migrating Migration20240830094712","timestamp":"2026-01-20 05:18:54"}
E2E Tests	Show backend container logs	2026-01-20T05:19:22.7674118Z gracestowel-backend-test  | {"level":"info","message":"  ✔ Migrated Migration20240830094712","timestamp":"2026-01-20 05:18:54"}
E2E Tests	Show backend container logs	2026-01-20T05:19:22.7675033Z gracestowel-backend-test  | {"level":"info","message":"  ● Migrating Migration20250120110514","timestamp":"2026-01-20 05:18:54"}
E2E Tests	Show backend container logs	2026-01-20T05:19:22.7675946Z gracestowel-backend-test  | {"level":"info","message":"  ✔ Migrated Migration20250120110514","timestamp":"2026-01-20 05:18:54"}
E2E Tests	Show backend container logs	2026-01-20T05:19:22.7676860Z gracestowel-backend-test  | {"level":"info","message":"  ● Migrating Migration20251028172715","timestamp":"2026-01-20 05:18:54"}
E2E Tests	Show backend container logs	2026-01-20T05:19:22.7677778Z gracestowel-backend-test  | {"level":"info","message":"  ✔ Migrated Migration20251028172715","timestamp":"2026-01-20 05:18:54"}
E2E Tests	Show backend container logs	2026-01-20T05:19:22.7678699Z gracestowel-backend-test  | {"level":"info","message":"  ● Migrating Migration20251121123942","timestamp":"2026-01-20 05:18:54"}
E2E Tests	Show backend container logs	2026-01-20T05:19:22.7679619Z gracestowel-backend-test  | {"level":"info","message":"  ✔ Migrated Migration20251121123942","timestamp":"2026-01-20 05:18:54"}
E2E Tests	Show backend container logs	2026-01-20T05:19:22.7680533Z gracestowel-backend-test  | {"level":"info","message":"  ● Migrating Migration20251121150408","timestamp":"2026-01-20 05:18:54"}
E2E Tests	Show backend container logs	2026-01-20T05:19:22.7681445Z gracestowel-backend-test  | {"level":"info","message":"  ✔ Migrated Migration20251121150408","timestamp":"2026-01-20 05:18:54"}
E2E Tests	Show backend container logs	2026-01-20T05:19:22.7682226Z gracestowel-backend-test  | {"level":"info","message":"Completed successfully","timestamp":"2026-01-20 05:18:54"}
E2E Tests	Show backend container logs	2026-01-20T05:19:22.7682963Z gracestowel-backend-test  | {"level":"info","message":"","timestamp":"2026-01-20 05:18:54"}
E2E Tests	Show backend container logs	2026-01-20T05:19:22.7683561Z gracestowel-backend-test  | {"level":"info","message":"","timestamp":"2026-01-20 05:18:54"}
E2E Tests	Show backend container logs	2026-01-20T05:19:22.7684237Z gracestowel-backend-test  | {"level":"info","message":"MODULE: notification","timestamp":"2026-01-20 05:18:54"}
E2E Tests	Show backend container logs	2026-01-20T05:19:22.7685053Z gracestowel-backend-test  | {"level":"info","message":"Skipped. Database is up-to-date for module.","timestamp":"2026-01-20 05:18:54"}
E2E Tests	Show backend container logs	2026-01-20T05:19:22.7685772Z gracestowel-backend-test  | {"level":"info","message":"","timestamp":"2026-01-20 05:18:54"}
E2E Tests	Show backend container logs	2026-01-20T05:19:22.7686361Z gracestowel-backend-test  | {"level":"info","message":"","timestamp":"2026-01-20 05:18:54"}
E2E Tests	Show backend container logs	2026-01-20T05:19:22.7687029Z gracestowel-backend-test  | {"level":"info","message":"MODULE: notification","timestamp":"2026-01-20 05:18:54"}
E2E Tests	Show backend container logs	2026-01-20T05:19:22.7687827Z gracestowel-backend-test  | {"level":"info","message":"Skipped. Database is up-to-date for module.","timestamp":"2026-01-20 05:18:55"}
E2E Tests	Show backend container logs	2026-01-20T05:19:22.7688619Z gracestowel-backend-test  | {"level":"info","message":"","timestamp":"2026-01-20 05:18:55"}
E2E Tests	Show backend container logs	2026-01-20T05:19:22.7689199Z gracestowel-backend-test  | {"level":"info","message":"","timestamp":"2026-01-20 05:18:55"}
E2E Tests	Show backend container logs	2026-01-20T05:19:22.7689866Z gracestowel-backend-test  | {"level":"info","message":"MODULE: notification","timestamp":"2026-01-20 05:18:55"}
E2E Tests	Show backend container logs	2026-01-20T05:19:22.7690670Z gracestowel-backend-test  | {"level":"info","message":"Skipped. Database is up-to-date for module.","timestamp":"2026-01-20 05:18:55"}
E2E Tests	Show backend container logs	2026-01-20T05:19:22.7691383Z gracestowel-backend-test  | {"level":"info","message":"","timestamp":"2026-01-20 05:18:55"}
E2E Tests	Show backend container logs	2026-01-20T05:19:22.7691972Z gracestowel-backend-test  | {"level":"info","message":"","timestamp":"2026-01-20 05:18:55"}
E2E Tests	Show backend container logs	2026-01-20T05:19:22.7692698Z gracestowel-backend-test  | {"level":"info","message":"MODULE: notification","timestamp":"2026-01-20 05:18:55"}
E2E Tests	Show backend container logs	2026-01-20T05:19:22.7693503Z gracestowel-backend-test  | {"level":"info","message":"Skipped. Database is up-to-date for module.","timestamp":"2026-01-20 05:18:55"}
E2E Tests	Show backend container logs	2026-01-20T05:19:22.7694214Z gracestowel-backend-test  | {"level":"info","message":"","timestamp":"2026-01-20 05:18:55"}
E2E Tests	Show backend container logs	2026-01-20T05:19:22.7694803Z gracestowel-backend-test  | {"level":"info","message":"","timestamp":"2026-01-20 05:18:55"}
E2E Tests	Show backend container logs	2026-01-20T05:19:22.7695536Z gracestowel-backend-test  | {"level":"info","message":"MODULE: notification","timestamp":"2026-01-20 05:18:55"}
E2E Tests	Show backend container logs	2026-01-20T05:19:22.7696338Z gracestowel-backend-test  | {"level":"info","message":"Skipped. Database is up-to-date for module.","timestamp":"2026-01-20 05:18:55"}
E2E Tests	Show backend container logs	2026-01-20T05:19:22.7697049Z gracestowel-backend-test  | {"level":"info","message":"","timestamp":"2026-01-20 05:18:55"}
E2E Tests	Show backend container logs	2026-01-20T05:19:22.7697639Z gracestowel-backend-test  | {"level":"info","message":"","timestamp":"2026-01-20 05:18:55"}
E2E Tests	Show backend container logs	2026-01-20T05:19:22.7698276Z gracestowel-backend-test  | {"level":"info","message":"MODULE: cache","timestamp":"2026-01-20 05:18:55"}
E2E Tests	Show backend container logs	2026-01-20T05:19:22.7699067Z gracestowel-backend-test  | {"level":"info","message":"Skipped. Database is up-to-date for module.","timestamp":"2026-01-20 05:18:55"}
E2E Tests	Show backend container logs	2026-01-20T05:19:22.7699780Z gracestowel-backend-test  | {"level":"info","message":"","timestamp":"2026-01-20 05:18:55"}
E2E Tests	Show backend container logs	2026-01-20T05:19:22.7700376Z gracestowel-backend-test  | {"level":"info","message":"","timestamp":"2026-01-20 05:18:55"}
E2E Tests	Show backend container logs	2026-01-20T05:19:22.7701043Z gracestowel-backend-test  | {"level":"info","message":"MODULE: event_bus","timestamp":"2026-01-20 05:18:55"}
E2E Tests	Show backend container logs	2026-01-20T05:19:22.7701836Z gracestowel-backend-test  | {"level":"info","message":"Skipped. Database is up-to-date for module.","timestamp":"2026-01-20 05:18:55"}
E2E Tests	Show backend container logs	2026-01-20T05:19:22.7702598Z gracestowel-backend-test  | {"level":"info","message":"","timestamp":"2026-01-20 05:18:55"}
E2E Tests	Show backend container logs	2026-01-20T05:19:22.7703190Z gracestowel-backend-test  | {"level":"info","message":"","timestamp":"2026-01-20 05:18:55"}
E2E Tests	Show backend container logs	2026-01-20T05:19:22.7703846Z gracestowel-backend-test  | {"level":"info","message":"MODULE: workflows","timestamp":"2026-01-20 05:18:55"}
E2E Tests	Show backend container logs	2026-01-20T05:19:22.7704737Z gracestowel-backend-test  | {"level":"info","message":"  ● Migrating Migration20231228143900","timestamp":"2026-01-20 05:18:55"}
E2E Tests	Show backend container logs	2026-01-20T05:19:22.7705656Z gracestowel-backend-test  | {"level":"info","message":"  ✔ Migrated Migration20231228143900","timestamp":"2026-01-20 05:18:55"}
E2E Tests	Show backend container logs	2026-01-20T05:19:22.7706576Z gracestowel-backend-test  | {"level":"info","message":"  ● Migrating Migration20241206101446","timestamp":"2026-01-20 05:18:55"}
E2E Tests	Show backend container logs	2026-01-20T05:19:22.7707485Z gracestowel-backend-test  | {"level":"info","message":"  ✔ Migrated Migration20241206101446","timestamp":"2026-01-20 05:18:55"}
E2E Tests	Show backend container logs	2026-01-20T05:19:22.7708405Z gracestowel-backend-test  | {"level":"info","message":"  ● Migrating Migration20250128174331","timestamp":"2026-01-20 05:18:55"}
E2E Tests	Show backend container logs	2026-01-20T05:19:22.7709320Z gracestowel-backend-test  | {"level":"info","message":"  ✔ Migrated Migration20250128174331","timestamp":"2026-01-20 05:18:55"}
E2E Tests	Show backend container logs	2026-01-20T05:19:22.7710311Z gracestowel-backend-test  | {"level":"info","message":"  ● Migrating Migration20250505092459","timestamp":"2026-01-20 05:18:55"}
E2E Tests	Show backend container logs	2026-01-20T05:19:22.7711230Z gracestowel-backend-test  | {"level":"info","message":"  ✔ Migrated Migration20250505092459","timestamp":"2026-01-20 05:18:55"}
E2E Tests	Show backend container logs	2026-01-20T05:19:22.7712153Z gracestowel-backend-test  | {"level":"info","message":"  ● Migrating Migration20250819104213","timestamp":"2026-01-20 05:18:55"}
E2E Tests	Show backend container logs	2026-01-20T05:19:22.7713135Z gracestowel-backend-test  | {"level":"info","message":"  ✔ Migrated Migration20250819104213","timestamp":"2026-01-20 05:18:55"}
E2E Tests	Show backend container logs	2026-01-20T05:19:22.7714056Z gracestowel-backend-test  | {"level":"info","message":"  ● Migrating Migration20250819110924","timestamp":"2026-01-20 05:18:55"}
E2E Tests	Show backend container logs	2026-01-20T05:19:22.7714976Z gracestowel-backend-test  | {"level":"info","message":"  ✔ Migrated Migration20250819110924","timestamp":"2026-01-20 05:18:55"}
E2E Tests	Show backend container logs	2026-01-20T05:19:22.7715896Z gracestowel-backend-test  | {"level":"info","message":"  ● Migrating Migration20250908080305","timestamp":"2026-01-20 05:18:55"}
E2E Tests	Show backend container logs	2026-01-20T05:19:22.7716827Z gracestowel-backend-test  | {"level":"info","message":"  ✔ Migrated Migration20250908080305","timestamp":"2026-01-20 05:18:55"}
E2E Tests	Show backend container logs	2026-01-20T05:19:22.7717610Z gracestowel-backend-test  | {"level":"info","message":"Completed successfully","timestamp":"2026-01-20 05:18:55"}
E2E Tests	Show backend container logs	2026-01-20T05:19:22.7718339Z gracestowel-backend-test  | {"level":"info","message":"","timestamp":"2026-01-20 05:18:55"}
E2E Tests	Show backend container logs	2026-01-20T05:19:22.7718930Z gracestowel-backend-test  | {"level":"info","message":"","timestamp":"2026-01-20 05:18:55"}
E2E Tests	Show backend container logs	2026-01-20T05:19:22.7719579Z gracestowel-backend-test  | {"level":"info","message":"MODULE: locking","timestamp":"2026-01-20 05:18:55"}
E2E Tests	Show backend container logs	2026-01-20T05:19:22.7720364Z gracestowel-backend-test  | {"level":"info","message":"Skipped. Database is up-to-date for module.","timestamp":"2026-01-20 05:18:55"}
E2E Tests	Show backend container logs	2026-01-20T05:19:22.7721072Z gracestowel-backend-test  | {"level":"info","message":"","timestamp":"2026-01-20 05:18:55"}
E2E Tests	Show backend container logs	2026-01-20T05:19:22.7721658Z gracestowel-backend-test  | {"level":"info","message":"","timestamp":"2026-01-20 05:18:55"}
E2E Tests	Show backend container logs	2026-01-20T05:19:22.7722289Z gracestowel-backend-test  | {"level":"info","message":"MODULE: file","timestamp":"2026-01-20 05:18:55"}
E2E Tests	Show backend container logs	2026-01-20T05:19:22.7723134Z gracestowel-backend-test  | {"level":"info","message":"Skipped. Database is up-to-date for module.","timestamp":"2026-01-20 05:18:55"}
E2E Tests	Show backend container logs	2026-01-20T05:19:22.7723844Z gracestowel-backend-test  | {"level":"info","message":"","timestamp":"2026-01-20 05:18:55"}
E2E Tests	Show backend container logs	2026-01-20T05:19:22.7724440Z gracestowel-backend-test  | {"level":"info","message":"","timestamp":"2026-01-20 05:18:55"}
E2E Tests	Show backend container logs	2026-01-20T05:19:22.7725068Z gracestowel-backend-test  | {"level":"info","message":"MODULE: file","timestamp":"2026-01-20 05:18:55"}
E2E Tests	Show backend container logs	2026-01-20T05:19:22.7725841Z gracestowel-backend-test  | {"level":"info","message":"Skipped. Database is up-to-date for module.","timestamp":"2026-01-20 05:18:55"}
E2E Tests	Show backend container logs	2026-01-20T05:19:22.7726554Z gracestowel-backend-test  | {"level":"info","message":"","timestamp":"2026-01-20 05:18:55"}
E2E Tests	Show backend container logs	2026-01-20T05:19:22.7727139Z gracestowel-backend-test  | {"level":"info","message":"","timestamp":"2026-01-20 05:18:55"}
E2E Tests	Show backend container logs	2026-01-20T05:19:22.7727775Z gracestowel-backend-test  | {"level":"info","message":"MODULE: file","timestamp":"2026-01-20 05:18:55"}
E2E Tests	Show backend container logs	2026-01-20T05:19:22.7728556Z gracestowel-backend-test  | {"level":"info","message":"Skipped. Database is up-to-date for module.","timestamp":"2026-01-20 05:18:55"}
E2E Tests	Show backend container logs	2026-01-20T05:19:22.7729268Z gracestowel-backend-test  | {"level":"info","message":"","timestamp":"2026-01-20 05:18:55"}
E2E Tests	Show backend container logs	2026-01-20T05:19:22.7729853Z gracestowel-backend-test  | {"level":"info","message":"","timestamp":"2026-01-20 05:18:55"}
E2E Tests	Show backend container logs	2026-01-20T05:19:22.7730529Z gracestowel-backend-test  | {"level":"info","message":"MODULE: eventBusService","timestamp":"2026-01-20 05:18:55"}
E2E Tests	Show backend container logs	2026-01-20T05:19:22.7731338Z gracestowel-backend-test  | {"level":"info","message":"Skipped. Database is up-to-date for module.","timestamp":"2026-01-20 05:18:55"}
E2E Tests	Show backend container logs	2026-01-20T05:19:22.7732115Z gracestowel-backend-test  | {"level":"info","message":"","timestamp":"2026-01-20 05:18:55"}
E2E Tests	Show backend container logs	2026-01-20T05:19:22.7732756Z gracestowel-backend-test  | {"level":"info","message":"","timestamp":"2026-01-20 05:18:55"}
E2E Tests	Show backend container logs	2026-01-20T05:19:22.7733403Z gracestowel-backend-test  | {"level":"info","message":"MODULE: review","timestamp":"2026-01-20 05:18:55"}
E2E Tests	Show backend container logs	2026-01-20T05:19:22.7734273Z gracestowel-backend-test  | {"level":"info","message":"  ● Migrating Migration20251127011208","timestamp":"2026-01-20 05:18:55"}
E2E Tests	Show backend container logs	2026-01-20T05:19:22.7735196Z gracestowel-backend-test  | {"level":"info","message":"  ✔ Migrated Migration20251127011208","timestamp":"2026-01-20 05:18:55"}
E2E Tests	Show backend container logs	2026-01-20T05:19:22.7736106Z gracestowel-backend-test  | {"level":"info","message":"  ● Migrating Migration20251127020000","timestamp":"2026-01-20 05:18:55"}
E2E Tests	Show backend container logs	2026-01-20T05:19:22.7737025Z gracestowel-backend-test  | {"level":"info","message":"  ✔ Migrated Migration20251127020000","timestamp":"2026-01-20 05:18:55"}
E2E Tests	Show backend container logs	2026-01-20T05:19:22.7737953Z gracestowel-backend-test  | {"level":"info","message":"  ● Migrating Migration20251127020001","timestamp":"2026-01-20 05:18:55"}
E2E Tests	Show backend container logs	2026-01-20T05:19:22.7738863Z gracestowel-backend-test  | {"level":"info","message":"  ✔ Migrated Migration20251127020001","timestamp":"2026-01-20 05:18:55"}
E2E Tests	Show backend container logs	2026-01-20T05:19:22.7739706Z gracestowel-backend-test  | {"level":"info","message":"Completed successfully","timestamp":"2026-01-20 05:18:55"}
E2E Tests	Show backend container logs	2026-01-20T05:19:22.7740368Z gracestowel-backend-test  | {"level":"info","message":"","timestamp":"2026-01-20 05:18:55"}
E2E Tests	Show backend container logs	2026-01-20T05:19:22.7740959Z gracestowel-backend-test  | {"level":"info","message":"","timestamp":"2026-01-20 05:18:55"}
E2E Tests	Show backend container logs	2026-01-20T05:19:22.7741612Z gracestowel-backend-test  | {"level":"info","message":"MODULE: feedback","timestamp":"2026-01-20 05:18:55"}
E2E Tests	Show backend container logs	2026-01-20T05:19:22.7742535Z gracestowel-backend-test  | {"level":"info","message":"  ● Migrating Migration20260113000000","timestamp":"2026-01-20 05:18:55"}
E2E Tests	Show backend container logs	2026-01-20T05:19:22.7743462Z gracestowel-backend-test  | {"level":"info","message":"  ✔ Migrated Migration20260113000000","timestamp":"2026-01-20 05:18:55"}
E2E Tests	Show backend container logs	2026-01-20T05:19:22.7744240Z gracestowel-backend-test  | {"level":"info","message":"Completed successfully","timestamp":"2026-01-20 05:18:55"}
E2E Tests	Show backend container logs	2026-01-20T05:19:22.7744900Z gracestowel-backend-test  | {"level":"info","message":"","timestamp":"2026-01-20 05:18:55"}
E2E Tests	Show backend container logs	2026-01-20T05:19:22.7745490Z gracestowel-backend-test  | {"level":"info","message":"","timestamp":"2026-01-20 05:18:55"}
E2E Tests	Show backend container logs	2026-01-20T05:19:22.7746154Z gracestowel-backend-test  | {"level":"info","message":"MODULE: translation","timestamp":"2026-01-20 05:18:55"}
E2E Tests	Show backend container logs	2026-01-20T05:19:22.7747034Z gracestowel-backend-test  | {"level":"info","message":"  ● Migrating Migration20251208124155","timestamp":"2026-01-20 05:18:55"}
E2E Tests	Show backend container logs	2026-01-20T05:19:22.7747957Z gracestowel-backend-test  | {"level":"info","message":"  ✔ Migrated Migration20251208124155","timestamp":"2026-01-20 05:18:55"}
E2E Tests	Show backend container logs	2026-01-20T05:19:22.7748879Z gracestowel-backend-test  | {"level":"info","message":"  ● Migrating Migration20251215083927","timestamp":"2026-01-20 05:18:55"}
E2E Tests	Show backend container logs	2026-01-20T05:19:22.7749804Z gracestowel-backend-test  | {"level":"info","message":"  ✔ Migrated Migration20251215083927","timestamp":"2026-01-20 05:18:55"}
E2E Tests	Show backend container logs	2026-01-20T05:19:22.7750726Z gracestowel-backend-test  | {"level":"info","message":"  ● Migrating Migration20251218140235","timestamp":"2026-01-20 05:18:55"}
E2E Tests	Show backend container logs	2026-01-20T05:19:22.7751637Z gracestowel-backend-test  | {"level":"info","message":"  ✔ Migrated Migration20251218140235","timestamp":"2026-01-20 05:18:55"}
E2E Tests	Show backend container logs	2026-01-20T05:19:22.7752473Z gracestowel-backend-test  | {"level":"info","message":"Completed successfully","timestamp":"2026-01-20 05:18:55"}
E2E Tests	Show backend container logs	2026-01-20T05:19:22.7753131Z gracestowel-backend-test  | {"level":"info","message":"","timestamp":"2026-01-20 05:18:55"}
E2E Tests	Show backend container logs	2026-01-20T05:19:22.7753793Z gracestowel-backend-test  | {"level":"info","message":"Migrations completed","timestamp":"2026-01-20 05:18:55"}
E2E Tests	Show backend container logs	2026-01-20T05:19:22.7754516Z gracestowel-backend-test  | {"level":"info","message":"","timestamp":"2026-01-20 05:18:55"}
E2E Tests	Show backend container logs	2026-01-20T05:19:22.7755170Z gracestowel-backend-test  | {"level":"info","message":"Syncing links...","timestamp":"2026-01-20 05:18:55"}
E2E Tests	Show backend container logs	2026-01-20T05:19:22.7765858Z gracestowel-backend-test  | {"level":"info","message":"┌──────────────────────────────────────────────────────────────────────────────┐│                                                                              ││   Created following links tables                                             ││   - cart.cart <> payment.payment_collection (cart_payment_collection)        ││   - cart.cart <> promotion.promotions (cart_promotion)                       ││   - customer.customer <> payment.account_holder (customer_account_holder)    ││   - stock_location.location <> fulfillment.fulfillment_provider              ││   (location_fulfillment_provider)                                            ││   - stock_location.location <> fulfillment.fulfillment_set                   ││   (location_fulfillment_set)                                                 ││   - order.order <> cart.cart (order_cart)                                    ││   - order.order <> fulfillment.fulfillments (order_fulfillment)              ││   - order.order <> payment.payment_collection (order_payment_collection)     ││   - order.order <> promotion.promotions (order_promotion)                    ││   - order.return <> fulfillment.fulfillments (return_fulfillment)            ││   - product.product <> sales_channel.sales_channel (product_sales_channel)   ││   - product.product <> fulfillment.shipping_profile                          ││   (product_shipping_profile)                                                 ││   - product.variant <> inventory.inventory                                   ││   (product_variant_inventory_item)                                           ││   - product.variant <> pricing.price_set (product_variant_price_set)         ││   - api_key.api_key <> sales_channel.sales_channel                           ││   (publishable_api_key_sales_channel)                                        ││   - region.region <> payment.payment_provider (region_payment_provider)      ││   - sales_channel.sales_channel <> stock_location.location                   ││   (sales_channel_stock_location)                                             ││   - fulfillment.shipping_option <> pricing.price_set                         ││   (shipping_option_price_set)                                                ││   - user.user <> rbac.rbac_role (user_rbac_role)                             ││   - inventory.reservation_item <> order.order_line_item                      ││   (inventory_reservation_item_order_order_line_item)                         ││                                                                              │└──────────────────────────────────────────────────────────────────────────────┘","timestamp":"2026-01-20 05:18:55"}
E2E Tests	Show backend container logs	2026-01-20T05:19:22.7772965Z gracestowel-backend-test  | {"level":"info","message":"Links sync completed","timestamp":"2026-01-20 05:18:55"}
E2E Tests	Show backend container logs	2026-01-20T05:19:22.7773694Z gracestowel-backend-test  | {"level":"info","message":"","timestamp":"2026-01-20 05:18:55"}
E2E Tests	Show backend container logs	2026-01-20T05:19:22.7775201Z gracestowel-backend-test  | {"level":"info","message":"No link to load from /repo/node_modules/.pnpm/@medusajs+draft-order@2.12.5_@medusajs+admin-sdk@2.12.5_@medusajs+cli@2.12.5_@types+node@25.0_4ynalb74y4qylfj3viabw5uise/node_modules/@medusajs/draft-order/.medusa/server/src/links. skipped.","timestamp":"2026-01-20 05:18:57"}
E2E Tests	Show backend container logs	2026-01-20T05:19:22.7776642Z gracestowel-backend-test  | [CRITICAL] PAYMENT_CAPTURE_DELAY_MS environment variable is missing. Using default of 59:30.
E2E Tests	Show backend container logs	2026-01-20T05:19:22.7777601Z gracestowel-backend-test  | {"level":"warn","message":"Local Event Bus installed. This is not recommended for production.","timestamp":"2026-01-20 05:18:58"}
E2E Tests	Show backend container logs	2026-01-20T05:19:22.7778564Z gracestowel-backend-test  | {"level":"info","message":"Locking module: Using \"in-memory\" as default.","timestamp":"2026-01-20 05:18:58"}
E2E Tests	Show backend container logs	2026-01-20T05:19:22.7779238Z gracestowel-backend-test  | Resend: Skipping validation in test mode
E2E Tests	Show backend container logs	2026-01-20T05:19:22.7780013Z gracestowel-backend-test  | {"level":"info","message":"Connection to Redis in module 'event-bus-redis' established","timestamp":"2026-01-20 05:18:58"}
E2E Tests	Show backend container logs	2026-01-20T05:19:22.7781022Z gracestowel-backend-test  | {"level":"info","message":"Creating migrations table 'script_migrations'...","timestamp":"2026-01-20 05:18:59"}
E2E Tests	Show backend container logs	2026-01-20T05:19:22.7781908Z gracestowel-backend-test  | {"level":"info","message":"Migrations table created successfully","timestamp":"2026-01-20 05:18:59"}
E2E Tests	Show backend container logs	2026-01-20T05:19:22.7782686Z gracestowel-backend-test  | {"level":"info","message":"","timestamp":"2026-01-20 05:18:59"}
E2E Tests	Show backend container logs	2026-01-20T05:19:22.7783424Z gracestowel-backend-test  | {"level":"info","message":"Pending migration scripts to execute","timestamp":"2026-01-20 05:18:59"}
E2E Tests	Show backend container logs	2026-01-20T05:19:22.7785959Z gracestowel-backend-test  | {"level":"info","message":"/repo/node_modules/.pnpm/@medusajs+medusa@2.12.5_@medusajs+admin-sdk@2.12.5_@medusajs+cli@2.12.5_@types+node@25.0.9__@_ovw2b3gnoqc73aneogjxjn6zhe/node_modules/@medusajs/medusa/dist/migration-scripts/migrate-product-shipping-profile.js\n/repo/node_modules/.pnpm/@medusajs+medusa@2.12.5_@medusajs+admin-sdk@2.12.5_@medusajs+cli@2.12.5_@types+node@25.0.9__@_ovw2b3gnoqc73aneogjxjn6zhe/node_modules/@medusajs/medusa/dist/migration-scripts/migrate-tax-region-provider.js","timestamp":"2026-01-20 05:18:59"}
E2E Tests	Show backend container logs	2026-01-20T05:19:22.7788008Z gracestowel-backend-test  | {"level":"info","message":"","timestamp":"2026-01-20 05:18:59"}
E2E Tests	Show backend container logs	2026-01-20T05:19:22.7788719Z gracestowel-backend-test  | {"level":"info","message":"Running migration scripts...","timestamp":"2026-01-20 05:18:59"}
E2E Tests	Show backend container logs	2026-01-20T05:19:22.7790399Z gracestowel-backend-test  | {"level":"info","message":"Running migration script /repo/node_modules/.pnpm/@medusajs+medusa@2.12.5_@medusajs+admin-sdk@2.12.5_@medusajs+cli@2.12.5_@types+node@25.0.9__@_ovw2b3gnoqc73aneogjxjn6zhe/node_modules/@medusajs/medusa/dist/migration-scripts/migrate-product-shipping-profile.js","timestamp":"2026-01-20 05:19:00"}
E2E Tests	Show backend container logs	2026-01-20T05:19:22.7791948Z gracestowel-backend-test  | {"level":"info","message":"Assigning products to shipping profile","timestamp":"2026-01-20 05:19:00"}
E2E Tests	Show backend container logs	2026-01-20T05:19:22.7792876Z gracestowel-backend-test  | {"level":"info","message":"Products assigned to shipping profile","timestamp":"2026-01-20 05:19:00"}
E2E Tests	Show backend container logs	2026-01-20T05:19:22.7794637Z gracestowel-backend-test  | {"level":"info","message":"Migration script /repo/node_modules/.pnpm/@medusajs+medusa@2.12.5_@medusajs+admin-sdk@2.12.5_@medusajs+cli@2.12.5_@types+node@25.0.9__@_ovw2b3gnoqc73aneogjxjn6zhe/node_modules/@medusajs/medusa/dist/migration-scripts/migrate-product-shipping-profile.js completed (0.03s)","timestamp":"2026-01-20 05:19:00"}
E2E Tests	Show backend container logs	2026-01-20T05:19:22.7797036Z gracestowel-backend-test  | {"level":"info","message":"Running migration script /repo/node_modules/.pnpm/@medusajs+medusa@2.12.5_@medusajs+admin-sdk@2.12.5_@medusajs+cli@2.12.5_@types+node@25.0.9__@_ovw2b3gnoqc73aneogjxjn6zhe/node_modules/@medusajs/medusa/dist/migration-scripts/migrate-tax-region-provider.js","timestamp":"2026-01-20 05:19:00"}
E2E Tests	Show backend container logs	2026-01-20T05:19:22.7798668Z gracestowel-backend-test  | {"level":"info","message":"Assigning tax system provider to tax regions","timestamp":"2026-01-20 05:19:00"}
E2E Tests	Show backend container logs	2026-01-20T05:19:22.7799546Z gracestowel-backend-test  | {"level":"info","message":"System provider assigned to tax regions","timestamp":"2026-01-20 05:19:00"}
E2E Tests	Show backend container logs	2026-01-20T05:19:22.7801272Z gracestowel-backend-test  | {"level":"info","message":"Migration script /repo/node_modules/.pnpm/@medusajs+medusa@2.12.5_@medusajs+admin-sdk@2.12.5_@medusajs+cli@2.12.5_@types+node@25.0.9__@_ovw2b3gnoqc73aneogjxjn6zhe/node_modules/@medusajs/medusa/dist/migration-scripts/migrate-tax-region-provider.js completed (0.01s)","timestamp":"2026-01-20 05:19:00"}
E2E Tests	Show backend container logs	2026-01-20T05:19:22.7802758Z gracestowel-backend-test  | {"level":"info","message":"","timestamp":"2026-01-20 05:19:00"}
E2E Tests	Show backend container logs	2026-01-20T05:19:22.7803454Z gracestowel-backend-test  | {"level":"info","message":"Migration scripts completed","timestamp":"2026-01-20 05:19:00"}
E2E Tests	Show backend container logs	2026-01-20T05:19:22.7804005Z gracestowel-backend-test  | Seeding test data...
E2E Tests	Show backend container logs	2026-01-20T05:19:22.7804314Z gracestowel-backend-test  | 
E2E Tests	Show backend container logs	2026-01-20T05:19:22.7804743Z gracestowel-backend-test  | > @gracestowel/backend@0.0.1 seed /repo/apps/backend
E2E Tests	Show backend container logs	2026-01-20T05:19:22.7805315Z gracestowel-backend-test  | > medusa exec ./src/scripts/seed.ts
E2E Tests	Show backend container logs	2026-01-20T05:19:22.7805665Z gracestowel-backend-test  | 
E2E Tests	Show backend container logs	2026-01-20T05:19:22.7806279Z gracestowel-backend-test  | {"level":"info","message":"Executing script at ./src/scripts/seed.ts...","timestamp":"2026-01-20 05:19:01"}
E2E Tests	Show backend container logs	2026-01-20T05:19:22.7807905Z gracestowel-backend-test  | {"level":"info","message":"No link to load from /repo/node_modules/.pnpm/@medusajs+draft-order@2.12.5_@medusajs+admin-sdk@2.12.5_@medusajs+cli@2.12.5_@types+node@25.0_4ynalb74y4qylfj3viabw5uise/node_modules/@medusajs/draft-order/.medusa/server/src/links. skipped.","timestamp":"2026-01-20 05:19:02"}
E2E Tests	Show backend container logs	2026-01-20T05:19:22.7809339Z gracestowel-backend-test  | [CRITICAL] PAYMENT_CAPTURE_DELAY_MS environment variable is missing. Using default of 59:30.
E2E Tests	Show backend container logs	2026-01-20T05:19:22.7810296Z gracestowel-backend-test  | {"level":"warn","message":"Local Event Bus installed. This is not recommended for production.","timestamp":"2026-01-20 05:19:04"}
E2E Tests	Show backend container logs	2026-01-20T05:19:22.7811265Z gracestowel-backend-test  | {"level":"info","message":"Locking module: Using \"in-memory\" as default.","timestamp":"2026-01-20 05:19:04"}
E2E Tests	Show backend container logs	2026-01-20T05:19:22.7811931Z gracestowel-backend-test  | Resend: Skipping validation in test mode
E2E Tests	Show backend container logs	2026-01-20T05:19:22.7812768Z gracestowel-backend-test  | {"level":"info","message":"Connection to Redis in module 'event-bus-redis' established","timestamp":"2026-01-20 05:19:04"}
E2E Tests	Show backend container logs	2026-01-20T05:19:22.7814478Z gracestowel-backend-test  | {"level":"info","message":"No workflow to load from /repo/node_modules/.pnpm/@medusajs+draft-order@2.12.5_@medusajs+admin-sdk@2.12.5_@medusajs+cli@2.12.5_@types+node@25.0_4ynalb74y4qylfj3viabw5uise/node_modules/@medusajs/draft-order/.medusa/server/src/workflows. skipped.","timestamp":"2026-01-20 05:19:04"}
E2E Tests	Show backend container logs	2026-01-20T05:19:22.7816743Z gracestowel-backend-test  | {"level":"info","message":"No subscriber to load from /repo/node_modules/.pnpm/@medusajs+draft-order@2.12.5_@medusajs+admin-sdk@2.12.5_@medusajs+cli@2.12.5_@types+node@25.0_4ynalb74y4qylfj3viabw5uise/node_modules/@medusajs/draft-order/.medusa/server/src/subscribers. skipped.","timestamp":"2026-01-20 05:19:04"}
E2E Tests	Show backend container logs	2026-01-20T05:19:22.7818162Z gracestowel-backend-test  | {"level":"info","message":"Seeding store data...","timestamp":"2026-01-20 05:19:05"}
E2E Tests	Show backend container logs	2026-01-20T05:19:22.7818907Z gracestowel-backend-test  | {"level":"info","message":"Seeding promotion data...","timestamp":"2026-01-20 05:19:05"}
E2E Tests	Show backend container logs	2026-01-20T05:19:22.7819708Z gracestowel-backend-test  | {"level":"info","message":"Created promotion: TEST10 (10% OFF)","timestamp":"2026-01-20 05:19:05"}
E2E Tests	Show backend container logs	2026-01-20T05:19:22.7820526Z gracestowel-backend-test  | {"level":"info","message":"Finished seeding promotion data.","timestamp":"2026-01-20 05:19:05"}
E2E Tests	Show backend container logs	2026-01-20T05:19:22.7821346Z gracestowel-backend-test  | {"level":"info","message":"Seeding region data...","timestamp":"2026-01-20 05:19:05"}
E2E Tests	Show backend container logs	2026-01-20T05:19:22.7822091Z gracestowel-backend-test  | {"level":"info","message":"Finished seeding regions.","timestamp":"2026-01-20 05:19:05"}
E2E Tests	Show backend container logs	2026-01-20T05:19:22.7823664Z gracestowel-backend-test  | {"level":"warn","message":"Failed to link Regions to Sales Channel: Module to type region and sales_channel by keys id and id was not found. Ensure the link exists, keys are correct, and link is passed in the correct order to method 'remoteLink.create'.\n","timestamp":"2026-01-20 05:19:05"}
E2E Tests	Show backend container logs	2026-01-20T05:19:22.7824984Z gracestowel-backend-test  | {"level":"info","message":"Seeding tax regions...","timestamp":"2026-01-20 05:19:05"}
E2E Tests	Show backend container logs	2026-01-20T05:19:22.7825742Z gracestowel-backend-test  | {"level":"info","message":"Finished seeding tax regions.","timestamp":"2026-01-20 05:19:05"}
E2E Tests	Show backend container logs	2026-01-20T05:19:22.7826534Z gracestowel-backend-test  | {"level":"info","message":"Seeding stock location data...","timestamp":"2026-01-20 05:19:05"}
E2E Tests	Show backend container logs	2026-01-20T05:19:22.7827388Z gracestowel-backend-test  | {"level":"info","message":"Created stock location: Grace Stowel Warehouse","timestamp":"2026-01-20 05:19:05"}
E2E Tests	Show backend container logs	2026-01-20T05:19:22.7828341Z gracestowel-backend-test  | {"level":"info","message":"Seeding fulfillment data...","timestamp":"2026-01-20 05:19:05"}
E2E Tests	Show backend container logs	2026-01-20T05:19:22.7829210Z gracestowel-backend-test  | {"level":"info","message":"Created fulfillment set: Grace Stowel Global Delivery","timestamp":"2026-01-20 05:19:05"}
E2E Tests	Show backend container logs	2026-01-20T05:19:22.7830098Z gracestowel-backend-test  | {"level":"info","message":"Created 3 missing shipping options.","timestamp":"2026-01-20 05:19:05"}
E2E Tests	Show backend container logs	2026-01-20T05:19:22.7830922Z gracestowel-backend-test  | {"level":"info","message":"Finished seeding fulfillment data.","timestamp":"2026-01-20 05:19:05"}
E2E Tests	Show backend container logs	2026-01-20T05:19:22.7831762Z gracestowel-backend-test  | {"level":"info","message":"Finished seeding stock location data.","timestamp":"2026-01-20 05:19:05"}
E2E Tests	Show backend container logs	2026-01-20T05:19:22.7832671Z gracestowel-backend-test  | {"level":"info","message":"Seeding publishable API key data...","timestamp":"2026-01-20 05:19:05"}
E2E Tests	Show backend container logs	2026-01-20T05:19:22.7833600Z gracestowel-backend-test  | {"level":"info","message":"Created publishable API key: apk_01KFCXF7KAZKPRPWWRTSK9SF2K","timestamp":"2026-01-20 05:19:05"}
E2E Tests	Show backend container logs	2026-01-20T05:19:22.7834553Z gracestowel-backend-test  | {"level":"info","message":"Finished seeding publishable API key data.","timestamp":"2026-01-20 05:19:05"}
E2E Tests	Show backend container logs	2026-01-20T05:19:22.7835364Z gracestowel-backend-test  | {"level":"info","message":"Seeding product data...","timestamp":"2026-01-20 05:19:05"}
E2E Tests	Show backend container logs	2026-01-20T05:19:22.7836159Z gracestowel-backend-test  | {"level":"info","message":"Creating missing category: Bath Towels","timestamp":"2026-01-20 05:19:05"}
E2E Tests	Show backend container logs	2026-01-20T05:19:22.7837294Z gracestowel-backend-test  | {"level":"info","message":"✓ Created category: Bath Towels (pcat_01KFCXF7KW9WFSF6X4578BQ2AZ)","timestamp":"2026-01-20 05:19:05"}
E2E Tests	Show backend container logs	2026-01-20T05:19:22.7838247Z gracestowel-backend-test  | {"level":"info","message":"Creating missing category: Hand Towels","timestamp":"2026-01-20 05:19:05"}
E2E Tests	Show backend container logs	2026-01-20T05:19:22.7839324Z gracestowel-backend-test  | {"level":"info","message":"✓ Created category: Hand Towels (pcat_01KFCXF7M6VA2F5P8XQZ5QTRVR)","timestamp":"2026-01-20 05:19:05"}
E2E Tests	Show backend container logs	2026-01-20T05:19:22.7840271Z gracestowel-backend-test  | {"level":"info","message":"Creating missing category: Washcloths","timestamp":"2026-01-20 05:19:05"}
E2E Tests	Show backend container logs	2026-01-20T05:19:22.7841338Z gracestowel-backend-test  | {"level":"info","message":"✓ Created category: Washcloths (pcat_01KFCXF7MERK0DYXF7JC5DB1N1)","timestamp":"2026-01-20 05:19:05"}
E2E Tests	Show backend container logs	2026-01-20T05:19:22.7842290Z gracestowel-backend-test  | {"level":"info","message":"Creating missing category: Accessories","timestamp":"2026-01-20 05:19:05"}
E2E Tests	Show backend container logs	2026-01-20T05:19:22.7843416Z gracestowel-backend-test  | {"level":"info","message":"✓ Created category: Accessories (pcat_01KFCXF7MNYYGQCA6CV9537RPM)","timestamp":"2026-01-20 05:19:05"}
E2E Tests	Show backend container logs	2026-01-20T05:19:22.7844361Z gracestowel-backend-test  | {"level":"info","message":"Created 4 new products.","timestamp":"2026-01-20 05:19:05"}
E2E Tests	Show backend container logs	2026-01-20T05:19:22.7845158Z gracestowel-backend-test  | {"level":"info","message":"Finished seeding product data (4 new).","timestamp":"2026-01-20 05:19:05"}
E2E Tests	Show backend container logs	2026-01-20T05:19:22.7845962Z gracestowel-backend-test  | {"level":"info","message":"Seeding inventory levels.","timestamp":"2026-01-20 05:19:05"}
E2E Tests	Show backend container logs	2026-01-20T05:19:22.7846777Z gracestowel-backend-test  | {"level":"info","message":"Finished seeding inventory levels data.","timestamp":"2026-01-20 05:19:05"}
E2E Tests	Show backend container logs	2026-01-20T05:19:22.7847587Z gracestowel-backend-test  | {"level":"info","message":"\n========================================","timestamp":"2026-01-20 05:19:05"}
E2E Tests	Show backend container logs	2026-01-20T05:19:22.7848383Z gracestowel-backend-test  | {"level":"info","message":"SEED SCRIPT COMPLETED SUCCESSFULLY","timestamp":"2026-01-20 05:19:05"}
E2E Tests	Show backend container logs	2026-01-20T05:19:22.7849177Z gracestowel-backend-test  | {"level":"info","message":"========================================","timestamp":"2026-01-20 05:19:05"}
E2E Tests	Show backend container logs	2026-01-20T05:19:22.7849942Z gracestowel-backend-test  | {"level":"info","message":"Products: 4 created, 0 existing","timestamp":"2026-01-20 05:19:05"}
E2E Tests	Show backend container logs	2026-01-20T05:19:22.7850693Z gracestowel-backend-test  | {"level":"info","message":"Regions: 3 created","timestamp":"2026-01-20 05:19:05"}
E2E Tests	Show backend container logs	2026-01-20T05:19:22.7851597Z gracestowel-backend-test  | {"level":"info","message":"Publishable API Key: apk_01KFCXF7KAZKPRPWWRTSK9SF2K","timestamp":"2026-01-20 05:19:05"}
E2E Tests	Show backend container logs	2026-01-20T05:19:22.7852544Z gracestowel-backend-test  | {"level":"info","message":"========================================\n","timestamp":"2026-01-20 05:19:05"}
E2E Tests	Show backend container logs	2026-01-20T05:19:22.7853298Z gracestowel-backend-test  | {"level":"info","message":"Finished executing script.","timestamp":"2026-01-20 05:19:05"}
E2E Tests	Show backend container logs	2026-01-20T05:19:22.7853838Z gracestowel-backend-test  | Starting server...
E2E Tests	Show backend container logs	2026-01-20T05:19:22.7854140Z gracestowel-backend-test  | 
E2E Tests	Show backend container logs	2026-01-20T05:19:22.7854567Z gracestowel-backend-test  | > @gracestowel/backend@0.0.1 start /repo/apps/backend
E2E Tests	Show backend container logs	2026-01-20T05:19:22.7855126Z gracestowel-backend-test  | > medusa start --host 0.0.0.0 --port ${PORT:-8080}
E2E Tests	Show backend container logs	2026-01-20T05:19:22.7855505Z gracestowel-backend-test  | 
E2E Tests	Show backend container logs	2026-01-20T05:19:22.7856213Z gracestowel-backend-test  | {"activity_id":"01KFCXF9J1W2DF6TJRY2XWEHTE","config":{},"level":"info","message":"Creating server","timestamp":"2026-01-20 05:19:07"}
E2E Tests	Show backend container logs	2026-01-20T05:19:22.7857284Z gracestowel-backend-test  | {"level":"info","message":"Skipping instrumentation registration. No register function found.","timestamp":"2026-01-20 05:19:07"}
E2E Tests	Show backend container logs	2026-01-20T05:19:22.7859002Z gracestowel-backend-test  | {"level":"info","message":"No link to load from /repo/node_modules/.pnpm/@medusajs+draft-order@2.12.5_@medusajs+admin-sdk@2.12.5_@medusajs+cli@2.12.5_@types+node@25.0_4ynalb74y4qylfj3viabw5uise/node_modules/@medusajs/draft-order/.medusa/server/src/links. skipped.","timestamp":"2026-01-20 05:19:07"}
E2E Tests	Show backend container logs	2026-01-20T05:19:22.7860436Z gracestowel-backend-test  | [CRITICAL] PAYMENT_CAPTURE_DELAY_MS environment variable is missing. Using default of 59:30.
E2E Tests	Show backend container logs	2026-01-20T05:19:22.7861395Z gracestowel-backend-test  | {"level":"warn","message":"Local Event Bus installed. This is not recommended for production.","timestamp":"2026-01-20 05:19:08"}
E2E Tests	Show backend container logs	2026-01-20T05:19:22.7862422Z gracestowel-backend-test  | {"level":"info","message":"Locking module: Using \"in-memory\" as default.","timestamp":"2026-01-20 05:19:08"}
E2E Tests	Show backend container logs	2026-01-20T05:19:22.7863085Z gracestowel-backend-test  | Resend: Skipping validation in test mode
E2E Tests	Show backend container logs	2026-01-20T05:19:22.7863859Z gracestowel-backend-test  | {"level":"info","message":"Connection to Redis in module 'event-bus-redis' established","timestamp":"2026-01-20 05:19:09"}
E2E Tests	Show backend container logs	2026-01-20T05:19:22.7865569Z gracestowel-backend-test  | {"level":"info","message":"No workflow to load from /repo/node_modules/.pnpm/@medusajs+draft-order@2.12.5_@medusajs+admin-sdk@2.12.5_@medusajs+cli@2.12.5_@types+node@25.0_4ynalb74y4qylfj3viabw5uise/node_modules/@medusajs/draft-order/.medusa/server/src/workflows. skipped.","timestamp":"2026-01-20 05:19:09"}
E2E Tests	Show backend container logs	2026-01-20T05:19:22.7867889Z gracestowel-backend-test  | {"level":"info","message":"No subscriber to load from /repo/node_modules/.pnpm/@medusajs+draft-order@2.12.5_@medusajs+admin-sdk@2.12.5_@medusajs+cli@2.12.5_@types+node@25.0_4ynalb74y4qylfj3viabw5uise/node_modules/@medusajs/draft-order/.medusa/server/src/subscribers. skipped.","timestamp":"2026-01-20 05:19:10"}
E2E Tests	Show backend container logs	2026-01-20T05:19:22.7870100Z gracestowel-backend-test  | {"level":"info","message":"No job to load from /repo/node_modules/.pnpm/@medusajs+draft-order@2.12.5_@medusajs+admin-sdk@2.12.5_@medusajs+cli@2.12.5_@types+node@25.0_4ynalb74y4qylfj3viabw5uise/node_modules/@medusajs/draft-order/.medusa/server/src/jobs. skipped.","timestamp":"2026-01-20 05:19:10"}
E2E Tests	Show backend container logs	2026-01-20T05:19:22.7872182Z gracestowel-backend-test  | {"level":"info","message":"No job to load from /repo/node_modules/.pnpm/@medusajs+medusa@2.12.5_@medusajs+admin-sdk@2.12.5_@medusajs+cli@2.12.5_@types+node@25.0.9__@_ovw2b3gnoqc73aneogjxjn6zhe/node_modules/@medusajs/medusa/dist/jobs. skipped.","timestamp":"2026-01-20 05:19:10"}
E2E Tests	Show backend container logs	2026-01-20T05:19:22.7873915Z gracestowel-backend-test  | {"activity_id":"01KFCXF9J1W2DF6TJRY2XWEHTE","duration":3662,"level":"info","message":"Server is ready on port: 8080","timestamp":"2026-01-20 05:19:10"}
E2E Tests	Show backend container logs	2026-01-20T05:19:22.7874858Z gracestowel-backend-test  | [PostHog] API key not configured. Server-side tracking disabled.
E2E Tests	Show backend container logs	2026-01-20T05:19:22.7875730Z gracestowel-backend-test  | {"timestamp":"2026-01-20T05:19:14.808Z","level":"info","component":"health","message":"Health check passed","response_time_ms":6}
E2E Tests	Show backend container logs	2026-01-20T05:19:22.7876528Z gracestowel-backend-test  | [PostHog] API key not configured. Server-side tracking disabled.
E2E Tests	Show backend container logs	2026-01-20T05:19:22.7877386Z gracestowel-backend-test  | {"timestamp":"2026-01-20T05:19:15.580Z","level":"info","component":"health","message":"Health check passed","response_time_ms":3}
E2E Tests	Show backend container logs	2026-01-20T05:19:22.7878995Z gracestowel-backend-test  | {"level":"http","client_ip":"172.18.0.5","request_id":"b4247cdb-2c70-4858-bfd6-dd063cd797e8","http_version":"1.1","method":"GET","path":"/store/products?limit=1","status":200,"response_size":"2268","request_size":0,"duration":55.721,"referrer":"-","timestamp":"2026-01-20T05:19:22.248Z"}
E2E Tests	Show backend container logs	2026-01-20T05:19:22.7880998Z gracestowel-backend-test  | {"level":"http","client_ip":"172.18.0.5","request_id":"ca7af871-185a-440c-9b05-c4fa2c250cc9","http_version":"1.1","method":"GET","path":"/store/products?limit=1","status":200,"response_size":"2268","request_size":0,"duration":22.875,"referrer":"-","timestamp":"2026-01-20T05:19:22.394Z"}
E2E Tests	Show backend container logs	2026-01-20T05:19:22.7883042Z gracestowel-backend-test  | {"level":"http","client_ip":"172.18.0.5","request_id":"45051ace-e1b4-4320-bed3-f2ebecc42506","http_version":"1.1","method":"GET","path":"/store/products?limit=1","status":200,"response_size":"2268","request_size":0,"duration":23.183,"referrer":"-","timestamp":"2026-01-20T05:19:22.636Z"}
E2E Tests	Show storefront container logs	﻿2026-01-20T05:19:22.7931425Z ##[group]Run docker compose -f docker-compose.test.yml logs storefront
E2E Tests	Show storefront container logs	2026-01-20T05:19:22.7931924Z [36;1mdocker compose -f docker-compose.test.yml logs storefront[0m
E2E Tests	Show storefront container logs	2026-01-20T05:19:22.7950475Z shell: /usr/bin/bash -e {0}
E2E Tests	Show storefront container logs	2026-01-20T05:19:22.7950712Z env:
E2E Tests	Show storefront container logs	2026-01-20T05:19:22.7950886Z   NODE_VERSION: 24
E2E Tests	Show storefront container logs	2026-01-20T05:19:22.7951125Z   PNPM_HOME: /home/runner/setup-pnpm/node_modules/.bin
E2E Tests	Show storefront container logs	2026-01-20T05:19:22.7951404Z ##[endgroup]
E2E Tests	Show storefront container logs	2026-01-20T05:19:22.8514442Z time="2026-01-20T05:19:22Z" level=warning msg="The \"MEDUSA_PUBLISHABLE_KEY\" variable is not set. Defaulting to a blank string."
E2E Tests	Show storefront container logs	2026-01-20T05:19:22.8515793Z time="2026-01-20T05:19:22Z" level=warning msg="The \"ADMIN_TOKEN\" variable is not set. Defaulting to a blank string."
E2E Tests	Show storefront container logs	2026-01-20T05:19:22.8517282Z time="2026-01-20T05:19:22Z" level=warning msg="The \"MEDUSA_PUBLISHABLE_KEY\" variable is not set. Defaulting to a blank string."
E2E Tests	Show storefront container logs	2026-01-20T05:19:22.8657919Z gracestowel-storefront-test  | 
E2E Tests	Show storefront container logs	2026-01-20T05:19:22.8658750Z gracestowel-storefront-test  | > apps-storefront@ test:server /app
E2E Tests	Show storefront container logs	2026-01-20T05:19:22.8660240Z gracestowel-storefront-test  | > cd dist/server && wrangler dev --env ci --port 5173 --ip 0.0.0.0
E2E Tests	Show storefront container logs	2026-01-20T05:19:22.8661010Z gracestowel-storefront-test  | 
E2E Tests	Show storefront container logs	2026-01-20T05:19:22.8661481Z gracestowel-storefront-test  | 
E2E Tests	Show storefront container logs	2026-01-20T05:19:22.8662491Z gracestowel-storefront-test  |  ⛅️ wrangler 4.59.2
E2E Tests	Show storefront container logs	2026-01-20T05:19:22.8663284Z gracestowel-storefront-test  | ───────────────────
E2E Tests	Show storefront container logs	2026-01-20T05:19:22.8664705Z gracestowel-storefront-test  | [33m▲ [43;33m[[43;30mWARNING[43;33m][0m [1mProcessing wrangler.json configuration:[0m
E2E Tests	Show storefront container logs	2026-01-20T05:19:22.8665757Z gracestowel-storefront-test  | 
E2E Tests	Show storefront container logs	2026-01-20T05:19:22.8666646Z gracestowel-storefront-test  |     - No environment found in configuration with name "ci".
E2E Tests	Show storefront container logs	2026-01-20T05:19:22.8668158Z gracestowel-storefront-test  |       Before using `--env=ci` there should be an equivalent environment section in the configuration.
E2E Tests	Show storefront container logs	2026-01-20T05:19:22.8669179Z gracestowel-storefront-test  |   
E2E Tests	Show storefront container logs	2026-01-20T05:19:22.8670332Z gracestowel-storefront-test  |       Consider adding an environment configuration section to the wrangler.json file:
E2E Tests	Show storefront container logs	2026-01-20T05:19:22.8671301Z gracestowel-storefront-test  |       ```
E2E Tests	Show storefront container logs	2026-01-20T05:19:22.8671825Z gracestowel-storefront-test  |       [env.ci]
E2E Tests	Show storefront container logs	2026-01-20T05:19:22.8672447Z gracestowel-storefront-test  |       ```
E2E Tests	Show storefront container logs	2026-01-20T05:19:22.8672949Z gracestowel-storefront-test  |   
E2E Tests	Show storefront container logs	2026-01-20T05:19:22.8673422Z gracestowel-storefront-test  | 
E2E Tests	Show storefront container logs	2026-01-20T05:19:22.8673878Z gracestowel-storefront-test  | 
E2E Tests	Show storefront container logs	2026-01-20T05:19:22.8675553Z gracestowel-storefront-test  | Found a non-empty CLOUDFLARE_HYPERDRIVE_LOCAL_CONNECTION_STRING_HYPERDRIVE variable for binding. Hyperdrive will connect to this database during local development.
E2E Tests	Show storefront container logs	2026-01-20T05:19:22.8676972Z gracestowel-storefront-test  | Using vars defined in .dev.vars
E2E Tests	Show storefront container logs	2026-01-20T05:19:22.8677761Z gracestowel-storefront-test  | Your Worker has access to the following bindings:
E2E Tests	Show storefront container logs	2026-01-20T05:19:22.8678828Z gracestowel-storefront-test  | Binding                                                            Resource                  Mode
E2E Tests	Show storefront container logs	2026-01-20T05:19:22.8680325Z gracestowel-storefront-test  | env.HYPERDRIVE (43cb3470f0b5446c881a7b30aa87eb3e)                  Hyperdrive Config         local
E2E Tests	Show storefront container logs	2026-01-20T05:19:22.8681899Z gracestowel-storefront-test  | env.MEDUSA_BACKEND_URL ("(hidden)")                                Environment Variable      local
E2E Tests	Show storefront container logs	2026-01-20T05:19:22.8683494Z gracestowel-storefront-test  | env.MEDUSA_PUBLISHABLE_KEY ("(hidden)")                            Environment Variable      local
E2E Tests	Show storefront container logs	2026-01-20T05:19:22.8684955Z gracestowel-storefront-test  | env.JWT_SECRET ("(hidden)")                                        Environment Variable      local
E2E Tests	Show storefront container logs	2026-01-20T05:19:22.8686420Z gracestowel-storefront-test  | env.STRIPE_PUBLISHABLE_KEY ("(hidden)")                            Environment Variable      local
E2E Tests	Show storefront container logs	2026-01-20T05:19:22.8687773Z gracestowel-storefront-test  | env.STRIPE_SECRET_KEY ("(hidden)")                                 Environment Variable      local
E2E Tests	Show storefront container logs	2026-01-20T05:19:22.8688998Z gracestowel-storefront-test  | 
E2E Tests	Show storefront container logs	2026-01-20T05:19:22.8689705Z gracestowel-storefront-test  | Attaching additional modules:
E2E Tests	Show storefront container logs	2026-01-20T05:19:22.8690917Z gracestowel-storefront-test  | ┌─────────────────────────────────┬──────┬─────────────┐
E2E Tests	Show storefront container logs	2026-01-20T05:19:22.8691823Z gracestowel-storefront-test  | │ Name                            │ Type │ Size        │
E2E Tests	Show storefront container logs	2026-01-20T05:19:22.8692660Z gracestowel-storefront-test  | ├─────────────────────────────────┼──────┼─────────────┤
E2E Tests	Show storefront container logs	2026-01-20T05:19:22.8693315Z gracestowel-storefront-test  | │ assets/Map.client-9CyKfGv2.js   │ esm  │ 0.06 KiB    │
E2E Tests	Show storefront container logs	2026-01-20T05:19:22.8694517Z gracestowel-storefront-test  | ├─────────────────────────────────┼──────┼─────────────┤
E2E Tests	Show storefront container logs	2026-01-20T05:19:22.8695412Z gracestowel-storefront-test  | │ assets/server-build-lzuuCmm3.js │ esm  │ 2094.45 KiB │
E2E Tests	Show storefront container logs	2026-01-20T05:19:22.8696080Z gracestowel-storefront-test  | ├─────────────────────────────────┼──────┼─────────────┤
E2E Tests	Show storefront container logs	2026-01-20T05:19:22.8696713Z gracestowel-storefront-test  | │ assets/web-vitals-Cmi6Myf8.js   │ esm  │ 8.09 KiB    │
E2E Tests	Show storefront container logs	2026-01-20T05:19:22.8697517Z gracestowel-storefront-test  | ├─────────────────────────────────┼──────┼─────────────┤
E2E Tests	Show storefront container logs	2026-01-20T05:19:22.8698154Z gracestowel-storefront-test  | │ assets/worker-entry-iGkRXW92.js │ esm  │ 291.59 KiB  │
E2E Tests	Show storefront container logs	2026-01-20T05:19:22.8698820Z gracestowel-storefront-test  | ├─────────────────────────────────┼──────┼─────────────┤
E2E Tests	Show storefront container logs	2026-01-20T05:19:22.8699455Z gracestowel-storefront-test  | │ Total (4 modules)               │      │ 2394.20 KiB │
E2E Tests	Show storefront container logs	2026-01-20T05:19:22.8700102Z gracestowel-storefront-test  | └─────────────────────────────────┴──────┴─────────────┘
E2E Tests	Show storefront container logs	2026-01-20T05:19:22.8700634Z gracestowel-storefront-test  | ⎔ Starting local server...
E2E Tests	Show storefront container logs	2026-01-20T05:19:22.8701143Z gracestowel-storefront-test  | [wrangler:info] Ready on http://0.0.0.0:5173
E2E Tests	Show storefront container logs	2026-01-20T05:19:22.8701686Z gracestowel-storefront-test  | [wrangler:info] - http://127.0.0.1:5173
E2E Tests	Show storefront container logs	2026-01-20T05:19:22.8702204Z gracestowel-storefront-test  | [wrangler:info] - http://172.18.0.5:5173
E2E Tests	Show storefront container logs	2026-01-20T05:19:22.8703041Z gracestowel-storefront-test  | ✅ Medusa connection verified via loader
E2E Tests	Show storefront container logs	2026-01-20T05:19:22.8703550Z gracestowel-storefront-test  | [wrangler:info] GET / 200 OK (205ms)
E2E Tests	Show storefront container logs	2026-01-20T05:19:22.8704089Z gracestowel-storefront-test  | ✅ Medusa connection verified via loader
E2E Tests	Show storefront container logs	2026-01-20T05:19:22.8704580Z gracestowel-storefront-test  | [wrangler:info] GET / 200 OK (40ms)
E2E Tests	Show storefront container logs	2026-01-20T05:19:22.8705129Z gracestowel-storefront-test  | ✅ Medusa connection verified via loader
E2E Tests	Show storefront container logs	2026-01-20T05:19:22.8705623Z gracestowel-storefront-test  | [wrangler:info] GET / 200 OK (37ms)
E2E Tests	Generate Admin Token	﻿2026-01-20T05:19:22.8728978Z ##[group]Run cd apps/e2e
E2E Tests	Generate Admin Token	2026-01-20T05:19:22.8729253Z [36;1mcd apps/e2e[0m
E2E Tests	Generate Admin Token	2026-01-20T05:19:22.8730454Z [36;1mTOKEN=$(node -e 'const jwt = require("jsonwebtoken"); const secret = "test-secret-must-be-at-least-32-characters-long-for-security"; console.log(jwt.sign({ actor_id: "user_01KCQDPJ68BR9E69GS8A99RR9C", actor_type: "user", scope: "admin", iat: Math.floor(Date.now() / 1000), exp: Math.floor(Date.now() / 1000) + (3600 * 24 * 7) }, secret, { algorithm: "HS256" }));')[0m
E2E Tests	Generate Admin Token	2026-01-20T05:19:22.8731703Z [36;1mecho "ADMIN_TOKEN=$TOKEN" >> $GITHUB_ENV[0m
E2E Tests	Generate Admin Token	2026-01-20T05:19:22.8731984Z [36;1mecho "Generated Admin Token"[0m
E2E Tests	Generate Admin Token	2026-01-20T05:19:22.8750823Z shell: /usr/bin/bash -e {0}
E2E Tests	Generate Admin Token	2026-01-20T05:19:22.8751065Z env:
E2E Tests	Generate Admin Token	2026-01-20T05:19:22.8751241Z   NODE_VERSION: 24
E2E Tests	Generate Admin Token	2026-01-20T05:19:22.8751485Z   PNPM_HOME: /home/runner/setup-pnpm/node_modules/.bin
E2E Tests	Generate Admin Token	2026-01-20T05:19:22.8751771Z ##[endgroup]
E2E Tests	Generate Admin Token	2026-01-20T05:19:22.9456022Z Generated Admin Token
E2E Tests	Run E2E tests	﻿2026-01-20T05:19:22.9483360Z ##[group]Run docker compose -f docker-compose.test.yml run --rm -e MEDUSA_PUBLISHABLE_KEY -e ADMIN_TOKEN -e JWT_SECRET -e API_URL=http://backend:8080 playwright sh -c "corepack enable && corepack prepare pnpm@9.15.2 --activate && pnpm install && pnpm exec playwright test --project=chromium"
E2E Tests	Run E2E tests	2026-01-20T05:19:22.9485172Z [36;1mdocker compose -f docker-compose.test.yml run --rm -e MEDUSA_PUBLISHABLE_KEY -e ADMIN_TOKEN -e JWT_SECRET -e API_URL=http://backend:8080 playwright sh -c "corepack enable && corepack prepare pnpm@9.15.2 --activate && pnpm install && pnpm exec playwright test --project=chromium"[0m
E2E Tests	Run E2E tests	2026-01-20T05:19:22.9505884Z shell: /usr/bin/bash -e {0}
E2E Tests	Run E2E tests	2026-01-20T05:19:22.9506135Z env:
E2E Tests	Run E2E tests	2026-01-20T05:19:22.9506308Z   NODE_VERSION: 24
E2E Tests	Run E2E tests	2026-01-20T05:19:22.9506552Z   PNPM_HOME: /home/runner/setup-pnpm/node_modules/.bin
E2E Tests	Run E2E tests	2026-01-20T05:19:22.9508429Z   ADMIN_TOKEN: ***
E2E Tests	Run E2E tests	2026-01-20T05:19:22.9508800Z   MEDUSA_PUBLISHABLE_KEY: pk_d2a8b000e3439b66136b2d4039823ba4e5fc72aac242afc7dc3ffc503caea547
E2E Tests	Run E2E tests	2026-01-20T05:19:22.9509405Z   JWT_SECRET: test-secret-must-be-at-least-32-characters-long-for-security
E2E Tests	Run E2E tests	2026-01-20T05:19:22.9509760Z ##[endgroup]
E2E Tests	Run E2E tests	2026-01-20T05:19:23.0305322Z  Container gracestowel-postgres-test  Running
E2E Tests	Run E2E tests	2026-01-20T05:19:23.0305766Z  Container gracestowel-redis-test  Running
E2E Tests	Run E2E tests	2026-01-20T05:19:23.0306084Z  Container gracestowel-backend-test  Running
E2E Tests	Run E2E tests	2026-01-20T05:19:23.0306557Z  Container gracestowel-storefront-test  Running
E2E Tests	Run E2E tests	2026-01-20T05:19:23.0317175Z  Container gracestowel-postgres-test  Waiting
E2E Tests	Run E2E tests	2026-01-20T05:19:23.5330405Z  Container gracestowel-redis-test  Waiting
E2E Tests	Run E2E tests	2026-01-20T05:19:23.5330909Z  Container gracestowel-postgres-test  Healthy
E2E Tests	Run E2E tests	2026-01-20T05:19:23.5331443Z  Container gracestowel-redis-test  Healthy
E2E Tests	Run E2E tests	2026-01-20T05:19:23.5331985Z  Container gracestowel-backend-test  Waiting
E2E Tests	Run E2E tests	2026-01-20T05:19:24.0348581Z  Container gracestowel-backend-test  Healthy
E2E Tests	Run E2E tests	2026-01-20T05:19:24.0364182Z  playwright Pulling 
E2E Tests	Run E2E tests	2026-01-20T05:19:24.3681923Z  63e5bc7682b8 Pulling fs layer 
E2E Tests	Run E2E tests	2026-01-20T05:19:24.3682275Z  1845490b4550 Pulling fs layer 
E2E Tests	Run E2E tests	2026-01-20T05:19:24.3682807Z  773b6e1cd070 Pulling fs layer 
E2E Tests	Run E2E tests	2026-01-20T05:19:24.3683172Z  6c2303cb002e Pulling fs layer 
E2E Tests	Run E2E tests	2026-01-20T05:19:24.3683527Z  6c2303cb002e Waiting 
E2E Tests	Run E2E tests	2026-01-20T05:19:24.4959618Z  773b6e1cd070 Downloading [>                                                  ]  31.96kB/1.983MB
E2E Tests	Run E2E tests	2026-01-20T05:19:24.5222643Z  63e5bc7682b8 Downloading [>                                                  ]  309.4kB/30.45MB
E2E Tests	Run E2E tests	2026-01-20T05:19:24.5306830Z  1845490b4550 Downloading [>                                                  ]  538.7kB/96.62MB
E2E Tests	Run E2E tests	2026-01-20T05:19:24.5597921Z  773b6e1cd070 Verifying Checksum 
E2E Tests	Run E2E tests	2026-01-20T05:19:24.5598535Z  773b6e1cd070 Download complete 
E2E Tests	Run E2E tests	2026-01-20T05:19:24.6233592Z  63e5bc7682b8 Downloading [==================>                                ]  11.21MB/30.45MB
E2E Tests	Run E2E tests	2026-01-20T05:19:24.6321113Z  1845490b4550 Downloading [=======>                                           ]  14.04MB/96.62MB
E2E Tests	Run E2E tests	2026-01-20T05:19:24.7009863Z  63e5bc7682b8 Verifying Checksum 
E2E Tests	Run E2E tests	2026-01-20T05:19:24.7011723Z  63e5bc7682b8 Download complete 
E2E Tests	Run E2E tests	2026-01-20T05:19:24.7157226Z  6c2303cb002e Downloading [>                                                  ]  538.7kB/718.8MB
E2E Tests	Run E2E tests	2026-01-20T05:19:24.7352054Z  1845490b4550 Downloading [====================>                              ]  38.91MB/96.62MB
E2E Tests	Run E2E tests	2026-01-20T05:19:24.7590544Z  63e5bc7682b8 Extracting [>                                                  ]  327.7kB/30.45MB
E2E Tests	Run E2E tests	2026-01-20T05:19:24.8159827Z  6c2303cb002e Downloading [=>                                                 ]  17.29MB/718.8MB
E2E Tests	Run E2E tests	2026-01-20T05:19:24.8369450Z  1845490b4550 Downloading [===================================>               ]  69.19MB/96.62MB
E2E Tests	Run E2E tests	2026-01-20T05:19:24.8691511Z  63e5bc7682b8 Extracting [=====>                                             ]  3.604MB/30.45MB
E2E Tests	Run E2E tests	2026-01-20T05:19:24.9179200Z  6c2303cb002e Downloading [===>                                               ]  48.64MB/718.8MB
E2E Tests	Run E2E tests	2026-01-20T05:19:24.9232875Z  1845490b4550 Verifying Checksum 
E2E Tests	Run E2E tests	2026-01-20T05:19:24.9233424Z  1845490b4550 Download complete 
E2E Tests	Run E2E tests	2026-01-20T05:19:24.9847366Z  63e5bc7682b8 Extracting [=============>                                     ]  8.192MB/30.45MB
E2E Tests	Run E2E tests	2026-01-20T05:19:25.0187441Z  6c2303cb002e Downloading [=====>                                             ]  83.25MB/718.8MB
E2E Tests	Run E2E tests	2026-01-20T05:19:25.0857637Z  63e5bc7682b8 Extracting [====================>                              ]  12.78MB/30.45MB
E2E Tests	Run E2E tests	2026-01-20T05:19:25.1201854Z  6c2303cb002e Downloading [=======>                                           ]  114.6MB/718.8MB
E2E Tests	Run E2E tests	2026-01-20T05:19:25.1894566Z  63e5bc7682b8 Extracting [==================================>                ]   21.3MB/30.45MB
E2E Tests	Run E2E tests	2026-01-20T05:19:25.2207750Z  6c2303cb002e Downloading [==========>                                        ]  144.9MB/718.8MB
E2E Tests	Run E2E tests	2026-01-20T05:19:25.3222582Z  6c2303cb002e Downloading [============>                                      ]  178.4MB/718.8MB
E2E Tests	Run E2E tests	2026-01-20T05:19:25.3817347Z  63e5bc7682b8 Extracting [===========================================>       ]  26.54MB/30.45MB
E2E Tests	Run E2E tests	2026-01-20T05:19:25.4226261Z  6c2303cb002e Downloading [==============>                                    ]  208.7MB/718.8MB
E2E Tests	Run E2E tests	2026-01-20T05:19:25.5034449Z  63e5bc7682b8 Extracting [================================================>  ]  29.49MB/30.45MB
E2E Tests	Run E2E tests	2026-01-20T05:19:25.5226537Z  6c2303cb002e Downloading [================>                                  ]    239MB/718.8MB
E2E Tests	Run E2E tests	2026-01-20T05:19:25.6257080Z  6c2303cb002e Downloading [==================>                                ]  269.8MB/718.8MB
E2E Tests	Run E2E tests	2026-01-20T05:19:25.6339771Z  63e5bc7682b8 Extracting [==================================================>]  30.45MB/30.45MB
E2E Tests	Run E2E tests	2026-01-20T05:19:25.6706200Z  63e5bc7682b8 Pull complete 
E2E Tests	Run E2E tests	2026-01-20T05:19:25.7208630Z  1845490b4550 Extracting [>                                                  ]  557.1kB/96.62MB
E2E Tests	Run E2E tests	2026-01-20T05:19:25.7258915Z  6c2303cb002e Downloading [=====================>                             ]  302.8MB/718.8MB
E2E Tests	Run E2E tests	2026-01-20T05:19:25.8261909Z  6c2303cb002e Downloading [=======================>                           ]  335.2MB/718.8MB
E2E Tests	Run E2E tests	2026-01-20T05:19:25.8414395Z  1845490b4550 Extracting [=>                                                 ]  2.228MB/96.62MB
E2E Tests	Run E2E tests	2026-01-20T05:19:25.9273292Z  6c2303cb002e Downloading [=========================>                         ]  365.5MB/718.8MB
E2E Tests	Run E2E tests	2026-01-20T05:19:25.9440072Z  1845490b4550 Extracting [=====>                                             ]  10.58MB/96.62MB
E2E Tests	Run E2E tests	2026-01-20T05:19:26.0285698Z  6c2303cb002e Downloading [===========================>                       ]  397.4MB/718.8MB
E2E Tests	Run E2E tests	2026-01-20T05:19:26.0469433Z  1845490b4550 Extracting [=========>                                         ]  18.94MB/96.62MB
E2E Tests	Run E2E tests	2026-01-20T05:19:26.1301731Z  6c2303cb002e Downloading [=============================>                     ]  429.8MB/718.8MB
E2E Tests	Run E2E tests	2026-01-20T05:19:26.1531395Z  1845490b4550 Extracting [==============>                                    ]   27.3MB/96.62MB
E2E Tests	Run E2E tests	2026-01-20T05:19:26.2329710Z  6c2303cb002e Downloading [================================>                  ]  461.7MB/718.8MB
E2E Tests	Run E2E tests	2026-01-20T05:19:26.2557101Z  1845490b4550 Extracting [==================>                                ]  36.21MB/96.62MB
E2E Tests	Run E2E tests	2026-01-20T05:19:26.3337741Z  6c2303cb002e Downloading [==================================>                ]  493.6MB/718.8MB
E2E Tests	Run E2E tests	2026-01-20T05:19:26.3602180Z  1845490b4550 Extracting [=======================>                           ]  45.68MB/96.62MB
E2E Tests	Run E2E tests	2026-01-20T05:19:26.4336612Z  6c2303cb002e Downloading [====================================>              ]  523.9MB/718.8MB
E2E Tests	Run E2E tests	2026-01-20T05:19:26.4638827Z  1845490b4550 Extracting [===========================>                       ]  52.92MB/96.62MB
E2E Tests	Run E2E tests	2026-01-20T05:19:26.5339522Z  6c2303cb002e Downloading [======================================>            ]    552MB/718.8MB
E2E Tests	Run E2E tests	2026-01-20T05:19:26.5999126Z  1845490b4550 Extracting [=============================>                     ]  56.26MB/96.62MB
E2E Tests	Run E2E tests	2026-01-20T05:19:26.6352963Z  6c2303cb002e Downloading [========================================>          ]  580.7MB/718.8MB
E2E Tests	Run E2E tests	2026-01-20T05:19:26.7199377Z  1845490b4550 Extracting [=============================>                     ]  57.38MB/96.62MB
E2E Tests	Run E2E tests	2026-01-20T05:19:26.7350205Z  6c2303cb002e Downloading [==========================================>        ]    605MB/718.8MB
E2E Tests	Run E2E tests	2026-01-20T05:19:26.8360657Z  6c2303cb002e Downloading [============================================>      ]  639.1MB/718.8MB
E2E Tests	Run E2E tests	2026-01-20T05:19:26.8383558Z  1845490b4550 Extracting [==============================>                    ]  59.05MB/96.62MB
E2E Tests	Run E2E tests	2026-01-20T05:19:26.9368453Z  6c2303cb002e Downloading [==============================================>    ]  669.3MB/718.8MB
E2E Tests	Run E2E tests	2026-01-20T05:19:26.9617220Z  1845490b4550 Extracting [===============================>                   ]  60.72MB/96.62MB
E2E Tests	Run E2E tests	2026-01-20T05:19:27.0370775Z  6c2303cb002e Downloading [================================================>  ]  703.9MB/718.8MB
E2E Tests	Run E2E tests	2026-01-20T05:19:27.0793894Z  6c2303cb002e Verifying Checksum 
E2E Tests	Run E2E tests	2026-01-20T05:19:27.0794470Z  6c2303cb002e Download complete 
E2E Tests	Run E2E tests	2026-01-20T05:19:27.0843791Z  1845490b4550 Extracting [================================>                  ]  62.39MB/96.62MB
E2E Tests	Run E2E tests	2026-01-20T05:19:27.1907851Z  1845490b4550 Extracting [=================================>                 ]  64.06MB/96.62MB
E2E Tests	Run E2E tests	2026-01-20T05:19:27.3058309Z  1845490b4550 Extracting [==================================>                ]  65.73MB/96.62MB
E2E Tests	Run E2E tests	2026-01-20T05:19:27.4450674Z  1845490b4550 Extracting [====================================>              ]  70.75MB/96.62MB
E2E Tests	Run E2E tests	2026-01-20T05:19:27.5466481Z  1845490b4550 Extracting [====================================>              ]   71.3MB/96.62MB
E2E Tests	Run E2E tests	2026-01-20T05:19:27.6651899Z  1845490b4550 Extracting [=====================================>             ]  72.42MB/96.62MB
E2E Tests	Run E2E tests	2026-01-20T05:19:27.7699211Z  1845490b4550 Extracting [=====================================>             ]  72.97MB/96.62MB
E2E Tests	Run E2E tests	2026-01-20T05:19:27.8861202Z  1845490b4550 Extracting [=======================================>           ]  76.87MB/96.62MB
E2E Tests	Run E2E tests	2026-01-20T05:19:27.9927421Z  1845490b4550 Extracting [=========================================>         ]  79.66MB/96.62MB
E2E Tests	Run E2E tests	2026-01-20T05:19:28.1018006Z  1845490b4550 Extracting [============================================>      ]  85.23MB/96.62MB
E2E Tests	Run E2E tests	2026-01-20T05:19:28.2104845Z  1845490b4550 Extracting [==============================================>    ]  89.69MB/96.62MB
E2E Tests	Run E2E tests	2026-01-20T05:19:28.3229940Z  1845490b4550 Extracting [===============================================>   ]  91.36MB/96.62MB
E2E Tests	Run E2E tests	2026-01-20T05:19:28.4502063Z  1845490b4550 Extracting [================================================>  ]  94.14MB/96.62MB
E2E Tests	Run E2E tests	2026-01-20T05:19:28.5655133Z  1845490b4550 Extracting [=================================================> ]  95.81MB/96.62MB
E2E Tests	Run E2E tests	2026-01-20T05:19:28.7273890Z  1845490b4550 Extracting [==================================================>]  96.62MB/96.62MB
E2E Tests	Run E2E tests	2026-01-20T05:19:31.3836951Z  1845490b4550 Pull complete 
E2E Tests	Run E2E tests	2026-01-20T05:19:31.3847126Z  773b6e1cd070 Extracting [>                                                  ]  32.77kB/1.983MB
E2E Tests	Run E2E tests	2026-01-20T05:19:31.3939379Z  773b6e1cd070 Extracting [==================================================>]  1.983MB/1.983MB
E2E Tests	Run E2E tests	2026-01-20T05:19:31.4005041Z  773b6e1cd070 Pull complete 
E2E Tests	Run E2E tests	2026-01-20T05:19:31.4422909Z  6c2303cb002e Extracting [>                                                  ]  557.1kB/718.8MB
E2E Tests	Run E2E tests	2026-01-20T05:19:31.5490427Z  6c2303cb002e Extracting [=>                                                 ]  16.71MB/718.8MB
E2E Tests	Run E2E tests	2026-01-20T05:19:31.6525889Z  6c2303cb002e Extracting [=>                                                 ]  26.18MB/718.8MB
E2E Tests	Run E2E tests	2026-01-20T05:19:31.7549230Z  6c2303cb002e Extracting [==>                                                ]  36.21MB/718.8MB
E2E Tests	Run E2E tests	2026-01-20T05:19:31.8560520Z  6c2303cb002e Extracting [===>                                               ]  46.24MB/718.8MB
E2E Tests	Run E2E tests	2026-01-20T05:19:31.9574218Z  6c2303cb002e Extracting [===>                                               ]  56.26MB/718.8MB
E2E Tests	Run E2E tests	2026-01-20T05:19:32.0596453Z  6c2303cb002e Extracting [====>                                              ]  65.73MB/718.8MB
E2E Tests	Run E2E tests	2026-01-20T05:19:32.1614061Z  6c2303cb002e Extracting [=====>                                             ]   75.2MB/718.8MB
E2E Tests	Run E2E tests	2026-01-20T05:19:32.2667315Z  6c2303cb002e Extracting [=====>                                             ]  85.23MB/718.8MB
E2E Tests	Run E2E tests	2026-01-20T05:19:32.3685857Z  6c2303cb002e Extracting [======>                                            ]  95.26MB/718.8MB
E2E Tests	Run E2E tests	2026-01-20T05:19:32.4727497Z  6c2303cb002e Extracting [=======>                                           ]  104.7MB/718.8MB
E2E Tests	Run E2E tests	2026-01-20T05:19:32.5758940Z  6c2303cb002e Extracting [=======>                                           ]  113.6MB/718.8MB
E2E Tests	Run E2E tests	2026-01-20T05:19:32.6767752Z  6c2303cb002e Extracting [========>                                          ]  123.1MB/718.8MB
E2E Tests	Run E2E tests	2026-01-20T05:19:32.7812768Z  6c2303cb002e Extracting [=========>                                         ]  131.5MB/718.8MB
E2E Tests	Run E2E tests	2026-01-20T05:19:32.8827365Z  6c2303cb002e Extracting [=========>                                         ]  140.4MB/718.8MB
E2E Tests	Run E2E tests	2026-01-20T05:19:32.9838209Z  6c2303cb002e Extracting [==========>                                        ]  147.6MB/718.8MB
E2E Tests	Run E2E tests	2026-01-20T05:19:33.0874564Z  6c2303cb002e Extracting [===========>                                       ]  162.7MB/718.8MB
E2E Tests	Run E2E tests	2026-01-20T05:19:33.1918188Z  6c2303cb002e Extracting [===========>                                       ]  172.1MB/718.8MB
E2E Tests	Run E2E tests	2026-01-20T05:19:33.2940231Z  6c2303cb002e Extracting [============>                                      ]  182.2MB/718.8MB
E2E Tests	Run E2E tests	2026-01-20T05:19:33.3949103Z  6c2303cb002e Extracting [=============>                                     ]  192.2MB/718.8MB
E2E Tests	Run E2E tests	2026-01-20T05:19:33.4959671Z  6c2303cb002e Extracting [==============>                                    ]  201.7MB/718.8MB
E2E Tests	Run E2E tests	2026-01-20T05:19:33.5975185Z  6c2303cb002e Extracting [==============>                                    ]  211.1MB/718.8MB
E2E Tests	Run E2E tests	2026-01-20T05:19:33.7010404Z  6c2303cb002e Extracting [===============>                                   ]  221.2MB/718.8MB
E2E Tests	Run E2E tests	2026-01-20T05:19:33.8047376Z  6c2303cb002e Extracting [================>                                  ]  231.2MB/718.8MB
E2E Tests	Run E2E tests	2026-01-20T05:19:33.9051968Z  6c2303cb002e Extracting [================>                                  ]  240.6MB/718.8MB
E2E Tests	Run E2E tests	2026-01-20T05:19:34.0100667Z  6c2303cb002e Extracting [=================>                                 ]  252.3MB/718.8MB
E2E Tests	Run E2E tests	2026-01-20T05:19:34.1150455Z  6c2303cb002e Extracting [==================>                                ]  260.7MB/718.8MB
E2E Tests	Run E2E tests	2026-01-20T05:19:34.2197091Z  6c2303cb002e Extracting [==================>                                ]  267.9MB/718.8MB
E2E Tests	Run E2E tests	2026-01-20T05:19:34.3236794Z  6c2303cb002e Extracting [===================>                               ]  276.9MB/718.8MB
E2E Tests	Run E2E tests	2026-01-20T05:19:34.4269656Z  6c2303cb002e Extracting [===================>                               ]  283.5MB/718.8MB
E2E Tests	Run E2E tests	2026-01-20T05:19:34.5300209Z  6c2303cb002e Extracting [====================>                              ]    293MB/718.8MB
E2E Tests	Run E2E tests	2026-01-20T05:19:34.6344742Z  6c2303cb002e Extracting [=====================>                             ]  302.5MB/718.8MB
E2E Tests	Run E2E tests	2026-01-20T05:19:34.7407703Z  6c2303cb002e Extracting [=====================>                             ]  313.6MB/718.8MB
E2E Tests	Run E2E tests	2026-01-20T05:19:34.8446861Z  6c2303cb002e Extracting [======================>                            ]  323.1MB/718.8MB
E2E Tests	Run E2E tests	2026-01-20T05:19:34.9472161Z  6c2303cb002e Extracting [=======================>                           ]    332MB/718.8MB
E2E Tests	Run E2E tests	2026-01-20T05:19:35.0497011Z  6c2303cb002e Extracting [=======================>                           ]  341.5MB/718.8MB
E2E Tests	Run E2E tests	2026-01-20T05:19:35.1554795Z  6c2303cb002e Extracting [========================>                          ]  350.9MB/718.8MB
E2E Tests	Run E2E tests	2026-01-20T05:19:35.2575928Z  6c2303cb002e Extracting [=========================>                         ]  360.4MB/718.8MB
E2E Tests	Run E2E tests	2026-01-20T05:19:35.3619631Z  6c2303cb002e Extracting [=========================>                         ]  369.3MB/718.8MB
E2E Tests	Run E2E tests	2026-01-20T05:19:35.4657027Z  6c2303cb002e Extracting [==========================>                        ]  374.3MB/718.8MB
E2E Tests	Run E2E tests	2026-01-20T05:19:35.5714512Z  6c2303cb002e Extracting [==========================>                        ]  383.8MB/718.8MB
E2E Tests	Run E2E tests	2026-01-20T05:19:35.6734560Z  6c2303cb002e Extracting [===========================>                       ]  392.2MB/718.8MB
E2E Tests	Run E2E tests	2026-01-20T05:19:35.7754108Z  6c2303cb002e Extracting [===========================>                       ]  401.1MB/718.8MB
E2E Tests	Run E2E tests	2026-01-20T05:19:35.8770330Z  6c2303cb002e Extracting [============================>                      ]  410.6MB/718.8MB
E2E Tests	Run E2E tests	2026-01-20T05:19:35.9813368Z  6c2303cb002e Extracting [=============================>                     ]  419.5MB/718.8MB
E2E Tests	Run E2E tests	2026-01-20T05:19:36.0838513Z  6c2303cb002e Extracting [=============================>                     ]  429.5MB/718.8MB
E2E Tests	Run E2E tests	2026-01-20T05:19:36.1851117Z  6c2303cb002e Extracting [==============================>                    ]  437.8MB/718.8MB
E2E Tests	Run E2E tests	2026-01-20T05:19:36.2896805Z  6c2303cb002e Extracting [===============================>                   ]  447.3MB/718.8MB
E2E Tests	Run E2E tests	2026-01-20T05:19:36.3921383Z  6c2303cb002e Extracting [===============================>                   ]  456.8MB/718.8MB
E2E Tests	Run E2E tests	2026-01-20T05:19:36.4929320Z  6c2303cb002e Extracting [================================>                  ]  466.3MB/718.8MB
E2E Tests	Run E2E tests	2026-01-20T05:19:36.6034932Z  6c2303cb002e Extracting [=================================>                 ]  475.2MB/718.8MB
E2E Tests	Run E2E tests	2026-01-20T05:19:36.7091189Z  6c2303cb002e Extracting [=================================>                 ]    483MB/718.8MB
E2E Tests	Run E2E tests	2026-01-20T05:19:36.8209240Z  6c2303cb002e Extracting [=================================>                 ]  486.9MB/718.8MB
E2E Tests	Run E2E tests	2026-01-20T05:19:36.9257444Z  6c2303cb002e Extracting [==================================>                ]  494.1MB/718.8MB
E2E Tests	Run E2E tests	2026-01-20T05:19:37.0326552Z  6c2303cb002e Extracting [==================================>                ]  501.9MB/718.8MB
E2E Tests	Run E2E tests	2026-01-20T05:19:37.1349748Z  6c2303cb002e Extracting [===================================>               ]  509.1MB/718.8MB
E2E Tests	Run E2E tests	2026-01-20T05:19:37.2350198Z  6c2303cb002e Extracting [===================================>               ]  516.9MB/718.8MB
E2E Tests	Run E2E tests	2026-01-20T05:19:37.3365966Z  6c2303cb002e Extracting [====================================>              ]  526.4MB/718.8MB
E2E Tests	Run E2E tests	2026-01-20T05:19:37.4393840Z  6c2303cb002e Extracting [=====================================>             ]  535.9MB/718.8MB
E2E Tests	Run E2E tests	2026-01-20T05:19:37.5396844Z  6c2303cb002e Extracting [=====================================>             ]  543.1MB/718.8MB
E2E Tests	Run E2E tests	2026-01-20T05:19:37.6413948Z  6c2303cb002e Extracting [======================================>            ]  548.1MB/718.8MB
E2E Tests	Run E2E tests	2026-01-20T05:19:37.7469852Z  6c2303cb002e Extracting [======================================>            ]  555.4MB/718.8MB
E2E Tests	Run E2E tests	2026-01-20T05:19:37.8492473Z  6c2303cb002e Extracting [=======================================>           ]  564.9MB/718.8MB
E2E Tests	Run E2E tests	2026-01-20T05:19:37.9504910Z  6c2303cb002e Extracting [========================================>          ]  577.7MB/718.8MB
E2E Tests	Run E2E tests	2026-01-20T05:19:38.0516413Z  6c2303cb002e Extracting [========================================>          ]  588.8MB/718.8MB
E2E Tests	Run E2E tests	2026-01-20T05:19:38.1565655Z  6c2303cb002e Extracting [=========================================>         ]  601.1MB/718.8MB
E2E Tests	Run E2E tests	2026-01-20T05:19:38.2569467Z  6c2303cb002e Extracting [==========================================>        ]    610MB/718.8MB
E2E Tests	Run E2E tests	2026-01-20T05:19:38.3577749Z  6c2303cb002e Extracting [===========================================>       ]  620.6MB/718.8MB
E2E Tests	Run E2E tests	2026-01-20T05:19:38.4577809Z  6c2303cb002e Extracting [===========================================>       ]  629.5MB/718.8MB
E2E Tests	Run E2E tests	2026-01-20T05:19:38.5580033Z  6c2303cb002e Extracting [============================================>      ]  638.4MB/718.8MB
E2E Tests	Run E2E tests	2026-01-20T05:19:38.6598457Z  6c2303cb002e Extracting [=============================================>     ]  647.9MB/718.8MB
E2E Tests	Run E2E tests	2026-01-20T05:19:38.7628996Z  6c2303cb002e Extracting [=============================================>     ]    654MB/718.8MB
E2E Tests	Run E2E tests	2026-01-20T05:19:39.0363052Z  6c2303cb002e Extracting [=============================================>     ]  659.6MB/718.8MB
E2E Tests	Run E2E tests	2026-01-20T05:19:39.2081633Z  6c2303cb002e Extracting [=============================================>     ]  660.7MB/718.8MB
E2E Tests	Run E2E tests	2026-01-20T05:19:39.3549743Z  6c2303cb002e Extracting [==============================================>    ]  661.8MB/718.8MB
E2E Tests	Run E2E tests	2026-01-20T05:19:39.4600638Z  6c2303cb002e Extracting [==============================================>    ]  671.3MB/718.8MB
E2E Tests	Run E2E tests	2026-01-20T05:19:39.5642939Z  6c2303cb002e Extracting [===============================================>   ]  687.4MB/718.8MB
E2E Tests	Run E2E tests	2026-01-20T05:19:39.6643466Z  6c2303cb002e Extracting [================================================>  ]  696.3MB/718.8MB
E2E Tests	Run E2E tests	2026-01-20T05:19:39.8226741Z  6c2303cb002e Extracting [================================================>  ]    703MB/718.8MB
E2E Tests	Run E2E tests	2026-01-20T05:19:39.9493248Z  6c2303cb002e Extracting [=================================================> ]  705.8MB/718.8MB
E2E Tests	Run E2E tests	2026-01-20T05:19:40.2337671Z  6c2303cb002e Extracting [=================================================> ]  706.3MB/718.8MB
E2E Tests	Run E2E tests	2026-01-20T05:19:40.4037224Z  6c2303cb002e Extracting [=================================================> ]  706.9MB/718.8MB
E2E Tests	Run E2E tests	2026-01-20T05:19:40.6746802Z  6c2303cb002e Extracting [=================================================> ]    708MB/718.8MB
E2E Tests	Run E2E tests	2026-01-20T05:19:40.8829534Z  6c2303cb002e Extracting [=================================================> ]  708.6MB/718.8MB
E2E Tests	Run E2E tests	2026-01-20T05:19:41.3976216Z  6c2303cb002e Extracting [=================================================> ]  709.1MB/718.8MB
E2E Tests	Run E2E tests	2026-01-20T05:19:41.5651468Z  6c2303cb002e Extracting [=================================================> ]  710.8MB/718.8MB
E2E Tests	Run E2E tests	2026-01-20T05:19:41.7537987Z  6c2303cb002e Extracting [=================================================> ]    718MB/718.8MB
E2E Tests	Run E2E tests	2026-01-20T05:19:41.9517150Z  6c2303cb002e Extracting [=================================================> ]  718.6MB/718.8MB
E2E Tests	Run E2E tests	2026-01-20T05:19:41.9611002Z  6c2303cb002e Extracting [==================================================>]  718.8MB/718.8MB
E2E Tests	Run E2E tests	2026-01-20T05:19:44.6403830Z  6c2303cb002e Pull complete 
E2E Tests	Run E2E tests	2026-01-20T05:19:44.6461140Z  playwright Pulled 
E2E Tests	Run E2E tests	2026-01-20T05:19:45.3792130Z Preparing pnpm@9.15.2 for immediate activation...
E2E Tests	Run E2E tests	2026-01-20T05:19:46.6301611Z (node:29) [DEP0169] DeprecationWarning: `url.parse()` behavior is not standardized and prone to errors that have security implications. Use the WHATWG URL API instead. CVEs are not issued for `url.parse()` vulnerabilities.
E2E Tests	Run E2E tests	2026-01-20T05:19:46.6303150Z (Use `node --trace-deprecation ...` to show where the warning was created)
E2E Tests	Run E2E tests	2026-01-20T05:19:46.7909125Z Progress: resolved 1, reused 0, downloaded 0, added 0
E2E Tests	Run E2E tests	2026-01-20T05:19:47.7915401Z Progress: resolved 25, reused 0, downloaded 24, added 0
E2E Tests	Run E2E tests	2026-01-20T05:19:48.0303842Z Packages: +24
E2E Tests	Run E2E tests	2026-01-20T05:19:48.0304492Z ++++++++++++++++++++++++
E2E Tests	Run E2E tests	2026-01-20T05:19:48.1060592Z Progress: resolved 25, reused 0, downloaded 24, added 24, done
E2E Tests	Run E2E tests	2026-01-20T05:19:48.1628199Z 
E2E Tests	Run E2E tests	2026-01-20T05:19:48.1628790Z devDependencies:
E2E Tests	Run E2E tests	2026-01-20T05:19:48.1629306Z + @faker-js/faker 10.2.0
E2E Tests	Run E2E tests	2026-01-20T05:19:48.1629718Z + @playwright/test 1.57.0
E2E Tests	Run E2E tests	2026-01-20T05:19:48.1630125Z + @types/jsonwebtoken 9.0.10
E2E Tests	Run E2E tests	2026-01-20T05:19:48.1630536Z + @types/node 25.0.9
E2E Tests	Run E2E tests	2026-01-20T05:19:48.1630865Z + dotenv 17.2.3
E2E Tests	Run E2E tests	2026-01-20T05:19:48.1631194Z + jsonwebtoken 9.0.3
E2E Tests	Run E2E tests	2026-01-20T05:19:48.1631406Z 
E2E Tests	Run E2E tests	2026-01-20T05:19:48.1635262Z Done in 1.8s
E2E Tests	Run E2E tests	2026-01-20T05:19:49.2679585Z [dotenv@17.2.3] injecting env (0) from .env -- tip: 🔐 prevent committing .env to code: https://dotenvx.com/precommit
E2E Tests	Run E2E tests	2026-01-20T05:19:49.2681349Z [dotenv@17.2.3] injecting env (0) from ../.env -- tip: 🔐 prevent committing .env to code: https://dotenvx.com/precommit
E2E Tests	Run E2E tests	2026-01-20T05:19:55.4982830Z 
E2E Tests	Run E2E tests	2026-01-20T05:19:55.4983366Z Running 79 tests using 4 workers
E2E Tests	Run E2E tests	2026-01-20T05:19:56.4466508Z °°[dotenv@17.2.3] injecting env (0) from .env -- tip: ✅ audit secrets and track compliance: https://dotenvx.com/ops
E2E Tests	Run E2E tests	2026-01-20T05:19:56.4468086Z [dotenv@17.2.3] injecting env (0) from ../.env -- tip: ⚙️  enable debug logging with { debug: true }
E2E Tests	Run E2E tests	2026-01-20T05:19:56.4548612Z [dotenv@17.2.3] injecting env (0) from .env -- tip: 🔐 encrypt with Dotenvx: https://dotenvx.com
E2E Tests	Run E2E tests	2026-01-20T05:19:56.4582824Z [dotenv@17.2.3] injecting env (0) from ../.env -- tip: 🔑 add access controls to secrets: https://dotenvx.com/ops
E2E Tests	Run E2E tests	2026-01-20T05:19:56.4598463Z [dotenv@17.2.3] injecting env (0) from .env -- tip: 🗂️ backup and recover secrets: https://dotenvx.com/ops
E2E Tests	Run E2E tests	2026-01-20T05:19:56.4600047Z [dotenv@17.2.3] injecting env (0) from ../.env -- tip: 🔐 prevent building .env in docker: https://dotenvx.com/prebuild
E2E Tests	Run E2E tests	2026-01-20T05:19:56.4686128Z [dotenv@17.2.3] injecting env (0) from .env -- tip: ⚙️  specify custom .env file path with { path: '/custom/path/.env' }
E2E Tests	Run E2E tests	2026-01-20T05:19:56.4693153Z [dotenv@17.2.3] injecting env (0) from ../.env -- tip: ⚙️  enable debug logging with { debug: true }
E2E Tests	Run E2E tests	2026-01-20T05:19:56.9247977Z Current publishable key is linked to sales channels: sc_01KFCXF7A3XY57FSM57BY1AT2F
E2E Tests	Run E2E tests	2026-01-20T05:19:56.9657177Z API Error 500 at /admin/products: {"message":"Invalid request: Field 'title' is required","code":"INTERNAL_ERROR"}
E2E Tests	Run E2E tests	2026-01-20T05:19:56.9896912Z API Error 500 at /admin/products: {"message":"Invalid request: Field 'title' is required","code":"INTERNAL_ERROR"}
E2E Tests	Run E2E tests	2026-01-20T05:19:57.0199829Z API Error 404 at /admin/webhooks/test: <!DOCTYPE html>
E2E Tests	Run E2E tests	2026-01-20T05:19:57.0200492Z <html lang="en">
E2E Tests	Run E2E tests	2026-01-20T05:19:57.0200829Z <head>
E2E Tests	Run E2E tests	2026-01-20T05:19:57.0201182Z <meta charset="utf-8">
E2E Tests	Run E2E tests	2026-01-20T05:19:57.0201587Z <title>Error</title>
E2E Tests	Run E2E tests	2026-01-20T05:19:57.0201910Z </head>
E2E Tests	Run E2E tests	2026-01-20T05:19:57.0202206Z <body>
E2E Tests	Run E2E tests	2026-01-20T05:19:57.0202725Z <pre>Cannot POST /admin/webhooks/test</pre>
E2E Tests	Run E2E tests	2026-01-20T05:19:57.0203091Z </body>
E2E Tests	Run E2E tests	2026-01-20T05:19:57.0203312Z </html>
E2E Tests	Run E2E tests	2026-01-20T05:19:57.0203442Z 
E2E Tests	Run E2E tests	2026-01-20T05:19:57.0203746Z Webhook test skipped or failed due to missing endpoint.
E2E Tests	Run E2E tests	2026-01-20T05:19:57.1128108Z ·Found 4 products compatible with the current publishable key
E2E Tests	Run E2E tests	2026-01-20T05:19:57.1136401Z Using admin product: The Nuzzle (prod_01KFCXF7N5XD6F7TKRZ4W07ZSC)
E2E Tests	Run E2E tests	2026-01-20T05:19:57.1143380Z Product the-nuzzle is linked to sales channel: sc_01KFCXF7A3XY57FSM57BY1AT2F
E2E Tests	Run E2E tests	2026-01-20T05:19:57.3326543Z °Current publishable key is linked to sales channels: sc_01KFCXF7A3XY57FSM57BY1AT2F
E2E Tests	Run E2E tests	2026-01-20T05:19:57.4502830Z Found 4 products compatible with the current publishable key
E2E Tests	Run E2E tests	2026-01-20T05:19:57.4510555Z Using admin product: The Nuzzle Updated (prod_01KFCXF7N5XD6F7TKRZ4W07ZSC)
E2E Tests	Run E2E tests	2026-01-20T05:19:57.4517485Z Product the-nuzzle is linked to sales channel: sc_01KFCXF7A3XY57FSM57BY1AT2F
E2E Tests	Run E2E tests	2026-01-20T05:19:57.5311930Z [ProductFactory] Admin product the-nuzzle not available in store API. Falling back to store products.
E2E Tests	Run E2E tests	2026-01-20T05:19:57.5906193Z Current publishable key is linked to sales channels: sc_01KFCXF7A3XY57FSM57BY1AT2F
E2E Tests	Run E2E tests	2026-01-20T05:19:57.6606982Z Available store products handles: the-wool-dryer-ball, the-cradle, the-bear-hug
E2E Tests	Run E2E tests	2026-01-20T05:19:57.6616479Z Using store product: 3 Wool Dryer Balls (prod_01KFCXF7N57MBMQHC4799A4VC4, handle: the-wool-dryer-ball)
E2E Tests	Run E2E tests	2026-01-20T05:19:57.7187718Z Found 3 products compatible with the current publishable key
E2E Tests	Run E2E tests	2026-01-20T05:19:57.7190156Z Using admin product: 3 Wool Dryer Balls (prod_01KFCXF7N57MBMQHC4799A4VC4)
E2E Tests	Run E2E tests	2026-01-20T05:19:57.7195168Z Product the-wool-dryer-ball is linked to sales channel: sc_01KFCXF7A3XY57FSM57BY1AT2F
E2E Tests	Run E2E tests	2026-01-20T05:19:58.5279852Z ·Current publishable key is linked to sales channels: sc_01KFCXF7A3XY57FSM57BY1AT2F
E2E Tests	Run E2E tests	2026-01-20T05:19:58.6065326Z Found 3 products compatible with the current publishable key
E2E Tests	Run E2E tests	2026-01-20T05:19:58.6073095Z Using admin product: 3 Wool Dryer Balls (prod_01KFCXF7N57MBMQHC4799A4VC4)
E2E Tests	Run E2E tests	2026-01-20T05:19:58.6084431Z Product the-wool-dryer-ball is linked to sales channel: sc_01KFCXF7A3XY57FSM57BY1AT2F
E2E Tests	Run E2E tests	2026-01-20T05:20:00.8663812Z ·Current publishable key is linked to sales channels: sc_01KFCXF7A3XY57FSM57BY1AT2F
E2E Tests	Run E2E tests	2026-01-20T05:20:00.9186567Z ·Found 3 products compatible with the current publishable key
E2E Tests	Run E2E tests	2026-01-20T05:20:00.9187512Z Using admin product: 3 Wool Dryer Balls (prod_01KFCXF7N57MBMQHC4799A4VC4)
E2E Tests	Run E2E tests	2026-01-20T05:20:00.9188968Z Product the-wool-dryer-ball is linked to sales channel: sc_01KFCXF7A3XY57FSM57BY1AT2F
E2E Tests	Run E2E tests	2026-01-20T05:20:01.0177808Z ·Current publishable key is linked to sales channels: sc_01KFCXF7A3XY57FSM57BY1AT2F
E2E Tests	Run E2E tests	2026-01-20T05:20:01.0630086Z Current publishable key is linked to sales channels: sc_01KFCXF7A3XY57FSM57BY1AT2F
E2E Tests	Run E2E tests	2026-01-20T05:20:01.1093429Z Found 3 products compatible with the current publishable key
E2E Tests	Run E2E tests	2026-01-20T05:20:01.1094638Z Using admin product: 3 Wool Dryer Balls (prod_01KFCXF7N57MBMQHC4799A4VC4)
E2E Tests	Run E2E tests	2026-01-20T05:20:01.1096166Z Product the-wool-dryer-ball is linked to sales channel: sc_01KFCXF7A3XY57FSM57BY1AT2F
E2E Tests	Run E2E tests	2026-01-20T05:20:01.1391990Z Found 3 products compatible with the current publishable key
E2E Tests	Run E2E tests	2026-01-20T05:20:01.1393056Z Using admin product: 3 Wool Dryer Balls (prod_01KFCXF7N57MBMQHC4799A4VC4)
E2E Tests	Run E2E tests	2026-01-20T05:20:01.1393972Z Product the-wool-dryer-ball is linked to sales channel: sc_01KFCXF7A3XY57FSM57BY1AT2F
E2E Tests	Run E2E tests	2026-01-20T05:20:04.4411707Z ·Current publishable key is linked to sales channels: sc_01KFCXF7A3XY57FSM57BY1AT2F
E2E Tests	Run E2E tests	2026-01-20T05:20:04.4777605Z Found 3 products compatible with the current publishable key
E2E Tests	Run E2E tests	2026-01-20T05:20:04.4778644Z Using admin product: 3 Wool Dryer Balls (prod_01KFCXF7N57MBMQHC4799A4VC4)
E2E Tests	Run E2E tests	2026-01-20T05:20:04.4779743Z Product the-wool-dryer-ball is linked to sales channel: sc_01KFCXF7A3XY57FSM57BY1AT2F
E2E Tests	Run E2E tests	2026-01-20T05:20:05.0961767Z ·Current publishable key is linked to sales channels: sc_01KFCXF7A3XY57FSM57BY1AT2F
E2E Tests	Run E2E tests	2026-01-20T05:20:05.1768020Z Found 3 products compatible with the current publishable key
E2E Tests	Run E2E tests	2026-01-20T05:20:05.1774838Z Using admin product: 3 Wool Dryer Balls (prod_01KFCXF7N57MBMQHC4799A4VC4)
E2E Tests	Run E2E tests	2026-01-20T05:20:05.1784744Z Product the-wool-dryer-ball is linked to sales channel: sc_01KFCXF7A3XY57FSM57BY1AT2F
E2E Tests	Run E2E tests	2026-01-20T05:20:07.1564633Z ·Current publishable key is linked to sales channels: sc_01KFCXF7A3XY57FSM57BY1AT2F
E2E Tests	Run E2E tests	2026-01-20T05:20:07.1954224Z Found 3 products compatible with the current publishable key
E2E Tests	Run E2E tests	2026-01-20T05:20:07.1955119Z Using admin product: 3 Wool Dryer Balls (prod_01KFCXF7N57MBMQHC4799A4VC4)
E2E Tests	Run E2E tests	2026-01-20T05:20:07.1956131Z Product the-wool-dryer-ball is linked to sales channel: sc_01KFCXF7A3XY57FSM57BY1AT2F
E2E Tests	Run E2E tests	2026-01-20T05:20:07.3993955Z ·DEBUG: Starting beforeEach seeding...
E2E Tests	Run E2E tests	2026-01-20T05:20:07.3994808Z DEBUG: No test data provided. Seeding new order...
E2E Tests	Run E2E tests	2026-01-20T05:20:07.4458573Z DEBUG: Available products: the-wool-dryer-ball, the-cradle, the-bear-hug
E2E Tests	Run E2E tests	2026-01-20T05:20:07.4459564Z DEBUG: Validating JWT_SECRET in Test Runner: test*** (Length: 60)
E2E Tests	Run E2E tests	2026-01-20T05:20:07.7967977Z °DEBUG: Starting beforeEach seeding...
E2E Tests	Run E2E tests	2026-01-20T05:20:07.7969686Z DEBUG: No test data provided. Seeding new order...
E2E Tests	Run E2E tests	2026-01-20T05:20:07.8507658Z DEBUG: Available products: the-wool-dryer-ball, the-cradle, the-bear-hug
E2E Tests	Run E2E tests	2026-01-20T05:20:07.8509422Z DEBUG: Validating JWT_SECRET in Test Runner: test*** (Length: 60)
E2E Tests	Run E2E tests	2026-01-20T05:20:08.2794366Z °DEBUG: Starting beforeEach seeding...
E2E Tests	Run E2E tests	2026-01-20T05:20:08.2795066Z DEBUG: No test data provided. Seeding new order...
E2E Tests	Run E2E tests	2026-01-20T05:20:08.3450006Z DEBUG: Available products: the-wool-dryer-ball, the-cradle, the-bear-hug
E2E Tests	Run E2E tests	2026-01-20T05:20:08.3451738Z DEBUG: Validating JWT_SECRET in Test Runner: test*** (Length: 60)
E2E Tests	Run E2E tests	2026-01-20T05:20:08.7913186Z °DEBUG: Starting beforeEach seeding...
E2E Tests	Run E2E tests	2026-01-20T05:20:08.7918920Z DEBUG: No test data provided. Seeding new order...
E2E Tests	Run E2E tests	2026-01-20T05:20:08.8632231Z DEBUG: Available products: the-wool-dryer-ball, the-cradle, the-bear-hug
E2E Tests	Run E2E tests	2026-01-20T05:20:08.8727233Z DEBUG: Validating JWT_SECRET in Test Runner: test*** (Length: 60)
E2E Tests	Run E2E tests	2026-01-20T05:20:09.8313132Z °°DEBUG: Starting beforeEach seeding...
E2E Tests	Run E2E tests	2026-01-20T05:20:09.8315788Z DEBUG: No test data provided. Seeding new order...
E2E Tests	Run E2E tests	2026-01-20T05:20:09.9597631Z DEBUG: Available products: the-wool-dryer-ball, the-cradle, the-bear-hug
E2E Tests	Run E2E tests	2026-01-20T05:20:09.9602685Z DEBUG: Validating JWT_SECRET in Test Runner: test*** (Length: 60)
E2E Tests	Run E2E tests	2026-01-20T05:20:10.8061445Z °DEBUG: Starting beforeEach seeding...
E2E Tests	Run E2E tests	2026-01-20T05:20:10.8062803Z DEBUG: No test data provided. Seeding new order...
E2E Tests	Run E2E tests	2026-01-20T05:20:10.8971226Z DEBUG: Available products: the-wool-dryer-ball, the-cradle, the-bear-hug
E2E Tests	Run E2E tests	2026-01-20T05:20:10.8973774Z DEBUG: Validating JWT_SECRET in Test Runner: test*** (Length: 60)
E2E Tests	Run E2E tests	2026-01-20T05:20:11.7140327Z ·°°DEBUG: Starting beforeEach seeding...
E2E Tests	Run E2E tests	2026-01-20T05:20:11.7141488Z DEBUG: No test data provided. Seeding new order...
E2E Tests	Run E2E tests	2026-01-20T05:20:11.7617914Z DEBUG: Starting beforeEach seeding...
E2E Tests	Run E2E tests	2026-01-20T05:20:11.7636292Z DEBUG: No test data provided. Seeding new order...
E2E Tests	Run E2E tests	2026-01-20T05:20:11.7816130Z DEBUG: Available products: the-wool-dryer-ball, the-cradle, the-bear-hug
E2E Tests	Run E2E tests	2026-01-20T05:20:11.7817439Z DEBUG: Validating JWT_SECRET in Test Runner: test*** (Length: 60)
E2E Tests	Run E2E tests	2026-01-20T05:20:11.8418968Z DEBUG: Available products: the-wool-dryer-ball, the-cradle, the-bear-hug
E2E Tests	Run E2E tests	2026-01-20T05:20:11.8445778Z DEBUG: Validating JWT_SECRET in Test Runner: test*** (Length: 60)
E2E Tests	Run E2E tests	2026-01-20T05:20:12.1562469Z ·DEBUG: Starting beforeEach seeding...
E2E Tests	Run E2E tests	2026-01-20T05:20:12.1563199Z DEBUG: No test data provided. Seeding new order...
E2E Tests	Run E2E tests	2026-01-20T05:20:12.2343770Z DEBUG: Available products: the-wool-dryer-ball, the-cradle, the-bear-hug
E2E Tests	Run E2E tests	2026-01-20T05:20:12.2345277Z DEBUG: Validating JWT_SECRET in Test Runner: test*** (Length: 60)
E2E Tests	Run E2E tests	2026-01-20T05:20:12.5726267Z °Current publishable key is linked to sales channels: sc_01KFCXF7A3XY57FSM57BY1AT2F
E2E Tests	Run E2E tests	2026-01-20T05:20:12.6619335Z Found 3 products compatible with the current publishable key
E2E Tests	Run E2E tests	2026-01-20T05:20:12.6620272Z Using admin product: 3 Wool Dryer Balls (prod_01KFCXF7N57MBMQHC4799A4VC4)
E2E Tests	Run E2E tests	2026-01-20T05:20:12.6621160Z Product the-wool-dryer-ball is linked to sales channel: sc_01KFCXF7A3XY57FSM57BY1AT2F
E2E Tests	Run E2E tests	2026-01-20T05:20:13.6937952Z ·Current publishable key is linked to sales channels: sc_01KFCXF7A3XY57FSM57BY1AT2F
E2E Tests	Run E2E tests	2026-01-20T05:20:13.7536067Z Found 3 products compatible with the current publishable key
E2E Tests	Run E2E tests	2026-01-20T05:20:13.7537044Z Using admin product: 3 Wool Dryer Balls (prod_01KFCXF7N57MBMQHC4799A4VC4)
E2E Tests	Run E2E tests	2026-01-20T05:20:13.7538082Z Product the-wool-dryer-ball is linked to sales channel: sc_01KFCXF7A3XY57FSM57BY1AT2F
E2E Tests	Run E2E tests	2026-01-20T05:20:14.2604498Z ·Current publishable key is linked to sales channels: sc_01KFCXF7A3XY57FSM57BY1AT2F
E2E Tests	Run E2E tests	2026-01-20T05:20:14.3153298Z Found 3 products compatible with the current publishable key
E2E Tests	Run E2E tests	2026-01-20T05:20:14.3155099Z Using admin product: 3 Wool Dryer Balls (prod_01KFCXF7N57MBMQHC4799A4VC4)
E2E Tests	Run E2E tests	2026-01-20T05:20:14.3156145Z Product the-wool-dryer-ball is linked to sales channel: sc_01KFCXF7A3XY57FSM57BY1AT2F
E2E Tests	Run E2E tests	2026-01-20T05:20:16.6296556Z ··Current publishable key is linked to sales channels: sc_01KFCXF7A3XY57FSM57BY1AT2F
E2E Tests	Run E2E tests	2026-01-20T05:20:16.6766572Z Found 3 products compatible with the current publishable key
E2E Tests	Run E2E tests	2026-01-20T05:20:16.6772083Z Using admin product: 3 Wool Dryer Balls (prod_01KFCXF7N57MBMQHC4799A4VC4)
E2E Tests	Run E2E tests	2026-01-20T05:20:16.6777503Z Product the-wool-dryer-ball is linked to sales channel: sc_01KFCXF7A3XY57FSM57BY1AT2F
E2E Tests	Run E2E tests	2026-01-20T05:20:16.7290799Z Current publishable key is linked to sales channels: sc_01KFCXF7A3XY57FSM57BY1AT2F
E2E Tests	Run E2E tests	2026-01-20T05:20:16.8244620Z Found 3 products compatible with the current publishable key
E2E Tests	Run E2E tests	2026-01-20T05:20:16.8328800Z Using admin product: 3 Wool Dryer Balls (prod_01KFCXF7N57MBMQHC4799A4VC4)
E2E Tests	Run E2E tests	2026-01-20T05:20:16.8331431Z Product the-wool-dryer-ball is linked to sales channel: sc_01KFCXF7A3XY57FSM57BY1AT2F
E2E Tests	Run E2E tests	2026-01-20T05:20:20.4832241Z ·°··Current publishable key is linked to sales channels: sc_01KFCXF7A3XY57FSM57BY1AT2F
E2E Tests	Run E2E tests	2026-01-20T05:20:20.5453616Z Found 3 products compatible with the current publishable key
E2E Tests	Run E2E tests	2026-01-20T05:20:20.5454581Z Using admin product: 3 Wool Dryer Balls (prod_01KFCXF7N57MBMQHC4799A4VC4)
E2E Tests	Run E2E tests	2026-01-20T05:20:20.5455528Z Product the-wool-dryer-ball is linked to sales channel: sc_01KFCXF7A3XY57FSM57BY1AT2F
E2E Tests	Run E2E tests	2026-01-20T05:20:21.0486764Z ·Current publishable key is linked to sales channels: sc_01KFCXF7A3XY57FSM57BY1AT2F
E2E Tests	Run E2E tests	2026-01-20T05:20:21.1018686Z Found 3 products compatible with the current publishable key
E2E Tests	Run E2E tests	2026-01-20T05:20:21.1074361Z Using admin product: 3 Wool Dryer Balls (prod_01KFCXF7N57MBMQHC4799A4VC4)
E2E Tests	Run E2E tests	2026-01-20T05:20:21.1077069Z Product the-wool-dryer-ball is linked to sales channel: sc_01KFCXF7A3XY57FSM57BY1AT2F
E2E Tests	Run E2E tests	2026-01-20T05:20:25.2077506Z ····Current publishable key is linked to sales channels: sc_01KFCXF7A3XY57FSM57BY1AT2F
E2E Tests	Run E2E tests	2026-01-20T05:20:25.3164844Z Found 3 products compatible with the current publishable key
E2E Tests	Run E2E tests	2026-01-20T05:20:25.3168703Z Using admin product: 3 Wool Dryer Balls (prod_01KFCXF7N57MBMQHC4799A4VC4)
E2E Tests	Run E2E tests	2026-01-20T05:20:25.3169663Z Product the-wool-dryer-ball is linked to sales channel: sc_01KFCXF7A3XY57FSM57BY1AT2F
E2E Tests	Run E2E tests	2026-01-20T05:20:26.3663551Z API Error 404 at /admin/api-keys/apk_01KFCXF7B7GQA48GZ9WSH194WX/sales-channels: <!DOCTYPE html>
E2E Tests	Run E2E tests	2026-01-20T05:20:26.3664459Z <html lang="en">
E2E Tests	Run E2E tests	2026-01-20T05:20:26.3664803Z <head>
E2E Tests	Run E2E tests	2026-01-20T05:20:26.3665163Z <meta charset="utf-8">
E2E Tests	Run E2E tests	2026-01-20T05:20:26.3665566Z <title>Error</title>
E2E Tests	Run E2E tests	2026-01-20T05:20:26.3665908Z </head>
E2E Tests	Run E2E tests	2026-01-20T05:20:26.3666201Z <body>
E2E Tests	Run E2E tests	2026-01-20T05:20:26.3666976Z <pre>Cannot GET /admin/api-keys/apk_01KFCXF7B7GQA48GZ9WSH194WX/sales-channels</pre>
E2E Tests	Run E2E tests	2026-01-20T05:20:26.3667716Z </body>
E2E Tests	Run E2E tests	2026-01-20T05:20:26.3668049Z </html>
E2E Tests	Run E2E tests	2026-01-20T05:20:26.3668217Z 
E2E Tests	Run E2E tests	2026-01-20T05:20:26.3800699Z [Self-Heal] Failed to resolve Sales Channel from PK, falling back to default or existing links. ApiError: API request failed: 404 Not Found
E2E Tests	Run E2E tests	2026-01-20T05:20:26.3802270Z     at apiRequest [90m(/app/[39msupport/helpers/api-request.ts:88:11[90m)[39m
E2E Tests	Run E2E tests	2026-01-20T05:20:26.3803619Z     at ensureTheNuzzleExists [90m(/app/[39msupport/helpers/seed-helpers.ts:78:36[90m)[39m
E2E Tests	Run E2E tests	2026-01-20T05:20:26.3804601Z     at [90m/app/[39mtests/storefront/homepage-navigation.spec.ts:6:3
E2E Tests	Run E2E tests	2026-01-20T05:20:26.3805780Z     at [90m/app/[39mnode_modules/[4m.pnpm[24m/playwright@1.57.0/node_modules/[4mplaywright[24m/lib/worker/testInfo.js:311:11
E2E Tests	Run E2E tests	2026-01-20T05:20:26.3807664Z     at TimeoutManager.withRunnable [90m(/app/[39mnode_modules/[4m.pnpm[24m/playwright@1.57.0/node_modules/[4mplaywright[24m/lib/worker/timeoutManager.js:67:14[90m)[39m
E2E Tests	Run E2E tests	2026-01-20T05:20:26.3809770Z     at TestInfoImpl._runWithTimeout [90m(/app/[39mnode_modules/[4m.pnpm[24m/playwright@1.57.0/node_modules/[4mplaywright[24m/lib/worker/testInfo.js:309:7[90m)[39m
E2E Tests	Run E2E tests	2026-01-20T05:20:26.3811946Z     at FixtureRunner.resolveParametersAndRunFunction [90m(/app/[39mnode_modules/[4m.pnpm[24m/playwright@1.57.0/node_modules/[4mplaywright[24m/lib/worker/fixtureRunner.js:228:5[90m)[39m
E2E Tests	Run E2E tests	2026-01-20T05:20:26.3813940Z     at [90m/app/[39mnode_modules/[4m.pnpm[24m/playwright@1.57.0/node_modules/[4mplaywright[24m/lib/worker/workerMain.js:441:13
E2E Tests	Run E2E tests	2026-01-20T05:20:26.3815680Z     at TestInfoImpl._runAsStep [90m(/app/[39mnode_modules/[4m.pnpm[24m/playwright@1.57.0/node_modules/[4mplaywright[24m/lib/worker/testInfo.js:300:7[90m)[39m
E2E Tests	Run E2E tests	2026-01-20T05:20:26.3817694Z     at WorkerMain._runAllHooksForSuite [90m(/app/[39mnode_modules/[4m.pnpm[24m/playwright@1.57.0/node_modules/[4mplaywright[24m/lib/worker/workerMain.js:436:9[90m)[39m
E2E Tests	Run E2E tests	2026-01-20T05:20:26.3819783Z     at WorkerMain._runBeforeAllHooksForSuite [90m(/app/[39mnode_modules/[4m.pnpm[24m/playwright@1.57.0/node_modules/[4mplaywright[24m/lib/worker/workerMain.js:430:5[90m)[39m
E2E Tests	Run E2E tests	2026-01-20T05:20:26.3821531Z     at [90m/app/[39mnode_modules/[4m.pnpm[24m/playwright@1.57.0/node_modules/[4mplaywright[24m/lib/worker/workerMain.js:312:11
E2E Tests	Run E2E tests	2026-01-20T05:20:26.3823431Z     at TestInfoImpl._runAsStep [90m(/app/[39mnode_modules/[4m.pnpm[24m/playwright@1.57.0/node_modules/[4mplaywright[24m/lib/worker/testInfo.js:300:7[90m)[39m
E2E Tests	Run E2E tests	2026-01-20T05:20:26.3825246Z     at [90m/app/[39mnode_modules/[4m.pnpm[24m/playwright@1.57.0/node_modules/[4mplaywright[24m/lib/worker/workerMain.js:310:7
E2E Tests	Run E2E tests	2026-01-20T05:20:26.3827033Z     at WorkerMain._runTest [90m(/app/[39mnode_modules/[4m.pnpm[24m/playwright@1.57.0/node_modules/[4mplaywright[24m/lib/worker/workerMain.js:295:5[90m)[39m
E2E Tests	Run E2E tests	2026-01-20T05:20:26.3828942Z     at WorkerMain.runTestGroup [90m(/app/[39mnode_modules/[4m.pnpm[24m/playwright@1.57.0/node_modules/[4mplaywright[24m/lib/worker/workerMain.js:199:11[90m)[39m
E2E Tests	Run E2E tests	2026-01-20T05:20:26.3830938Z     at process.<anonymous> [90m(/app/[39mnode_modules/[4m.pnpm[24m/playwright@1.57.0/node_modules/[4mplaywright[24m/lib/common/process.js:65:22[90m)[39m {
E2E Tests	Run E2E tests	2026-01-20T05:20:26.3832606Z   status: [33m404[39m,
E2E Tests	Run E2E tests	2026-01-20T05:20:26.3833093Z   statusText: [32m'Not Found'[39m,
E2E Tests	Run E2E tests	2026-01-20T05:20:26.3833683Z   responseBody: [32m'<!DOCTYPE html>\n'[39m +
E2E Tests	Run E2E tests	2026-01-20T05:20:26.3834216Z     [32m'<html lang="en">\n'[39m +
E2E Tests	Run E2E tests	2026-01-20T05:20:26.3834675Z     [32m'<head>\n'[39m +
E2E Tests	Run E2E tests	2026-01-20T05:20:26.3835446Z     [32m'<meta charset="utf-8">\n'[39m +
E2E Tests	Run E2E tests	2026-01-20T05:20:26.3836034Z     [32m'<title>Error</title>\n'[39m +
E2E Tests	Run E2E tests	2026-01-20T05:20:26.3836516Z     [32m'</head>\n'[39m +
E2E Tests	Run E2E tests	2026-01-20T05:20:26.3836929Z     [32m'<body>\n'[39m +
E2E Tests	Run E2E tests	2026-01-20T05:20:26.3837833Z     [32m'<pre>Cannot GET /admin/api-keys/apk_01KFCXF7B7GQA48GZ9WSH194WX/sales-channels</pre>\n'[39m +
E2E Tests	Run E2E tests	2026-01-20T05:20:26.3838609Z     [32m'</body>\n'[39m +
E2E Tests	Run E2E tests	2026-01-20T05:20:26.3839004Z     [32m'</html>\n'[39m
E2E Tests	Run E2E tests	2026-01-20T05:20:26.3839325Z }
E2E Tests	Run E2E tests	2026-01-20T05:20:26.4483338Z ·[Self-Heal] "The Nuzzle" exists (prod_01KFCXF7N5XD6F7TKRZ4W07ZSC). Verifying Sales Channel link...
E2E Tests	Run E2E tests	2026-01-20T05:20:26.5827440Z API Error 404 at /admin/api-keys/apk_01KFCXF7B7GQA48GZ9WSH194WX/sales-channels: <!DOCTYPE html>
E2E Tests	Run E2E tests	2026-01-20T05:20:26.5828235Z <html lang="en">
E2E Tests	Run E2E tests	2026-01-20T05:20:26.5828524Z <head>
E2E Tests	Run E2E tests	2026-01-20T05:20:26.5828841Z <meta charset="utf-8">
E2E Tests	Run E2E tests	2026-01-20T05:20:26.5829203Z <title>Error</title>
E2E Tests	Run E2E tests	2026-01-20T05:20:26.5829508Z </head>
E2E Tests	Run E2E tests	2026-01-20T05:20:26.5829809Z <body>
E2E Tests	Run E2E tests	2026-01-20T05:20:26.5830491Z <pre>Cannot GET /admin/api-keys/apk_01KFCXF7B7GQA48GZ9WSH194WX/sales-channels</pre>
E2E Tests	Run E2E tests	2026-01-20T05:20:26.5831125Z </body>
E2E Tests	Run E2E tests	2026-01-20T05:20:26.5831375Z </html>
E2E Tests	Run E2E tests	2026-01-20T05:20:26.5831531Z 
E2E Tests	Run E2E tests	2026-01-20T05:20:26.5832558Z [Self-Heal] Failed to resolve Sales Channel from PK, falling back to default or existing links. ApiError: API request failed: 404 Not Found
E2E Tests	Run E2E tests	2026-01-20T05:20:26.5833982Z     at apiRequest [90m(/app/[39msupport/helpers/api-request.ts:88:11[90m)[39m
E2E Tests	Run E2E tests	2026-01-20T05:20:26.5834958Z     at ensureTheNuzzleExists [90m(/app/[39msupport/helpers/seed-helpers.ts:78:36[90m)[39m
E2E Tests	Run E2E tests	2026-01-20T05:20:26.5835899Z     at [90m/app/[39mtests/storefront/homepage-navigation.spec.ts:6:3
E2E Tests	Run E2E tests	2026-01-20T05:20:26.5837106Z     at [90m/app/[39mnode_modules/[4m.pnpm[24m/playwright@1.57.0/node_modules/[4mplaywright[24m/lib/worker/testInfo.js:311:11
E2E Tests	Run E2E tests	2026-01-20T05:20:26.5838827Z     at TimeoutManager.withRunnable [90m(/app/[39mnode_modules/[4m.pnpm[24m/playwright@1.57.0/node_modules/[4mplaywright[24m/lib/worker/timeoutManager.js:67:14[90m)[39m
E2E Tests	Run E2E tests	2026-01-20T05:20:26.5840911Z     at TestInfoImpl._runWithTimeout [90m(/app/[39mnode_modules/[4m.pnpm[24m/playwright@1.57.0/node_modules/[4mplaywright[24m/lib/worker/testInfo.js:309:7[90m)[39m
E2E Tests	Run E2E tests	2026-01-20T05:20:26.5843354Z     at FixtureRunner.resolveParametersAndRunFunction [90m(/app/[39mnode_modules/[4m.pnpm[24m/playwright@1.57.0/node_modules/[4mplaywright[24m/lib/worker/fixtureRunner.js:228:5[90m)[39m
E2E Tests	Run E2E tests	2026-01-20T05:20:26.5845411Z     at [90m/app/[39mnode_modules/[4m.pnpm[24m/playwright@1.57.0/node_modules/[4mplaywright[24m/lib/worker/workerMain.js:441:13
E2E Tests	Run E2E tests	2026-01-20T05:20:26.5847287Z     at TestInfoImpl._runAsStep [90m(/app/[39mnode_modules/[4m.pnpm[24m/playwright@1.57.0/node_modules/[4mplaywright[24m/lib/worker/testInfo.js:300:7[90m)[39m
E2E Tests	Run E2E tests	2026-01-20T05:20:26.5849263Z     at WorkerMain._runAllHooksForSuite [90m(/app/[39mnode_modules/[4m.pnpm[24m/playwright@1.57.0/node_modules/[4mplaywright[24m/lib/worker/workerMain.js:436:9[90m)[39m
E2E Tests	Run E2E tests	2026-01-20T05:20:26.5851434Z     at WorkerMain._runBeforeAllHooksForSuite [90m(/app/[39mnode_modules/[4m.pnpm[24m/playwright@1.57.0/node_modules/[4mplaywright[24m/lib/worker/workerMain.js:430:5[90m)[39m
E2E Tests	Run E2E tests	2026-01-20T05:20:26.5853220Z     at [90m/app/[39mnode_modules/[4m.pnpm[24m/playwright@1.57.0/node_modules/[4mplaywright[24m/lib/worker/workerMain.js:312:11
E2E Tests	Run E2E tests	2026-01-20T05:20:26.5854755Z     at TestInfoImpl._runAsStep [90m(/app/[39mnode_modules/[4m.pnpm[24m/playwright@1.57.0/node_modules/[4mplaywright[24m/lib/worker/testInfo.js:300:7[90m)[39m
E2E Tests	Run E2E tests	2026-01-20T05:20:26.5856482Z     at [90m/app/[39mnode_modules/[4m.pnpm[24m/playwright@1.57.0/node_modules/[4mplaywright[24m/lib/worker/workerMain.js:310:7
E2E Tests	Run E2E tests	2026-01-20T05:20:26.5857973Z     at WorkerMain._runTest [90m(/app/[39mnode_modules/[4m.pnpm[24m/playwright@1.57.0/node_modules/[4mplaywright[24m/lib/worker/workerMain.js:295:5[90m)[39m
E2E Tests	Run E2E tests	2026-01-20T05:20:26.5859634Z     at WorkerMain.runTestGroup [90m(/app/[39mnode_modules/[4m.pnpm[24m/playwright@1.57.0/node_modules/[4mplaywright[24m/lib/worker/workerMain.js:199:11[90m)[39m
E2E Tests	Run E2E tests	2026-01-20T05:20:26.5861483Z     at process.<anonymous> [90m(/app/[39mnode_modules/[4m.pnpm[24m/playwright@1.57.0/node_modules/[4mplaywright[24m/lib/common/process.js:65:22[90m)[39m {
E2E Tests	Run E2E tests	2026-01-20T05:20:26.5862724Z   status: [33m404[39m,
E2E Tests	Run E2E tests	2026-01-20T05:20:26.5863257Z   statusText: [32m'Not Found'[39m,
E2E Tests	Run E2E tests	2026-01-20T05:20:26.5863895Z   responseBody: [32m'<!DOCTYPE html>\n'[39m +
E2E Tests	Run E2E tests	2026-01-20T05:20:26.5864548Z     [32m'<html lang="en">\n'[39m +
E2E Tests	Run E2E tests	2026-01-20T05:20:26.5865044Z     [32m'<head>\n'[39m +
E2E Tests	Run E2E tests	2026-01-20T05:20:26.5865573Z     [32m'<meta charset="utf-8">\n'[39m +
E2E Tests	Run E2E tests	2026-01-20T05:20:26.5866174Z     [32m'<title>Error</title>\n'[39m +
E2E Tests	Run E2E tests	2026-01-20T05:20:26.5866707Z     [32m'</head>\n'[39m +
E2E Tests	Run E2E tests	2026-01-20T05:20:26.5867153Z     [32m'<body>\n'[39m +
E2E Tests	Run E2E tests	2026-01-20T05:20:26.5868180Z     [32m'<pre>Cannot GET /admin/api-keys/apk_01KFCXF7B7GQA48GZ9WSH194WX/sales-channels</pre>\n'[39m +
E2E Tests	Run E2E tests	2026-01-20T05:20:26.5869105Z     [32m'</body>\n'[39m +
E2E Tests	Run E2E tests	2026-01-20T05:20:26.5869551Z     [32m'</html>\n'[39m
E2E Tests	Run E2E tests	2026-01-20T05:20:26.5869919Z }
E2E Tests	Run E2E tests	2026-01-20T05:20:26.6347489Z ·[Self-Heal] "The Nuzzle" exists (prod_01KFCXF7N5XD6F7TKRZ4W07ZSC). Verifying Sales Channel link...
E2E Tests	Run E2E tests	2026-01-20T05:20:29.0607674Z API Error 404 at /admin/api-keys/apk_01KFCXF7B7GQA48GZ9WSH194WX/sales-channels: <!DOCTYPE html>
E2E Tests	Run E2E tests	2026-01-20T05:20:29.0608984Z <html lang="en">
E2E Tests	Run E2E tests	2026-01-20T05:20:29.0615699Z <head>
E2E Tests	Run E2E tests	2026-01-20T05:20:29.0616299Z <meta charset="utf-8">
E2E Tests	Run E2E tests	2026-01-20T05:20:29.0616903Z <title>Error</title>
E2E Tests	Run E2E tests	2026-01-20T05:20:29.0617668Z </head>
E2E Tests	Run E2E tests	2026-01-20T05:20:29.0617996Z <body>
E2E Tests	Run E2E tests	2026-01-20T05:20:29.0618696Z <pre>Cannot GET /admin/api-keys/apk_01KFCXF7B7GQA48GZ9WSH194WX/sales-channels</pre>
E2E Tests	Run E2E tests	2026-01-20T05:20:29.0619320Z </body>
E2E Tests	Run E2E tests	2026-01-20T05:20:29.0619579Z </html>
E2E Tests	Run E2E tests	2026-01-20T05:20:29.0619728Z 
E2E Tests	Run E2E tests	2026-01-20T05:20:29.0636102Z [Self-Heal] Failed to resolve Sales Channel from PK, falling back to default or existing links. ApiError: API request failed: 404 Not Found
E2E Tests	Run E2E tests	2026-01-20T05:20:29.0638024Z     at apiRequest [90m(/app/[39msupport/helpers/api-request.ts:88:11[90m)[39m
E2E Tests	Run E2E tests	2026-01-20T05:20:29.0639253Z     at ensureTheNuzzleExists [90m(/app/[39msupport/helpers/seed-helpers.ts:78:36[90m)[39m
E2E Tests	Run E2E tests	2026-01-20T05:20:29.0640431Z     at [90m/app/[39mtests/storefront/homepage-navigation.spec.ts:6:3
E2E Tests	Run E2E tests	2026-01-20T05:20:29.0641870Z     at [90m/app/[39mnode_modules/[4m.pnpm[24m/playwright@1.57.0/node_modules/[4mplaywright[24m/lib/worker/testInfo.js:311:11
E2E Tests	Run E2E tests	2026-01-20T05:20:29.0644838Z     at TimeoutManager.withRunnable [90m(/app/[39mnode_modules/[4m.pnpm[24m/playwright@1.57.0/node_modules/[4mplaywright[24m/lib/worker/timeoutManager.js:67:14[90m)[39m
E2E Tests	Run E2E tests	2026-01-20T05:20:29.0646781Z     at TestInfoImpl._runWithTimeout [90m(/app/[39mnode_modules/[4m.pnpm[24m/playwright@1.57.0/node_modules/[4mplaywright[24m/lib/worker/testInfo.js:309:7[90m)[39m
E2E Tests	Run E2E tests	2026-01-20T05:20:29.0649198Z     at FixtureRunner.resolveParametersAndRunFunction [90m(/app/[39mnode_modules/[4m.pnpm[24m/playwright@1.57.0/node_modules/[4mplaywright[24m/lib/worker/fixtureRunner.js:228:5[90m)[39m
E2E Tests	Run E2E tests	2026-01-20T05:20:29.0651121Z     at [90m/app/[39mnode_modules/[4m.pnpm[24m/playwright@1.57.0/node_modules/[4mplaywright[24m/lib/worker/workerMain.js:441:13
E2E Tests	Run E2E tests	2026-01-20T05:20:29.0653063Z     at TestInfoImpl._runAsStep [90m(/app/[39mnode_modules/[4m.pnpm[24m/playwright@1.57.0/node_modules/[4mplaywright[24m/lib/worker/testInfo.js:300:7[90m)[39m
E2E Tests	Run E2E tests	2026-01-20T05:20:29.0659773Z     at WorkerMain._runAllHooksForSuite [90m(/app/[39mnode_modules/[4m.pnpm[24m/playwright@1.57.0/node_modules/[4mplaywright[24m/lib/worker/workerMain.js:436:9[90m)[39m
E2E Tests	Run E2E tests	2026-01-20T05:20:29.0662757Z     at WorkerMain._runBeforeAllHooksForSuite [90m(/app/[39mnode_modules/[4m.pnpm[24m/playwright@1.57.0/node_modules/[4mplaywright[24m/lib/worker/workerMain.js:430:5[90m)[39m
E2E Tests	Run E2E tests	2026-01-20T05:20:29.0664992Z     at [90m/app/[39mnode_modules/[4m.pnpm[24m/playwright@1.57.0/node_modules/[4mplaywright[24m/lib/worker/workerMain.js:312:11
E2E Tests	Run E2E tests	2026-01-20T05:20:29.0667444Z     at TestInfoImpl._runAsStep [90m(/app/[39mnode_modules/[4m.pnpm[24m/playwright@1.57.0/node_modules/[4mplaywright[24m/lib/worker/testInfo.js:300:7[90m)[39m
E2E Tests	Run E2E tests	2026-01-20T05:20:29.0669519Z     at [90m/app/[39mnode_modules/[4m.pnpm[24m/playwright@1.57.0/node_modules/[4mplaywright[24m/lib/worker/workerMain.js:310:7
E2E Tests	Run E2E tests	2026-01-20T05:20:29.0672626Z     at WorkerMain._runTest [90m(/app/[39mnode_modules/[4m.pnpm[24m/playwright@1.57.0/node_modules/[4mplaywright[24m/lib/worker/workerMain.js:295:5[90m)[39m
E2E Tests	Run E2E tests	2026-01-20T05:20:29.0675091Z     at WorkerMain.runTestGroup [90m(/app/[39mnode_modules/[4m.pnpm[24m/playwright@1.57.0/node_modules/[4mplaywright[24m/lib/worker/workerMain.js:199:11[90m)[39m
E2E Tests	Run E2E tests	2026-01-20T05:20:29.0677482Z     at process.<anonymous> [90m(/app/[39mnode_modules/[4m.pnpm[24m/playwright@1.57.0/node_modules/[4mplaywright[24m/lib/common/process.js:65:22[90m)[39m {
E2E Tests	Run E2E tests	2026-01-20T05:20:29.0678770Z   status: [33m404[39m,
E2E Tests	Run E2E tests	2026-01-20T05:20:29.0679313Z   statusText: [32m'Not Found'[39m,
E2E Tests	Run E2E tests	2026-01-20T05:20:29.0679978Z   responseBody: [32m'<!DOCTYPE html>\n'[39m +
E2E Tests	Run E2E tests	2026-01-20T05:20:29.0680621Z     [32m'<html lang="en">\n'[39m +
E2E Tests	Run E2E tests	2026-01-20T05:20:29.0681135Z     [32m'<head>\n'[39m +
E2E Tests	Run E2E tests	2026-01-20T05:20:29.0681682Z     [32m'<meta charset="utf-8">\n'[39m +
E2E Tests	Run E2E tests	2026-01-20T05:20:29.0682292Z     [32m'<title>Error</title>\n'[39m +
E2E Tests	Run E2E tests	2026-01-20T05:20:29.0682848Z     [32m'</head>\n'[39m +
E2E Tests	Run E2E tests	2026-01-20T05:20:29.0683205Z     [32m'<body>\n'[39m +
E2E Tests	Run E2E tests	2026-01-20T05:20:29.0683927Z     [32m'<pre>Cannot GET /admin/api-keys/apk_01KFCXF7B7GQA48GZ9WSH194WX/sales-channels</pre>\n'[39m +
E2E Tests	Run E2E tests	2026-01-20T05:20:29.0684595Z     [32m'</body>\n'[39m +
E2E Tests	Run E2E tests	2026-01-20T05:20:29.0684943Z     [32m'</html>\n'[39m
E2E Tests	Run E2E tests	2026-01-20T05:20:29.0685235Z }
E2E Tests	Run E2E tests	2026-01-20T05:20:29.0981618Z ·[Self-Heal] "The Nuzzle" exists (prod_01KFCXF7N5XD6F7TKRZ4W07ZSC). Verifying Sales Channel link...
E2E Tests	Run E2E tests	2026-01-20T05:20:32.9278032Z ·····Current publishable key is linked to sales channels: sc_01KFCXF7A3XY57FSM57BY1AT2F
E2E Tests	Run E2E tests	2026-01-20T05:20:33.0159323Z Found 4 products compatible with the current publishable key
E2E Tests	Run E2E tests	2026-01-20T05:20:33.0161628Z Using admin product: The Nuzzle Updated (prod_01KFCXF7N5XD6F7TKRZ4W07ZSC)
E2E Tests	Run E2E tests	2026-01-20T05:20:33.0162833Z Product the-nuzzle is linked to sales channel: sc_01KFCXF7A3XY57FSM57BY1AT2F
E2E Tests	Run E2E tests	2026-01-20T05:20:34.3953010Z API Error 404 at /admin/api-keys/apk_01KFCXF7B7GQA48GZ9WSH194WX/sales-channels: <!DOCTYPE html>
E2E Tests	Run E2E tests	2026-01-20T05:20:34.3953861Z <html lang="en">
E2E Tests	Run E2E tests	2026-01-20T05:20:34.3954186Z <head>
E2E Tests	Run E2E tests	2026-01-20T05:20:34.3954563Z <meta charset="utf-8">
E2E Tests	Run E2E tests	2026-01-20T05:20:34.3954936Z <title>Error</title>
E2E Tests	Run E2E tests	2026-01-20T05:20:34.3955259Z </head>
E2E Tests	Run E2E tests	2026-01-20T05:20:34.3955527Z <body>
E2E Tests	Run E2E tests	2026-01-20T05:20:34.3956206Z <pre>Cannot GET /admin/api-keys/apk_01KFCXF7B7GQA48GZ9WSH194WX/sales-channels</pre>
E2E Tests	Run E2E tests	2026-01-20T05:20:34.3956888Z </body>
E2E Tests	Run E2E tests	2026-01-20T05:20:34.3957157Z </html>
E2E Tests	Run E2E tests	2026-01-20T05:20:34.3957316Z 
E2E Tests	Run E2E tests	2026-01-20T05:20:34.3973264Z [Self-Heal] Failed to resolve Sales Channel from PK, falling back to default or existing links. ApiError: API request failed: 404 Not Found
E2E Tests	Run E2E tests	2026-01-20T05:20:34.3974826Z     at apiRequest [90m(/app/[39msupport/helpers/api-request.ts:88:11[90m)[39m
E2E Tests	Run E2E tests	2026-01-20T05:20:34.3975880Z     at ensureTheNuzzleExists [90m(/app/[39msupport/helpers/seed-helpers.ts:78:36[90m)[39m
E2E Tests	Run E2E tests	2026-01-20T05:20:34.3976838Z     at [90m/app/[39mtests/storefront/homepage-navigation.spec.ts:6:3
E2E Tests	Run E2E tests	2026-01-20T05:20:34.3978223Z     at [90m/app/[39mnode_modules/[4m.pnpm[24m/playwright@1.57.0/node_modules/[4mplaywright[24m/lib/worker/testInfo.js:311:11
E2E Tests	Run E2E tests	2026-01-20T05:20:34.3980673Z     at TimeoutManager.withRunnable [90m(/app/[39mnode_modules/[4m.pnpm[24m/playwright@1.57.0/node_modules/[4mplaywright[24m/lib/worker/timeoutManager.js:67:14[90m)[39m
E2E Tests	Run E2E tests	2026-01-20T05:20:34.3983250Z     at TestInfoImpl._runWithTimeout [90m(/app/[39mnode_modules/[4m.pnpm[24m/playwright@1.57.0/node_modules/[4mplaywright[24m/lib/worker/testInfo.js:309:7[90m)[39m
E2E Tests	Run E2E tests	2026-01-20T05:20:34.3985902Z     at FixtureRunner.resolveParametersAndRunFunction [90m(/app/[39mnode_modules/[4m.pnpm[24m/playwright@1.57.0/node_modules/[4mplaywright[24m/lib/worker/fixtureRunner.js:228:5[90m)[39m
E2E Tests	Run E2E tests	2026-01-20T05:20:34.3988327Z     at [90m/app/[39mnode_modules/[4m.pnpm[24m/playwright@1.57.0/node_modules/[4mplaywright[24m/lib/worker/workerMain.js:441:13
E2E Tests	Run E2E tests	2026-01-20T05:20:34.3990417Z     at TestInfoImpl._runAsStep [90m(/app/[39mnode_modules/[4m.pnpm[24m/playwright@1.57.0/node_modules/[4mplaywright[24m/lib/worker/testInfo.js:300:7[90m)[39m
E2E Tests	Run E2E tests	2026-01-20T05:20:34.3992896Z     at WorkerMain._runAllHooksForSuite [90m(/app/[39mnode_modules/[4m.pnpm[24m/playwright@1.57.0/node_modules/[4mplaywright[24m/lib/worker/workerMain.js:436:9[90m)[39m
E2E Tests	Run E2E tests	2026-01-20T05:20:34.3995082Z     at WorkerMain._runBeforeAllHooksForSuite [90m(/app/[39mnode_modules/[4m.pnpm[24m/playwright@1.57.0/node_modules/[4mplaywright[24m/lib/worker/workerMain.js:430:5[90m)[39m
E2E Tests	Run E2E tests	2026-01-20T05:20:34.3996908Z     at [90m/app/[39mnode_modules/[4m.pnpm[24m/playwright@1.57.0/node_modules/[4mplaywright[24m/lib/worker/workerMain.js:312:11
E2E Tests	Run E2E tests	2026-01-20T05:20:34.3999000Z     at TestInfoImpl._runAsStep [90m(/app/[39mnode_modules/[4m.pnpm[24m/playwright@1.57.0/node_modules/[4mplaywright[24m/lib/worker/testInfo.js:300:7[90m)[39m
E2E Tests	Run E2E tests	2026-01-20T05:20:34.4001145Z     at [90m/app/[39mnode_modules/[4m.pnpm[24m/playwright@1.57.0/node_modules/[4mplaywright[24m/lib/worker/workerMain.js:310:7
E2E Tests	Run E2E tests	2026-01-20T05:20:34.4015958Z     at WorkerMain._runTest [90m(/app/[39mnode_modules/[4m.pnpm[24m/playwright@1.57.0/node_modules/[4mplaywright[24m/lib/worker/workerMain.js:295:5[90m)[39m
E2E Tests	Run E2E tests	2026-01-20T05:20:34.4018407Z     at WorkerMain.runTestGroup [90m(/app/[39mnode_modules/[4m.pnpm[24m/playwright@1.57.0/node_modules/[4mplaywright[24m/lib/worker/workerMain.js:199:11[90m)[39m
E2E Tests	Run E2E tests	2026-01-20T05:20:34.4020644Z     at process.<anonymous> [90m(/app/[39mnode_modules/[4m.pnpm[24m/playwright@1.57.0/node_modules/[4mplaywright[24m/lib/common/process.js:65:22[90m)[39m {
E2E Tests	Run E2E tests	2026-01-20T05:20:34.4021699Z   status: [33m404[39m,
E2E Tests	Run E2E tests	2026-01-20T05:20:34.4022164Z   statusText: [32m'Not Found'[39m,
E2E Tests	Run E2E tests	2026-01-20T05:20:34.4022869Z   responseBody: [32m'<!DOCTYPE html>\n'[39m +
E2E Tests	Run E2E tests	2026-01-20T05:20:34.4023400Z     [32m'<html lang="en">\n'[39m +
E2E Tests	Run E2E tests	2026-01-20T05:20:34.4023833Z     [32m'<head>\n'[39m +
E2E Tests	Run E2E tests	2026-01-20T05:20:34.4024292Z     [32m'<meta charset="utf-8">\n'[39m +
E2E Tests	Run E2E tests	2026-01-20T05:20:34.4024805Z     [32m'<title>Error</title>\n'[39m +
E2E Tests	Run E2E tests	2026-01-20T05:20:34.4025256Z     [32m'</head>\n'[39m +
E2E Tests	Run E2E tests	2026-01-20T05:20:34.4025622Z     [32m'<body>\n'[39m +
E2E Tests	Run E2E tests	2026-01-20T05:20:34.4026569Z     [32m'<pre>Cannot GET /admin/api-keys/apk_01KFCXF7B7GQA48GZ9WSH194WX/sales-channels</pre>\n'[39m +
E2E Tests	Run E2E tests	2026-01-20T05:20:34.4027375Z     [32m'</body>\n'[39m +
E2E Tests	Run E2E tests	2026-01-20T05:20:34.4027808Z     [32m'</html>\n'[39m
E2E Tests	Run E2E tests	2026-01-20T05:20:34.4028204Z }
E2E Tests	Run E2E tests	2026-01-20T05:20:34.4484838Z ·[Self-Heal] "The Nuzzle" exists (prod_01KFCXF7N5XD6F7TKRZ4W07ZSC). Verifying Sales Channel link...
E2E Tests	Run E2E tests	2026-01-20T05:20:35.2853620Z ··Current publishable key is linked to sales channels: sc_01KFCXF7A3XY57FSM57BY1AT2F
E2E Tests	Run E2E tests	2026-01-20T05:20:35.3549008Z Found 4 products compatible with the current publishable key
E2E Tests	Run E2E tests	2026-01-20T05:20:35.3555050Z Using admin product: The Nuzzle Updated (prod_01KFCXF7N5XD6F7TKRZ4W07ZSC)
E2E Tests	Run E2E tests	2026-01-20T05:20:35.3561322Z Product the-nuzzle is linked to sales channel: sc_01KFCXF7A3XY57FSM57BY1AT2F
E2E Tests	Run E2E tests	2026-01-20T05:20:37.3220043Z ·Current publishable key is linked to sales channels: sc_01KFCXF7A3XY57FSM57BY1AT2F
E2E Tests	Run E2E tests	2026-01-20T05:20:37.3803676Z Found 4 products compatible with the current publishable key
E2E Tests	Run E2E tests	2026-01-20T05:20:37.3806326Z Using admin product: The Nuzzle Updated (prod_01KFCXF7N5XD6F7TKRZ4W07ZSC)
E2E Tests	Run E2E tests	2026-01-20T05:20:37.3807316Z Product the-nuzzle is linked to sales channel: sc_01KFCXF7A3XY57FSM57BY1AT2F
E2E Tests	Run E2E tests	2026-01-20T05:20:37.7475534Z ·Current publishable key is linked to sales channels: sc_01KFCXF7A3XY57FSM57BY1AT2F
E2E Tests	Run E2E tests	2026-01-20T05:20:37.8144406Z Found 4 products compatible with the current publishable key
E2E Tests	Run E2E tests	2026-01-20T05:20:37.8156138Z Using admin product: The Nuzzle Updated (prod_01KFCXF7N5XD6F7TKRZ4W07ZSC)
E2E Tests	Run E2E tests	2026-01-20T05:20:37.8161020Z Product the-nuzzle is linked to sales channel: sc_01KFCXF7A3XY57FSM57BY1AT2F
E2E Tests	Run E2E tests	2026-01-20T05:20:38.4047052Z ·Current publishable key is linked to sales channels: sc_01KFCXF7A3XY57FSM57BY1AT2F
E2E Tests	Run E2E tests	2026-01-20T05:20:38.4688009Z Found 4 products compatible with the current publishable key
E2E Tests	Run E2E tests	2026-01-20T05:20:38.4690118Z Using admin product: The Nuzzle Updated (prod_01KFCXF7N5XD6F7TKRZ4W07ZSC)
E2E Tests	Run E2E tests	2026-01-20T05:20:38.4691095Z Product the-nuzzle is linked to sales channel: sc_01KFCXF7A3XY57FSM57BY1AT2F
E2E Tests	Run E2E tests	2026-01-20T05:20:39.6917970Z ·Current publishable key is linked to sales channels: sc_01KFCXF7A3XY57FSM57BY1AT2F
E2E Tests	Run E2E tests	2026-01-20T05:20:39.7449947Z Found 4 products compatible with the current publishable key
E2E Tests	Run E2E tests	2026-01-20T05:20:39.7450883Z Using admin product: The Nuzzle Updated (prod_01KFCXF7N5XD6F7TKRZ4W07ZSC)
E2E Tests	Run E2E tests	2026-01-20T05:20:39.7451891Z Product the-nuzzle is linked to sales channel: sc_01KFCXF7A3XY57FSM57BY1AT2F
E2E Tests	Run E2E tests	2026-01-20T05:20:40.8323017Z ·Current publishable key is linked to sales channels: sc_01KFCXF7A3XY57FSM57BY1AT2F
E2E Tests	Run E2E tests	2026-01-20T05:20:40.8897103Z Found 4 products compatible with the current publishable key
E2E Tests	Run E2E tests	2026-01-20T05:20:40.8901377Z Using admin product: The Nuzzle Updated (prod_01KFCXF7N5XD6F7TKRZ4W07ZSC)
E2E Tests	Run E2E tests	2026-01-20T05:20:40.8903494Z Product the-nuzzle is linked to sales channel: sc_01KFCXF7A3XY57FSM57BY1AT2F
E2E Tests	Run E2E tests	2026-01-20T05:20:46.2037245Z ··×···[dotenv@17.2.3] injecting env (0) from .env -- tip: 🔐 encrypt with Dotenvx: https://dotenvx.com
E2E Tests	Run E2E tests	2026-01-20T05:20:46.2044042Z [dotenv@17.2.3] injecting env (0) from ../.env -- tip: 📡 add observability to secrets: https://dotenvx.com/ops
E2E Tests	Run E2E tests	2026-01-20T05:20:47.4546316Z Current publishable key is linked to sales channels: sc_01KFCXF7A3XY57FSM57BY1AT2F
E2E Tests	Run E2E tests	2026-01-20T05:20:47.5201197Z Found 4 products compatible with the current publishable key
E2E Tests	Run E2E tests	2026-01-20T05:20:47.5202878Z Using admin product: The Nuzzle Updated (prod_01KFCXF7N5XD6F7TKRZ4W07ZSC)
E2E Tests	Run E2E tests	2026-01-20T05:20:47.5203995Z Product the-nuzzle is linked to sales channel: sc_01KFCXF7A3XY57FSM57BY1AT2F
E2E Tests	Run E2E tests	2026-01-20T05:21:02.6368080Z °×°°×[dotenv@17.2.3] injecting env (0) from .env -- tip: 🗂️ backup and recover secrets: https://dotenvx.com/ops
E2E Tests	Run E2E tests	2026-01-20T05:21:02.6375721Z [dotenv@17.2.3] injecting env (0) from ../.env -- tip: 🗂️ backup and recover secrets: https://dotenvx.com/ops
E2E Tests	Run E2E tests	2026-01-20T05:21:03.2709437Z °××[dotenv@17.2.3] injecting env (0) from .env -- tip: 🛠️  run anywhere with `dotenvx run -- yourcommand`
E2E Tests	Run E2E tests	2026-01-20T05:21:03.2711036Z [dotenv@17.2.3] injecting env (0) from ../.env -- tip: 🗂️ backup and recover secrets: https://dotenvx.com/ops
E2E Tests	Run E2E tests	2026-01-20T05:21:04.0040392Z ×[dotenv@17.2.3] injecting env (0) from .env -- tip: 🛠️  run anywhere with `dotenvx run -- yourcommand`
E2E Tests	Run E2E tests	2026-01-20T05:21:04.0046420Z [dotenv@17.2.3] injecting env (0) from ../.env -- tip: ⚙️  write to custom object with { processEnv: myObject }
E2E Tests	Run E2E tests	2026-01-20T05:21:04.0735704Z [dotenv@17.2.3] injecting env (0) from .env -- tip: ⚙️  suppress all logs with { quiet: true }
E2E Tests	Run E2E tests	2026-01-20T05:21:04.0739066Z [dotenv@17.2.3] injecting env (0) from ../.env -- tip: 🔐 encrypt with Dotenvx: https://dotenvx.com
E2E Tests	Run E2E tests	2026-01-20T05:21:04.7808579Z ×F°°°[dotenv@17.2.3] injecting env (0) from .env -- tip: 🛠️  run anywhere with `dotenvx run -- yourcommand`
E2E Tests	Run E2E tests	2026-01-20T05:21:04.7818567Z [dotenv@17.2.3] injecting env (0) from ../.env -- tip: ⚙️  override existing env vars with { override: true }
E2E Tests	Run E2E tests	2026-01-20T05:21:05.4173270Z F[dotenv@17.2.3] injecting env (0) from .env -- tip: 👥 sync secrets across teammates & machines: https://dotenvx.com/ops
E2E Tests	Run E2E tests	2026-01-20T05:21:05.4174946Z [dotenv@17.2.3] injecting env (0) from ../.env -- tip: 🔑 add access controls to secrets: https://dotenvx.com/ops
E2E Tests	Run E2E tests	2026-01-20T05:21:05.6633953Z [dotenv@17.2.3] injecting env (0) from .env -- tip: 🔄 add secrets lifecycle management: https://dotenvx.com/ops
E2E Tests	Run E2E tests	2026-01-20T05:21:05.6665569Z [dotenv@17.2.3] injecting env (0) from ../.env -- tip: 📡 add observability to secrets: https://dotenvx.com/ops
E2E Tests	Run E2E tests	2026-01-20T05:21:06.5124976Z F[dotenv@17.2.3] injecting env (0) from .env -- tip: 📡 add observability to secrets: https://dotenvx.com/ops
E2E Tests	Run E2E tests	2026-01-20T05:21:06.5157846Z [dotenv@17.2.3] injecting env (0) from ../.env -- tip: 🔄 add secrets lifecycle management: https://dotenvx.com/ops
E2E Tests	Run E2E tests	2026-01-20T05:21:07.3393537Z ×·[dotenv@17.2.3] injecting env (0) from .env -- tip: 📡 add observability to secrets: https://dotenvx.com/ops
E2E Tests	Run E2E tests	2026-01-20T05:21:07.3420887Z [dotenv@17.2.3] injecting env (0) from ../.env -- tip: ⚙️  suppress all logs with { quiet: true }
E2E Tests	Run E2E tests	2026-01-20T05:21:07.8750226Z ×[dotenv@17.2.3] injecting env (0) from .env -- tip: ⚙️  suppress all logs with { quiet: true }
E2E Tests	Run E2E tests	2026-01-20T05:21:07.8777786Z [dotenv@17.2.3] injecting env (0) from ../.env -- tip: ⚙️  specify custom .env file path with { path: '/custom/path/.env' }
E2E Tests	Run E2E tests	2026-01-20T05:21:07.9830436Z Current publishable key is linked to sales channels: sc_01KFCXF7A3XY57FSM57BY1AT2F
E2E Tests	Run E2E tests	2026-01-20T05:21:08.0597773Z Found 4 products compatible with the current publishable key
E2E Tests	Run E2E tests	2026-01-20T05:21:08.0599567Z Using admin product: The Nuzzle Updated (prod_01KFCXF7N5XD6F7TKRZ4W07ZSC)
E2E Tests	Run E2E tests	2026-01-20T05:21:08.0601709Z Product the-nuzzle is linked to sales channel: sc_01KFCXF7A3XY57FSM57BY1AT2F
E2E Tests	Run E2E tests	2026-01-20T05:21:09.0239488Z ××[dotenv@17.2.3] injecting env (0) from .env -- tip: ⚙️  load multiple .env files with { path: ['.env.local', '.env'] }
E2E Tests	Run E2E tests	2026-01-20T05:21:09.0241710Z [dotenv@17.2.3] injecting env (0) from ../.env -- tip: 🔑 add access controls to secrets: https://dotenvx.com/ops
E2E Tests	Run E2E tests	2026-01-20T05:21:09.6545285Z [dotenv@17.2.3] injecting env (0) from .env -- tip: 🔐 prevent building .env in docker: https://dotenvx.com/prebuild
E2E Tests	Run E2E tests	2026-01-20T05:21:09.6564758Z [dotenv@17.2.3] injecting env (0) from ../.env -- tip: 👥 sync secrets across teammates & machines: https://dotenvx.com/ops
E2E Tests	Run E2E tests	2026-01-20T05:21:09.9872672Z [dotenv@17.2.3] injecting env (0) from .env -- tip: 🔐 encrypt with Dotenvx: https://dotenvx.com
E2E Tests	Run E2E tests	2026-01-20T05:21:09.9896698Z [dotenv@17.2.3] injecting env (0) from ../.env -- tip: 🗂️ backup and recover secrets: https://dotenvx.com/ops
E2E Tests	Run E2E tests	2026-01-20T05:21:10.2942007Z ×Current publishable key is linked to sales channels: sc_01KFCXF7A3XY57FSM57BY1AT2F
E2E Tests	Run E2E tests	2026-01-20T05:21:10.3677960Z Found 4 products compatible with the current publishable key
E2E Tests	Run E2E tests	2026-01-20T05:21:10.3696720Z Using admin product: The Nuzzle Updated (prod_01KFCXF7N5XD6F7TKRZ4W07ZSC)
E2E Tests	Run E2E tests	2026-01-20T05:21:10.3698259Z Product the-nuzzle is linked to sales channel: sc_01KFCXF7A3XY57FSM57BY1AT2F
E2E Tests	Run E2E tests	2026-01-20T05:21:10.9231876Z 
E2E Tests	Run E2E tests	2026-01-20T05:21:11.1828900Z ×F°°°°°°°[dotenv@17.2.3] injecting env (0) from .env -- tip: 👥 sync secrets across teammates & machines: https://dotenvx.com/ops
E2E Tests	Run E2E tests	2026-01-20T05:21:11.1834539Z [dotenv@17.2.3] injecting env (0) from ../.env -- tip: ⚙️  load multiple .env files with { path: ['.env.local', '.env'] }
E2E Tests	Run E2E tests	2026-01-20T05:21:11.6139411Z [dotenv@17.2.3] injecting env (0) from .env -- tip: ⚙️  enable debug logging with { debug: true }
E2E Tests	Run E2E tests	2026-01-20T05:21:11.6141651Z [dotenv@17.2.3] injecting env (0) from ../.env -- tip: ✅ audit secrets and track compliance: https://dotenvx.com/ops
E2E Tests	Run E2E tests	2026-01-20T05:21:12.0081512Z FCurrent publishable key is linked to sales channels: sc_01KFCXF7A3XY57FSM57BY1AT2F
E2E Tests	Run E2E tests	2026-01-20T05:21:12.0432242Z Found 4 products compatible with the current publishable key
E2E Tests	Run E2E tests	2026-01-20T05:21:12.0433064Z Using admin product: The Nuzzle Updated (prod_01KFCXF7N5XD6F7TKRZ4W07ZSC)
E2E Tests	Run E2E tests	2026-01-20T05:21:12.0433675Z Product the-nuzzle is linked to sales channel: sc_01KFCXF7A3XY57FSM57BY1AT2F
E2E Tests	Run E2E tests	2026-01-20T05:21:22.8553374Z F×[dotenv@17.2.3] injecting env (0) from .env -- tip: ⚙️  load multiple .env files with { path: ['.env.local', '.env'] }
E2E Tests	Run E2E tests	2026-01-20T05:21:22.8555460Z [dotenv@17.2.3] injecting env (0) from ../.env -- tip: ⚙️  enable debug logging with { debug: true }
E2E Tests	Run E2E tests	2026-01-20T05:21:23.2067497Z Current publishable key is linked to sales channels: sc_01KFCXF7A3XY57FSM57BY1AT2F
E2E Tests	Run E2E tests	2026-01-20T05:21:23.2436813Z Found 4 products compatible with the current publishable key
E2E Tests	Run E2E tests	2026-01-20T05:21:23.2437486Z Using admin product: The Nuzzle Updated (prod_01KFCXF7N5XD6F7TKRZ4W07ZSC)
E2E Tests	Run E2E tests	2026-01-20T05:21:23.2438041Z Product the-nuzzle is linked to sales channel: sc_01KFCXF7A3XY57FSM57BY1AT2F
E2E Tests	Run E2E tests	2026-01-20T05:21:23.5416591Z F
E2E Tests	Run E2E tests	2026-01-20T05:21:23.5426842Z 
E2E Tests	Run E2E tests	2026-01-20T05:21:23.5440020Z   1) [chromium] › tests/full-checkout.happy.spec.ts:11:7 › Full Checkout Flow (Happy Path) › should complete a guest checkout with successful payment 
E2E Tests	Run E2E tests	2026-01-20T05:21:23.5440865Z 
E2E Tests	Run E2E tests	2026-01-20T05:21:23.5441410Z     Error: [2mexpect([22m[31mlocator[39m[2m).[22mtoBeVisible[2m([22m[2m)[22m failed
E2E Tests	Run E2E tests	2026-01-20T05:21:23.5441945Z 
E2E Tests	Run E2E tests	2026-01-20T05:21:23.5442496Z     Locator: locator('iframe[title*="Secure email input"], iframe[title*="email"]').first()
E2E Tests	Run E2E tests	2026-01-20T05:21:23.5443231Z     Expected: visible
E2E Tests	Run E2E tests	2026-01-20T05:21:23.5443581Z     Timeout: 30000ms
E2E Tests	Run E2E tests	2026-01-20T05:21:23.5443937Z     Error: element(s) not found
E2E Tests	Run E2E tests	2026-01-20T05:21:23.5444162Z 
E2E Tests	Run E2E tests	2026-01-20T05:21:23.5444287Z     Call log:
E2E Tests	Run E2E tests	2026-01-20T05:21:23.5444905Z     [2m  - Expect "toBeVisible" with timeout 30000ms[22m
E2E Tests	Run E2E tests	2026-01-20T05:21:23.5445964Z     [2m  - waiting for locator('iframe[title*="Secure email input"], iframe[title*="email"]').first()[22m
E2E Tests	Run E2E tests	2026-01-20T05:21:23.5446563Z 
E2E Tests	Run E2E tests	2026-01-20T05:21:23.5446576Z 
E2E Tests	Run E2E tests	2026-01-20T05:21:23.5446952Z       36 |     // Stripe elements render in iframes. We need to find the right iframe.
E2E Tests	Run E2E tests	2026-01-20T05:21:23.5447918Z       37 |     const emailFrameSelector = 'iframe[title*="Secure email input"], iframe[title*="email"]';
E2E Tests	Run E2E tests	2026-01-20T05:21:23.5448975Z     > 38 |     await expect(page.locator(emailFrameSelector).first()).toBeVisible({ timeout: 30000 });
E2E Tests	Run E2E tests	2026-01-20T05:21:23.5449843Z          |                                                            ^
E2E Tests	Run E2E tests	2026-01-20T05:21:23.5450668Z       39 |     const emailIframe = page.frameLocator(emailFrameSelector).first();
E2E Tests	Run E2E tests	2026-01-20T05:21:23.5451609Z       40 |     const emailInput = emailIframe.locator('input[name="email"]');
E2E Tests	Run E2E tests	2026-01-20T05:21:23.5452602Z       41 |     await emailInput.fill(`tester-${Date.now()}@example.com`);
E2E Tests	Run E2E tests	2026-01-20T05:21:23.5453381Z         at /app/tests/full-checkout.happy.spec.ts:38:60
E2E Tests	Run E2E tests	2026-01-20T05:21:23.5453792Z 
E2E Tests	Run E2E tests	2026-01-20T05:21:23.5454597Z     attachment #1: screenshot (image/png) ──────────────────────────────────────────────────────────
E2E Tests	Run E2E tests	2026-01-20T05:21:23.5455633Z     test-results/full-checkout.happy-Full-C-49ef6-out-with-successful-payment-chromium/test-failed-1.png
E2E Tests	Run E2E tests	2026-01-20T05:21:23.5456932Z     ────────────────────────────────────────────────────────────────────────────────────────────────
E2E Tests	Run E2E tests	2026-01-20T05:21:23.5457402Z 
E2E Tests	Run E2E tests	2026-01-20T05:21:23.5458017Z     attachment #2: video (video/webm) ──────────────────────────────────────────────────────────────
E2E Tests	Run E2E tests	2026-01-20T05:21:23.5459627Z     test-results/full-checkout.happy-Full-C-49ef6-out-with-successful-payment-chromium/video.webm
E2E Tests	Run E2E tests	2026-01-20T05:21:23.5461038Z     ────────────────────────────────────────────────────────────────────────────────────────────────
E2E Tests	Run E2E tests	2026-01-20T05:21:23.5461550Z 
E2E Tests	Run E2E tests	2026-01-20T05:21:23.5462520Z     Error Context: test-results/full-checkout.happy-Full-C-49ef6-out-with-successful-payment-chromium/error-context.md
E2E Tests	Run E2E tests	2026-01-20T05:21:23.5463680Z 
E2E Tests	Run E2E tests	2026-01-20T05:21:23.5464422Z     attachment #4: trace (application/zip) ─────────────────────────────────────────────────────────
E2E Tests	Run E2E tests	2026-01-20T05:21:23.5465493Z     test-results/full-checkout.happy-Full-C-49ef6-out-with-successful-payment-chromium/trace.zip
E2E Tests	Run E2E tests	2026-01-20T05:21:23.5465942Z     Usage:
E2E Tests	Run E2E tests	2026-01-20T05:21:23.5466050Z 
E2E Tests	Run E2E tests	2026-01-20T05:21:23.5466509Z         pnpm exec playwright show-trace test-results/full-checkout.happy-Full-C-49ef6-out-with-successful-payment-chromium/trace.zip
E2E Tests	Run E2E tests	2026-01-20T05:21:23.5467002Z 
E2E Tests	Run E2E tests	2026-01-20T05:21:23.5467312Z     ────────────────────────────────────────────────────────────────────────────────────────────────
E2E Tests	Run E2E tests	2026-01-20T05:21:23.5467696Z 
E2E Tests	Run E2E tests	2026-01-20T05:21:23.5468006Z     Retry #1 ───────────────────────────────────────────────────────────────────────────────────────
E2E Tests	Run E2E tests	2026-01-20T05:21:23.5468268Z 
E2E Tests	Run E2E tests	2026-01-20T05:21:23.5468600Z     Error: [2mexpect([22m[31mlocator[39m[2m).[22mtoBeVisible[2m([22m[2m)[22m failed
E2E Tests	Run E2E tests	2026-01-20T05:21:23.5468898Z 
E2E Tests	Run E2E tests	2026-01-20T05:21:23.5469194Z     Locator: locator('iframe[title*="Secure email input"], iframe[title*="email"]').first()
E2E Tests	Run E2E tests	2026-01-20T05:21:23.5469594Z     Expected: visible
E2E Tests	Run E2E tests	2026-01-20T05:21:23.5469803Z     Timeout: 30000ms
E2E Tests	Run E2E tests	2026-01-20T05:21:23.5470026Z     Error: element(s) not found
E2E Tests	Run E2E tests	2026-01-20T05:21:23.5470184Z 
E2E Tests	Run E2E tests	2026-01-20T05:21:23.5470256Z     Call log:
E2E Tests	Run E2E tests	2026-01-20T05:21:23.5470576Z     [2m  - Expect "toBeVisible" with timeout 30000ms[22m
E2E Tests	Run E2E tests	2026-01-20T05:21:23.5471145Z     [2m  - waiting for locator('iframe[title*="Secure email input"], iframe[title*="email"]').first()[22m
E2E Tests	Run E2E tests	2026-01-20T05:21:23.5471501Z 
E2E Tests	Run E2E tests	2026-01-20T05:21:23.5471508Z 
E2E Tests	Run E2E tests	2026-01-20T05:21:23.5471734Z       36 |     // Stripe elements render in iframes. We need to find the right iframe.
E2E Tests	Run E2E tests	2026-01-20T05:21:23.5472297Z       37 |     const emailFrameSelector = 'iframe[title*="Secure email input"], iframe[title*="email"]';
E2E Tests	Run E2E tests	2026-01-20T05:21:23.5473124Z     > 38 |     await expect(page.locator(emailFrameSelector).first()).toBeVisible({ timeout: 30000 });
E2E Tests	Run E2E tests	2026-01-20T05:21:23.5473607Z          |                                                            ^
E2E Tests	Run E2E tests	2026-01-20T05:21:23.5474035Z       39 |     const emailIframe = page.frameLocator(emailFrameSelector).first();
E2E Tests	Run E2E tests	2026-01-20T05:21:23.5474518Z       40 |     const emailInput = emailIframe.locator('input[name="email"]');
E2E Tests	Run E2E tests	2026-01-20T05:21:23.5474973Z       41 |     await emailInput.fill(`tester-${Date.now()}@example.com`);
E2E Tests	Run E2E tests	2026-01-20T05:21:23.5475375Z         at /app/tests/full-checkout.happy.spec.ts:38:60
E2E Tests	Run E2E tests	2026-01-20T05:21:23.5475581Z 
E2E Tests	Run E2E tests	2026-01-20T05:21:23.5475949Z     attachment #1: screenshot (image/png) ──────────────────────────────────────────────────────────
E2E Tests	Run E2E tests	2026-01-20T05:21:23.5476674Z     test-results/full-checkout.happy-Full-C-49ef6-out-with-successful-payment-chromium-retry1/test-failed-1.png
E2E Tests	Run E2E tests	2026-01-20T05:21:23.5477430Z     ────────────────────────────────────────────────────────────────────────────────────────────────
E2E Tests	Run E2E tests	2026-01-20T05:21:23.5477682Z 
E2E Tests	Run E2E tests	2026-01-20T05:21:23.5478025Z     attachment #2: video (video/webm) ──────────────────────────────────────────────────────────────
E2E Tests	Run E2E tests	2026-01-20T05:21:23.5478704Z     test-results/full-checkout.happy-Full-C-49ef6-out-with-successful-payment-chromium-retry1/video.webm
E2E Tests	Run E2E tests	2026-01-20T05:21:23.5479425Z     ────────────────────────────────────────────────────────────────────────────────────────────────
E2E Tests	Run E2E tests	2026-01-20T05:21:23.5479674Z 
E2E Tests	Run E2E tests	2026-01-20T05:21:23.5480131Z     Error Context: test-results/full-checkout.happy-Full-C-49ef6-out-with-successful-payment-chromium-retry1/error-context.md
E2E Tests	Run E2E tests	2026-01-20T05:21:23.5480616Z 
E2E Tests	Run E2E tests	2026-01-20T05:21:23.5480972Z     attachment #4: trace (application/zip) ─────────────────────────────────────────────────────────
E2E Tests	Run E2E tests	2026-01-20T05:21:23.5481766Z     test-results/full-checkout.happy-Full-C-49ef6-out-with-successful-payment-chromium-retry1/trace.zip
E2E Tests	Run E2E tests	2026-01-20T05:21:23.5482260Z     Usage:
E2E Tests	Run E2E tests	2026-01-20T05:21:23.5482463Z 
E2E Tests	Run E2E tests	2026-01-20T05:21:23.5483018Z         pnpm exec playwright show-trace test-results/full-checkout.happy-Full-C-49ef6-out-with-successful-payment-chromium-retry1/trace.zip
E2E Tests	Run E2E tests	2026-01-20T05:21:23.5483638Z 
E2E Tests	Run E2E tests	2026-01-20T05:21:23.5483956Z     ────────────────────────────────────────────────────────────────────────────────────────────────
E2E Tests	Run E2E tests	2026-01-20T05:21:23.5484203Z 
E2E Tests	Run E2E tests	2026-01-20T05:21:23.5484529Z     Retry #2 ───────────────────────────────────────────────────────────────────────────────────────
E2E Tests	Run E2E tests	2026-01-20T05:21:23.5484784Z 
E2E Tests	Run E2E tests	2026-01-20T05:21:23.5485109Z     Error: page.goto: net::ERR_NAME_NOT_RESOLVED at http://storefront:5173/products/the-nuzzle
E2E Tests	Run E2E tests	2026-01-20T05:21:23.5485515Z     Call log:
E2E Tests	Run E2E tests	2026-01-20T05:21:23.5485977Z     [2m  - navigating to "http://storefront:5173/products/the-nuzzle", waiting until "load"[22m
E2E Tests	Run E2E tests	2026-01-20T05:21:23.5486318Z 
E2E Tests	Run E2E tests	2026-01-20T05:21:23.5486325Z 
E2E Tests	Run E2E tests	2026-01-20T05:21:23.5486517Z       16 |     const product = await productFactory.createProduct();
E2E Tests	Run E2E tests	2026-01-20T05:21:23.5486831Z       17 |     
E2E Tests	Run E2E tests	2026-01-20T05:21:23.5487107Z     > 18 |     await page.goto(`/products/${product.handle}`);
E2E Tests	Run E2E tests	2026-01-20T05:21:23.5487392Z          |                ^
E2E Tests	Run E2E tests	2026-01-20T05:21:23.5487697Z       19 |     await page.waitForLoadState("networkidle");
E2E Tests	Run E2E tests	2026-01-20T05:21:23.5487987Z       20 |     
E2E Tests	Run E2E tests	2026-01-20T05:21:23.5488199Z       21 |     // 2. Add to cart
E2E Tests	Run E2E tests	2026-01-20T05:21:23.5488501Z         at /app/tests/full-checkout.happy.spec.ts:18:16
E2E Tests	Run E2E tests	2026-01-20T05:21:23.5488710Z 
E2E Tests	Run E2E tests	2026-01-20T05:21:23.5489060Z     attachment #1: screenshot (image/png) ──────────────────────────────────────────────────────────
E2E Tests	Run E2E tests	2026-01-20T05:21:23.5489774Z     test-results/full-checkout.happy-Full-C-49ef6-out-with-successful-payment-chromium-retry2/test-failed-1.png
E2E Tests	Run E2E tests	2026-01-20T05:21:23.5490536Z     ────────────────────────────────────────────────────────────────────────────────────────────────
E2E Tests	Run E2E tests	2026-01-20T05:21:23.5490790Z 
E2E Tests	Run E2E tests	2026-01-20T05:21:23.5491130Z     attachment #2: video (video/webm) ──────────────────────────────────────────────────────────────
E2E Tests	Run E2E tests	2026-01-20T05:21:23.5491792Z     test-results/full-checkout.happy-Full-C-49ef6-out-with-successful-payment-chromium-retry2/video.webm
E2E Tests	Run E2E tests	2026-01-20T05:21:23.5492660Z     ────────────────────────────────────────────────────────────────────────────────────────────────
E2E Tests	Run E2E tests	2026-01-20T05:21:23.5493003Z 
E2E Tests	Run E2E tests	2026-01-20T05:21:23.5493353Z     attachment #3: trace (application/zip) ─────────────────────────────────────────────────────────
E2E Tests	Run E2E tests	2026-01-20T05:21:23.5494019Z     test-results/full-checkout.happy-Full-C-49ef6-out-with-successful-payment-chromium-retry2/trace.zip
E2E Tests	Run E2E tests	2026-01-20T05:21:23.5494508Z     Usage:
E2E Tests	Run E2E tests	2026-01-20T05:21:23.5494605Z 
E2E Tests	Run E2E tests	2026-01-20T05:21:23.5495098Z         pnpm exec playwright show-trace test-results/full-checkout.happy-Full-C-49ef6-out-with-successful-payment-chromium-retry2/trace.zip
E2E Tests	Run E2E tests	2026-01-20T05:21:23.5495702Z 
E2E Tests	Run E2E tests	2026-01-20T05:21:23.5496005Z     ────────────────────────────────────────────────────────────────────────────────────────────────
E2E Tests	Run E2E tests	2026-01-20T05:21:23.5496259Z 
E2E Tests	Run E2E tests	2026-01-20T05:21:23.5496900Z   2) [chromium] › tests/storefront/multi-region.spec.ts:131:9 › Multi-Region Flow › Cart Creation with Region › should create cart with region_id from localStorage 
E2E Tests	Run E2E tests	2026-01-20T05:21:23.5497454Z 
E2E Tests	Run E2E tests	2026-01-20T05:21:23.5497687Z     Error: page.goto: net::ERR_NAME_NOT_RESOLVED at http://storefront:5173/
E2E Tests	Run E2E tests	2026-01-20T05:21:23.5498028Z     Call log:
E2E Tests	Run E2E tests	2026-01-20T05:21:23.5498412Z     [2m  - navigating to "http://storefront:5173/", waiting until "load"[22m
E2E Tests	Run E2E tests	2026-01-20T05:21:23.5498674Z 
E2E Tests	Run E2E tests	2026-01-20T05:21:23.5498690Z 
E2E Tests	Run E2E tests	2026-01-20T05:21:23.5498818Z       40 |   test.beforeEach(async ({ page }) => {
E2E Tests	Run E2E tests	2026-01-20T05:21:23.5499186Z       41 |     // Clear localStorage and sessionStorage to start fresh
E2E Tests	Run E2E tests	2026-01-20T05:21:23.5499514Z     > 42 |     await page.goto("/");
E2E Tests	Run E2E tests	2026-01-20T05:21:23.5499769Z          |                ^
E2E Tests	Run E2E tests	2026-01-20T05:21:23.5500017Z       43 |     await page.evaluate(() => {
E2E Tests	Run E2E tests	2026-01-20T05:21:23.5500347Z       44 |       localStorage.removeItem("medusa_region_id");
E2E Tests	Run E2E tests	2026-01-20T05:21:23.5500715Z       45 |       localStorage.removeItem("locale_language");
E2E Tests	Run E2E tests	2026-01-20T05:21:23.5501074Z         at /app/tests/storefront/multi-region.spec.ts:42:16
E2E Tests	Run E2E tests	2026-01-20T05:21:23.5501293Z 
E2E Tests	Run E2E tests	2026-01-20T05:21:23.5501646Z     attachment #1: screenshot (image/png) ──────────────────────────────────────────────────────────
E2E Tests	Run E2E tests	2026-01-20T05:21:23.5502325Z     test-results/storefront-multi-region-Mu-4f8b5-region-id-from-localStorage-chromium/test-failed-1.png
E2E Tests	Run E2E tests	2026-01-20T05:21:23.5503214Z     ────────────────────────────────────────────────────────────────────────────────────────────────
E2E Tests	Run E2E tests	2026-01-20T05:21:23.5503477Z 
E2E Tests	Run E2E tests	2026-01-20T05:21:23.5503820Z     attachment #2: video (video/webm) ──────────────────────────────────────────────────────────────
E2E Tests	Run E2E tests	2026-01-20T05:21:23.5504456Z     test-results/storefront-multi-region-Mu-4f8b5-region-id-from-localStorage-chromium/video.webm
E2E Tests	Run E2E tests	2026-01-20T05:21:23.5505169Z     ────────────────────────────────────────────────────────────────────────────────────────────────
E2E Tests	Run E2E tests	2026-01-20T05:21:23.5505423Z 
E2E Tests	Run E2E tests	2026-01-20T05:21:23.5505774Z     attachment #3: trace (application/zip) ─────────────────────────────────────────────────────────
E2E Tests	Run E2E tests	2026-01-20T05:21:23.5506422Z     test-results/storefront-multi-region-Mu-4f8b5-region-id-from-localStorage-chromium/trace.zip
E2E Tests	Run E2E tests	2026-01-20T05:21:23.5506980Z     Usage:
E2E Tests	Run E2E tests	2026-01-20T05:21:23.5507083Z 
E2E Tests	Run E2E tests	2026-01-20T05:21:23.5507541Z         pnpm exec playwright show-trace test-results/storefront-multi-region-Mu-4f8b5-region-id-from-localStorage-chromium/trace.zip
E2E Tests	Run E2E tests	2026-01-20T05:21:23.5508041Z 
E2E Tests	Run E2E tests	2026-01-20T05:21:23.5508342Z     ────────────────────────────────────────────────────────────────────────────────────────────────
E2E Tests	Run E2E tests	2026-01-20T05:21:23.5508595Z 
E2E Tests	Run E2E tests	2026-01-20T05:21:23.5508902Z     Retry #1 ───────────────────────────────────────────────────────────────────────────────────────
E2E Tests	Run E2E tests	2026-01-20T05:21:23.5509247Z 
E2E Tests	Run E2E tests	2026-01-20T05:21:23.5509471Z     Error: page.goto: net::ERR_NAME_NOT_RESOLVED at http://storefront:5173/
E2E Tests	Run E2E tests	2026-01-20T05:21:23.5509811Z     Call log:
E2E Tests	Run E2E tests	2026-01-20T05:21:23.5510184Z     [2m  - navigating to "http://storefront:5173/", waiting until "load"[22m
E2E Tests	Run E2E tests	2026-01-20T05:21:23.5510454Z 
E2E Tests	Run E2E tests	2026-01-20T05:21:23.5510460Z 
E2E Tests	Run E2E tests	2026-01-20T05:21:23.5510595Z       40 |   test.beforeEach(async ({ page }) => {
E2E Tests	Run E2E tests	2026-01-20T05:21:23.5510975Z       41 |     // Clear localStorage and sessionStorage to start fresh
E2E Tests	Run E2E tests	2026-01-20T05:21:23.5511308Z     > 42 |     await page.goto("/");
E2E Tests	Run E2E tests	2026-01-20T05:21:23.5511561Z          |                ^
E2E Tests	Run E2E tests	2026-01-20T05:21:23.5511810Z       43 |     await page.evaluate(() => {
E2E Tests	Run E2E tests	2026-01-20T05:21:23.5512138Z       44 |       localStorage.removeItem("medusa_region_id");
E2E Tests	Run E2E tests	2026-01-20T05:21:23.5512632Z       45 |       localStorage.removeItem("locale_language");
E2E Tests	Run E2E tests	2026-01-20T05:21:23.5513010Z         at /app/tests/storefront/multi-region.spec.ts:42:16
E2E Tests	Run E2E tests	2026-01-20T05:21:23.5513226Z 
E2E Tests	Run E2E tests	2026-01-20T05:21:23.5513596Z     attachment #1: screenshot (image/png) ──────────────────────────────────────────────────────────
E2E Tests	Run E2E tests	2026-01-20T05:21:23.5514322Z     test-results/storefront-multi-region-Mu-4f8b5-region-id-from-localStorage-chromium-retry1/test-failed-1.png
E2E Tests	Run E2E tests	2026-01-20T05:21:23.5515074Z     ────────────────────────────────────────────────────────────────────────────────────────────────
E2E Tests	Run E2E tests	2026-01-20T05:21:23.5515321Z 
E2E Tests	Run E2E tests	2026-01-20T05:21:23.5515684Z     attachment #2: video (video/webm) ──────────────────────────────────────────────────────────────
E2E Tests	Run E2E tests	2026-01-20T05:21:23.5516361Z     test-results/storefront-multi-region-Mu-4f8b5-region-id-from-localStorage-chromium-retry1/video.webm
E2E Tests	Run E2E tests	2026-01-20T05:21:23.5517082Z     ────────────────────────────────────────────────────────────────────────────────────────────────
E2E Tests	Run E2E tests	2026-01-20T05:21:23.5517340Z 
E2E Tests	Run E2E tests	2026-01-20T05:21:23.5517685Z     attachment #3: trace (application/zip) ─────────────────────────────────────────────────────────
E2E Tests	Run E2E tests	2026-01-20T05:21:23.5518445Z     test-results/storefront-multi-region-Mu-4f8b5-region-id-from-localStorage-chromium-retry1/trace.zip
E2E Tests	Run E2E tests	2026-01-20T05:21:23.5518928Z     Usage:
E2E Tests	Run E2E tests	2026-01-20T05:21:23.5519030Z 
E2E Tests	Run E2E tests	2026-01-20T05:21:23.5519517Z         pnpm exec playwright show-trace test-results/storefront-multi-region-Mu-4f8b5-region-id-from-localStorage-chromium-retry1/trace.zip
E2E Tests	Run E2E tests	2026-01-20T05:21:23.5520050Z 
E2E Tests	Run E2E tests	2026-01-20T05:21:23.5520348Z     ────────────────────────────────────────────────────────────────────────────────────────────────
E2E Tests	Run E2E tests	2026-01-20T05:21:23.5520679Z 
E2E Tests	Run E2E tests	2026-01-20T05:21:23.5520987Z     Retry #2 ───────────────────────────────────────────────────────────────────────────────────────
E2E Tests	Run E2E tests	2026-01-20T05:21:23.5521248Z 
E2E Tests	Run E2E tests	2026-01-20T05:21:23.5521479Z     Error: page.goto: net::ERR_NAME_NOT_RESOLVED at http://storefront:5173/
E2E Tests	Run E2E tests	2026-01-20T05:21:23.5521805Z     Call log:
E2E Tests	Run E2E tests	2026-01-20T05:21:23.5522180Z     [2m  - navigating to "http://storefront:5173/", waiting until "load"[22m
E2E Tests	Run E2E tests	2026-01-20T05:21:23.5522585Z 
E2E Tests	Run E2E tests	2026-01-20T05:21:23.5522591Z 
E2E Tests	Run E2E tests	2026-01-20T05:21:23.5522740Z       40 |   test.beforeEach(async ({ page }) => {
E2E Tests	Run E2E tests	2026-01-20T05:21:23.5523100Z       41 |     // Clear localStorage and sessionStorage to start fresh
E2E Tests	Run E2E tests	2026-01-20T05:21:23.5523432Z     > 42 |     await page.goto("/");
E2E Tests	Run E2E tests	2026-01-20T05:21:23.5523671Z          |                ^
E2E Tests	Run E2E tests	2026-01-20T05:21:23.5523908Z       43 |     await page.evaluate(() => {
E2E Tests	Run E2E tests	2026-01-20T05:21:23.5524230Z       44 |       localStorage.removeItem("medusa_region_id");
E2E Tests	Run E2E tests	2026-01-20T05:21:23.5524600Z       45 |       localStorage.removeItem("locale_language");
E2E Tests	Run E2E tests	2026-01-20T05:21:23.5524957Z         at /app/tests/storefront/multi-region.spec.ts:42:16
E2E Tests	Run E2E tests	2026-01-20T05:21:23.5525167Z 
E2E Tests	Run E2E tests	2026-01-20T05:21:23.5525530Z     attachment #1: screenshot (image/png) ──────────────────────────────────────────────────────────
E2E Tests	Run E2E tests	2026-01-20T05:21:23.5526237Z     test-results/storefront-multi-region-Mu-4f8b5-region-id-from-localStorage-chromium-retry2/test-failed-1.png
E2E Tests	Run E2E tests	2026-01-20T05:21:23.5526988Z     ────────────────────────────────────────────────────────────────────────────────────────────────
E2E Tests	Run E2E tests	2026-01-20T05:21:23.5527241Z 
E2E Tests	Run E2E tests	2026-01-20T05:21:23.5527582Z     attachment #2: video (video/webm) ──────────────────────────────────────────────────────────────
E2E Tests	Run E2E tests	2026-01-20T05:21:23.5528249Z     test-results/storefront-multi-region-Mu-4f8b5-region-id-from-localStorage-chromium-retry2/video.webm
E2E Tests	Run E2E tests	2026-01-20T05:21:23.5528967Z     ────────────────────────────────────────────────────────────────────────────────────────────────
E2E Tests	Run E2E tests	2026-01-20T05:21:23.5529223Z 
E2E Tests	Run E2E tests	2026-01-20T05:21:23.5529578Z     attachment #3: trace (application/zip) ─────────────────────────────────────────────────────────
E2E Tests	Run E2E tests	2026-01-20T05:21:23.5530252Z     test-results/storefront-multi-region-Mu-4f8b5-region-id-from-localStorage-chromium-retry2/trace.zip
E2E Tests	Run E2E tests	2026-01-20T05:21:23.5530736Z     Usage:
E2E Tests	Run E2E tests	2026-01-20T05:21:23.5530830Z 
E2E Tests	Run E2E tests	2026-01-20T05:21:23.5531325Z         pnpm exec playwright show-trace test-results/storefront-multi-region-Mu-4f8b5-region-id-from-localStorage-chromium-retry2/trace.zip
E2E Tests	Run E2E tests	2026-01-20T05:21:23.5531933Z 
E2E Tests	Run E2E tests	2026-01-20T05:21:23.5532244Z     ────────────────────────────────────────────────────────────────────────────────────────────────
E2E Tests	Run E2E tests	2026-01-20T05:21:23.5532652Z 
E2E Tests	Run E2E tests	2026-01-20T05:21:23.5533253Z   3) [chromium] › tests/storefront/multi-region.spec.ts:232:9 › Multi-Region Flow › Checkout Currency Display › should show currency selector in header 
E2E Tests	Run E2E tests	2026-01-20T05:21:23.5533752Z 
E2E Tests	Run E2E tests	2026-01-20T05:21:23.5533983Z     Error: page.goto: net::ERR_NAME_NOT_RESOLVED at http://storefront:5173/
E2E Tests	Run E2E tests	2026-01-20T05:21:23.5534411Z     Call log:
E2E Tests	Run E2E tests	2026-01-20T05:21:23.5534784Z     [2m  - navigating to "http://storefront:5173/", waiting until "load"[22m
E2E Tests	Run E2E tests	2026-01-20T05:21:23.5535043Z 
E2E Tests	Run E2E tests	2026-01-20T05:21:23.5535050Z 
E2E Tests	Run E2E tests	2026-01-20T05:21:23.5535189Z       40 |   test.beforeEach(async ({ page }) => {
E2E Tests	Run E2E tests	2026-01-20T05:21:23.5535557Z       41 |     // Clear localStorage and sessionStorage to start fresh
E2E Tests	Run E2E tests	2026-01-20T05:21:23.5535891Z     > 42 |     await page.goto("/");
E2E Tests	Run E2E tests	2026-01-20T05:21:23.5536120Z          |                ^
E2E Tests	Run E2E tests	2026-01-20T05:21:23.5536373Z       43 |     await page.evaluate(() => {
E2E Tests	Run E2E tests	2026-01-20T05:21:23.5536698Z       44 |       localStorage.removeItem("medusa_region_id");
E2E Tests	Run E2E tests	2026-01-20T05:21:23.5537056Z       45 |       localStorage.removeItem("locale_language");
E2E Tests	Run E2E tests	2026-01-20T05:21:23.5537417Z         at /app/tests/storefront/multi-region.spec.ts:42:16
E2E Tests	Run E2E tests	2026-01-20T05:21:23.5537717Z 
E2E Tests	Run E2E tests	2026-01-20T05:21:23.5538066Z     attachment #1: screenshot (image/png) ──────────────────────────────────────────────────────────
E2E Tests	Run E2E tests	2026-01-20T05:21:23.5538759Z     test-results/storefront-multi-region-Mu-a2bb2-currency-selector-in-header-chromium/test-failed-1.png
E2E Tests	Run E2E tests	2026-01-20T05:21:23.5539488Z     ────────────────────────────────────────────────────────────────────────────────────────────────
E2E Tests	Run E2E tests	2026-01-20T05:21:23.5539755Z 
E2E Tests	Run E2E tests	2026-01-20T05:21:23.5540094Z     attachment #2: video (video/webm) ──────────────────────────────────────────────────────────────
E2E Tests	Run E2E tests	2026-01-20T05:21:23.5540731Z     test-results/storefront-multi-region-Mu-a2bb2-currency-selector-in-header-chromium/video.webm
E2E Tests	Run E2E tests	2026-01-20T05:21:23.5541447Z     ────────────────────────────────────────────────────────────────────────────────────────────────
E2E Tests	Run E2E tests	2026-01-20T05:21:23.5541703Z 
E2E Tests	Run E2E tests	2026-01-20T05:21:23.5542051Z     attachment #3: trace (application/zip) ─────────────────────────────────────────────────────────
E2E Tests	Run E2E tests	2026-01-20T05:21:23.5542790Z     test-results/storefront-multi-region-Mu-a2bb2-currency-selector-in-header-chromium/trace.zip
E2E Tests	Run E2E tests	2026-01-20T05:21:23.5543244Z     Usage:
E2E Tests	Run E2E tests	2026-01-20T05:21:23.5543355Z 
E2E Tests	Run E2E tests	2026-01-20T05:21:23.5543816Z         pnpm exec playwright show-trace test-results/storefront-multi-region-Mu-a2bb2-currency-selector-in-header-chromium/trace.zip
E2E Tests	Run E2E tests	2026-01-20T05:21:23.5544320Z 
E2E Tests	Run E2E tests	2026-01-20T05:21:23.5544624Z     ────────────────────────────────────────────────────────────────────────────────────────────────
E2E Tests	Run E2E tests	2026-01-20T05:21:23.5544883Z 
E2E Tests	Run E2E tests	2026-01-20T05:21:23.5545192Z     Retry #1 ───────────────────────────────────────────────────────────────────────────────────────
E2E Tests	Run E2E tests	2026-01-20T05:21:23.5545454Z 
E2E Tests	Run E2E tests	2026-01-20T05:21:23.5545777Z     Error: page.goto: net::ERR_NAME_NOT_RESOLVED at http://storefront:5173/
E2E Tests	Run E2E tests	2026-01-20T05:21:23.5546110Z     Call log:
E2E Tests	Run E2E tests	2026-01-20T05:21:23.5546482Z     [2m  - navigating to "http://storefront:5173/", waiting until "load"[22m
E2E Tests	Run E2E tests	2026-01-20T05:21:23.5546742Z 
E2E Tests	Run E2E tests	2026-01-20T05:21:23.5546748Z 
E2E Tests	Run E2E tests	2026-01-20T05:21:23.5546882Z       40 |   test.beforeEach(async ({ page }) => {
E2E Tests	Run E2E tests	2026-01-20T05:21:23.5547239Z       41 |     // Clear localStorage and sessionStorage to start fresh
E2E Tests	Run E2E tests	2026-01-20T05:21:23.5547693Z     > 42 |     await page.goto("/");
E2E Tests	Run E2E tests	2026-01-20T05:21:23.5547930Z          |                ^
E2E Tests	Run E2E tests	2026-01-20T05:21:23.5548175Z       43 |     await page.evaluate(() => {
E2E Tests	Run E2E tests	2026-01-20T05:21:23.5548499Z       44 |       localStorage.removeItem("medusa_region_id");
E2E Tests	Run E2E tests	2026-01-20T05:21:23.5548848Z       45 |       localStorage.removeItem("locale_language");
E2E Tests	Run E2E tests	2026-01-20T05:21:23.5549208Z         at /app/tests/storefront/multi-region.spec.ts:42:16
E2E Tests	Run E2E tests	2026-01-20T05:21:23.5549420Z 
E2E Tests	Run E2E tests	2026-01-20T05:21:23.5549770Z     attachment #1: screenshot (image/png) ──────────────────────────────────────────────────────────
E2E Tests	Run E2E tests	2026-01-20T05:21:23.5550501Z     test-results/storefront-multi-region-Mu-a2bb2-currency-selector-in-header-chromium-retry1/test-failed-1.png
E2E Tests	Run E2E tests	2026-01-20T05:21:23.5551262Z     ────────────────────────────────────────────────────────────────────────────────────────────────
E2E Tests	Run E2E tests	2026-01-20T05:21:23.5551515Z 
E2E Tests	Run E2E tests	2026-01-20T05:21:23.5551851Z     attachment #2: video (video/webm) ──────────────────────────────────────────────────────────────
E2E Tests	Run E2E tests	2026-01-20T05:21:23.5552644Z     test-results/storefront-multi-region-Mu-a2bb2-currency-selector-in-header-chromium-retry1/video.webm
E2E Tests	Run E2E tests	2026-01-20T05:21:23.5553371Z     ────────────────────────────────────────────────────────────────────────────────────────────────
E2E Tests	Run E2E tests	2026-01-20T05:21:23.5553623Z 
E2E Tests	Run E2E tests	2026-01-20T05:21:23.5553966Z     attachment #3: trace (application/zip) ─────────────────────────────────────────────────────────
E2E Tests	Run E2E tests	2026-01-20T05:21:23.5554640Z     test-results/storefront-multi-region-Mu-a2bb2-currency-selector-in-header-chromium-retry1/trace.zip
E2E Tests	Run E2E tests	2026-01-20T05:21:23.5555147Z     Usage:
E2E Tests	Run E2E tests	2026-01-20T05:21:23.5555253Z 
E2E Tests	Run E2E tests	2026-01-20T05:21:23.5555746Z         pnpm exec playwright show-trace test-results/storefront-multi-region-Mu-a2bb2-currency-selector-in-header-chromium-retry1/trace.zip
E2E Tests	Run E2E tests	2026-01-20T05:21:23.5556282Z 
E2E Tests	Run E2E tests	2026-01-20T05:21:23.5556587Z     ────────────────────────────────────────────────────────────────────────────────────────────────
E2E Tests	Run E2E tests	2026-01-20T05:21:23.5556856Z 
E2E Tests	Run E2E tests	2026-01-20T05:21:23.5557166Z     Retry #2 ───────────────────────────────────────────────────────────────────────────────────────
E2E Tests	Run E2E tests	2026-01-20T05:21:23.5557434Z 
E2E Tests	Run E2E tests	2026-01-20T05:21:23.5557654Z     Error: page.goto: net::ERR_NAME_NOT_RESOLVED at http://storefront:5173/
E2E Tests	Run E2E tests	2026-01-20T05:21:23.5557988Z     Call log:
E2E Tests	Run E2E tests	2026-01-20T05:21:23.5558366Z     [2m  - navigating to "http://storefront:5173/", waiting until "load"[22m
E2E Tests	Run E2E tests	2026-01-20T05:21:23.5558632Z 
E2E Tests	Run E2E tests	2026-01-20T05:21:23.5558638Z 
E2E Tests	Run E2E tests	2026-01-20T05:21:23.5558766Z       40 |   test.beforeEach(async ({ page }) => {
E2E Tests	Run E2E tests	2026-01-20T05:21:23.5559220Z       41 |     // Clear localStorage and sessionStorage to start fresh
E2E Tests	Run E2E tests	2026-01-20T05:21:23.5559553Z     > 42 |     await page.goto("/");
E2E Tests	Run E2E tests	2026-01-20T05:21:23.5559788Z          |                ^
E2E Tests	Run E2E tests	2026-01-20T05:21:23.5560027Z       43 |     await page.evaluate(() => {
E2E Tests	Run E2E tests	2026-01-20T05:21:23.5560349Z       44 |       localStorage.removeItem("medusa_region_id");
E2E Tests	Run E2E tests	2026-01-20T05:21:23.5560713Z       45 |       localStorage.removeItem("locale_language");
E2E Tests	Run E2E tests	2026-01-20T05:21:23.5561146Z         at /app/tests/storefront/multi-region.spec.ts:42:16
E2E Tests	Run E2E tests	2026-01-20T05:21:23.5561359Z 
E2E Tests	Run E2E tests	2026-01-20T05:21:23.5561719Z     attachment #1: screenshot (image/png) ──────────────────────────────────────────────────────────
E2E Tests	Run E2E tests	2026-01-20T05:21:23.5562512Z     test-results/storefront-multi-region-Mu-a2bb2-currency-selector-in-header-chromium-retry2/test-failed-1.png
E2E Tests	Run E2E tests	2026-01-20T05:21:23.5563262Z     ────────────────────────────────────────────────────────────────────────────────────────────────
E2E Tests	Run E2E tests	2026-01-20T05:21:23.5563519Z 
E2E Tests	Run E2E tests	2026-01-20T05:21:23.5563867Z     attachment #2: video (video/webm) ──────────────────────────────────────────────────────────────
E2E Tests	Run E2E tests	2026-01-20T05:21:23.5564533Z     test-results/storefront-multi-region-Mu-a2bb2-currency-selector-in-header-chromium-retry2/video.webm
E2E Tests	Run E2E tests	2026-01-20T05:21:23.5565258Z     ────────────────────────────────────────────────────────────────────────────────────────────────
E2E Tests	Run E2E tests	2026-01-20T05:21:23.5565504Z 
E2E Tests	Run E2E tests	2026-01-20T05:21:23.5565868Z     attachment #3: trace (application/zip) ─────────────────────────────────────────────────────────
E2E Tests	Run E2E tests	2026-01-20T05:21:23.5566553Z     test-results/storefront-multi-region-Mu-a2bb2-currency-selector-in-header-chromium-retry2/trace.zip
E2E Tests	Run E2E tests	2026-01-20T05:21:23.5567051Z     Usage:
E2E Tests	Run E2E tests	2026-01-20T05:21:23.5567145Z 
E2E Tests	Run E2E tests	2026-01-20T05:21:23.5567634Z         pnpm exec playwright show-trace test-results/storefront-multi-region-Mu-a2bb2-currency-selector-in-header-chromium-retry2/trace.zip
E2E Tests	Run E2E tests	2026-01-20T05:21:23.5568174Z 
E2E Tests	Run E2E tests	2026-01-20T05:21:23.5568485Z     ────────────────────────────────────────────────────────────────────────────────────────────────
E2E Tests	Run E2E tests	2026-01-20T05:21:23.5568742Z 
E2E Tests	Run E2E tests	2026-01-20T05:21:23.5569338Z   4) [chromium] › tests/storefront/multi-region.spec.ts:243:9 › Multi-Region Flow › Region Error Handling › should handle region mismatch gracefully 
E2E Tests	Run E2E tests	2026-01-20T05:21:23.5569821Z 
E2E Tests	Run E2E tests	2026-01-20T05:21:23.5570048Z     Error: page.goto: net::ERR_NAME_NOT_RESOLVED at http://storefront:5173/
E2E Tests	Run E2E tests	2026-01-20T05:21:23.5570384Z     Call log:
E2E Tests	Run E2E tests	2026-01-20T05:21:23.5570758Z     [2m  - navigating to "http://storefront:5173/", waiting until "load"[22m
E2E Tests	Run E2E tests	2026-01-20T05:21:23.5571026Z 
E2E Tests	Run E2E tests	2026-01-20T05:21:23.5571031Z 
E2E Tests	Run E2E tests	2026-01-20T05:21:23.5571171Z       40 |   test.beforeEach(async ({ page }) => {
E2E Tests	Run E2E tests	2026-01-20T05:21:23.5571524Z       41 |     // Clear localStorage and sessionStorage to start fresh
E2E Tests	Run E2E tests	2026-01-20T05:21:23.5571858Z     > 42 |     await page.goto("/");
E2E Tests	Run E2E tests	2026-01-20T05:21:23.5572100Z          |                ^
E2E Tests	Run E2E tests	2026-01-20T05:21:23.5572411Z       43 |     await page.evaluate(() => {
E2E Tests	Run E2E tests	2026-01-20T05:21:23.5572846Z       44 |       localStorage.removeItem("medusa_region_id");
E2E Tests	Run E2E tests	2026-01-20T05:21:23.5573203Z       45 |       localStorage.removeItem("locale_language");
E2E Tests	Run E2E tests	2026-01-20T05:21:23.5573564Z         at /app/tests/storefront/multi-region.spec.ts:42:16
E2E Tests	Run E2E tests	2026-01-20T05:21:23.5573781Z 
E2E Tests	Run E2E tests	2026-01-20T05:21:23.5574137Z     attachment #1: screenshot (image/png) ──────────────────────────────────────────────────────────
E2E Tests	Run E2E tests	2026-01-20T05:21:23.5574814Z     test-results/storefront-multi-region-Mu-e782e--region-mismatch-gracefully-chromium/test-failed-1.png
E2E Tests	Run E2E tests	2026-01-20T05:21:23.5575614Z     ────────────────────────────────────────────────────────────────────────────────────────────────
E2E Tests	Run E2E tests	2026-01-20T05:21:23.5575860Z 
E2E Tests	Run E2E tests	2026-01-20T05:21:23.5576205Z     attachment #2: video (video/webm) ──────────────────────────────────────────────────────────────
E2E Tests	Run E2E tests	2026-01-20T05:21:23.5576840Z     test-results/storefront-multi-region-Mu-e782e--region-mismatch-gracefully-chromium/video.webm
E2E Tests	Run E2E tests	2026-01-20T05:21:23.5577530Z     ────────────────────────────────────────────────────────────────────────────────────────────────
E2E Tests	Run E2E tests	2026-01-20T05:21:23.5577784Z 
E2E Tests	Run E2E tests	2026-01-20T05:21:23.5578142Z     attachment #3: trace (application/zip) ─────────────────────────────────────────────────────────
E2E Tests	Run E2E tests	2026-01-20T05:21:23.5578783Z     test-results/storefront-multi-region-Mu-e782e--region-mismatch-gracefully-chromium/trace.zip
E2E Tests	Run E2E tests	2026-01-20T05:21:23.5579234Z     Usage:
E2E Tests	Run E2E tests	2026-01-20T05:21:23.5579333Z 
E2E Tests	Run E2E tests	2026-01-20T05:21:23.5579798Z         pnpm exec playwright show-trace test-results/storefront-multi-region-Mu-e782e--region-mismatch-gracefully-chromium/trace.zip
E2E Tests	Run E2E tests	2026-01-20T05:21:23.5580309Z 
E2E Tests	Run E2E tests	2026-01-20T05:21:23.5580626Z     ────────────────────────────────────────────────────────────────────────────────────────────────
E2E Tests	Run E2E tests	2026-01-20T05:21:23.5580872Z 
E2E Tests	Run E2E tests	2026-01-20T05:21:23.5581189Z     Retry #1 ───────────────────────────────────────────────────────────────────────────────────────
E2E Tests	Run E2E tests	2026-01-20T05:21:23.5581446Z 
E2E Tests	Run E2E tests	2026-01-20T05:21:23.5581679Z     Error: page.goto: net::ERR_NAME_NOT_RESOLVED at http://storefront:5173/
E2E Tests	Run E2E tests	2026-01-20T05:21:23.5582030Z     Call log:
E2E Tests	Run E2E tests	2026-01-20T05:21:23.5582477Z     [2m  - navigating to "http://storefront:5173/", waiting until "load"[22m
E2E Tests	Run E2E tests	2026-01-20T05:21:23.5582737Z 
E2E Tests	Run E2E tests	2026-01-20T05:21:23.5582744Z 
E2E Tests	Run E2E tests	2026-01-20T05:21:23.5582881Z       40 |   test.beforeEach(async ({ page }) => {
E2E Tests	Run E2E tests	2026-01-20T05:21:23.5583247Z       41 |     // Clear localStorage and sessionStorage to start fresh
E2E Tests	Run E2E tests	2026-01-20T05:21:23.5583580Z     > 42 |     await page.goto("/");
E2E Tests	Run E2E tests	2026-01-20T05:21:23.5583827Z          |                ^
E2E Tests	Run E2E tests	2026-01-20T05:21:23.5584060Z       43 |     await page.evaluate(() => {
E2E Tests	Run E2E tests	2026-01-20T05:21:23.5584390Z       44 |       localStorage.removeItem("medusa_region_id");
E2E Tests	Run E2E tests	2026-01-20T05:21:23.5584751Z       45 |       localStorage.removeItem("locale_language");
E2E Tests	Run E2E tests	2026-01-20T05:21:23.5585114Z         at /app/tests/storefront/multi-region.spec.ts:42:16
E2E Tests	Run E2E tests	2026-01-20T05:21:23.5585337Z 
E2E Tests	Run E2E tests	2026-01-20T05:21:23.5585689Z     attachment #1: screenshot (image/png) ──────────────────────────────────────────────────────────
E2E Tests	Run E2E tests	2026-01-20T05:21:23.5586526Z     test-results/storefront-multi-region-Mu-e782e--region-mismatch-gracefully-chromium-retry1/test-failed-1.png
E2E Tests	Run E2E tests	2026-01-20T05:21:23.5587285Z     ────────────────────────────────────────────────────────────────────────────────────────────────
E2E Tests	Run E2E tests	2026-01-20T05:21:23.5587538Z 
E2E Tests	Run E2E tests	2026-01-20T05:21:23.5587872Z     attachment #2: video (video/webm) ──────────────────────────────────────────────────────────────
E2E Tests	Run E2E tests	2026-01-20T05:21:23.5588621Z     test-results/storefront-multi-region-Mu-e782e--region-mismatch-gracefully-chromium-retry1/video.webm
E2E Tests	Run E2E tests	2026-01-20T05:21:23.5589353Z     ────────────────────────────────────────────────────────────────────────────────────────────────
E2E Tests	Run E2E tests	2026-01-20T05:21:23.5589606Z 
E2E Tests	Run E2E tests	2026-01-20T05:21:23.5589955Z     attachment #3: trace (application/zip) ─────────────────────────────────────────────────────────
E2E Tests	Run E2E tests	2026-01-20T05:21:23.5590630Z     test-results/storefront-multi-region-Mu-e782e--region-mismatch-gracefully-chromium-retry1/trace.zip
E2E Tests	Run E2E tests	2026-01-20T05:21:23.5591128Z     Usage:
E2E Tests	Run E2E tests	2026-01-20T05:21:23.5591238Z 
E2E Tests	Run E2E tests	2026-01-20T05:21:23.5591737Z         pnpm exec playwright show-trace test-results/storefront-multi-region-Mu-e782e--region-mismatch-gracefully-chromium-retry1/trace.zip
E2E Tests	Run E2E tests	2026-01-20T05:21:23.5592261Z 
E2E Tests	Run E2E tests	2026-01-20T05:21:23.5592658Z     ────────────────────────────────────────────────────────────────────────────────────────────────
E2E Tests	Run E2E tests	2026-01-20T05:21:23.5592903Z 
E2E Tests	Run E2E tests	2026-01-20T05:21:23.5593217Z     Retry #2 ───────────────────────────────────────────────────────────────────────────────────────
E2E Tests	Run E2E tests	2026-01-20T05:21:23.5593482Z 
E2E Tests	Run E2E tests	2026-01-20T05:21:23.5593706Z     Error: page.goto: net::ERR_NAME_NOT_RESOLVED at http://storefront:5173/
E2E Tests	Run E2E tests	2026-01-20T05:21:23.5594040Z     Call log:
E2E Tests	Run E2E tests	2026-01-20T05:21:23.5594414Z     [2m  - navigating to "http://storefront:5173/", waiting until "load"[22m
E2E Tests	Run E2E tests	2026-01-20T05:21:23.5594676Z 
E2E Tests	Run E2E tests	2026-01-20T05:21:23.5594682Z 
E2E Tests	Run E2E tests	2026-01-20T05:21:23.5594816Z       40 |   test.beforeEach(async ({ page }) => {
E2E Tests	Run E2E tests	2026-01-20T05:21:23.5595178Z       41 |     // Clear localStorage and sessionStorage to start fresh
E2E Tests	Run E2E tests	2026-01-20T05:21:23.5595515Z     > 42 |     await page.goto("/");
E2E Tests	Run E2E tests	2026-01-20T05:21:23.5595747Z          |                ^
E2E Tests	Run E2E tests	2026-01-20T05:21:23.5595987Z       43 |     await page.evaluate(() => {
E2E Tests	Run E2E tests	2026-01-20T05:21:23.5596313Z       44 |       localStorage.removeItem("medusa_region_id");
E2E Tests	Run E2E tests	2026-01-20T05:21:23.5596676Z       45 |       localStorage.removeItem("locale_language");
E2E Tests	Run E2E tests	2026-01-20T05:21:23.5597038Z         at /app/tests/storefront/multi-region.spec.ts:42:16
E2E Tests	Run E2E tests	2026-01-20T05:21:23.5597264Z 
E2E Tests	Run E2E tests	2026-01-20T05:21:23.5597617Z     attachment #1: screenshot (image/png) ──────────────────────────────────────────────────────────
E2E Tests	Run E2E tests	2026-01-20T05:21:23.5598328Z     test-results/storefront-multi-region-Mu-e782e--region-mismatch-gracefully-chromium-retry2/test-failed-1.png
E2E Tests	Run E2E tests	2026-01-20T05:21:23.5599087Z     ────────────────────────────────────────────────────────────────────────────────────────────────
E2E Tests	Run E2E tests	2026-01-20T05:21:23.5599340Z 
E2E Tests	Run E2E tests	2026-01-20T05:21:23.5599675Z     attachment #2: video (video/webm) ──────────────────────────────────────────────────────────────
E2E Tests	Run E2E tests	2026-01-20T05:21:23.5600453Z     test-results/storefront-multi-region-Mu-e782e--region-mismatch-gracefully-chromium-retry2/video.webm
E2E Tests	Run E2E tests	2026-01-20T05:21:23.5601177Z     ────────────────────────────────────────────────────────────────────────────────────────────────
E2E Tests	Run E2E tests	2026-01-20T05:21:23.5601430Z 
E2E Tests	Run E2E tests	2026-01-20T05:21:23.5601776Z     attachment #3: trace (application/zip) ─────────────────────────────────────────────────────────
E2E Tests	Run E2E tests	2026-01-20T05:21:23.5602600Z     test-results/storefront-multi-region-Mu-e782e--region-mismatch-gracefully-chromium-retry2/trace.zip
E2E Tests	Run E2E tests	2026-01-20T05:21:23.5603096Z     Usage:
E2E Tests	Run E2E tests	2026-01-20T05:21:23.5603195Z 
E2E Tests	Run E2E tests	2026-01-20T05:21:23.5603693Z         pnpm exec playwright show-trace test-results/storefront-multi-region-Mu-e782e--region-mismatch-gracefully-chromium-retry2/trace.zip
E2E Tests	Run E2E tests	2026-01-20T05:21:23.5604229Z 
E2E Tests	Run E2E tests	2026-01-20T05:21:23.5604534Z     ────────────────────────────────────────────────────────────────────────────────────────────────
E2E Tests	Run E2E tests	2026-01-20T05:21:23.5604804Z 
E2E Tests	Run E2E tests	2026-01-20T05:21:23.5605501Z   5) [chromium] › tests/storefront/storefront-catalog.spec.ts:15:7 › Storefront navigation, discovery, and PDP coverage › loads homepage navigation, categories, and product cards 
E2E Tests	Run E2E tests	2026-01-20T05:21:23.5606094Z 
E2E Tests	Run E2E tests	2026-01-20T05:21:23.5606311Z     Error: page.goto: net::ERR_NAME_NOT_RESOLVED at http://storefront:5173/
E2E Tests	Run E2E tests	2026-01-20T05:21:23.5606647Z     Call log:
E2E Tests	Run E2E tests	2026-01-20T05:21:23.5607023Z     [2m  - navigating to "http://storefront:5173/", waiting until "load"[22m
E2E Tests	Run E2E tests	2026-01-20T05:21:23.5607302Z 
E2E Tests	Run E2E tests	2026-01-20T05:21:23.5607308Z 
E2E Tests	Run E2E tests	2026-01-20T05:21:23.5607382Z       17 |   }) => {
E2E Tests	Run E2E tests	2026-01-20T05:21:23.5607704Z       18 |     // Homepage uses static hardcoded products, no API calls needed
E2E Tests	Run E2E tests	2026-01-20T05:21:23.5608055Z     > 19 |     await page.goto("/");
E2E Tests	Run E2E tests	2026-01-20T05:21:23.5608293Z          |                ^
E2E Tests	Run E2E tests	2026-01-20T05:21:23.5608587Z       20 |     await page.waitForLoadState("domcontentloaded");
E2E Tests	Run E2E tests	2026-01-20T05:21:23.5608873Z       21 |
E2E Tests	Run E2E tests	2026-01-20T05:21:23.5609111Z       22 |     await expect(page).toHaveTitle(/Grace/i);
E2E Tests	Run E2E tests	2026-01-20T05:21:23.5609511Z         at /app/tests/storefront/storefront-catalog.spec.ts:19:16
E2E Tests	Run E2E tests	2026-01-20T05:21:23.5609739Z 
E2E Tests	Run E2E tests	2026-01-20T05:21:23.5610100Z     attachment #1: screenshot (image/png) ──────────────────────────────────────────────────────────
E2E Tests	Run E2E tests	2026-01-20T05:21:23.5610778Z     test-results/storefront-storefront-cata-9c35a-ategories-and-product-cards-chromium/test-failed-1.png
E2E Tests	Run E2E tests	2026-01-20T05:21:23.5611503Z     ────────────────────────────────────────────────────────────────────────────────────────────────
E2E Tests	Run E2E tests	2026-01-20T05:21:23.5611749Z 
E2E Tests	Run E2E tests	2026-01-20T05:21:23.5612093Z     attachment #2: video (video/webm) ──────────────────────────────────────────────────────────────
E2E Tests	Run E2E tests	2026-01-20T05:21:23.5612790Z     test-results/storefront-storefront-cata-9c35a-ategories-and-product-cards-chromium/video.webm
E2E Tests	Run E2E tests	2026-01-20T05:21:23.5613471Z     ────────────────────────────────────────────────────────────────────────────────────────────────
E2E Tests	Run E2E tests	2026-01-20T05:21:23.5613723Z 
E2E Tests	Run E2E tests	2026-01-20T05:21:23.5614181Z     attachment #3: trace (application/zip) ─────────────────────────────────────────────────────────
E2E Tests	Run E2E tests	2026-01-20T05:21:23.5614812Z     test-results/storefront-storefront-cata-9c35a-ategories-and-product-cards-chromium/trace.zip
E2E Tests	Run E2E tests	2026-01-20T05:21:23.5615265Z     Usage:
E2E Tests	Run E2E tests	2026-01-20T05:21:23.5615375Z 
E2E Tests	Run E2E tests	2026-01-20T05:21:23.5615832Z         pnpm exec playwright show-trace test-results/storefront-storefront-cata-9c35a-ategories-and-product-cards-chromium/trace.zip
E2E Tests	Run E2E tests	2026-01-20T05:21:23.5616400Z 
E2E Tests	Run E2E tests	2026-01-20T05:21:23.5616699Z     ────────────────────────────────────────────────────────────────────────────────────────────────
E2E Tests	Run E2E tests	2026-01-20T05:21:23.5616947Z 
E2E Tests	Run E2E tests	2026-01-20T05:21:23.5617253Z     Retry #1 ───────────────────────────────────────────────────────────────────────────────────────
E2E Tests	Run E2E tests	2026-01-20T05:21:23.5617508Z 
E2E Tests	Run E2E tests	2026-01-20T05:21:23.5617736Z     Error: page.goto: net::ERR_NAME_NOT_RESOLVED at http://storefront:5173/
E2E Tests	Run E2E tests	2026-01-20T05:21:23.5618058Z     Call log:
E2E Tests	Run E2E tests	2026-01-20T05:21:23.5618425Z     [2m  - navigating to "http://storefront:5173/", waiting until "load"[22m
E2E Tests	Run E2E tests	2026-01-20T05:21:23.5618707Z 
E2E Tests	Run E2E tests	2026-01-20T05:21:23.5618713Z 
E2E Tests	Run E2E tests	2026-01-20T05:21:23.5618787Z       17 |   }) => {
E2E Tests	Run E2E tests	2026-01-20T05:21:23.5619101Z       18 |     // Homepage uses static hardcoded products, no API calls needed
E2E Tests	Run E2E tests	2026-01-20T05:21:23.5619452Z     > 19 |     await page.goto("/");
E2E Tests	Run E2E tests	2026-01-20T05:21:23.5619687Z          |                ^
E2E Tests	Run E2E tests	2026-01-20T05:21:23.5619982Z       20 |     await page.waitForLoadState("domcontentloaded");
E2E Tests	Run E2E tests	2026-01-20T05:21:23.5620279Z       21 |
E2E Tests	Run E2E tests	2026-01-20T05:21:23.5620519Z       22 |     await expect(page).toHaveTitle(/Grace/i);
E2E Tests	Run E2E tests	2026-01-20T05:21:23.5620893Z         at /app/tests/storefront/storefront-catalog.spec.ts:19:16
E2E Tests	Run E2E tests	2026-01-20T05:21:23.5621119Z 
E2E Tests	Run E2E tests	2026-01-20T05:21:23.5621480Z     attachment #1: screenshot (image/png) ──────────────────────────────────────────────────────────
E2E Tests	Run E2E tests	2026-01-20T05:21:23.5622189Z     test-results/storefront-storefront-cata-9c35a-ategories-and-product-cards-chromium-retry1/test-failed-1.png
E2E Tests	Run E2E tests	2026-01-20T05:21:23.5623018Z     ────────────────────────────────────────────────────────────────────────────────────────────────
E2E Tests	Run E2E tests	2026-01-20T05:21:23.5623269Z 
E2E Tests	Run E2E tests	2026-01-20T05:21:23.5623615Z     attachment #2: video (video/webm) ──────────────────────────────────────────────────────────────
E2E Tests	Run E2E tests	2026-01-20T05:21:23.5624284Z     test-results/storefront-storefront-cata-9c35a-ategories-and-product-cards-chromium-retry1/video.webm
E2E Tests	Run E2E tests	2026-01-20T05:21:23.5625002Z     ────────────────────────────────────────────────────────────────────────────────────────────────
E2E Tests	Run E2E tests	2026-01-20T05:21:23.5625341Z 
E2E Tests	Run E2E tests	2026-01-20T05:21:23.5625696Z     attachment #3: trace (application/zip) ─────────────────────────────────────────────────────────
E2E Tests	Run E2E tests	2026-01-20T05:21:23.5626368Z     test-results/storefront-storefront-cata-9c35a-ategories-and-product-cards-chromium-retry1/trace.zip
E2E Tests	Run E2E tests	2026-01-20T05:21:23.5626863Z     Usage:
E2E Tests	Run E2E tests	2026-01-20T05:21:23.5626957Z 
E2E Tests	Run E2E tests	2026-01-20T05:21:23.5627461Z         pnpm exec playwright show-trace test-results/storefront-storefront-cata-9c35a-ategories-and-product-cards-chromium-retry1/trace.zip
E2E Tests	Run E2E tests	2026-01-20T05:21:23.5628068Z 
E2E Tests	Run E2E tests	2026-01-20T05:21:23.5628378Z     ────────────────────────────────────────────────────────────────────────────────────────────────
E2E Tests	Run E2E tests	2026-01-20T05:21:23.5628629Z 
E2E Tests	Run E2E tests	2026-01-20T05:21:23.5628947Z     Retry #2 ───────────────────────────────────────────────────────────────────────────────────────
E2E Tests	Run E2E tests	2026-01-20T05:21:23.5629201Z 
E2E Tests	Run E2E tests	2026-01-20T05:21:23.5629429Z     Error: page.goto: net::ERR_NAME_NOT_RESOLVED at http://storefront:5173/
E2E Tests	Run E2E tests	2026-01-20T05:21:23.5629781Z     Call log:
E2E Tests	Run E2E tests	2026-01-20T05:21:23.5630156Z     [2m  - navigating to "http://storefront:5173/", waiting until "load"[22m
E2E Tests	Run E2E tests	2026-01-20T05:21:23.5630415Z 
E2E Tests	Run E2E tests	2026-01-20T05:21:23.5630421Z 
E2E Tests	Run E2E tests	2026-01-20T05:21:23.5630506Z       17 |   }) => {
E2E Tests	Run E2E tests	2026-01-20T05:21:23.5630830Z       18 |     // Homepage uses static hardcoded products, no API calls needed
E2E Tests	Run E2E tests	2026-01-20T05:21:23.5631177Z     > 19 |     await page.goto("/");
E2E Tests	Run E2E tests	2026-01-20T05:21:23.5631418Z          |                ^
E2E Tests	Run E2E tests	2026-01-20T05:21:23.5631732Z       20 |     await page.waitForLoadState("domcontentloaded");
E2E Tests	Run E2E tests	2026-01-20T05:21:23.5632017Z       21 |
E2E Tests	Run E2E tests	2026-01-20T05:21:23.5632260Z       22 |     await expect(page).toHaveTitle(/Grace/i);
E2E Tests	Run E2E tests	2026-01-20T05:21:23.5632791Z         at /app/tests/storefront/storefront-catalog.spec.ts:19:16
E2E Tests	Run E2E tests	2026-01-20T05:21:23.5633032Z 
E2E Tests	Run E2E tests	2026-01-20T05:21:23.5633387Z     attachment #1: screenshot (image/png) ──────────────────────────────────────────────────────────
E2E Tests	Run E2E tests	2026-01-20T05:21:23.5634118Z     test-results/storefront-storefront-cata-9c35a-ategories-and-product-cards-chromium-retry2/test-failed-1.png
E2E Tests	Run E2E tests	2026-01-20T05:21:23.5634877Z     ────────────────────────────────────────────────────────────────────────────────────────────────
E2E Tests	Run E2E tests	2026-01-20T05:21:23.5635124Z 
E2E Tests	Run E2E tests	2026-01-20T05:21:23.5635471Z     attachment #2: video (video/webm) ──────────────────────────────────────────────────────────────
E2E Tests	Run E2E tests	2026-01-20T05:21:23.5636141Z     test-results/storefront-storefront-cata-9c35a-ategories-and-product-cards-chromium-retry2/video.webm
E2E Tests	Run E2E tests	2026-01-20T05:21:23.5636959Z     ────────────────────────────────────────────────────────────────────────────────────────────────
E2E Tests	Run E2E tests	2026-01-20T05:21:23.5637205Z 
E2E Tests	Run E2E tests	2026-01-20T05:21:23.5637556Z     attachment #3: trace (application/zip) ─────────────────────────────────────────────────────────
E2E Tests	Run E2E tests	2026-01-20T05:21:23.5638226Z     test-results/storefront-storefront-cata-9c35a-ategories-and-product-cards-chromium-retry2/trace.zip
E2E Tests	Run E2E tests	2026-01-20T05:21:23.5638718Z     Usage:
E2E Tests	Run E2E tests	2026-01-20T05:21:23.5638895Z 
E2E Tests	Run E2E tests	2026-01-20T05:21:23.5639396Z         pnpm exec playwright show-trace test-results/storefront-storefront-cata-9c35a-ategories-and-product-cards-chromium-retry2/trace.zip
E2E Tests	Run E2E tests	2026-01-20T05:21:23.5639917Z 
E2E Tests	Run E2E tests	2026-01-20T05:21:23.5640229Z     ────────────────────────────────────────────────────────────────────────────────────────────────
E2E Tests	Run E2E tests	2026-01-20T05:21:23.5640473Z 
E2E Tests	Run E2E tests	2026-01-20T05:21:23.5641209Z   6) [chromium] › tests/storefront/storefront-catalog.spec.ts:65:7 › Storefront navigation, discovery, and PDP coverage › renders PDP variants, pricing, stock, images, and related content 
E2E Tests	Run E2E tests	2026-01-20T05:21:23.5641850Z 
E2E Tests	Run E2E tests	2026-01-20T05:21:23.5642129Z     Error: page.goto: net::ERR_NAME_NOT_RESOLVED at http://storefront:5173/products/the-nuzzle
E2E Tests	Run E2E tests	2026-01-20T05:21:23.5643225Z     Call log:
E2E Tests	Run E2E tests	2026-01-20T05:21:23.5643861Z     [2m  - navigating to "http://storefront:5173/products/the-nuzzle", waiting until "load"[22m
E2E Tests	Run E2E tests	2026-01-20T05:21:23.5644183Z 
E2E Tests	Run E2E tests	2026-01-20T05:21:23.5644189Z 
E2E Tests	Run E2E tests	2026-01-20T05:21:23.5644405Z       69 |     const product = await productFactory.createProduct();
E2E Tests	Run E2E tests	2026-01-20T05:21:23.5644774Z       70 |     // Navigate to product detail page
E2E Tests	Run E2E tests	2026-01-20T05:21:23.5645121Z     > 71 |     await page.goto(`/products/${product.handle}`);
E2E Tests	Run E2E tests	2026-01-20T05:21:23.5645412Z          |                ^
E2E Tests	Run E2E tests	2026-01-20T05:21:23.5645707Z       72 |     await page.waitForLoadState("domcontentloaded");
E2E Tests	Run E2E tests	2026-01-20T05:21:23.5645994Z       73 |
E2E Tests	Run E2E tests	2026-01-20T05:21:23.5646361Z       74 |     // Verify product content renders (use .first() as PDP may have title in sticky bar too)
E2E Tests	Run E2E tests	2026-01-20T05:21:23.5646860Z         at /app/tests/storefront/storefront-catalog.spec.ts:71:16
E2E Tests	Run E2E tests	2026-01-20T05:21:23.5647094Z 
E2E Tests	Run E2E tests	2026-01-20T05:21:23.5647447Z     attachment #1: screenshot (image/png) ──────────────────────────────────────────────────────────
E2E Tests	Run E2E tests	2026-01-20T05:21:23.5648132Z     test-results/storefront-storefront-cata-7fba5--images-and-related-content-chromium/test-failed-1.png
E2E Tests	Run E2E tests	2026-01-20T05:21:23.5648844Z     ────────────────────────────────────────────────────────────────────────────────────────────────
E2E Tests	Run E2E tests	2026-01-20T05:21:23.5649106Z 
E2E Tests	Run E2E tests	2026-01-20T05:21:23.5649444Z     attachment #2: video (video/webm) ──────────────────────────────────────────────────────────────
E2E Tests	Run E2E tests	2026-01-20T05:21:23.5650079Z     test-results/storefront-storefront-cata-7fba5--images-and-related-content-chromium/video.webm
E2E Tests	Run E2E tests	2026-01-20T05:21:23.5650770Z     ────────────────────────────────────────────────────────────────────────────────────────────────
E2E Tests	Run E2E tests	2026-01-20T05:21:23.5651023Z 
E2E Tests	Run E2E tests	2026-01-20T05:21:23.5651369Z     attachment #3: trace (application/zip) ─────────────────────────────────────────────────────────
E2E Tests	Run E2E tests	2026-01-20T05:21:23.5652199Z     test-results/storefront-storefront-cata-7fba5--images-and-related-content-chromium/trace.zip
E2E Tests	Run E2E tests	2026-01-20T05:21:23.5652897Z     Usage:
E2E Tests	Run E2E tests	2026-01-20T05:21:23.5653010Z 
E2E Tests	Run E2E tests	2026-01-20T05:21:23.5653471Z         pnpm exec playwright show-trace test-results/storefront-storefront-cata-7fba5--images-and-related-content-chromium/trace.zip
E2E Tests	Run E2E tests	2026-01-20T05:21:23.5653977Z 
E2E Tests	Run E2E tests	2026-01-20T05:21:23.5654393Z     ────────────────────────────────────────────────────────────────────────────────────────────────
E2E Tests	Run E2E tests	2026-01-20T05:21:23.5654646Z 
E2E Tests	Run E2E tests	2026-01-20T05:21:23.5654955Z     Retry #1 ───────────────────────────────────────────────────────────────────────────────────────
E2E Tests	Run E2E tests	2026-01-20T05:21:23.5655221Z 
E2E Tests	Run E2E tests	2026-01-20T05:21:23.5655514Z     Error: page.goto: net::ERR_NAME_NOT_RESOLVED at http://storefront:5173/products/the-nuzzle
E2E Tests	Run E2E tests	2026-01-20T05:21:23.5655908Z     Call log:
E2E Tests	Run E2E tests	2026-01-20T05:21:23.5656363Z     [2m  - navigating to "http://storefront:5173/products/the-nuzzle", waiting until "load"[22m
E2E Tests	Run E2E tests	2026-01-20T05:21:23.5656706Z 
E2E Tests	Run E2E tests	2026-01-20T05:21:23.5656712Z 
E2E Tests	Run E2E tests	2026-01-20T05:21:23.5656899Z       69 |     const product = await productFactory.createProduct();
E2E Tests	Run E2E tests	2026-01-20T05:21:23.5657275Z       70 |     // Navigate to product detail page
E2E Tests	Run E2E tests	2026-01-20T05:21:23.5657633Z     > 71 |     await page.goto(`/products/${product.handle}`);
E2E Tests	Run E2E tests	2026-01-20T05:21:23.5657922Z          |                ^
E2E Tests	Run E2E tests	2026-01-20T05:21:23.5658228Z       72 |     await page.waitForLoadState("domcontentloaded");
E2E Tests	Run E2E tests	2026-01-20T05:21:23.5658510Z       73 |
E2E Tests	Run E2E tests	2026-01-20T05:21:23.5658873Z       74 |     // Verify product content renders (use .first() as PDP may have title in sticky bar too)
E2E Tests	Run E2E tests	2026-01-20T05:21:23.5659366Z         at /app/tests/storefront/storefront-catalog.spec.ts:71:16
E2E Tests	Run E2E tests	2026-01-20T05:21:23.5659588Z 
E2E Tests	Run E2E tests	2026-01-20T05:21:23.5659939Z     attachment #1: screenshot (image/png) ──────────────────────────────────────────────────────────
E2E Tests	Run E2E tests	2026-01-20T05:21:23.5660647Z     test-results/storefront-storefront-cata-7fba5--images-and-related-content-chromium-retry1/test-failed-1.png
E2E Tests	Run E2E tests	2026-01-20T05:21:23.5661409Z     ────────────────────────────────────────────────────────────────────────────────────────────────
E2E Tests	Run E2E tests	2026-01-20T05:21:23.5661656Z 
E2E Tests	Run E2E tests	2026-01-20T05:21:23.5662000Z     attachment #2: video (video/webm) ──────────────────────────────────────────────────────────────
E2E Tests	Run E2E tests	2026-01-20T05:21:23.5662746Z     test-results/storefront-storefront-cata-7fba5--images-and-related-content-chromium-retry1/video.webm
E2E Tests	Run E2E tests	2026-01-20T05:21:23.5663483Z     ────────────────────────────────────────────────────────────────────────────────────────────────
E2E Tests	Run E2E tests	2026-01-20T05:21:23.5663726Z 
E2E Tests	Run E2E tests	2026-01-20T05:21:23.5664079Z     attachment #3: trace (application/zip) ─────────────────────────────────────────────────────────
E2E Tests	Run E2E tests	2026-01-20T05:21:23.5664748Z     test-results/storefront-storefront-cata-7fba5--images-and-related-content-chromium-retry1/trace.zip
E2E Tests	Run E2E tests	2026-01-20T05:21:23.5665237Z     Usage:
E2E Tests	Run E2E tests	2026-01-20T05:21:23.5665330Z 
E2E Tests	Run E2E tests	2026-01-20T05:21:23.5665825Z         pnpm exec playwright show-trace test-results/storefront-storefront-cata-7fba5--images-and-related-content-chromium-retry1/trace.zip
E2E Tests	Run E2E tests	2026-01-20T05:21:23.5666452Z 
E2E Tests	Run E2E tests	2026-01-20T05:21:23.5666762Z     ────────────────────────────────────────────────────────────────────────────────────────────────
E2E Tests	Run E2E tests	2026-01-20T05:21:23.5667005Z 
E2E Tests	Run E2E tests	2026-01-20T05:21:23.5667320Z     Retry #2 ───────────────────────────────────────────────────────────────────────────────────────
E2E Tests	Run E2E tests	2026-01-20T05:21:23.5667664Z 
E2E Tests	Run E2E tests	2026-01-20T05:21:23.5667951Z     Error: page.goto: net::ERR_NAME_NOT_RESOLVED at http://storefront:5173/products/the-nuzzle
E2E Tests	Run E2E tests	2026-01-20T05:21:23.5668344Z     Call log:
E2E Tests	Run E2E tests	2026-01-20T05:21:23.5668790Z     [2m  - navigating to "http://storefront:5173/products/the-nuzzle", waiting until "load"[22m
E2E Tests	Run E2E tests	2026-01-20T05:21:23.5669131Z 
E2E Tests	Run E2E tests	2026-01-20T05:21:23.5669138Z 
E2E Tests	Run E2E tests	2026-01-20T05:21:23.5669323Z       69 |     const product = await productFactory.createProduct();
E2E Tests	Run E2E tests	2026-01-20T05:21:23.5669686Z       70 |     // Navigate to product detail page
E2E Tests	Run E2E tests	2026-01-20T05:21:23.5670042Z     > 71 |     await page.goto(`/products/${product.handle}`);
E2E Tests	Run E2E tests	2026-01-20T05:21:23.5670330Z          |                ^
E2E Tests	Run E2E tests	2026-01-20T05:21:23.5670622Z       72 |     await page.waitForLoadState("domcontentloaded");
E2E Tests	Run E2E tests	2026-01-20T05:21:23.5670905Z       73 |
E2E Tests	Run E2E tests	2026-01-20T05:21:23.5671275Z       74 |     // Verify product content renders (use .first() as PDP may have title in sticky bar too)
E2E Tests	Run E2E tests	2026-01-20T05:21:23.5671767Z         at /app/tests/storefront/storefront-catalog.spec.ts:71:16
E2E Tests	Run E2E tests	2026-01-20T05:21:23.5672008Z 
E2E Tests	Run E2E tests	2026-01-20T05:21:23.5672435Z     attachment #1: screenshot (image/png) ──────────────────────────────────────────────────────────
E2E Tests	Run E2E tests	2026-01-20T05:21:23.5673155Z     test-results/storefront-storefront-cata-7fba5--images-and-related-content-chromium-retry2/test-failed-1.png
E2E Tests	Run E2E tests	2026-01-20T05:21:23.5673907Z     ────────────────────────────────────────────────────────────────────────────────────────────────
E2E Tests	Run E2E tests	2026-01-20T05:21:23.5674162Z 
E2E Tests	Run E2E tests	2026-01-20T05:21:23.5674498Z     attachment #2: video (video/webm) ──────────────────────────────────────────────────────────────
E2E Tests	Run E2E tests	2026-01-20T05:21:23.5675179Z     test-results/storefront-storefront-cata-7fba5--images-and-related-content-chromium-retry2/video.webm
E2E Tests	Run E2E tests	2026-01-20T05:21:23.5675901Z     ────────────────────────────────────────────────────────────────────────────────────────────────
E2E Tests	Run E2E tests	2026-01-20T05:21:23.5676156Z 
E2E Tests	Run E2E tests	2026-01-20T05:21:23.5676500Z     attachment #3: trace (application/zip) ─────────────────────────────────────────────────────────
E2E Tests	Run E2E tests	2026-01-20T05:21:23.5677181Z     test-results/storefront-storefront-cata-7fba5--images-and-related-content-chromium-retry2/trace.zip
E2E Tests	Run E2E tests	2026-01-20T05:21:23.5677671Z     Usage:
E2E Tests	Run E2E tests	2026-01-20T05:21:23.5677767Z 
E2E Tests	Run E2E tests	2026-01-20T05:21:23.5678270Z         pnpm exec playwright show-trace test-results/storefront-storefront-cata-7fba5--images-and-related-content-chromium-retry2/trace.zip
E2E Tests	Run E2E tests	2026-01-20T05:21:23.5678802Z 
E2E Tests	Run E2E tests	2026-01-20T05:21:23.5679105Z     ────────────────────────────────────────────────────────────────────────────────────────────────
E2E Tests	Run E2E tests	2026-01-20T05:21:23.5679444Z 
E2E Tests	Run E2E tests	2026-01-20T05:21:23.5680065Z   7) [chromium] › tests/storefront/storefront-catalog.spec.ts:95:7 › Storefront navigation, discovery, and PDP coverage › handles 404 and offline UX gracefully 
E2E Tests	Run E2E tests	2026-01-20T05:21:23.5680604Z 
E2E Tests	Run E2E tests	2026-01-20T05:21:23.5680880Z     Error: page.goto: net::ERR_NAME_NOT_RESOLVED at http://storefront:5173/non-existent-route
E2E Tests	Run E2E tests	2026-01-20T05:21:23.5681273Z     Call log:
E2E Tests	Run E2E tests	2026-01-20T05:21:23.5681713Z     [2m  - navigating to "http://storefront:5173/non-existent-route", waiting until "load"[22m
E2E Tests	Run E2E tests	2026-01-20T05:21:23.5682176Z 
E2E Tests	Run E2E tests	2026-01-20T05:21:23.5682182Z 
E2E Tests	Run E2E tests	2026-01-20T05:21:23.5682252Z       94 |
E2E Tests	Run E2E tests	2026-01-20T05:21:23.5682644Z       95 |   test("handles 404 and offline UX gracefully", async ({ page }) => {
E2E Tests	Run E2E tests	2026-01-20T05:21:23.5683053Z     > 96 |     await page.goto("/non-existent-route");
E2E Tests	Run E2E tests	2026-01-20T05:21:23.5683341Z          |                ^
E2E Tests	Run E2E tests	2026-01-20T05:21:23.5683678Z       97 |     await expect(page.getByText(/not found|404/i)).toBeVisible();
E2E Tests	Run E2E tests	2026-01-20T05:21:23.5683995Z       98 |
E2E Tests	Run E2E tests	2026-01-20T05:21:23.5684234Z       99 |     await page.context().setOffline(true);
E2E Tests	Run E2E tests	2026-01-20T05:21:23.5684597Z         at /app/tests/storefront/storefront-catalog.spec.ts:96:16
E2E Tests	Run E2E tests	2026-01-20T05:21:23.5684828Z 
E2E Tests	Run E2E tests	2026-01-20T05:21:23.5685178Z     attachment #1: screenshot (image/png) ──────────────────────────────────────────────────────────
E2E Tests	Run E2E tests	2026-01-20T05:21:23.5685852Z     test-results/storefront-storefront-cata-22b51-4-and-offline-UX-gracefully-chromium/test-failed-1.png
E2E Tests	Run E2E tests	2026-01-20T05:21:23.5686576Z     ────────────────────────────────────────────────────────────────────────────────────────────────
E2E Tests	Run E2E tests	2026-01-20T05:21:23.5686837Z 
E2E Tests	Run E2E tests	2026-01-20T05:21:23.5687175Z     attachment #2: video (video/webm) ──────────────────────────────────────────────────────────────
E2E Tests	Run E2E tests	2026-01-20T05:21:23.5687799Z     test-results/storefront-storefront-cata-22b51-4-and-offline-UX-gracefully-chromium/video.webm
E2E Tests	Run E2E tests	2026-01-20T05:21:23.5688484Z     ────────────────────────────────────────────────────────────────────────────────────────────────
E2E Tests	Run E2E tests	2026-01-20T05:21:23.5688749Z 
E2E Tests	Run E2E tests	2026-01-20T05:21:23.5689096Z     attachment #3: trace (application/zip) ─────────────────────────────────────────────────────────
E2E Tests	Run E2E tests	2026-01-20T05:21:23.5689736Z     test-results/storefront-storefront-cata-22b51-4-and-offline-UX-gracefully-chromium/trace.zip
E2E Tests	Run E2E tests	2026-01-20T05:21:23.5690183Z     Usage:
E2E Tests	Run E2E tests	2026-01-20T05:21:23.5690282Z 
E2E Tests	Run E2E tests	2026-01-20T05:21:23.5690735Z         pnpm exec playwright show-trace test-results/storefront-storefront-cata-22b51-4-and-offline-UX-gracefully-chromium/trace.zip
E2E Tests	Run E2E tests	2026-01-20T05:21:23.5691241Z 
E2E Tests	Run E2E tests	2026-01-20T05:21:23.5691540Z     ────────────────────────────────────────────────────────────────────────────────────────────────
E2E Tests	Run E2E tests	2026-01-20T05:21:23.5691791Z 
E2E Tests	Run E2E tests	2026-01-20T05:21:23.5692098Z     Retry #1 ───────────────────────────────────────────────────────────────────────────────────────
E2E Tests	Run E2E tests	2026-01-20T05:21:23.5692438Z 
E2E Tests	Run E2E tests	2026-01-20T05:21:23.5692712Z     Error: page.goto: net::ERR_NAME_NOT_RESOLVED at http://storefront:5173/non-existent-route
E2E Tests	Run E2E tests	2026-01-20T05:21:23.5693101Z     Call log:
E2E Tests	Run E2E tests	2026-01-20T05:21:23.5693641Z     [2m  - navigating to "http://storefront:5173/non-existent-route", waiting until "load"[22m
E2E Tests	Run E2E tests	2026-01-20T05:21:23.5693962Z 
E2E Tests	Run E2E tests	2026-01-20T05:21:23.5693968Z 
E2E Tests	Run E2E tests	2026-01-20T05:21:23.5694036Z       94 |
E2E Tests	Run E2E tests	2026-01-20T05:21:23.5694344Z       95 |   test("handles 404 and offline UX gracefully", async ({ page }) => {
E2E Tests	Run E2E tests	2026-01-20T05:21:23.5694746Z     > 96 |     await page.goto("/non-existent-route");
E2E Tests	Run E2E tests	2026-01-20T05:21:23.5695099Z          |                ^
E2E Tests	Run E2E tests	2026-01-20T05:21:23.5695429Z       97 |     await expect(page.getByText(/not found|404/i)).toBeVisible();
E2E Tests	Run E2E tests	2026-01-20T05:21:23.5695744Z       98 |
E2E Tests	Run E2E tests	2026-01-20T05:21:23.5695981Z       99 |     await page.context().setOffline(true);
E2E Tests	Run E2E tests	2026-01-20T05:21:23.5696353Z         at /app/tests/storefront/storefront-catalog.spec.ts:96:16
E2E Tests	Run E2E tests	2026-01-20T05:21:23.5696584Z 
E2E Tests	Run E2E tests	2026-01-20T05:21:23.5696948Z     attachment #1: screenshot (image/png) ──────────────────────────────────────────────────────────
E2E Tests	Run E2E tests	2026-01-20T05:21:23.5697661Z     test-results/storefront-storefront-cata-22b51-4-and-offline-UX-gracefully-chromium-retry1/test-failed-1.png
E2E Tests	Run E2E tests	2026-01-20T05:21:23.5698425Z     ────────────────────────────────────────────────────────────────────────────────────────────────
E2E Tests	Run E2E tests	2026-01-20T05:21:23.5698671Z 
E2E Tests	Run E2E tests	2026-01-20T05:21:23.5699022Z     attachment #2: video (video/webm) ──────────────────────────────────────────────────────────────
E2E Tests	Run E2E tests	2026-01-20T05:21:23.5699685Z     test-results/storefront-storefront-cata-22b51-4-and-offline-UX-gracefully-chromium-retry1/video.webm
E2E Tests	Run E2E tests	2026-01-20T05:21:23.5700420Z     ────────────────────────────────────────────────────────────────────────────────────────────────
E2E Tests	Run E2E tests	2026-01-20T05:21:23.5700667Z 
E2E Tests	Run E2E tests	2026-01-20T05:21:23.5701025Z     attachment #3: trace (application/zip) ─────────────────────────────────────────────────────────
E2E Tests	Run E2E tests	2026-01-20T05:21:23.5701696Z     test-results/storefront-storefront-cata-22b51-4-and-offline-UX-gracefully-chromium-retry1/trace.zip
E2E Tests	Run E2E tests	2026-01-20T05:21:23.5702181Z     Usage:
E2E Tests	Run E2E tests	2026-01-20T05:21:23.5702276Z 
E2E Tests	Run E2E tests	2026-01-20T05:21:23.5702882Z         pnpm exec playwright show-trace test-results/storefront-storefront-cata-22b51-4-and-offline-UX-gracefully-chromium-retry1/trace.zip
E2E Tests	Run E2E tests	2026-01-20T05:21:23.5703409Z 
E2E Tests	Run E2E tests	2026-01-20T05:21:23.5703718Z     ────────────────────────────────────────────────────────────────────────────────────────────────
E2E Tests	Run E2E tests	2026-01-20T05:21:23.5703963Z 
E2E Tests	Run E2E tests	2026-01-20T05:21:23.5704281Z     Retry #2 ───────────────────────────────────────────────────────────────────────────────────────
E2E Tests	Run E2E tests	2026-01-20T05:21:23.5704547Z 
E2E Tests	Run E2E tests	2026-01-20T05:21:23.5704830Z     Error: page.goto: net::ERR_NAME_NOT_RESOLVED at http://storefront:5173/non-existent-route
E2E Tests	Run E2E tests	2026-01-20T05:21:23.5705222Z     Call log:
E2E Tests	Run E2E tests	2026-01-20T05:21:23.5705674Z     [2m  - navigating to "http://storefront:5173/non-existent-route", waiting until "load"[22m
E2E Tests	Run E2E tests	2026-01-20T05:21:23.5705988Z 
E2E Tests	Run E2E tests	2026-01-20T05:21:23.5705995Z 
E2E Tests	Run E2E tests	2026-01-20T05:21:23.5706077Z       94 |
E2E Tests	Run E2E tests	2026-01-20T05:21:23.5706370Z       95 |   test("handles 404 and offline UX gracefully", async ({ page }) => {
E2E Tests	Run E2E tests	2026-01-20T05:21:23.5706846Z     > 96 |     await page.goto("/non-existent-route");
E2E Tests	Run E2E tests	2026-01-20T05:21:23.5707114Z          |                ^
E2E Tests	Run E2E tests	2026-01-20T05:21:23.5707438Z       97 |     await expect(page.getByText(/not found|404/i)).toBeVisible();
E2E Tests	Run E2E tests	2026-01-20T05:21:23.5707750Z       98 |
E2E Tests	Run E2E tests	2026-01-20T05:21:23.5707975Z       99 |     await page.context().setOffline(true);
E2E Tests	Run E2E tests	2026-01-20T05:21:23.5708339Z         at /app/tests/storefront/storefront-catalog.spec.ts:96:16
E2E Tests	Run E2E tests	2026-01-20T05:21:23.5708641Z 
E2E Tests	Run E2E tests	2026-01-20T05:21:23.5708989Z     attachment #1: screenshot (image/png) ──────────────────────────────────────────────────────────
E2E Tests	Run E2E tests	2026-01-20T05:21:23.5709700Z     test-results/storefront-storefront-cata-22b51-4-and-offline-UX-gracefully-chromium-retry2/test-failed-1.png
E2E Tests	Run E2E tests	2026-01-20T05:21:23.5710452Z     ────────────────────────────────────────────────────────────────────────────────────────────────
E2E Tests	Run E2E tests	2026-01-20T05:21:23.5710699Z 
E2E Tests	Run E2E tests	2026-01-20T05:21:23.5711043Z     attachment #2: video (video/webm) ──────────────────────────────────────────────────────────────
E2E Tests	Run E2E tests	2026-01-20T05:21:23.5711715Z     test-results/storefront-storefront-cata-22b51-4-and-offline-UX-gracefully-chromium-retry2/video.webm
E2E Tests	Run E2E tests	2026-01-20T05:21:23.5712495Z     ────────────────────────────────────────────────────────────────────────────────────────────────
E2E Tests	Run E2E tests	2026-01-20T05:21:23.5712744Z 
E2E Tests	Run E2E tests	2026-01-20T05:21:23.5713100Z     attachment #3: trace (application/zip) ─────────────────────────────────────────────────────────
E2E Tests	Run E2E tests	2026-01-20T05:21:23.5713782Z     test-results/storefront-storefront-cata-22b51-4-and-offline-UX-gracefully-chromium-retry2/trace.zip
E2E Tests	Run E2E tests	2026-01-20T05:21:23.5714263Z     Usage:
E2E Tests	Run E2E tests	2026-01-20T05:21:23.5714358Z 
E2E Tests	Run E2E tests	2026-01-20T05:21:23.5714845Z         pnpm exec playwright show-trace test-results/storefront-storefront-cata-22b51-4-and-offline-UX-gracefully-chromium-retry2/trace.zip
E2E Tests	Run E2E tests	2026-01-20T05:21:23.5715362Z 
E2E Tests	Run E2E tests	2026-01-20T05:21:23.5715671Z     ────────────────────────────────────────────────────────────────────────────────────────────────
E2E Tests	Run E2E tests	2026-01-20T05:21:23.5715913Z 
E2E Tests	Run E2E tests	2026-01-20T05:21:23.5716003Z   7 failed
E2E Tests	Run E2E tests	2026-01-20T05:21:23.5716662Z     [chromium] › tests/full-checkout.happy.spec.ts:11:7 › Full Checkout Flow (Happy Path) › should complete a guest checkout with successful payment 
E2E Tests	Run E2E tests	2026-01-20T05:21:23.5717758Z     [chromium] › tests/storefront/multi-region.spec.ts:131:9 › Multi-Region Flow › Cart Creation with Region › should create cart with region_id from localStorage 
E2E Tests	Run E2E tests	2026-01-20T05:21:23.5718851Z     [chromium] › tests/storefront/multi-region.spec.ts:232:9 › Multi-Region Flow › Checkout Currency Display › should show currency selector in header 
E2E Tests	Run E2E tests	2026-01-20T05:21:23.5719887Z     [chromium] › tests/storefront/multi-region.spec.ts:243:9 › Multi-Region Flow › Region Error Handling › should handle region mismatch gracefully 
E2E Tests	Run E2E tests	2026-01-20T05:21:23.5721037Z     [chromium] › tests/storefront/storefront-catalog.spec.ts:15:7 › Storefront navigation, discovery, and PDP coverage › loads homepage navigation, categories, and product cards 
E2E Tests	Run E2E tests	2026-01-20T05:21:23.5722325Z     [chromium] › tests/storefront/storefront-catalog.spec.ts:65:7 › Storefront navigation, discovery, and PDP coverage › renders PDP variants, pricing, stock, images, and related content 
E2E Tests	Run E2E tests	2026-01-20T05:21:23.5723698Z     [chromium] › tests/storefront/storefront-catalog.spec.ts:95:7 › Storefront navigation, discovery, and PDP coverage › handles 404 and offline UX gracefully 
E2E Tests	Run E2E tests	2026-01-20T05:21:23.5724296Z   27 skipped
E2E Tests	Run E2E tests	2026-01-20T05:21:23.5724489Z   45 passed (1.6m)
E2E Tests	Run E2E tests	2026-01-20T05:21:29.1802744Z ##[error]  1) [chromium] › tests/full-checkout.happy.spec.ts:11:7 › Full Checkout Flow (Happy Path) › should complete a guest checkout with successful payment 
E2E Tests	Run E2E tests	    Error: expect(locator).toBeVisible() failed
E2E Tests	Run E2E tests	
E2E Tests	Run E2E tests	    Locator: locator('iframe[title*="Secure email input"], iframe[title*="email"]').first()
E2E Tests	Run E2E tests	    Expected: visible
E2E Tests	Run E2E tests	    Timeout: 30000ms
E2E Tests	Run E2E tests	    Error: element(s) not found
E2E Tests	Run E2E tests	
E2E Tests	Run E2E tests	    Call log:
E2E Tests	Run E2E tests	      - Expect "toBeVisible" with timeout 30000ms
E2E Tests	Run E2E tests	      - waiting for locator('iframe[title*="Secure email input"], iframe[title*="email"]').first()
E2E Tests	Run E2E tests	
E2E Tests	Run E2E tests	
E2E Tests	Run E2E tests	      36 |     // Stripe elements render in iframes. We need to find the right iframe.
E2E Tests	Run E2E tests	      37 |     const emailFrameSelector = 'iframe[title*="Secure email input"], iframe[title*="email"]';
E2E Tests	Run E2E tests	    > 38 |     await expect(page.locator(emailFrameSelector).first()).toBeVisible({ timeout: 30000 });
E2E Tests	Run E2E tests	         |                                                            ^
E2E Tests	Run E2E tests	      39 |     const emailIframe = page.frameLocator(emailFrameSelector).first();
E2E Tests	Run E2E tests	      40 |     const emailInput = emailIframe.locator('input[name="email"]');
E2E Tests	Run E2E tests	      41 |     await emailInput.fill(`tester-${Date.now()}@example.com`);
E2E Tests	Run E2E tests	        at /app/tests/full-checkout.happy.spec.ts:38:60
E2E Tests	Run E2E tests	2026-01-20T05:21:29.1823346Z ##[error]  1) [chromium] › tests/full-checkout.happy.spec.ts:11:7 › Full Checkout Flow (Happy Path) › should complete a guest checkout with successful payment 
E2E Tests	Run E2E tests	
E2E Tests	Run E2E tests	    Retry #1 ───────────────────────────────────────────────────────────────────────────────────────
E2E Tests	Run E2E tests	    Error: expect(locator).toBeVisible() failed
E2E Tests	Run E2E tests	
E2E Tests	Run E2E tests	    Locator: locator('iframe[title*="Secure email input"], iframe[title*="email"]').first()
E2E Tests	Run E2E tests	    Expected: visible
E2E Tests	Run E2E tests	    Timeout: 30000ms
E2E Tests	Run E2E tests	    Error: element(s) not found
E2E Tests	Run E2E tests	
E2E Tests	Run E2E tests	    Call log:
E2E Tests	Run E2E tests	      - Expect "toBeVisible" with timeout 30000ms
E2E Tests	Run E2E tests	      - waiting for locator('iframe[title*="Secure email input"], iframe[title*="email"]').first()
E2E Tests	Run E2E tests	
E2E Tests	Run E2E tests	
E2E Tests	Run E2E tests	      36 |     // Stripe elements render in iframes. We need to find the right iframe.
E2E Tests	Run E2E tests	      37 |     const emailFrameSelector = 'iframe[title*="Secure email input"], iframe[title*="email"]';
E2E Tests	Run E2E tests	    > 38 |     await expect(page.locator(emailFrameSelector).first()).toBeVisible({ timeout: 30000 });
E2E Tests	Run E2E tests	         |                                                            ^
E2E Tests	Run E2E tests	      39 |     const emailIframe = page.frameLocator(emailFrameSelector).first();
E2E Tests	Run E2E tests	      40 |     const emailInput = emailIframe.locator('input[name="email"]');
E2E Tests	Run E2E tests	      41 |     await emailInput.fill(`tester-${Date.now()}@example.com`);
E2E Tests	Run E2E tests	        at /app/tests/full-checkout.happy.spec.ts:38:60
E2E Tests	Run E2E tests	2026-01-20T05:21:29.1832174Z ##[error]  1) [chromium] › tests/full-checkout.happy.spec.ts:11:7 › Full Checkout Flow (Happy Path) › should complete a guest checkout with successful payment 
E2E Tests	Run E2E tests	
E2E Tests	Run E2E tests	    Retry #2 ───────────────────────────────────────────────────────────────────────────────────────
E2E Tests	Run E2E tests	    Error: page.goto: net::ERR_NAME_NOT_RESOLVED at http://storefront:5173/products/the-nuzzle
E2E Tests	Run E2E tests	    Call log:
E2E Tests	Run E2E tests	      - navigating to "http://storefront:5173/products/the-nuzzle", waiting until "load"
E2E Tests	Run E2E tests	
E2E Tests	Run E2E tests	
E2E Tests	Run E2E tests	      16 |     const product = await productFactory.createProduct();
E2E Tests	Run E2E tests	      17 |     
E2E Tests	Run E2E tests	    > 18 |     await page.goto(`/products/${product.handle}`);
E2E Tests	Run E2E tests	         |                ^
E2E Tests	Run E2E tests	      19 |     await page.waitForLoadState("networkidle");
E2E Tests	Run E2E tests	      20 |     
E2E Tests	Run E2E tests	      21 |     // 2. Add to cart
E2E Tests	Run E2E tests	        at /app/tests/full-checkout.happy.spec.ts:18:16
E2E Tests	Run E2E tests	2026-01-20T05:21:29.1839450Z ##[error]  2) [chromium] › tests/storefront/multi-region.spec.ts:131:9 › Multi-Region Flow › Cart Creation with Region › should create cart with region_id from localStorage 
E2E Tests	Run E2E tests	    Error: page.goto: net::ERR_NAME_NOT_RESOLVED at http://storefront:5173/
E2E Tests	Run E2E tests	    Call log:
E2E Tests	Run E2E tests	      - navigating to "http://storefront:5173/", waiting until "load"
E2E Tests	Run E2E tests	
E2E Tests	Run E2E tests	
E2E Tests	Run E2E tests	      40 |   test.beforeEach(async ({ page }) => {
E2E Tests	Run E2E tests	      41 |     // Clear localStorage and sessionStorage to start fresh
E2E Tests	Run E2E tests	    > 42 |     await page.goto("/");
E2E Tests	Run E2E tests	         |                ^
E2E Tests	Run E2E tests	      43 |     await page.evaluate(() => {
E2E Tests	Run E2E tests	      44 |       localStorage.removeItem("medusa_region_id");
E2E Tests	Run E2E tests	      45 |       localStorage.removeItem("locale_language");
E2E Tests	Run E2E tests	        at /app/tests/storefront/multi-region.spec.ts:42:16
E2E Tests	Run E2E tests	2026-01-20T05:21:29.1846820Z ##[error]  2) [chromium] › tests/storefront/multi-region.spec.ts:131:9 › Multi-Region Flow › Cart Creation with Region › should create cart with region_id from localStorage 
E2E Tests	Run E2E tests	
E2E Tests	Run E2E tests	    Retry #1 ───────────────────────────────────────────────────────────────────────────────────────
E2E Tests	Run E2E tests	    Error: page.goto: net::ERR_NAME_NOT_RESOLVED at http://storefront:5173/
E2E Tests	Run E2E tests	    Call log:
E2E Tests	Run E2E tests	      - navigating to "http://storefront:5173/", waiting until "load"
E2E Tests	Run E2E tests	
E2E Tests	Run E2E tests	
E2E Tests	Run E2E tests	      40 |   test.beforeEach(async ({ page }) => {
E2E Tests	Run E2E tests	      41 |     // Clear localStorage and sessionStorage to start fresh
E2E Tests	Run E2E tests	    > 42 |     await page.goto("/");
E2E Tests	Run E2E tests	         |                ^
E2E Tests	Run E2E tests	      43 |     await page.evaluate(() => {
E2E Tests	Run E2E tests	      44 |       localStorage.removeItem("medusa_region_id");
E2E Tests	Run E2E tests	      45 |       localStorage.removeItem("locale_language");
E2E Tests	Run E2E tests	        at /app/tests/storefront/multi-region.spec.ts:42:16
E2E Tests	Run E2E tests	2026-01-20T05:21:29.1854202Z ##[error]  2) [chromium] › tests/storefront/multi-region.spec.ts:131:9 › Multi-Region Flow › Cart Creation with Region › should create cart with region_id from localStorage 
E2E Tests	Run E2E tests	
E2E Tests	Run E2E tests	    Retry #2 ───────────────────────────────────────────────────────────────────────────────────────
E2E Tests	Run E2E tests	    Error: page.goto: net::ERR_NAME_NOT_RESOLVED at http://storefront:5173/
E2E Tests	Run E2E tests	    Call log:
E2E Tests	Run E2E tests	      - navigating to "http://storefront:5173/", waiting until "load"
E2E Tests	Run E2E tests	
E2E Tests	Run E2E tests	
E2E Tests	Run E2E tests	      40 |   test.beforeEach(async ({ page }) => {
E2E Tests	Run E2E tests	      41 |     // Clear localStorage and sessionStorage to start fresh
E2E Tests	Run E2E tests	    > 42 |     await page.goto("/");
E2E Tests	Run E2E tests	         |                ^
E2E Tests	Run E2E tests	      43 |     await page.evaluate(() => {
E2E Tests	Run E2E tests	      44 |       localStorage.removeItem("medusa_region_id");
E2E Tests	Run E2E tests	      45 |       localStorage.removeItem("locale_language");
E2E Tests	Run E2E tests	        at /app/tests/storefront/multi-region.spec.ts:42:16
E2E Tests	Run E2E tests	2026-01-20T05:21:29.1861008Z ##[error]  3) [chromium] › tests/storefront/multi-region.spec.ts:232:9 › Multi-Region Flow › Checkout Currency Display › should show currency selector in header 
E2E Tests	Run E2E tests	    Error: page.goto: net::ERR_NAME_NOT_RESOLVED at http://storefront:5173/
E2E Tests	Run E2E tests	    Call log:
E2E Tests	Run E2E tests	      - navigating to "http://storefront:5173/", waiting until "load"
E2E Tests	Run E2E tests	
E2E Tests	Run E2E tests	
E2E Tests	Run E2E tests	      40 |   test.beforeEach(async ({ page }) => {
E2E Tests	Run E2E tests	      41 |     // Clear localStorage and sessionStorage to start fresh
E2E Tests	Run E2E tests	    > 42 |     await page.goto("/");
E2E Tests	Run E2E tests	         |                ^
E2E Tests	Run E2E tests	      43 |     await page.evaluate(() => {
E2E Tests	Run E2E tests	      44 |       localStorage.removeItem("medusa_region_id");
E2E Tests	Run E2E tests	      45 |       localStorage.removeItem("locale_language");
E2E Tests	Run E2E tests	        at /app/tests/storefront/multi-region.spec.ts:42:16
E2E Tests	Run E2E tests	2026-01-20T05:21:29.1868176Z ##[error]  3) [chromium] › tests/storefront/multi-region.spec.ts:232:9 › Multi-Region Flow › Checkout Currency Display › should show currency selector in header 
E2E Tests	Run E2E tests	
E2E Tests	Run E2E tests	    Retry #1 ───────────────────────────────────────────────────────────────────────────────────────
E2E Tests	Run E2E tests	    Error: page.goto: net::ERR_NAME_NOT_RESOLVED at http://storefront:5173/
E2E Tests	Run E2E tests	    Call log:
E2E Tests	Run E2E tests	      - navigating to "http://storefront:5173/", waiting until "load"
E2E Tests	Run E2E tests	
E2E Tests	Run E2E tests	
E2E Tests	Run E2E tests	      40 |   test.beforeEach(async ({ page }) => {
E2E Tests	Run E2E tests	      41 |     // Clear localStorage and sessionStorage to start fresh
E2E Tests	Run E2E tests	    > 42 |     await page.goto("/");
E2E Tests	Run E2E tests	         |                ^
E2E Tests	Run E2E tests	      43 |     await page.evaluate(() => {
E2E Tests	Run E2E tests	      44 |       localStorage.removeItem("medusa_region_id");
E2E Tests	Run E2E tests	      45 |       localStorage.removeItem("locale_language");
E2E Tests	Run E2E tests	        at /app/tests/storefront/multi-region.spec.ts:42:16
E2E Tests	Run E2E tests	2026-01-20T05:21:29.1875624Z ##[error]  3) [chromium] › tests/storefront/multi-region.spec.ts:232:9 › Multi-Region Flow › Checkout Currency Display › should show currency selector in header 
E2E Tests	Run E2E tests	
E2E Tests	Run E2E tests	    Retry #2 ───────────────────────────────────────────────────────────────────────────────────────
E2E Tests	Run E2E tests	    Error: page.goto: net::ERR_NAME_NOT_RESOLVED at http://storefront:5173/
E2E Tests	Run E2E tests	    Call log:
E2E Tests	Run E2E tests	      - navigating to "http://storefront:5173/", waiting until "load"
E2E Tests	Run E2E tests	
E2E Tests	Run E2E tests	
E2E Tests	Run E2E tests	      40 |   test.beforeEach(async ({ page }) => {
E2E Tests	Run E2E tests	      41 |     // Clear localStorage and sessionStorage to start fresh
E2E Tests	Run E2E tests	    > 42 |     await page.goto("/");
E2E Tests	Run E2E tests	         |                ^
E2E Tests	Run E2E tests	      43 |     await page.evaluate(() => {
E2E Tests	Run E2E tests	      44 |       localStorage.removeItem("medusa_region_id");
E2E Tests	Run E2E tests	      45 |       localStorage.removeItem("locale_language");
E2E Tests	Run E2E tests	        at /app/tests/storefront/multi-region.spec.ts:42:16
E2E Tests	Run E2E tests	2026-01-20T05:21:29.1882475Z ##[error]  4) [chromium] › tests/storefront/multi-region.spec.ts:243:9 › Multi-Region Flow › Region Error Handling › should handle region mismatch gracefully 
E2E Tests	Run E2E tests	    Error: page.goto: net::ERR_NAME_NOT_RESOLVED at http://storefront:5173/
E2E Tests	Run E2E tests	    Call log:
E2E Tests	Run E2E tests	      - navigating to "http://storefront:5173/", waiting until "load"
E2E Tests	Run E2E tests	
E2E Tests	Run E2E tests	
E2E Tests	Run E2E tests	      40 |   test.beforeEach(async ({ page }) => {
E2E Tests	Run E2E tests	      41 |     // Clear localStorage and sessionStorage to start fresh
E2E Tests	Run E2E tests	    > 42 |     await page.goto("/");
E2E Tests	Run E2E tests	         |                ^
E2E Tests	Run E2E tests	      43 |     await page.evaluate(() => {
E2E Tests	Run E2E tests	      44 |       localStorage.removeItem("medusa_region_id");
E2E Tests	Run E2E tests	      45 |       localStorage.removeItem("locale_language");
E2E Tests	Run E2E tests	        at /app/tests/storefront/multi-region.spec.ts:42:16
E2E Tests	Run E2E tests	2026-01-20T05:21:29.1889553Z ##[error]  4) [chromium] › tests/storefront/multi-region.spec.ts:243:9 › Multi-Region Flow › Region Error Handling › should handle region mismatch gracefully 
E2E Tests	Run E2E tests	
E2E Tests	Run E2E tests	    Retry #1 ───────────────────────────────────────────────────────────────────────────────────────
E2E Tests	Run E2E tests	    Error: page.goto: net::ERR_NAME_NOT_RESOLVED at http://storefront:5173/
E2E Tests	Run E2E tests	    Call log:
E2E Tests	Run E2E tests	      - navigating to "http://storefront:5173/", waiting until "load"
E2E Tests	Run E2E tests	
E2E Tests	Run E2E tests	
E2E Tests	Run E2E tests	      40 |   test.beforeEach(async ({ page }) => {
E2E Tests	Run E2E tests	      41 |     // Clear localStorage and sessionStorage to start fresh
E2E Tests	Run E2E tests	    > 42 |     await page.goto("/");
E2E Tests	Run E2E tests	         |                ^
E2E Tests	Run E2E tests	      43 |     await page.evaluate(() => {
E2E Tests	Run E2E tests	      44 |       localStorage.removeItem("medusa_region_id");
E2E Tests	Run E2E tests	      45 |       localStorage.removeItem("locale_language");
E2E Tests	Run E2E tests	        at /app/tests/storefront/multi-region.spec.ts:42:16
E2E Tests	Run E2E tests	2026-01-20T05:21:29.1896913Z ##[error]  4) [chromium] › tests/storefront/multi-region.spec.ts:243:9 › Multi-Region Flow › Region Error Handling › should handle region mismatch gracefully 
E2E Tests	Run E2E tests	
E2E Tests	Run E2E tests	    Retry #2 ───────────────────────────────────────────────────────────────────────────────────────
E2E Tests	Run E2E tests	    Error: page.goto: net::ERR_NAME_NOT_RESOLVED at http://storefront:5173/
E2E Tests	Run E2E tests	    Call log:
E2E Tests	Run E2E tests	      - navigating to "http://storefront:5173/", waiting until "load"
E2E Tests	Run E2E tests	
E2E Tests	Run E2E tests	
E2E Tests	Run E2E tests	      40 |   test.beforeEach(async ({ page }) => {
E2E Tests	Run E2E tests	      41 |     // Clear localStorage and sessionStorage to start fresh
E2E Tests	Run E2E tests	    > 42 |     await page.goto("/");
E2E Tests	Run E2E tests	         |                ^
E2E Tests	Run E2E tests	      43 |     await page.evaluate(() => {
E2E Tests	Run E2E tests	      44 |       localStorage.removeItem("medusa_region_id");
E2E Tests	Run E2E tests	      45 |       localStorage.removeItem("locale_language");
E2E Tests	Run E2E tests	        at /app/tests/storefront/multi-region.spec.ts:42:16
E2E Tests	Run E2E tests	2026-01-20T05:21:29.1903961Z ##[error]  5) [chromium] › tests/storefront/storefront-catalog.spec.ts:15:7 › Storefront navigation, discovery, and PDP coverage › loads homepage navigation, categories, and product cards 
E2E Tests	Run E2E tests	    Error: page.goto: net::ERR_NAME_NOT_RESOLVED at http://storefront:5173/
E2E Tests	Run E2E tests	    Call log:
E2E Tests	Run E2E tests	      - navigating to "http://storefront:5173/", waiting until "load"
E2E Tests	Run E2E tests	
E2E Tests	Run E2E tests	
E2E Tests	Run E2E tests	      17 |   }) => {
E2E Tests	Run E2E tests	      18 |     // Homepage uses static hardcoded products, no API calls needed
E2E Tests	Run E2E tests	    > 19 |     await page.goto("/");
E2E Tests	Run E2E tests	         |                ^
E2E Tests	Run E2E tests	      20 |     await page.waitForLoadState("domcontentloaded");
E2E Tests	Run E2E tests	      21 |
E2E Tests	Run E2E tests	      22 |     await expect(page).toHaveTitle(/Grace/i);
E2E Tests	Run E2E tests	        at /app/tests/storefront/storefront-catalog.spec.ts:19:16
E2E Tests	Run E2E tests	2026-01-20T05:21:29.1910916Z ##[error]  5) [chromium] › tests/storefront/storefront-catalog.spec.ts:15:7 › Storefront navigation, discovery, and PDP coverage › loads homepage navigation, categories, and product cards 
E2E Tests	Run E2E tests	
E2E Tests	Run E2E tests	    Retry #1 ───────────────────────────────────────────────────────────────────────────────────────
E2E Tests	Run E2E tests	    Error: page.goto: net::ERR_NAME_NOT_RESOLVED at http://storefront:5173/
E2E Tests	Run E2E tests	    Call log:
E2E Tests	Run E2E tests	      - navigating to "http://storefront:5173/", waiting until "load"
E2E Tests	Run E2E tests	
E2E Tests	Run E2E tests	
E2E Tests	Run E2E tests	      17 |   }) => {
E2E Tests	Run E2E tests	      18 |     // Homepage uses static hardcoded products, no API calls needed
E2E Tests	Run E2E tests	    > 19 |     await page.goto("/");
E2E Tests	Run E2E tests	         |                ^
E2E Tests	Run E2E tests	      20 |     await page.waitForLoadState("domcontentloaded");
E2E Tests	Run E2E tests	      21 |
E2E Tests	Run E2E tests	      22 |     await expect(page).toHaveTitle(/Grace/i);
E2E Tests	Run E2E tests	        at /app/tests/storefront/storefront-catalog.spec.ts:19:16
E2E Tests	Run E2E tests	2026-01-20T05:21:29.1918161Z ##[error]  5) [chromium] › tests/storefront/storefront-catalog.spec.ts:15:7 › Storefront navigation, discovery, and PDP coverage › loads homepage navigation, categories, and product cards 
E2E Tests	Run E2E tests	
E2E Tests	Run E2E tests	    Retry #2 ───────────────────────────────────────────────────────────────────────────────────────
E2E Tests	Run E2E tests	    Error: page.goto: net::ERR_NAME_NOT_RESOLVED at http://storefront:5173/
E2E Tests	Run E2E tests	    Call log:
E2E Tests	Run E2E tests	      - navigating to "http://storefront:5173/", waiting until "load"
E2E Tests	Run E2E tests	
E2E Tests	Run E2E tests	
E2E Tests	Run E2E tests	      17 |   }) => {
E2E Tests	Run E2E tests	      18 |     // Homepage uses static hardcoded products, no API calls needed
E2E Tests	Run E2E tests	    > 19 |     await page.goto("/");
E2E Tests	Run E2E tests	         |                ^
E2E Tests	Run E2E tests	      20 |     await page.waitForLoadState("domcontentloaded");
E2E Tests	Run E2E tests	      21 |
E2E Tests	Run E2E tests	      22 |     await expect(page).toHaveTitle(/Grace/i);
E2E Tests	Run E2E tests	        at /app/tests/storefront/storefront-catalog.spec.ts:19:16
E2E Tests	Run E2E tests	2026-01-20T05:21:29.1925933Z ##[error]  6) [chromium] › tests/storefront/storefront-catalog.spec.ts:65:7 › Storefront navigation, discovery, and PDP coverage › renders PDP variants, pricing, stock, images, and related content 
E2E Tests	Run E2E tests	    Error: page.goto: net::ERR_NAME_NOT_RESOLVED at http://storefront:5173/products/the-nuzzle
E2E Tests	Run E2E tests	    Call log:
E2E Tests	Run E2E tests	      - navigating to "http://storefront:5173/products/the-nuzzle", waiting until "load"
E2E Tests	Run E2E tests	
E2E Tests	Run E2E tests	
E2E Tests	Run E2E tests	      69 |     const product = await productFactory.createProduct();
E2E Tests	Run E2E tests	      70 |     // Navigate to product detail page
E2E Tests	Run E2E tests	    > 71 |     await page.goto(`/products/${product.handle}`);
E2E Tests	Run E2E tests	         |                ^
E2E Tests	Run E2E tests	      72 |     await page.waitForLoadState("domcontentloaded");
E2E Tests	Run E2E tests	      73 |
E2E Tests	Run E2E tests	      74 |     // Verify product content renders (use .first() as PDP may have title in sticky bar too)
E2E Tests	Run E2E tests	        at /app/tests/storefront/storefront-catalog.spec.ts:71:16
E2E Tests	Run E2E tests	2026-01-20T05:21:29.1934528Z ##[error]  6) [chromium] › tests/storefront/storefront-catalog.spec.ts:65:7 › Storefront navigation, discovery, and PDP coverage › renders PDP variants, pricing, stock, images, and related content 
E2E Tests	Run E2E tests	
E2E Tests	Run E2E tests	    Retry #1 ───────────────────────────────────────────────────────────────────────────────────────
E2E Tests	Run E2E tests	    Error: page.goto: net::ERR_NAME_NOT_RESOLVED at http://storefront:5173/products/the-nuzzle
E2E Tests	Run E2E tests	    Call log:
E2E Tests	Run E2E tests	      - navigating to "http://storefront:5173/products/the-nuzzle", waiting until "load"
E2E Tests	Run E2E tests	
E2E Tests	Run E2E tests	
E2E Tests	Run E2E tests	      69 |     const product = await productFactory.createProduct();
E2E Tests	Run E2E tests	      70 |     // Navigate to product detail page
E2E Tests	Run E2E tests	    > 71 |     await page.goto(`/products/${product.handle}`);
E2E Tests	Run E2E tests	         |                ^
E2E Tests	Run E2E tests	      72 |     await page.waitForLoadState("domcontentloaded");
E2E Tests	Run E2E tests	      73 |
E2E Tests	Run E2E tests	      74 |     // Verify product content renders (use .first() as PDP may have title in sticky bar too)
E2E Tests	Run E2E tests	        at /app/tests/storefront/storefront-catalog.spec.ts:71:16
E2E Tests	Run E2E tests	2026-01-20T05:21:29.1943265Z ##[error]  6) [chromium] › tests/storefront/storefront-catalog.spec.ts:65:7 › Storefront navigation, discovery, and PDP coverage › renders PDP variants, pricing, stock, images, and related content 
E2E Tests	Run E2E tests	
E2E Tests	Run E2E tests	    Retry #2 ───────────────────────────────────────────────────────────────────────────────────────
E2E Tests	Run E2E tests	    Error: page.goto: net::ERR_NAME_NOT_RESOLVED at http://storefront:5173/products/the-nuzzle
E2E Tests	Run E2E tests	    Call log:
E2E Tests	Run E2E tests	      - navigating to "http://storefront:5173/products/the-nuzzle", waiting until "load"
E2E Tests	Run E2E tests	
E2E Tests	Run E2E tests	
E2E Tests	Run E2E tests	      69 |     const product = await productFactory.createProduct();
E2E Tests	Run E2E tests	      70 |     // Navigate to product detail page
E2E Tests	Run E2E tests	    > 71 |     await page.goto(`/products/${product.handle}`);
E2E Tests	Run E2E tests	         |                ^
E2E Tests	Run E2E tests	      72 |     await page.waitForLoadState("domcontentloaded");
E2E Tests	Run E2E tests	      73 |
E2E Tests	Run E2E tests	      74 |     // Verify product content renders (use .first() as PDP may have title in sticky bar too)
E2E Tests	Run E2E tests	        at /app/tests/storefront/storefront-catalog.spec.ts:71:16
E2E Tests	Run E2E tests	2026-01-20T05:21:29.1950707Z ##[error]  7) [chromium] › tests/storefront/storefront-catalog.spec.ts:95:7 › Storefront navigation, discovery, and PDP coverage › handles 404 and offline UX gracefully 
E2E Tests	Run E2E tests	    Error: page.goto: net::ERR_NAME_NOT_RESOLVED at http://storefront:5173/non-existent-route
E2E Tests	Run E2E tests	    Call log:
E2E Tests	Run E2E tests	      - navigating to "http://storefront:5173/non-existent-route", waiting until "load"
E2E Tests	Run E2E tests	
E2E Tests	Run E2E tests	
E2E Tests	Run E2E tests	      94 |
E2E Tests	Run E2E tests	      95 |   test("handles 404 and offline UX gracefully", async ({ page }) => {
E2E Tests	Run E2E tests	    > 96 |     await page.goto("/non-existent-route");
E2E Tests	Run E2E tests	         |                ^
E2E Tests	Run E2E tests	      97 |     await expect(page.getByText(/not found|404/i)).toBeVisible();
E2E Tests	Run E2E tests	      98 |
E2E Tests	Run E2E tests	      99 |     await page.context().setOffline(true);
E2E Tests	Run E2E tests	        at /app/tests/storefront/storefront-catalog.spec.ts:96:16
E2E Tests	Run E2E tests	2026-01-20T05:21:29.1958125Z ##[error]  7) [chromium] › tests/storefront/storefront-catalog.spec.ts:95:7 › Storefront navigation, discovery, and PDP coverage › handles 404 and offline UX gracefully 
E2E Tests	Run E2E tests	
E2E Tests	Run E2E tests	    Retry #1 ───────────────────────────────────────────────────────────────────────────────────────
E2E Tests	Run E2E tests	    Error: page.goto: net::ERR_NAME_NOT_RESOLVED at http://storefront:5173/non-existent-route
E2E Tests	Run E2E tests	    Call log:
E2E Tests	Run E2E tests	      - navigating to "http://storefront:5173/non-existent-route", waiting until "load"
E2E Tests	Run E2E tests	
E2E Tests	Run E2E tests	
E2E Tests	Run E2E tests	      94 |
E2E Tests	Run E2E tests	      95 |   test("handles 404 and offline UX gracefully", async ({ page }) => {
E2E Tests	Run E2E tests	    > 96 |     await page.goto("/non-existent-route");
E2E Tests	Run E2E tests	         |                ^
E2E Tests	Run E2E tests	      97 |     await expect(page.getByText(/not found|404/i)).toBeVisible();
E2E Tests	Run E2E tests	      98 |
E2E Tests	Run E2E tests	      99 |     await page.context().setOffline(true);
E2E Tests	Run E2E tests	        at /app/tests/storefront/storefront-catalog.spec.ts:96:16
E2E Tests	Run E2E tests	2026-01-20T05:21:29.1966133Z ##[error]  7) [chromium] › tests/storefront/storefront-catalog.spec.ts:95:7 › Storefront navigation, discovery, and PDP coverage › handles 404 and offline UX gracefully 
E2E Tests	Run E2E tests	
E2E Tests	Run E2E tests	    Retry #2 ───────────────────────────────────────────────────────────────────────────────────────
E2E Tests	Run E2E tests	    Error: page.goto: net::ERR_NAME_NOT_RESOLVED at http://storefront:5173/non-existent-route
E2E Tests	Run E2E tests	    Call log:
E2E Tests	Run E2E tests	      - navigating to "http://storefront:5173/non-existent-route", waiting until "load"
E2E Tests	Run E2E tests	
E2E Tests	Run E2E tests	
E2E Tests	Run E2E tests	      94 |
E2E Tests	Run E2E tests	      95 |   test("handles 404 and offline UX gracefully", async ({ page }) => {
E2E Tests	Run E2E tests	    > 96 |     await page.goto("/non-existent-route");
E2E Tests	Run E2E tests	         |                ^
E2E Tests	Run E2E tests	      97 |     await expect(page.getByText(/not found|404/i)).toBeVisible();
E2E Tests	Run E2E tests	      98 |
E2E Tests	Run E2E tests	      99 |     await page.context().setOffline(true);
E2E Tests	Run E2E tests	        at /app/tests/storefront/storefront-catalog.spec.ts:96:16
E2E Tests	Run E2E tests	2026-01-20T05:21:29.1978690Z ##[notice]  7 failed
E2E Tests	Run E2E tests	    [chromium] › tests/full-checkout.happy.spec.ts:11:7 › Full Checkout Flow (Happy Path) › should complete a guest checkout with successful payment 
E2E Tests	Run E2E tests	    [chromium] › tests/storefront/multi-region.spec.ts:131:9 › Multi-Region Flow › Cart Creation with Region › should create cart with region_id from localStorage 
E2E Tests	Run E2E tests	    [chromium] › tests/storefront/multi-region.spec.ts:232:9 › Multi-Region Flow › Checkout Currency Display › should show currency selector in header 
E2E Tests	Run E2E tests	    [chromium] › tests/storefront/multi-region.spec.ts:243:9 › Multi-Region Flow › Region Error Handling › should handle region mismatch gracefully 
E2E Tests	Run E2E tests	    [chromium] › tests/storefront/storefront-catalog.spec.ts:15:7 › Storefront navigation, discovery, and PDP coverage › loads homepage navigation, categories, and product cards 
E2E Tests	Run E2E tests	    [chromium] › tests/storefront/storefront-catalog.spec.ts:65:7 › Storefront navigation, discovery, and PDP coverage › renders PDP variants, pricing, stock, images, and related content 
E2E Tests	Run E2E tests	    [chromium] › tests/storefront/storefront-catalog.spec.ts:95:7 › Storefront navigation, discovery, and PDP coverage › handles 404 and offline UX gracefully 
E2E Tests	Run E2E tests	  27 skipped
E2E Tests	Run E2E tests	  45 passed (1.6m)
E2E Tests	Run E2E tests	2026-01-20T05:21:29.3223136Z 
E2E Tests	Run E2E tests	2026-01-20T05:21:29.3254439Z ##[error]Process completed with exit code 1.
E2E Tests	Upload Playwright report	﻿2026-01-20T05:21:29.3321513Z ##[group]Run actions/upload-artifact@v6
E2E Tests	Upload Playwright report	2026-01-20T05:21:29.3321777Z with:
E2E Tests	Upload Playwright report	2026-01-20T05:21:29.3321961Z   name: playwright-report
E2E Tests	Upload Playwright report	2026-01-20T05:21:29.3322202Z   path: apps/e2e/playwright-report/
E2E Tests	Upload Playwright report	2026-01-20T05:21:29.3322585Z   retention-days: 7
E2E Tests	Upload Playwright report	2026-01-20T05:21:29.3322786Z   if-no-files-found: warn
E2E Tests	Upload Playwright report	2026-01-20T05:21:29.3322990Z   compression-level: 6
E2E Tests	Upload Playwright report	2026-01-20T05:21:29.3323189Z   overwrite: false
E2E Tests	Upload Playwright report	2026-01-20T05:21:29.3323414Z   include-hidden-files: false
E2E Tests	Upload Playwright report	2026-01-20T05:21:29.3323635Z env:
E2E Tests	Upload Playwright report	2026-01-20T05:21:29.3323800Z   NODE_VERSION: 24
E2E Tests	Upload Playwright report	2026-01-20T05:21:29.3324036Z   PNPM_HOME: /home/runner/setup-pnpm/node_modules/.bin
E2E Tests	Upload Playwright report	2026-01-20T05:21:29.3325675Z   ADMIN_TOKEN: ***
E2E Tests	Upload Playwright report	2026-01-20T05:21:29.3325853Z ##[endgroup]
E2E Tests	Upload Playwright report	2026-01-20T05:21:29.6185690Z With the provided path, there will be 64 files uploaded
E2E Tests	Upload Playwright report	2026-01-20T05:21:29.6189985Z Artifact name is valid!
E2E Tests	Upload Playwright report	2026-01-20T05:21:29.6190575Z Root directory input is valid!
E2E Tests	Upload Playwright report	2026-01-20T05:21:29.8665528Z Beginning upload of artifact content to blob storage
E2E Tests	Upload Playwright report	2026-01-20T05:21:31.1129046Z Uploaded bytes 8388608
E2E Tests	Upload Playwright report	2026-01-20T05:21:31.3748709Z Uploaded bytes 16777216
E2E Tests	Upload Playwright report	2026-01-20T05:21:31.5614716Z Uploaded bytes 19123830
E2E Tests	Upload Playwright report	2026-01-20T05:21:31.6340712Z Finished uploading artifact content to blob storage!
E2E Tests	Upload Playwright report	2026-01-20T05:21:31.6342667Z SHA256 digest of uploaded artifact zip is 2fa27244e99b4d09416b5bde415bcc156a807d320beda4422662add9746f986a
E2E Tests	Upload Playwright report	2026-01-20T05:21:31.6344806Z Finalizing artifact upload
E2E Tests	Upload Playwright report	2026-01-20T05:21:31.8753792Z Artifact playwright-report.zip successfully finalized. Artifact ID 5185032992
E2E Tests	Upload Playwright report	2026-01-20T05:21:31.8754725Z Artifact playwright-report has been successfully uploaded! Final size is 19123830 bytes. Artifact ID is 5185032992
E2E Tests	Upload Playwright report	2026-01-20T05:21:31.8759716Z Artifact download URL: https://github.com/builderbuilds123/gracestowel/actions/runs/21160283838/artifacts/5185032992
E2E Tests	Stop test environment	﻿2026-01-20T05:21:31.8900594Z ##[group]Run docker compose -f docker-compose.test.yml down -v
E2E Tests	Stop test environment	2026-01-20T05:21:31.8901047Z [36;1mdocker compose -f docker-compose.test.yml down -v[0m
E2E Tests	Stop test environment	2026-01-20T05:21:31.8922719Z shell: /usr/bin/bash -e {0}
E2E Tests	Stop test environment	2026-01-20T05:21:31.8923115Z env:
E2E Tests	Stop test environment	2026-01-20T05:21:31.8923401Z   NODE_VERSION: 24
E2E Tests	Stop test environment	2026-01-20T05:21:31.8923825Z   PNPM_HOME: /home/runner/setup-pnpm/node_modules/.bin
E2E Tests	Stop test environment	2026-01-20T05:21:31.8926524Z   ADMIN_TOKEN: ***
E2E Tests	Stop test environment	2026-01-20T05:21:31.8926868Z ##[endgroup]
E2E Tests	Stop test environment	2026-01-20T05:21:31.9518221Z time="2026-01-20T05:21:31Z" level=warning msg="The \"MEDUSA_PUBLISHABLE_KEY\" variable is not set. Defaulting to a blank string."
E2E Tests	Stop test environment	2026-01-20T05:21:31.9519551Z time="2026-01-20T05:21:31Z" level=warning msg="The \"MEDUSA_PUBLISHABLE_KEY\" variable is not set. Defaulting to a blank string."
E2E Tests	Stop test environment	2026-01-20T05:21:31.9646514Z  Container gracestowel-storefront-test  Stopping
E2E Tests	Stop test environment	2026-01-20T05:21:31.9649074Z  Container gracestowel-storefront-test  Stopped
E2E Tests	Stop test environment	2026-01-20T05:21:31.9649780Z  Container gracestowel-storefront-test  Removing
E2E Tests	Stop test environment	2026-01-20T05:21:31.9699606Z  Container gracestowel-storefront-test  Removed
E2E Tests	Stop test environment	2026-01-20T05:21:31.9700164Z  Container gracestowel-backend-test  Stopping
E2E Tests	Stop test environment	2026-01-20T05:21:32.1284704Z  Container gracestowel-backend-test  Stopped
E2E Tests	Stop test environment	2026-01-20T05:21:32.1313852Z  Container gracestowel-backend-test  Removing
E2E Tests	Stop test environment	2026-01-20T05:21:32.1387993Z  Container gracestowel-backend-test  Removed
E2E Tests	Stop test environment	2026-01-20T05:21:32.1390016Z  Container gracestowel-postgres-test  Stopping
E2E Tests	Stop test environment	2026-01-20T05:21:32.1390579Z  Container gracestowel-redis-test  Stopping
E2E Tests	Stop test environment	2026-01-20T05:21:32.2635784Z  Container gracestowel-postgres-test  Stopped
E2E Tests	Stop test environment	2026-01-20T05:21:32.2636522Z  Container gracestowel-postgres-test  Removing
E2E Tests	Stop test environment	2026-01-20T05:21:32.2678073Z  Container gracestowel-postgres-test  Removed
E2E Tests	Stop test environment	2026-01-20T05:21:32.2986045Z  Container gracestowel-redis-test  Stopped
E2E Tests	Stop test environment	2026-01-20T05:21:32.2986626Z  Container gracestowel-redis-test  Removing
E2E Tests	Stop test environment	2026-01-20T05:21:32.3029622Z  Container gracestowel-redis-test  Removed
E2E Tests	Stop test environment	2026-01-20T05:21:32.3035915Z  Network gracestowel-test-network  Removing
E2E Tests	Stop test environment	2026-01-20T05:21:32.4330688Z  Network gracestowel-test-network  Removed
E2E Tests	Post Set up Docker Buildx	﻿2026-01-20T05:21:32.4431352Z Post job cleanup.
E2E Tests	Post Set up Docker Buildx	2026-01-20T05:21:32.6850593Z ##[group]Removing builder
E2E Tests	Post Set up Docker Buildx	2026-01-20T05:21:32.7896218Z [command]/usr/bin/docker buildx rm builder-6d6b8a0f-d1f9-4a83-918f-7aab8c964087
E2E Tests	Post Set up Docker Buildx	2026-01-20T05:21:52.6260092Z builder-6d6b8a0f-d1f9-4a83-918f-7aab8c964087 removed
E2E Tests	Post Set up Docker Buildx	2026-01-20T05:21:52.6293025Z ##[endgroup]
E2E Tests	Post Set up Docker Buildx	2026-01-20T05:21:52.6294238Z ##[group]Cleaning up certificates
E2E Tests	Post Set up Docker Buildx	2026-01-20T05:21:52.6301001Z ##[endgroup]
E2E Tests	Post Set up Docker Buildx	2026-01-20T05:21:52.6301482Z ##[group]Post cache
E2E Tests	Post Set up Docker Buildx	2026-01-20T05:21:52.6302923Z State not set
E2E Tests	Post Set up Docker Buildx	2026-01-20T05:21:52.6303799Z ##[endgroup]
E2E Tests	Post Setup pnpm	﻿2026-01-20T05:21:52.6396342Z Post job cleanup.
E2E Tests	Post Setup pnpm	2026-01-20T05:21:52.6947530Z Pruning is unnecessary.
E2E Tests	Post Checkout	﻿2026-01-20T05:21:52.7076459Z Post job cleanup.
E2E Tests	Post Checkout	2026-01-20T05:21:52.7928686Z [command]/usr/bin/git version
E2E Tests	Post Checkout	2026-01-20T05:21:52.7970419Z git version 2.52.0
E2E Tests	Post Checkout	2026-01-20T05:21:52.8011720Z Temporarily overriding HOME='/home/runner/work/_temp/6358febb-6323-430b-9200-59fb7e70048d' before making global git config changes
E2E Tests	Post Checkout	2026-01-20T05:21:52.8013991Z Adding repository directory to the temporary git global config as a safe directory
E2E Tests	Post Checkout	2026-01-20T05:21:52.8018492Z [command]/usr/bin/git config --global --add safe.directory /home/runner/work/gracestowel/gracestowel
E2E Tests	Post Checkout	2026-01-20T05:21:52.8050992Z Removing SSH command configuration
E2E Tests	Post Checkout	2026-01-20T05:21:52.8061443Z [command]/usr/bin/git config --local --name-only --get-regexp core\.sshCommand
E2E Tests	Post Checkout	2026-01-20T05:21:52.8100126Z [command]/usr/bin/git submodule foreach --recursive sh -c "git config --local --name-only --get-regexp 'core\.sshCommand' && git config --local --unset-all 'core.sshCommand' || :"
E2E Tests	Post Checkout	2026-01-20T05:21:52.8357181Z Removing HTTP extra header
E2E Tests	Post Checkout	2026-01-20T05:21:52.8365687Z [command]/usr/bin/git config --local --name-only --get-regexp http\.https\:\/\/github\.com\/\.extraheader
E2E Tests	Post Checkout	2026-01-20T05:21:52.8404647Z [command]/usr/bin/git submodule foreach --recursive sh -c "git config --local --name-only --get-regexp 'http\.https\:\/\/github\.com\/\.extraheader' && git config --local --unset-all 'http.https://github.com/.extraheader' || :"
E2E Tests	Post Checkout	2026-01-20T05:21:52.8603905Z Removing includeIf entries pointing to credentials config files
E2E Tests	Post Checkout	2026-01-20T05:21:52.8610477Z [command]/usr/bin/git config --local --name-only --get-regexp ^includeIf\.gitdir:
E2E Tests	Post Checkout	2026-01-20T05:21:52.8632136Z includeif.gitdir:/home/runner/work/gracestowel/gracestowel/.git.path
E2E Tests	Post Checkout	2026-01-20T05:21:52.8633403Z includeif.gitdir:/home/runner/work/gracestowel/gracestowel/.git/worktrees/*.path
E2E Tests	Post Checkout	2026-01-20T05:21:52.8634177Z includeif.gitdir:/github/workspace/.git.path
E2E Tests	Post Checkout	2026-01-20T05:21:52.8634825Z includeif.gitdir:/github/workspace/.git/worktrees/*.path
E2E Tests	Post Checkout	2026-01-20T05:21:52.8643280Z [command]/usr/bin/git config --local --get-all includeif.gitdir:/home/runner/work/gracestowel/gracestowel/.git.path
E2E Tests	Post Checkout	2026-01-20T05:21:52.8663768Z /home/runner/work/_temp/git-credentials-42feaa2e-9814-4c94-b83e-1bc8a3e8f443.config
E2E Tests	Post Checkout	2026-01-20T05:21:52.8675584Z [command]/usr/bin/git config --local --unset includeif.gitdir:/home/runner/work/gracestowel/gracestowel/.git.path /home/runner/work/_temp/git-credentials-42feaa2e-9814-4c94-b83e-1bc8a3e8f443.config
E2E Tests	Post Checkout	2026-01-20T05:21:52.8708520Z [command]/usr/bin/git config --local --get-all includeif.gitdir:/home/runner/work/gracestowel/gracestowel/.git/worktrees/*.path
E2E Tests	Post Checkout	2026-01-20T05:21:52.8729384Z /home/runner/work/_temp/git-credentials-42feaa2e-9814-4c94-b83e-1bc8a3e8f443.config
E2E Tests	Post Checkout	2026-01-20T05:21:52.8738389Z [command]/usr/bin/git config --local --unset includeif.gitdir:/home/runner/work/gracestowel/gracestowel/.git/worktrees/*.path /home/runner/work/_temp/git-credentials-42feaa2e-9814-4c94-b83e-1bc8a3e8f443.config
E2E Tests	Post Checkout	2026-01-20T05:21:52.8765324Z [command]/usr/bin/git config --local --get-all includeif.gitdir:/github/workspace/.git.path
E2E Tests	Post Checkout	2026-01-20T05:21:52.8783608Z /github/runner_temp/git-credentials-42feaa2e-9814-4c94-b83e-1bc8a3e8f443.config
E2E Tests	Post Checkout	2026-01-20T05:21:52.8791084Z [command]/usr/bin/git config --local --unset includeif.gitdir:/github/workspace/.git.path /github/runner_temp/git-credentials-42feaa2e-9814-4c94-b83e-1bc8a3e8f443.config
E2E Tests	Post Checkout	2026-01-20T05:21:52.8818871Z [command]/usr/bin/git config --local --get-all includeif.gitdir:/github/workspace/.git/worktrees/*.path
E2E Tests	Post Checkout	2026-01-20T05:21:52.8837558Z /github/runner_temp/git-credentials-42feaa2e-9814-4c94-b83e-1bc8a3e8f443.config
E2E Tests	Post Checkout	2026-01-20T05:21:52.8846904Z [command]/usr/bin/git config --local --unset includeif.gitdir:/github/workspace/.git/worktrees/*.path /github/runner_temp/git-credentials-42feaa2e-9814-4c94-b83e-1bc8a3e8f443.config
E2E Tests	Post Checkout	2026-01-20T05:21:52.8877110Z [command]/usr/bin/git submodule foreach --recursive git config --local --show-origin --name-only --get-regexp remote.origin.url
E2E Tests	Post Checkout	2026-01-20T05:21:52.9069859Z Removing credentials config '/home/runner/work/_temp/git-credentials-42feaa2e-9814-4c94-b83e-1bc8a3e8f443.config'
E2E Tests	Complete job	﻿2026-01-20T05:21:52.9205695Z Cleaning up orphan processes
